============================= test session starts ==============================
platform linux -- Python 3.11.2, pytest-8.4.2, pluggy-1.6.0
rootdir: /home/bogdan/dev/sewing_butler_cnc
configfile: pytest.ini
Loading config from /home/bogdan/dev/sewing_butler_cnc/softsim/softsim.json
Loading config from /home/bogdan/dev/sewing_butler_cnc/softsim/softsim.json
collected 10 items

tests/test_stepgen_sim.py::test_basic_tick_updates_feedback 
-------------------------------- live log setup --------------------------------
=human= test name=test_basic_tick_updates_feedback event=start
[INFO] hw.pins: Pin step.cmd set to 1.0 (was 0)
-------------------------------- live log call ---------------------------------
Pin step.cmd set to 1.0 (was 0)
[INFO] hw.pins: Pin step.fb set to 1.0 (was 0)
Pin step.fb set to 1.0 (was 0)
[INFO] hw.stepgen: =human= stepgen sg-cmd-pos=1.000000 rev sg-fb-pos=1.000000 rev sg-vel=0.000000 rps sg-acc=0.000000 rps2

=human= stepgen sg-cmd-pos=1.000000 rev sg-fb-pos=1.000000 rev sg-vel=0.000000 rps sg-acc=0.000000 rps2

[INFO] hw.pins: Pin step.fb set to 1.0 (was 1.0)
Pin step.fb set to 1.0 (was 1.0)
[INFO] hw.stepgen: =human= stepgen sg-cmd-pos=1.000000 rev sg-fb-pos=1.000000 rev sg-vel=0.000000 rps sg-acc=0.000000 rps2

=human= stepgen sg-cmd-pos=1.000000 rev sg-fb-pos=1.000000 rev sg-vel=0.000000 rps sg-acc=0.000000 rps2

[INFO] hw.pins: Pin step.fb set to 1.0 (was 1.0)
Pin step.fb set to 1.0 (was 1.0)
[INFO] hw.stepgen: =human= stepgen sg-cmd-pos=1.000000 rev sg-fb-pos=1.000000 rev sg-vel=0.000000 rps sg-acc=0.000000 rps2

=human= stepgen sg-cmd-pos=1.000000 rev sg-fb-pos=1.000000 rev sg-vel=0.000000 rps sg-acc=0.000000 rps2

[INFO] hw.pins: Pin step.fb set to 1.0 (was 1.0)
Pin step.fb set to 1.0 (was 1.0)
[INFO] hw.stepgen: =human= stepgen sg-cmd-pos=1.000000 rev sg-fb-pos=1.000000 rev sg-vel=0.000000 rps sg-acc=0.000000 rps2

=human= stepgen sg-cmd-pos=1.000000 rev sg-fb-pos=1.000000 rev sg-vel=0.000000 rps sg-acc=0.000000 rps2

[INFO] hw.pins: Pin step.fb set to 1.0 (was 1.0)
Pin step.fb set to 1.0 (was 1.0)
[INFO] hw.stepgen: =human= stepgen sg-cmd-pos=1.000000 rev sg-fb-pos=1.000000 rev sg-vel=0.000000 rps sg-acc=0.000000 rps2

=human= stepgen sg-cmd-pos=1.000000 rev sg-fb-pos=1.000000 rev sg-vel=0.000000 rps sg-acc=0.000000 rps2

[INFO] hw.pins: Pin step.fb set to 1.0 (was 1.0)
Pin step.fb set to 1.0 (was 1.0)
[INFO] hw.stepgen: =human= stepgen sg-cmd-pos=1.000000 rev sg-fb-pos=1.000000 rev sg-vel=0.000000 rps sg-acc=0.000000 rps2

=human= stepgen sg-cmd-pos=1.000000 rev sg-fb-pos=1.000000 rev sg-vel=0.000000 rps sg-acc=0.000000 rps2

[INFO] hw.pins: Pin step.fb set to 1.0 (was 1.0)
Pin step.fb set to 1.0 (was 1.0)
[INFO] hw.stepgen: =human= stepgen sg-cmd-pos=1.000000 rev sg-fb-pos=1.000000 rev sg-vel=0.000000 rps sg-acc=0.000000 rps2

=human= stepgen sg-cmd-pos=1.000000 rev sg-fb-pos=1.000000 rev sg-vel=0.000000 rps sg-acc=0.000000 rps2

[INFO] hw.pins: Pin step.fb set to 1.0 (was 1.0)
Pin step.fb set to 1.0 (was 1.0)
[INFO] hw.stepgen: =human= stepgen sg-cmd-pos=1.000000 rev sg-fb-pos=1.000000 rev sg-vel=0.000000 rps sg-acc=0.000000 rps2

=human= stepgen sg-cmd-pos=1.000000 rev sg-fb-pos=1.000000 rev sg-vel=0.000000 rps sg-acc=0.000000 rps2

[INFO] hw.pins: Pin step.fb set to 1.0 (was 1.0)
Pin step.fb set to 1.0 (was 1.0)
[INFO] hw.stepgen: =human= stepgen sg-cmd-pos=1.000000 rev sg-fb-pos=1.000000 rev sg-vel=0.000000 rps sg-acc=0.000000 rps2

=human= stepgen sg-cmd-pos=1.000000 rev sg-fb-pos=1.000000 rev sg-vel=0.000000 rps sg-acc=0.000000 rps2

[INFO] hw.pins: Pin step.fb set to 1.0 (was 1.0)
Pin step.fb set to 1.0 (was 1.0)
[INFO] hw.stepgen: =human= stepgen sg-cmd-pos=1.000000 rev sg-fb-pos=1.000000 rev sg-vel=0.000000 rps sg-acc=0.000000 rps2

=human= stepgen sg-cmd-pos=1.000000 rev sg-fb-pos=1.000000 rev sg-vel=0.000000 rps sg-acc=0.000000 rps2

PASSED
tests/test_stepgen_sim.py::test_direction_inversion_and_scale_sign 
-------------------------------- live log setup --------------------------------
=human= test name=test_direction_inversion_and_scale_sign event=start
[INFO] hw.pins: Pin cmd set to 1.0 (was 0)
-------------------------------- live log call ---------------------------------
Pin cmd set to 1.0 (was 0)
[INFO] hw.pins: Pin dir set to True (was 0)
Pin dir set to True (was 0)
[INFO] hw.pins: Pin scale set to 1.0 (was 0)
Pin scale set to 1.0 (was 0)
[INFO] hw.pins: Pin fb set to -1.0 (was 0)
Pin fb set to -1.0 (was 0)
[INFO] hw.stepgen: =human= stepgen sg-cmd-pos=-1.000000 rev sg-fb-pos=-1.000000 rev sg-vel=0.000000 rps sg-acc=0.000000 rps2

=human= stepgen sg-cmd-pos=-1.000000 rev sg-fb-pos=-1.000000 rev sg-vel=0.000000 rps sg-acc=0.000000 rps2

[INFO] hw.pins: Pin fb set to -1.0 (was -1.0)
Pin fb set to -1.0 (was -1.0)
[INFO] hw.stepgen: =human= stepgen sg-cmd-pos=-1.000000 rev sg-fb-pos=-1.000000 rev sg-vel=0.000000 rps sg-acc=0.000000 rps2

=human= stepgen sg-cmd-pos=-1.000000 rev sg-fb-pos=-1.000000 rev sg-vel=0.000000 rps sg-acc=0.000000 rps2

[INFO] hw.pins: Pin fb set to -1.0 (was -1.0)
Pin fb set to -1.0 (was -1.0)
[INFO] hw.stepgen: =human= stepgen sg-cmd-pos=-1.000000 rev sg-fb-pos=-1.000000 rev sg-vel=0.000000 rps sg-acc=0.000000 rps2

=human= stepgen sg-cmd-pos=-1.000000 rev sg-fb-pos=-1.000000 rev sg-vel=0.000000 rps sg-acc=0.000000 rps2

[INFO] hw.pins: Pin fb set to -1.0 (was -1.0)
Pin fb set to -1.0 (was -1.0)
[INFO] hw.stepgen: =human= stepgen sg-cmd-pos=-1.000000 rev sg-fb-pos=-1.000000 rev sg-vel=0.000000 rps sg-acc=0.000000 rps2

=human= stepgen sg-cmd-pos=-1.000000 rev sg-fb-pos=-1.000000 rev sg-vel=0.000000 rps sg-acc=0.000000 rps2

[INFO] hw.pins: Pin fb set to -1.0 (was -1.0)
Pin fb set to -1.0 (was -1.0)
[INFO] hw.stepgen: =human= stepgen sg-cmd-pos=-1.000000 rev sg-fb-pos=-1.000000 rev sg-vel=0.000000 rps sg-acc=0.000000 rps2

=human= stepgen sg-cmd-pos=-1.000000 rev sg-fb-pos=-1.000000 rev sg-vel=0.000000 rps sg-acc=0.000000 rps2

[INFO] hw.pins: Pin fb set to -1.0 (was -1.0)
Pin fb set to -1.0 (was -1.0)
[INFO] hw.stepgen: =human= stepgen sg-cmd-pos=-1.000000 rev sg-fb-pos=-1.000000 rev sg-vel=0.000000 rps sg-acc=0.000000 rps2

=human= stepgen sg-cmd-pos=-1.000000 rev sg-fb-pos=-1.000000 rev sg-vel=0.000000 rps sg-acc=0.000000 rps2

[INFO] hw.pins: Pin fb set to -1.0 (was -1.0)
Pin fb set to -1.0 (was -1.0)
[INFO] hw.stepgen: =human= stepgen sg-cmd-pos=-1.000000 rev sg-fb-pos=-1.000000 rev sg-vel=0.000000 rps sg-acc=0.000000 rps2

=human= stepgen sg-cmd-pos=-1.000000 rev sg-fb-pos=-1.000000 rev sg-vel=0.000000 rps sg-acc=0.000000 rps2

[INFO] hw.pins: Pin fb set to -1.0 (was -1.0)
Pin fb set to -1.0 (was -1.0)
[INFO] hw.stepgen: =human= stepgen sg-cmd-pos=-1.000000 rev sg-fb-pos=-1.000000 rev sg-vel=0.000000 rps sg-acc=0.000000 rps2

=human= stepgen sg-cmd-pos=-1.000000 rev sg-fb-pos=-1.000000 rev sg-vel=0.000000 rps sg-acc=0.000000 rps2

[INFO] hw.pins: Pin fb set to -1.0 (was -1.0)
Pin fb set to -1.0 (was -1.0)
[INFO] hw.stepgen: =human= stepgen sg-cmd-pos=-1.000000 rev sg-fb-pos=-1.000000 rev sg-vel=0.000000 rps sg-acc=0.000000 rps2

=human= stepgen sg-cmd-pos=-1.000000 rev sg-fb-pos=-1.000000 rev sg-vel=0.000000 rps sg-acc=0.000000 rps2

[INFO] hw.pins: Pin fb set to -1.0 (was -1.0)
Pin fb set to -1.0 (was -1.0)
[INFO] hw.stepgen: =human= stepgen sg-cmd-pos=-1.000000 rev sg-fb-pos=-1.000000 rev sg-vel=0.000000 rps sg-acc=0.000000 rps2

=human= stepgen sg-cmd-pos=-1.000000 rev sg-fb-pos=-1.000000 rev sg-vel=0.000000 rps sg-acc=0.000000 rps2

[INFO] hw.pins: Pin fb set to -1.0 (was -1.0)
Pin fb set to -1.0 (was -1.0)
[INFO] hw.stepgen: =human= stepgen sg-cmd-pos=-1.000000 rev sg-fb-pos=-1.000000 rev sg-vel=0.000000 rps sg-acc=0.000000 rps2

=human= stepgen sg-cmd-pos=-1.000000 rev sg-fb-pos=-1.000000 rev sg-vel=0.000000 rps sg-acc=0.000000 rps2

[INFO] hw.pins: Pin fb set to -1.0 (was -1.0)
Pin fb set to -1.0 (was -1.0)
[INFO] hw.stepgen: =human= stepgen sg-cmd-pos=-1.000000 rev sg-fb-pos=-1.000000 rev sg-vel=0.000000 rps sg-acc=0.000000 rps2

=human= stepgen sg-cmd-pos=-1.000000 rev sg-fb-pos=-1.000000 rev sg-vel=0.000000 rps sg-acc=0.000000 rps2

[INFO] hw.pins: Pin fb set to -1.0 (was -1.0)
Pin fb set to -1.0 (was -1.0)
[INFO] hw.stepgen: =human= stepgen sg-cmd-pos=-1.000000 rev sg-fb-pos=-1.000000 rev sg-vel=0.000000 rps sg-acc=0.000000 rps2

=human= stepgen sg-cmd-pos=-1.000000 rev sg-fb-pos=-1.000000 rev sg-vel=0.000000 rps sg-acc=0.000000 rps2

[INFO] hw.pins: Pin fb set to -1.0 (was -1.0)
Pin fb set to -1.0 (was -1.0)
[INFO] hw.stepgen: =human= stepgen sg-cmd-pos=-1.000000 rev sg-fb-pos=-1.000000 rev sg-vel=0.000000 rps sg-acc=0.000000 rps2

=human= stepgen sg-cmd-pos=-1.000000 rev sg-fb-pos=-1.000000 rev sg-vel=0.000000 rps sg-acc=0.000000 rps2

[INFO] hw.pins: Pin fb set to -1.0 (was -1.0)
Pin fb set to -1.0 (was -1.0)
[INFO] hw.stepgen: =human= stepgen sg-cmd-pos=-1.000000 rev sg-fb-pos=-1.000000 rev sg-vel=0.000000 rps sg-acc=0.000000 rps2

=human= stepgen sg-cmd-pos=-1.000000 rev sg-fb-pos=-1.000000 rev sg-vel=0.000000 rps sg-acc=0.000000 rps2

[INFO] hw.pins: Pin fb set to -1.0 (was -1.0)
Pin fb set to -1.0 (was -1.0)
[INFO] hw.stepgen: =human= stepgen sg-cmd-pos=-1.000000 rev sg-fb-pos=-1.000000 rev sg-vel=0.000000 rps sg-acc=0.000000 rps2

=human= stepgen sg-cmd-pos=-1.000000 rev sg-fb-pos=-1.000000 rev sg-vel=0.000000 rps sg-acc=0.000000 rps2

[INFO] hw.pins: Pin fb set to -1.0 (was -1.0)
Pin fb set to -1.0 (was -1.0)
[INFO] hw.stepgen: =human= stepgen sg-cmd-pos=-1.000000 rev sg-fb-pos=-1.000000 rev sg-vel=0.000000 rps sg-acc=0.000000 rps2

=human= stepgen sg-cmd-pos=-1.000000 rev sg-fb-pos=-1.000000 rev sg-vel=0.000000 rps sg-acc=0.000000 rps2

[INFO] hw.pins: Pin fb set to -1.0 (was -1.0)
Pin fb set to -1.0 (was -1.0)
[INFO] hw.stepgen: =human= stepgen sg-cmd-pos=-1.000000 rev sg-fb-pos=-1.000000 rev sg-vel=0.000000 rps sg-acc=0.000000 rps2

=human= stepgen sg-cmd-pos=-1.000000 rev sg-fb-pos=-1.000000 rev sg-vel=0.000000 rps sg-acc=0.000000 rps2

[INFO] hw.pins: Pin fb set to -1.0 (was -1.0)
Pin fb set to -1.0 (was -1.0)
[INFO] hw.stepgen: =human= stepgen sg-cmd-pos=-1.000000 rev sg-fb-pos=-1.000000 rev sg-vel=0.000000 rps sg-acc=0.000000 rps2

=human= stepgen sg-cmd-pos=-1.000000 rev sg-fb-pos=-1.000000 rev sg-vel=0.000000 rps sg-acc=0.000000 rps2

[INFO] hw.pins: Pin fb set to -1.0 (was -1.0)
Pin fb set to -1.0 (was -1.0)
[INFO] hw.stepgen: =human= stepgen sg-cmd-pos=-1.000000 rev sg-fb-pos=-1.000000 rev sg-vel=0.000000 rps sg-acc=0.000000 rps2

=human= stepgen sg-cmd-pos=-1.000000 rev sg-fb-pos=-1.000000 rev sg-vel=0.000000 rps sg-acc=0.000000 rps2

[INFO] hw.pins: Pin fb set to -1.0 (was -1.0)
Pin fb set to -1.0 (was -1.0)
[INFO] hw.stepgen: =human= stepgen sg-cmd-pos=-1.000000 rev sg-fb-pos=-1.000000 rev sg-vel=0.000000 rps sg-acc=0.000000 rps2

=human= stepgen sg-cmd-pos=-1.000000 rev sg-fb-pos=-1.000000 rev sg-vel=0.000000 rps sg-acc=0.000000 rps2

[INFO] hw.pins: Pin fb set to -1.0 (was -1.0)
Pin fb set to -1.0 (was -1.0)
[INFO] hw.stepgen: =human= stepgen sg-cmd-pos=-1.000000 rev sg-fb-pos=-1.000000 rev sg-vel=0.000000 rps sg-acc=0.000000 rps2

=human= stepgen sg-cmd-pos=-1.000000 rev sg-fb-pos=-1.000000 rev sg-vel=0.000000 rps sg-acc=0.000000 rps2

[INFO] hw.pins: Pin fb set to -1.0 (was -1.0)
Pin fb set to -1.0 (was -1.0)
[INFO] hw.stepgen: =human= stepgen sg-cmd-pos=-1.000000 rev sg-fb-pos=-1.000000 rev sg-vel=0.000000 rps sg-acc=0.000000 rps2

=human= stepgen sg-cmd-pos=-1.000000 rev sg-fb-pos=-1.000000 rev sg-vel=0.000000 rps sg-acc=0.000000 rps2

[INFO] hw.pins: Pin fb set to -1.0 (was -1.0)
Pin fb set to -1.0 (was -1.0)
[INFO] hw.stepgen: =human= stepgen sg-cmd-pos=-1.000000 rev sg-fb-pos=-1.000000 rev sg-vel=0.000000 rps sg-acc=0.000000 rps2

=human= stepgen sg-cmd-pos=-1.000000 rev sg-fb-pos=-1.000000 rev sg-vel=0.000000 rps sg-acc=0.000000 rps2

[INFO] hw.pins: Pin fb set to -1.0 (was -1.0)
Pin fb set to -1.0 (was -1.0)
[INFO] hw.stepgen: =human= stepgen sg-cmd-pos=-1.000000 rev sg-fb-pos=-1.000000 rev sg-vel=0.000000 rps sg-acc=0.000000 rps2

=human= stepgen sg-cmd-pos=-1.000000 rev sg-fb-pos=-1.000000 rev sg-vel=0.000000 rps sg-acc=0.000000 rps2

[INFO] hw.pins: Pin fb set to -1.0 (was -1.0)
Pin fb set to -1.0 (was -1.0)
[INFO] hw.stepgen: =human= stepgen sg-cmd-pos=-1.000000 rev sg-fb-pos=-1.000000 rev sg-vel=0.000000 rps sg-acc=0.000000 rps2

=human= stepgen sg-cmd-pos=-1.000000 rev sg-fb-pos=-1.000000 rev sg-vel=0.000000 rps sg-acc=0.000000 rps2

[INFO] hw.pins: Pin fb set to -1.0 (was -1.0)
Pin fb set to -1.0 (was -1.0)
[INFO] hw.stepgen: =human= stepgen sg-cmd-pos=-1.000000 rev sg-fb-pos=-1.000000 rev sg-vel=0.000000 rps sg-acc=0.000000 rps2

=human= stepgen sg-cmd-pos=-1.000000 rev sg-fb-pos=-1.000000 rev sg-vel=0.000000 rps sg-acc=0.000000 rps2

[INFO] hw.pins: Pin fb set to -1.0 (was -1.0)
Pin fb set to -1.0 (was -1.0)
[INFO] hw.stepgen: =human= stepgen sg-cmd-pos=-1.000000 rev sg-fb-pos=-1.000000 rev sg-vel=0.000000 rps sg-acc=0.000000 rps2

=human= stepgen sg-cmd-pos=-1.000000 rev sg-fb-pos=-1.000000 rev sg-vel=0.000000 rps sg-acc=0.000000 rps2

[INFO] hw.pins: Pin fb set to -1.0 (was -1.0)
Pin fb set to -1.0 (was -1.0)
[INFO] hw.stepgen: =human= stepgen sg-cmd-pos=-1.000000 rev sg-fb-pos=-1.000000 rev sg-vel=0.000000 rps sg-acc=0.000000 rps2

=human= stepgen sg-cmd-pos=-1.000000 rev sg-fb-pos=-1.000000 rev sg-vel=0.000000 rps sg-acc=0.000000 rps2

[INFO] hw.pins: Pin fb set to -1.0 (was -1.0)
Pin fb set to -1.0 (was -1.0)
[INFO] hw.stepgen: =human= stepgen sg-cmd-pos=-1.000000 rev sg-fb-pos=-1.000000 rev sg-vel=0.000000 rps sg-acc=0.000000 rps2

=human= stepgen sg-cmd-pos=-1.000000 rev sg-fb-pos=-1.000000 rev sg-vel=0.000000 rps sg-acc=0.000000 rps2

[INFO] hw.pins: Pin fb set to -1.0 (was -1.0)
Pin fb set to -1.0 (was -1.0)
[INFO] hw.stepgen: =human= stepgen sg-cmd-pos=-1.000000 rev sg-fb-pos=-1.000000 rev sg-vel=0.000000 rps sg-acc=0.000000 rps2

=human= stepgen sg-cmd-pos=-1.000000 rev sg-fb-pos=-1.000000 rev sg-vel=0.000000 rps sg-acc=0.000000 rps2

[INFO] hw.pins: Pin fb set to -1.0 (was -1.0)
Pin fb set to -1.0 (was -1.0)
[INFO] hw.stepgen: =human= stepgen sg-cmd-pos=-1.000000 rev sg-fb-pos=-1.000000 rev sg-vel=0.000000 rps sg-acc=0.000000 rps2

=human= stepgen sg-cmd-pos=-1.000000 rev sg-fb-pos=-1.000000 rev sg-vel=0.000000 rps sg-acc=0.000000 rps2

[INFO] hw.pins: Pin fb set to -1.0 (was -1.0)
Pin fb set to -1.0 (was -1.0)
[INFO] hw.stepgen: =human= stepgen sg-cmd-pos=-1.000000 rev sg-fb-pos=-1.000000 rev sg-vel=0.000000 rps sg-acc=0.000000 rps2

=human= stepgen sg-cmd-pos=-1.000000 rev sg-fb-pos=-1.000000 rev sg-vel=0.000000 rps sg-acc=0.000000 rps2

[INFO] hw.pins: Pin fb set to -1.0 (was -1.0)
Pin fb set to -1.0 (was -1.0)
[INFO] hw.stepgen: =human= stepgen sg-cmd-pos=-1.000000 rev sg-fb-pos=-1.000000 rev sg-vel=0.000000 rps sg-acc=0.000000 rps2

=human= stepgen sg-cmd-pos=-1.000000 rev sg-fb-pos=-1.000000 rev sg-vel=0.000000 rps sg-acc=0.000000 rps2

[INFO] hw.pins: Pin fb set to -1.0 (was -1.0)
Pin fb set to -1.0 (was -1.0)
[INFO] hw.stepgen: =human= stepgen sg-cmd-pos=-1.000000 rev sg-fb-pos=-1.000000 rev sg-vel=0.000000 rps sg-acc=0.000000 rps2

=human= stepgen sg-cmd-pos=-1.000000 rev sg-fb-pos=-1.000000 rev sg-vel=0.000000 rps sg-acc=0.000000 rps2

[INFO] hw.pins: Pin fb set to -1.0 (was -1.0)
Pin fb set to -1.0 (was -1.0)
[INFO] hw.stepgen: =human= stepgen sg-cmd-pos=-1.000000 rev sg-fb-pos=-1.000000 rev sg-vel=0.000000 rps sg-acc=0.000000 rps2

=human= stepgen sg-cmd-pos=-1.000000 rev sg-fb-pos=-1.000000 rev sg-vel=0.000000 rps sg-acc=0.000000 rps2

[INFO] hw.pins: Pin fb set to -1.0 (was -1.0)
Pin fb set to -1.0 (was -1.0)
[INFO] hw.stepgen: =human= stepgen sg-cmd-pos=-1.000000 rev sg-fb-pos=-1.000000 rev sg-vel=0.000000 rps sg-acc=0.000000 rps2

=human= stepgen sg-cmd-pos=-1.000000 rev sg-fb-pos=-1.000000 rev sg-vel=0.000000 rps sg-acc=0.000000 rps2

[INFO] hw.pins: Pin fb set to -1.0 (was -1.0)
Pin fb set to -1.0 (was -1.0)
[INFO] hw.stepgen: =human= stepgen sg-cmd-pos=-1.000000 rev sg-fb-pos=-1.000000 rev sg-vel=0.000000 rps sg-acc=0.000000 rps2

=human= stepgen sg-cmd-pos=-1.000000 rev sg-fb-pos=-1.000000 rev sg-vel=0.000000 rps sg-acc=0.000000 rps2

[INFO] hw.pins: Pin fb set to -1.0 (was -1.0)
Pin fb set to -1.0 (was -1.0)
[INFO] hw.stepgen: =human= stepgen sg-cmd-pos=-1.000000 rev sg-fb-pos=-1.000000 rev sg-vel=0.000000 rps sg-acc=0.000000 rps2

=human= stepgen sg-cmd-pos=-1.000000 rev sg-fb-pos=-1.000000 rev sg-vel=0.000000 rps sg-acc=0.000000 rps2

[INFO] hw.pins: Pin fb set to -1.0 (was -1.0)
Pin fb set to -1.0 (was -1.0)
[INFO] hw.stepgen: =human= stepgen sg-cmd-pos=-1.000000 rev sg-fb-pos=-1.000000 rev sg-vel=0.000000 rps sg-acc=0.000000 rps2

=human= stepgen sg-cmd-pos=-1.000000 rev sg-fb-pos=-1.000000 rev sg-vel=0.000000 rps sg-acc=0.000000 rps2

[INFO] hw.pins: Pin fb set to -1.0 (was -1.0)
Pin fb set to -1.0 (was -1.0)
[INFO] hw.stepgen: =human= stepgen sg-cmd-pos=-1.000000 rev sg-fb-pos=-1.000000 rev sg-vel=0.000000 rps sg-acc=0.000000 rps2

=human= stepgen sg-cmd-pos=-1.000000 rev sg-fb-pos=-1.000000 rev sg-vel=0.000000 rps sg-acc=0.000000 rps2

[INFO] hw.pins: Pin fb set to -1.0 (was -1.0)
Pin fb set to -1.0 (was -1.0)
[INFO] hw.stepgen: =human= stepgen sg-cmd-pos=-1.000000 rev sg-fb-pos=-1.000000 rev sg-vel=0.000000 rps sg-acc=0.000000 rps2

=human= stepgen sg-cmd-pos=-1.000000 rev sg-fb-pos=-1.000000 rev sg-vel=0.000000 rps sg-acc=0.000000 rps2

[INFO] hw.pins: Pin fb set to -1.0 (was -1.0)
Pin fb set to -1.0 (was -1.0)
[INFO] hw.stepgen: =human= stepgen sg-cmd-pos=-1.000000 rev sg-fb-pos=-1.000000 rev sg-vel=0.000000 rps sg-acc=0.000000 rps2

=human= stepgen sg-cmd-pos=-1.000000 rev sg-fb-pos=-1.000000 rev sg-vel=0.000000 rps sg-acc=0.000000 rps2

[INFO] hw.pins: Pin fb set to -1.0 (was -1.0)
Pin fb set to -1.0 (was -1.0)
[INFO] hw.stepgen: =human= stepgen sg-cmd-pos=-1.000000 rev sg-fb-pos=-1.000000 rev sg-vel=0.000000 rps sg-acc=0.000000 rps2

=human= stepgen sg-cmd-pos=-1.000000 rev sg-fb-pos=-1.000000 rev sg-vel=0.000000 rps sg-acc=0.000000 rps2

[INFO] hw.pins: Pin fb set to -1.0 (was -1.0)
Pin fb set to -1.0 (was -1.0)
[INFO] hw.stepgen: =human= stepgen sg-cmd-pos=-1.000000 rev sg-fb-pos=-1.000000 rev sg-vel=0.000000 rps sg-acc=0.000000 rps2

=human= stepgen sg-cmd-pos=-1.000000 rev sg-fb-pos=-1.000000 rev sg-vel=0.000000 rps sg-acc=0.000000 rps2

[INFO] hw.pins: Pin fb set to -1.0 (was -1.0)
Pin fb set to -1.0 (was -1.0)
[INFO] hw.stepgen: =human= stepgen sg-cmd-pos=-1.000000 rev sg-fb-pos=-1.000000 rev sg-vel=0.000000 rps sg-acc=0.000000 rps2

=human= stepgen sg-cmd-pos=-1.000000 rev sg-fb-pos=-1.000000 rev sg-vel=0.000000 rps sg-acc=0.000000 rps2

[INFO] hw.pins: Pin fb set to -1.0 (was -1.0)
Pin fb set to -1.0 (was -1.0)
[INFO] hw.stepgen: =human= stepgen sg-cmd-pos=-1.000000 rev sg-fb-pos=-1.000000 rev sg-vel=0.000000 rps sg-acc=0.000000 rps2

=human= stepgen sg-cmd-pos=-1.000000 rev sg-fb-pos=-1.000000 rev sg-vel=0.000000 rps sg-acc=0.000000 rps2

[INFO] hw.pins: Pin fb set to -1.0 (was -1.0)
Pin fb set to -1.0 (was -1.0)
[INFO] hw.stepgen: =human= stepgen sg-cmd-pos=-1.000000 rev sg-fb-pos=-1.000000 rev sg-vel=0.000000 rps sg-acc=0.000000 rps2

=human= stepgen sg-cmd-pos=-1.000000 rev sg-fb-pos=-1.000000 rev sg-vel=0.000000 rps sg-acc=0.000000 rps2

[INFO] hw.pins: Pin fb set to -1.0 (was -1.0)
Pin fb set to -1.0 (was -1.0)
[INFO] hw.stepgen: =human= stepgen sg-cmd-pos=-1.000000 rev sg-fb-pos=-1.000000 rev sg-vel=0.000000 rps sg-acc=0.000000 rps2

=human= stepgen sg-cmd-pos=-1.000000 rev sg-fb-pos=-1.000000 rev sg-vel=0.000000 rps sg-acc=0.000000 rps2

[INFO] hw.pins: Pin fb set to -1.0 (was -1.0)
Pin fb set to -1.0 (was -1.0)
[INFO] hw.stepgen: =human= stepgen sg-cmd-pos=-1.000000 rev sg-fb-pos=-1.000000 rev sg-vel=0.000000 rps sg-acc=0.000000 rps2

=human= stepgen sg-cmd-pos=-1.000000 rev sg-fb-pos=-1.000000 rev sg-vel=0.000000 rps sg-acc=0.000000 rps2

[INFO] hw.pins: Pin fb set to -1.0 (was -1.0)
Pin fb set to -1.0 (was -1.0)
[INFO] hw.stepgen: =human= stepgen sg-cmd-pos=-1.000000 rev sg-fb-pos=-1.000000 rev sg-vel=0.000000 rps sg-acc=0.000000 rps2

=human= stepgen sg-cmd-pos=-1.000000 rev sg-fb-pos=-1.000000 rev sg-vel=0.000000 rps sg-acc=0.000000 rps2

[INFO] hw.pins: Pin fb set to -1.0 (was -1.0)
Pin fb set to -1.0 (was -1.0)
[INFO] hw.stepgen: =human= stepgen sg-cmd-pos=-1.000000 rev sg-fb-pos=-1.000000 rev sg-vel=0.000000 rps sg-acc=0.000000 rps2

=human= stepgen sg-cmd-pos=-1.000000 rev sg-fb-pos=-1.000000 rev sg-vel=0.000000 rps sg-acc=0.000000 rps2

[INFO] hw.pins: Pin fb set to -1.0 (was -1.0)
Pin fb set to -1.0 (was -1.0)
[INFO] hw.stepgen: =human= stepgen sg-cmd-pos=-1.000000 rev sg-fb-pos=-1.000000 rev sg-vel=0.000000 rps sg-acc=0.000000 rps2

=human= stepgen sg-cmd-pos=-1.000000 rev sg-fb-pos=-1.000000 rev sg-vel=0.000000 rps sg-acc=0.000000 rps2

[INFO] hw.pins: Pin fb set to -1.0 (was -1.0)
Pin fb set to -1.0 (was -1.0)
[INFO] hw.stepgen: =human= stepgen sg-cmd-pos=-1.000000 rev sg-fb-pos=-1.000000 rev sg-vel=0.000000 rps sg-acc=0.000000 rps2

=human= stepgen sg-cmd-pos=-1.000000 rev sg-fb-pos=-1.000000 rev sg-vel=0.000000 rps sg-acc=0.000000 rps2

[INFO] hw.pins: Pin fb set to -1.0 (was -1.0)
Pin fb set to -1.0 (was -1.0)
[INFO] hw.stepgen: =human= stepgen sg-cmd-pos=-1.000000 rev sg-fb-pos=-1.000000 rev sg-vel=0.000000 rps sg-acc=0.000000 rps2

=human= stepgen sg-cmd-pos=-1.000000 rev sg-fb-pos=-1.000000 rev sg-vel=0.000000 rps sg-acc=0.000000 rps2

[INFO] hw.pins: Pin fb set to -1.0 (was -1.0)
Pin fb set to -1.0 (was -1.0)
[INFO] hw.stepgen: =human= stepgen sg-cmd-pos=-1.000000 rev sg-fb-pos=-1.000000 rev sg-vel=0.000000 rps sg-acc=0.000000 rps2

=human= stepgen sg-cmd-pos=-1.000000 rev sg-fb-pos=-1.000000 rev sg-vel=0.000000 rps sg-acc=0.000000 rps2

[INFO] hw.pins: Pin fb set to -1.0 (was -1.0)
Pin fb set to -1.0 (was -1.0)
[INFO] hw.stepgen: =human= stepgen sg-cmd-pos=-1.000000 rev sg-fb-pos=-1.000000 rev sg-vel=0.000000 rps sg-acc=0.000000 rps2

=human= stepgen sg-cmd-pos=-1.000000 rev sg-fb-pos=-1.000000 rev sg-vel=0.000000 rps sg-acc=0.000000 rps2

[INFO] hw.pins: Pin fb set to -1.0 (was -1.0)
Pin fb set to -1.0 (was -1.0)
[INFO] hw.stepgen: =human= stepgen sg-cmd-pos=-1.000000 rev sg-fb-pos=-1.000000 rev sg-vel=0.000000 rps sg-acc=0.000000 rps2

=human= stepgen sg-cmd-pos=-1.000000 rev sg-fb-pos=-1.000000 rev sg-vel=0.000000 rps sg-acc=0.000000 rps2

[INFO] hw.pins: Pin fb set to -1.0 (was -1.0)
Pin fb set to -1.0 (was -1.0)
[INFO] hw.stepgen: =human= stepgen sg-cmd-pos=-1.000000 rev sg-fb-pos=-1.000000 rev sg-vel=0.000000 rps sg-acc=0.000000 rps2

=human= stepgen sg-cmd-pos=-1.000000 rev sg-fb-pos=-1.000000 rev sg-vel=0.000000 rps sg-acc=0.000000 rps2

[INFO] hw.pins: Pin fb set to -1.0 (was -1.0)
Pin fb set to -1.0 (was -1.0)
[INFO] hw.stepgen: =human= stepgen sg-cmd-pos=-1.000000 rev sg-fb-pos=-1.000000 rev sg-vel=0.000000 rps sg-acc=0.000000 rps2

=human= stepgen sg-cmd-pos=-1.000000 rev sg-fb-pos=-1.000000 rev sg-vel=0.000000 rps sg-acc=0.000000 rps2

[INFO] hw.pins: Pin fb set to -1.0 (was -1.0)
Pin fb set to -1.0 (was -1.0)
[INFO] hw.stepgen: =human= stepgen sg-cmd-pos=-1.000000 rev sg-fb-pos=-1.000000 rev sg-vel=0.000000 rps sg-acc=0.000000 rps2

=human= stepgen sg-cmd-pos=-1.000000 rev sg-fb-pos=-1.000000 rev sg-vel=0.000000 rps sg-acc=0.000000 rps2

[INFO] hw.pins: Pin fb set to -1.0 (was -1.0)
Pin fb set to -1.0 (was -1.0)
[INFO] hw.stepgen: =human= stepgen sg-cmd-pos=-1.000000 rev sg-fb-pos=-1.000000 rev sg-vel=0.000000 rps sg-acc=0.000000 rps2

=human= stepgen sg-cmd-pos=-1.000000 rev sg-fb-pos=-1.000000 rev sg-vel=0.000000 rps sg-acc=0.000000 rps2

[INFO] hw.pins: Pin fb set to -1.0 (was -1.0)
Pin fb set to -1.0 (was -1.0)
[INFO] hw.stepgen: =human= stepgen sg-cmd-pos=-1.000000 rev sg-fb-pos=-1.000000 rev sg-vel=0.000000 rps sg-acc=0.000000 rps2

=human= stepgen sg-cmd-pos=-1.000000 rev sg-fb-pos=-1.000000 rev sg-vel=0.000000 rps sg-acc=0.000000 rps2

[INFO] hw.pins: Pin fb set to -1.0 (was -1.0)
Pin fb set to -1.0 (was -1.0)
[INFO] hw.stepgen: =human= stepgen sg-cmd-pos=-1.000000 rev sg-fb-pos=-1.000000 rev sg-vel=0.000000 rps sg-acc=0.000000 rps2

=human= stepgen sg-cmd-pos=-1.000000 rev sg-fb-pos=-1.000000 rev sg-vel=0.000000 rps sg-acc=0.000000 rps2

[INFO] hw.pins: Pin fb set to -1.0 (was -1.0)
Pin fb set to -1.0 (was -1.0)
[INFO] hw.stepgen: =human= stepgen sg-cmd-pos=-1.000000 rev sg-fb-pos=-1.000000 rev sg-vel=0.000000 rps sg-acc=0.000000 rps2

=human= stepgen sg-cmd-pos=-1.000000 rev sg-fb-pos=-1.000000 rev sg-vel=0.000000 rps sg-acc=0.000000 rps2

[INFO] hw.pins: Pin fb set to -1.0 (was -1.0)
Pin fb set to -1.0 (was -1.0)
[INFO] hw.stepgen: =human= stepgen sg-cmd-pos=-1.000000 rev sg-fb-pos=-1.000000 rev sg-vel=0.000000 rps sg-acc=0.000000 rps2

=human= stepgen sg-cmd-pos=-1.000000 rev sg-fb-pos=-1.000000 rev sg-vel=0.000000 rps sg-acc=0.000000 rps2

[INFO] hw.pins: Pin fb set to -1.0 (was -1.0)
Pin fb set to -1.0 (was -1.0)
[INFO] hw.stepgen: =human= stepgen sg-cmd-pos=-1.000000 rev sg-fb-pos=-1.000000 rev sg-vel=0.000000 rps sg-acc=0.000000 rps2

=human= stepgen sg-cmd-pos=-1.000000 rev sg-fb-pos=-1.000000 rev sg-vel=0.000000 rps sg-acc=0.000000 rps2

[INFO] hw.pins: Pin fb set to -1.0 (was -1.0)
Pin fb set to -1.0 (was -1.0)
[INFO] hw.stepgen: =human= stepgen sg-cmd-pos=-1.000000 rev sg-fb-pos=-1.000000 rev sg-vel=0.000000 rps sg-acc=0.000000 rps2

=human= stepgen sg-cmd-pos=-1.000000 rev sg-fb-pos=-1.000000 rev sg-vel=0.000000 rps sg-acc=0.000000 rps2

[INFO] hw.pins: Pin fb set to -1.0 (was -1.0)
Pin fb set to -1.0 (was -1.0)
[INFO] hw.stepgen: =human= stepgen sg-cmd-pos=-1.000000 rev sg-fb-pos=-1.000000 rev sg-vel=0.000000 rps sg-acc=0.000000 rps2

=human= stepgen sg-cmd-pos=-1.000000 rev sg-fb-pos=-1.000000 rev sg-vel=0.000000 rps sg-acc=0.000000 rps2

[INFO] hw.pins: Pin fb set to -1.0 (was -1.0)
Pin fb set to -1.0 (was -1.0)
[INFO] hw.stepgen: =human= stepgen sg-cmd-pos=-1.000000 rev sg-fb-pos=-1.000000 rev sg-vel=0.000000 rps sg-acc=0.000000 rps2

=human= stepgen sg-cmd-pos=-1.000000 rev sg-fb-pos=-1.000000 rev sg-vel=0.000000 rps sg-acc=0.000000 rps2

[INFO] hw.pins: Pin fb set to -1.0 (was -1.0)
Pin fb set to -1.0 (was -1.0)
[INFO] hw.stepgen: =human= stepgen sg-cmd-pos=-1.000000 rev sg-fb-pos=-1.000000 rev sg-vel=0.000000 rps sg-acc=0.000000 rps2

=human= stepgen sg-cmd-pos=-1.000000 rev sg-fb-pos=-1.000000 rev sg-vel=0.000000 rps sg-acc=0.000000 rps2

[INFO] hw.pins: Pin fb set to -1.0 (was -1.0)
Pin fb set to -1.0 (was -1.0)
[INFO] hw.stepgen: =human= stepgen sg-cmd-pos=-1.000000 rev sg-fb-pos=-1.000000 rev sg-vel=0.000000 rps sg-acc=0.000000 rps2

=human= stepgen sg-cmd-pos=-1.000000 rev sg-fb-pos=-1.000000 rev sg-vel=0.000000 rps sg-acc=0.000000 rps2

[INFO] hw.pins: Pin fb set to -1.0 (was -1.0)
Pin fb set to -1.0 (was -1.0)
[INFO] hw.stepgen: =human= stepgen sg-cmd-pos=-1.000000 rev sg-fb-pos=-1.000000 rev sg-vel=0.000000 rps sg-acc=0.000000 rps2

=human= stepgen sg-cmd-pos=-1.000000 rev sg-fb-pos=-1.000000 rev sg-vel=0.000000 rps sg-acc=0.000000 rps2

[INFO] hw.pins: Pin fb set to -1.0 (was -1.0)
Pin fb set to -1.0 (was -1.0)
[INFO] hw.stepgen: =human= stepgen sg-cmd-pos=-1.000000 rev sg-fb-pos=-1.000000 rev sg-vel=0.000000 rps sg-acc=0.000000 rps2

=human= stepgen sg-cmd-pos=-1.000000 rev sg-fb-pos=-1.000000 rev sg-vel=0.000000 rps sg-acc=0.000000 rps2

[INFO] hw.pins: Pin fb set to -1.0 (was -1.0)
Pin fb set to -1.0 (was -1.0)
[INFO] hw.stepgen: =human= stepgen sg-cmd-pos=-1.000000 rev sg-fb-pos=-1.000000 rev sg-vel=0.000000 rps sg-acc=0.000000 rps2

=human= stepgen sg-cmd-pos=-1.000000 rev sg-fb-pos=-1.000000 rev sg-vel=0.000000 rps sg-acc=0.000000 rps2

[INFO] hw.pins: Pin fb set to -1.0 (was -1.0)
Pin fb set to -1.0 (was -1.0)
[INFO] hw.stepgen: =human= stepgen sg-cmd-pos=-1.000000 rev sg-fb-pos=-1.000000 rev sg-vel=0.000000 rps sg-acc=0.000000 rps2

=human= stepgen sg-cmd-pos=-1.000000 rev sg-fb-pos=-1.000000 rev sg-vel=0.000000 rps sg-acc=0.000000 rps2

[INFO] hw.pins: Pin fb set to -1.0 (was -1.0)
Pin fb set to -1.0 (was -1.0)
[INFO] hw.stepgen: =human= stepgen sg-cmd-pos=-1.000000 rev sg-fb-pos=-1.000000 rev sg-vel=0.000000 rps sg-acc=0.000000 rps2

=human= stepgen sg-cmd-pos=-1.000000 rev sg-fb-pos=-1.000000 rev sg-vel=0.000000 rps sg-acc=0.000000 rps2

[INFO] hw.pins: Pin fb set to -1.0 (was -1.0)
Pin fb set to -1.0 (was -1.0)
[INFO] hw.stepgen: =human= stepgen sg-cmd-pos=-1.000000 rev sg-fb-pos=-1.000000 rev sg-vel=0.000000 rps sg-acc=0.000000 rps2

=human= stepgen sg-cmd-pos=-1.000000 rev sg-fb-pos=-1.000000 rev sg-vel=0.000000 rps sg-acc=0.000000 rps2

[INFO] hw.pins: Pin fb set to -1.0 (was -1.0)
Pin fb set to -1.0 (was -1.0)
[INFO] hw.stepgen: =human= stepgen sg-cmd-pos=-1.000000 rev sg-fb-pos=-1.000000 rev sg-vel=0.000000 rps sg-acc=0.000000 rps2

=human= stepgen sg-cmd-pos=-1.000000 rev sg-fb-pos=-1.000000 rev sg-vel=0.000000 rps sg-acc=0.000000 rps2

[INFO] hw.pins: Pin fb set to -1.0 (was -1.0)
Pin fb set to -1.0 (was -1.0)
[INFO] hw.stepgen: =human= stepgen sg-cmd-pos=-1.000000 rev sg-fb-pos=-1.000000 rev sg-vel=0.000000 rps sg-acc=0.000000 rps2

=human= stepgen sg-cmd-pos=-1.000000 rev sg-fb-pos=-1.000000 rev sg-vel=0.000000 rps sg-acc=0.000000 rps2

[INFO] hw.pins: Pin fb set to -1.0 (was -1.0)
Pin fb set to -1.0 (was -1.0)
[INFO] hw.stepgen: =human= stepgen sg-cmd-pos=-1.000000 rev sg-fb-pos=-1.000000 rev sg-vel=0.000000 rps sg-acc=0.000000 rps2

=human= stepgen sg-cmd-pos=-1.000000 rev sg-fb-pos=-1.000000 rev sg-vel=0.000000 rps sg-acc=0.000000 rps2

[INFO] hw.pins: Pin fb set to -1.0 (was -1.0)
Pin fb set to -1.0 (was -1.0)
[INFO] hw.stepgen: =human= stepgen sg-cmd-pos=-1.000000 rev sg-fb-pos=-1.000000 rev sg-vel=0.000000 rps sg-acc=0.000000 rps2

=human= stepgen sg-cmd-pos=-1.000000 rev sg-fb-pos=-1.000000 rev sg-vel=0.000000 rps sg-acc=0.000000 rps2

[INFO] hw.pins: Pin fb set to -1.0 (was -1.0)
Pin fb set to -1.0 (was -1.0)
[INFO] hw.stepgen: =human= stepgen sg-cmd-pos=-1.000000 rev sg-fb-pos=-1.000000 rev sg-vel=0.000000 rps sg-acc=0.000000 rps2

=human= stepgen sg-cmd-pos=-1.000000 rev sg-fb-pos=-1.000000 rev sg-vel=0.000000 rps sg-acc=0.000000 rps2

[INFO] hw.pins: Pin fb set to -1.0 (was -1.0)
Pin fb set to -1.0 (was -1.0)
[INFO] hw.stepgen: =human= stepgen sg-cmd-pos=-1.000000 rev sg-fb-pos=-1.000000 rev sg-vel=0.000000 rps sg-acc=0.000000 rps2

=human= stepgen sg-cmd-pos=-1.000000 rev sg-fb-pos=-1.000000 rev sg-vel=0.000000 rps sg-acc=0.000000 rps2

[INFO] hw.pins: Pin fb set to -1.0 (was -1.0)
Pin fb set to -1.0 (was -1.0)
[INFO] hw.stepgen: =human= stepgen sg-cmd-pos=-1.000000 rev sg-fb-pos=-1.000000 rev sg-vel=0.000000 rps sg-acc=0.000000 rps2

=human= stepgen sg-cmd-pos=-1.000000 rev sg-fb-pos=-1.000000 rev sg-vel=0.000000 rps sg-acc=0.000000 rps2

[INFO] hw.pins: Pin fb set to -1.0 (was -1.0)
Pin fb set to -1.0 (was -1.0)
[INFO] hw.stepgen: =human= stepgen sg-cmd-pos=-1.000000 rev sg-fb-pos=-1.000000 rev sg-vel=0.000000 rps sg-acc=0.000000 rps2

=human= stepgen sg-cmd-pos=-1.000000 rev sg-fb-pos=-1.000000 rev sg-vel=0.000000 rps sg-acc=0.000000 rps2

[INFO] hw.pins: Pin fb set to -1.0 (was -1.0)
Pin fb set to -1.0 (was -1.0)
[INFO] hw.stepgen: =human= stepgen sg-cmd-pos=-1.000000 rev sg-fb-pos=-1.000000 rev sg-vel=0.000000 rps sg-acc=0.000000 rps2

=human= stepgen sg-cmd-pos=-1.000000 rev sg-fb-pos=-1.000000 rev sg-vel=0.000000 rps sg-acc=0.000000 rps2

[INFO] hw.pins: Pin fb set to -1.0 (was -1.0)
Pin fb set to -1.0 (was -1.0)
[INFO] hw.stepgen: =human= stepgen sg-cmd-pos=-1.000000 rev sg-fb-pos=-1.000000 rev sg-vel=0.000000 rps sg-acc=0.000000 rps2

=human= stepgen sg-cmd-pos=-1.000000 rev sg-fb-pos=-1.000000 rev sg-vel=0.000000 rps sg-acc=0.000000 rps2

[INFO] hw.pins: Pin fb set to -1.0 (was -1.0)
Pin fb set to -1.0 (was -1.0)
[INFO] hw.stepgen: =human= stepgen sg-cmd-pos=-1.000000 rev sg-fb-pos=-1.000000 rev sg-vel=0.000000 rps sg-acc=0.000000 rps2

=human= stepgen sg-cmd-pos=-1.000000 rev sg-fb-pos=-1.000000 rev sg-vel=0.000000 rps sg-acc=0.000000 rps2

[INFO] hw.pins: Pin fb set to -1.0 (was -1.0)
Pin fb set to -1.0 (was -1.0)
[INFO] hw.stepgen: =human= stepgen sg-cmd-pos=-1.000000 rev sg-fb-pos=-1.000000 rev sg-vel=0.000000 rps sg-acc=0.000000 rps2

=human= stepgen sg-cmd-pos=-1.000000 rev sg-fb-pos=-1.000000 rev sg-vel=0.000000 rps sg-acc=0.000000 rps2

[INFO] hw.pins: Pin fb set to -1.0 (was -1.0)
Pin fb set to -1.0 (was -1.0)
[INFO] hw.stepgen: =human= stepgen sg-cmd-pos=-1.000000 rev sg-fb-pos=-1.000000 rev sg-vel=0.000000 rps sg-acc=0.000000 rps2

=human= stepgen sg-cmd-pos=-1.000000 rev sg-fb-pos=-1.000000 rev sg-vel=0.000000 rps sg-acc=0.000000 rps2

[INFO] hw.pins: Pin fb set to -1.0 (was -1.0)
Pin fb set to -1.0 (was -1.0)
[INFO] hw.stepgen: =human= stepgen sg-cmd-pos=-1.000000 rev sg-fb-pos=-1.000000 rev sg-vel=0.000000 rps sg-acc=0.000000 rps2

=human= stepgen sg-cmd-pos=-1.000000 rev sg-fb-pos=-1.000000 rev sg-vel=0.000000 rps sg-acc=0.000000 rps2

[INFO] hw.pins: Pin fb set to -1.0 (was -1.0)
Pin fb set to -1.0 (was -1.0)
[INFO] hw.stepgen: =human= stepgen sg-cmd-pos=-1.000000 rev sg-fb-pos=-1.000000 rev sg-vel=0.000000 rps sg-acc=0.000000 rps2

=human= stepgen sg-cmd-pos=-1.000000 rev sg-fb-pos=-1.000000 rev sg-vel=0.000000 rps sg-acc=0.000000 rps2

[INFO] hw.pins: Pin fb set to -1.0 (was -1.0)
Pin fb set to -1.0 (was -1.0)
[INFO] hw.stepgen: =human= stepgen sg-cmd-pos=-1.000000 rev sg-fb-pos=-1.000000 rev sg-vel=0.000000 rps sg-acc=0.000000 rps2

=human= stepgen sg-cmd-pos=-1.000000 rev sg-fb-pos=-1.000000 rev sg-vel=0.000000 rps sg-acc=0.000000 rps2

[INFO] hw.pins: Pin fb set to -1.0 (was -1.0)
Pin fb set to -1.0 (was -1.0)
[INFO] hw.stepgen: =human= stepgen sg-cmd-pos=-1.000000 rev sg-fb-pos=-1.000000 rev sg-vel=0.000000 rps sg-acc=0.000000 rps2

=human= stepgen sg-cmd-pos=-1.000000 rev sg-fb-pos=-1.000000 rev sg-vel=0.000000 rps sg-acc=0.000000 rps2

[INFO] hw.pins: Pin fb set to -1.0 (was -1.0)
Pin fb set to -1.0 (was -1.0)
[INFO] hw.stepgen: =human= stepgen sg-cmd-pos=-1.000000 rev sg-fb-pos=-1.000000 rev sg-vel=0.000000 rps sg-acc=0.000000 rps2

=human= stepgen sg-cmd-pos=-1.000000 rev sg-fb-pos=-1.000000 rev sg-vel=0.000000 rps sg-acc=0.000000 rps2

[INFO] hw.pins: Pin fb set to -1.0 (was -1.0)
Pin fb set to -1.0 (was -1.0)
[INFO] hw.stepgen: =human= stepgen sg-cmd-pos=-1.000000 rev sg-fb-pos=-1.000000 rev sg-vel=0.000000 rps sg-acc=0.000000 rps2

=human= stepgen sg-cmd-pos=-1.000000 rev sg-fb-pos=-1.000000 rev sg-vel=0.000000 rps sg-acc=0.000000 rps2

[INFO] hw.pins: Pin fb set to -1.0 (was -1.0)
Pin fb set to -1.0 (was -1.0)
[INFO] hw.stepgen: =human= stepgen sg-cmd-pos=-1.000000 rev sg-fb-pos=-1.000000 rev sg-vel=0.000000 rps sg-acc=0.000000 rps2

=human= stepgen sg-cmd-pos=-1.000000 rev sg-fb-pos=-1.000000 rev sg-vel=0.000000 rps sg-acc=0.000000 rps2

[INFO] hw.pins: Pin fb set to -1.0 (was -1.0)
Pin fb set to -1.0 (was -1.0)
[INFO] hw.stepgen: =human= stepgen sg-cmd-pos=-1.000000 rev sg-fb-pos=-1.000000 rev sg-vel=0.000000 rps sg-acc=0.000000 rps2

=human= stepgen sg-cmd-pos=-1.000000 rev sg-fb-pos=-1.000000 rev sg-vel=0.000000 rps sg-acc=0.000000 rps2

[INFO] hw.pins: Pin fb set to -1.0 (was -1.0)
Pin fb set to -1.0 (was -1.0)
[INFO] hw.stepgen: =human= stepgen sg-cmd-pos=-1.000000 rev sg-fb-pos=-1.000000 rev sg-vel=0.000000 rps sg-acc=0.000000 rps2

=human= stepgen sg-cmd-pos=-1.000000 rev sg-fb-pos=-1.000000 rev sg-vel=0.000000 rps sg-acc=0.000000 rps2

[INFO] hw.pins: Pin cmd set to 1.0 (was 1.0)
Pin cmd set to 1.0 (was 1.0)
[INFO] hw.pins: Pin dir set to False (was True)
Pin dir set to False (was True)
[INFO] hw.pins: Pin scale set to -2.0 (was 1.0)
Pin scale set to -2.0 (was 1.0)
[INFO] hw.pins: Pin fb set to -1.0 (was -1.0)
Pin fb set to -1.0 (was -1.0)
[INFO] hw.stepgen: =human= stepgen sg-cmd-pos=-1.000000 rev sg-fb-pos=-1.000000 rev sg-vel=0.000000 rps sg-acc=0.000000 rps2

=human= stepgen sg-cmd-pos=-1.000000 rev sg-fb-pos=-1.000000 rev sg-vel=0.000000 rps sg-acc=0.000000 rps2

[INFO] hw.pins: Pin fb set to -1.0 (was -1.0)
Pin fb set to -1.0 (was -1.0)
[INFO] hw.stepgen: =human= stepgen sg-cmd-pos=-1.000000 rev sg-fb-pos=-1.000000 rev sg-vel=0.000000 rps sg-acc=0.000000 rps2

=human= stepgen sg-cmd-pos=-1.000000 rev sg-fb-pos=-1.000000 rev sg-vel=0.000000 rps sg-acc=0.000000 rps2

[INFO] hw.pins: Pin fb set to -1.0 (was -1.0)
Pin fb set to -1.0 (was -1.0)
[INFO] hw.stepgen: =human= stepgen sg-cmd-pos=-1.000000 rev sg-fb-pos=-1.000000 rev sg-vel=0.000000 rps sg-acc=0.000000 rps2

=human= stepgen sg-cmd-pos=-1.000000 rev sg-fb-pos=-1.000000 rev sg-vel=0.000000 rps sg-acc=0.000000 rps2

[INFO] hw.pins: Pin fb set to -1.0 (was -1.0)
Pin fb set to -1.0 (was -1.0)
[INFO] hw.stepgen: =human= stepgen sg-cmd-pos=-1.000000 rev sg-fb-pos=-1.000000 rev sg-vel=0.000000 rps sg-acc=0.000000 rps2

=human= stepgen sg-cmd-pos=-1.000000 rev sg-fb-pos=-1.000000 rev sg-vel=0.000000 rps sg-acc=0.000000 rps2

[INFO] hw.pins: Pin fb set to -1.0 (was -1.0)
Pin fb set to -1.0 (was -1.0)
[INFO] hw.stepgen: =human= stepgen sg-cmd-pos=-1.000000 rev sg-fb-pos=-1.000000 rev sg-vel=0.000000 rps sg-acc=0.000000 rps2

=human= stepgen sg-cmd-pos=-1.000000 rev sg-fb-pos=-1.000000 rev sg-vel=0.000000 rps sg-acc=0.000000 rps2

[INFO] hw.pins: Pin fb set to -1.0 (was -1.0)
Pin fb set to -1.0 (was -1.0)
[INFO] hw.stepgen: =human= stepgen sg-cmd-pos=-1.000000 rev sg-fb-pos=-1.000000 rev sg-vel=0.000000 rps sg-acc=0.000000 rps2

=human= stepgen sg-cmd-pos=-1.000000 rev sg-fb-pos=-1.000000 rev sg-vel=0.000000 rps sg-acc=0.000000 rps2

[INFO] hw.pins: Pin fb set to -1.0 (was -1.0)
Pin fb set to -1.0 (was -1.0)
[INFO] hw.stepgen: =human= stepgen sg-cmd-pos=-1.000000 rev sg-fb-pos=-1.000000 rev sg-vel=0.000000 rps sg-acc=0.000000 rps2

=human= stepgen sg-cmd-pos=-1.000000 rev sg-fb-pos=-1.000000 rev sg-vel=0.000000 rps sg-acc=0.000000 rps2

[INFO] hw.pins: Pin fb set to -1.0 (was -1.0)
Pin fb set to -1.0 (was -1.0)
[INFO] hw.stepgen: =human= stepgen sg-cmd-pos=-1.000000 rev sg-fb-pos=-1.000000 rev sg-vel=0.000000 rps sg-acc=0.000000 rps2

=human= stepgen sg-cmd-pos=-1.000000 rev sg-fb-pos=-1.000000 rev sg-vel=0.000000 rps sg-acc=0.000000 rps2

[INFO] hw.pins: Pin fb set to -1.0 (was -1.0)
Pin fb set to -1.0 (was -1.0)
[INFO] hw.stepgen: =human= stepgen sg-cmd-pos=-1.000000 rev sg-fb-pos=-1.000000 rev sg-vel=0.000000 rps sg-acc=0.000000 rps2

=human= stepgen sg-cmd-pos=-1.000000 rev sg-fb-pos=-1.000000 rev sg-vel=0.000000 rps sg-acc=0.000000 rps2

[INFO] hw.pins: Pin fb set to -1.0 (was -1.0)
Pin fb set to -1.0 (was -1.0)
[INFO] hw.stepgen: =human= stepgen sg-cmd-pos=-1.000000 rev sg-fb-pos=-1.000000 rev sg-vel=0.000000 rps sg-acc=0.000000 rps2

=human= stepgen sg-cmd-pos=-1.000000 rev sg-fb-pos=-1.000000 rev sg-vel=0.000000 rps sg-acc=0.000000 rps2

[INFO] hw.pins: Pin fb set to -1.0 (was -1.0)
Pin fb set to -1.0 (was -1.0)
[INFO] hw.stepgen: =human= stepgen sg-cmd-pos=-1.000000 rev sg-fb-pos=-1.000000 rev sg-vel=0.000000 rps sg-acc=0.000000 rps2

=human= stepgen sg-cmd-pos=-1.000000 rev sg-fb-pos=-1.000000 rev sg-vel=0.000000 rps sg-acc=0.000000 rps2

[INFO] hw.pins: Pin fb set to -1.0 (was -1.0)
Pin fb set to -1.0 (was -1.0)
[INFO] hw.stepgen: =human= stepgen sg-cmd-pos=-1.000000 rev sg-fb-pos=-1.000000 rev sg-vel=0.000000 rps sg-acc=0.000000 rps2

=human= stepgen sg-cmd-pos=-1.000000 rev sg-fb-pos=-1.000000 rev sg-vel=0.000000 rps sg-acc=0.000000 rps2

[INFO] hw.pins: Pin fb set to -1.0 (was -1.0)
Pin fb set to -1.0 (was -1.0)
[INFO] hw.stepgen: =human= stepgen sg-cmd-pos=-1.000000 rev sg-fb-pos=-1.000000 rev sg-vel=0.000000 rps sg-acc=0.000000 rps2

=human= stepgen sg-cmd-pos=-1.000000 rev sg-fb-pos=-1.000000 rev sg-vel=0.000000 rps sg-acc=0.000000 rps2

[INFO] hw.pins: Pin fb set to -1.0 (was -1.0)
Pin fb set to -1.0 (was -1.0)
[INFO] hw.stepgen: =human= stepgen sg-cmd-pos=-1.000000 rev sg-fb-pos=-1.000000 rev sg-vel=0.000000 rps sg-acc=0.000000 rps2

=human= stepgen sg-cmd-pos=-1.000000 rev sg-fb-pos=-1.000000 rev sg-vel=0.000000 rps sg-acc=0.000000 rps2

[INFO] hw.pins: Pin fb set to -1.0 (was -1.0)
Pin fb set to -1.0 (was -1.0)
[INFO] hw.stepgen: =human= stepgen sg-cmd-pos=-1.000000 rev sg-fb-pos=-1.000000 rev sg-vel=0.000000 rps sg-acc=0.000000 rps2

=human= stepgen sg-cmd-pos=-1.000000 rev sg-fb-pos=-1.000000 rev sg-vel=0.000000 rps sg-acc=0.000000 rps2

[INFO] hw.pins: Pin fb set to -1.0 (was -1.0)
Pin fb set to -1.0 (was -1.0)
[INFO] hw.stepgen: =human= stepgen sg-cmd-pos=-1.000000 rev sg-fb-pos=-1.000000 rev sg-vel=0.000000 rps sg-acc=0.000000 rps2

=human= stepgen sg-cmd-pos=-1.000000 rev sg-fb-pos=-1.000000 rev sg-vel=0.000000 rps sg-acc=0.000000 rps2

[INFO] hw.pins: Pin fb set to -1.0 (was -1.0)
Pin fb set to -1.0 (was -1.0)
[INFO] hw.stepgen: =human= stepgen sg-cmd-pos=-1.000000 rev sg-fb-pos=-1.000000 rev sg-vel=0.000000 rps sg-acc=0.000000 rps2

=human= stepgen sg-cmd-pos=-1.000000 rev sg-fb-pos=-1.000000 rev sg-vel=0.000000 rps sg-acc=0.000000 rps2

[INFO] hw.pins: Pin fb set to -1.0 (was -1.0)
Pin fb set to -1.0 (was -1.0)
[INFO] hw.stepgen: =human= stepgen sg-cmd-pos=-1.000000 rev sg-fb-pos=-1.000000 rev sg-vel=0.000000 rps sg-acc=0.000000 rps2

=human= stepgen sg-cmd-pos=-1.000000 rev sg-fb-pos=-1.000000 rev sg-vel=0.000000 rps sg-acc=0.000000 rps2

[INFO] hw.pins: Pin fb set to -1.0 (was -1.0)
Pin fb set to -1.0 (was -1.0)
[INFO] hw.stepgen: =human= stepgen sg-cmd-pos=-1.000000 rev sg-fb-pos=-1.000000 rev sg-vel=0.000000 rps sg-acc=0.000000 rps2

=human= stepgen sg-cmd-pos=-1.000000 rev sg-fb-pos=-1.000000 rev sg-vel=0.000000 rps sg-acc=0.000000 rps2

[INFO] hw.pins: Pin fb set to -1.0 (was -1.0)
Pin fb set to -1.0 (was -1.0)
[INFO] hw.stepgen: =human= stepgen sg-cmd-pos=-1.000000 rev sg-fb-pos=-1.000000 rev sg-vel=0.000000 rps sg-acc=0.000000 rps2

=human= stepgen sg-cmd-pos=-1.000000 rev sg-fb-pos=-1.000000 rev sg-vel=0.000000 rps sg-acc=0.000000 rps2

[INFO] hw.pins: Pin fb set to -1.0 (was -1.0)
Pin fb set to -1.0 (was -1.0)
[INFO] hw.stepgen: =human= stepgen sg-cmd-pos=-1.000000 rev sg-fb-pos=-1.000000 rev sg-vel=0.000000 rps sg-acc=0.000000 rps2

=human= stepgen sg-cmd-pos=-1.000000 rev sg-fb-pos=-1.000000 rev sg-vel=0.000000 rps sg-acc=0.000000 rps2

[INFO] hw.pins: Pin fb set to -1.0 (was -1.0)
Pin fb set to -1.0 (was -1.0)
[INFO] hw.stepgen: =human= stepgen sg-cmd-pos=-1.000000 rev sg-fb-pos=-1.000000 rev sg-vel=0.000000 rps sg-acc=0.000000 rps2

=human= stepgen sg-cmd-pos=-1.000000 rev sg-fb-pos=-1.000000 rev sg-vel=0.000000 rps sg-acc=0.000000 rps2

[INFO] hw.pins: Pin fb set to -1.0 (was -1.0)
Pin fb set to -1.0 (was -1.0)
[INFO] hw.stepgen: =human= stepgen sg-cmd-pos=-1.000000 rev sg-fb-pos=-1.000000 rev sg-vel=0.000000 rps sg-acc=0.000000 rps2

=human= stepgen sg-cmd-pos=-1.000000 rev sg-fb-pos=-1.000000 rev sg-vel=0.000000 rps sg-acc=0.000000 rps2

[INFO] hw.pins: Pin fb set to -1.0 (was -1.0)
Pin fb set to -1.0 (was -1.0)
[INFO] hw.stepgen: =human= stepgen sg-cmd-pos=-1.000000 rev sg-fb-pos=-1.000000 rev sg-vel=0.000000 rps sg-acc=0.000000 rps2

=human= stepgen sg-cmd-pos=-1.000000 rev sg-fb-pos=-1.000000 rev sg-vel=0.000000 rps sg-acc=0.000000 rps2

[INFO] hw.pins: Pin fb set to -1.0 (was -1.0)
Pin fb set to -1.0 (was -1.0)
[INFO] hw.stepgen: =human= stepgen sg-cmd-pos=-1.000000 rev sg-fb-pos=-1.000000 rev sg-vel=0.000000 rps sg-acc=0.000000 rps2

=human= stepgen sg-cmd-pos=-1.000000 rev sg-fb-pos=-1.000000 rev sg-vel=0.000000 rps sg-acc=0.000000 rps2

[INFO] hw.pins: Pin fb set to -1.0 (was -1.0)
Pin fb set to -1.0 (was -1.0)
[INFO] hw.stepgen: =human= stepgen sg-cmd-pos=-1.000000 rev sg-fb-pos=-1.000000 rev sg-vel=0.000000 rps sg-acc=0.000000 rps2

=human= stepgen sg-cmd-pos=-1.000000 rev sg-fb-pos=-1.000000 rev sg-vel=0.000000 rps sg-acc=0.000000 rps2

[INFO] hw.pins: Pin fb set to -1.0 (was -1.0)
Pin fb set to -1.0 (was -1.0)
[INFO] hw.stepgen: =human= stepgen sg-cmd-pos=-1.000000 rev sg-fb-pos=-1.000000 rev sg-vel=0.000000 rps sg-acc=0.000000 rps2

=human= stepgen sg-cmd-pos=-1.000000 rev sg-fb-pos=-1.000000 rev sg-vel=0.000000 rps sg-acc=0.000000 rps2

[INFO] hw.pins: Pin fb set to -1.0 (was -1.0)
Pin fb set to -1.0 (was -1.0)
[INFO] hw.stepgen: =human= stepgen sg-cmd-pos=-1.000000 rev sg-fb-pos=-1.000000 rev sg-vel=0.000000 rps sg-acc=0.000000 rps2

=human= stepgen sg-cmd-pos=-1.000000 rev sg-fb-pos=-1.000000 rev sg-vel=0.000000 rps sg-acc=0.000000 rps2

[INFO] hw.pins: Pin fb set to -1.0 (was -1.0)
Pin fb set to -1.0 (was -1.0)
[INFO] hw.stepgen: =human= stepgen sg-cmd-pos=-1.000000 rev sg-fb-pos=-1.000000 rev sg-vel=0.000000 rps sg-acc=0.000000 rps2

=human= stepgen sg-cmd-pos=-1.000000 rev sg-fb-pos=-1.000000 rev sg-vel=0.000000 rps sg-acc=0.000000 rps2

[INFO] hw.pins: Pin fb set to -1.0 (was -1.0)
Pin fb set to -1.0 (was -1.0)
[INFO] hw.stepgen: =human= stepgen sg-cmd-pos=-1.000000 rev sg-fb-pos=-1.000000 rev sg-vel=0.000000 rps sg-acc=0.000000 rps2

=human= stepgen sg-cmd-pos=-1.000000 rev sg-fb-pos=-1.000000 rev sg-vel=0.000000 rps sg-acc=0.000000 rps2

[INFO] hw.pins: Pin fb set to -1.0 (was -1.0)
Pin fb set to -1.0 (was -1.0)
[INFO] hw.stepgen: =human= stepgen sg-cmd-pos=-1.000000 rev sg-fb-pos=-1.000000 rev sg-vel=0.000000 rps sg-acc=0.000000 rps2

=human= stepgen sg-cmd-pos=-1.000000 rev sg-fb-pos=-1.000000 rev sg-vel=0.000000 rps sg-acc=0.000000 rps2

[INFO] hw.pins: Pin fb set to -1.0 (was -1.0)
Pin fb set to -1.0 (was -1.0)
[INFO] hw.stepgen: =human= stepgen sg-cmd-pos=-1.000000 rev sg-fb-pos=-1.000000 rev sg-vel=0.000000 rps sg-acc=0.000000 rps2

=human= stepgen sg-cmd-pos=-1.000000 rev sg-fb-pos=-1.000000 rev sg-vel=0.000000 rps sg-acc=0.000000 rps2

[INFO] hw.pins: Pin fb set to -1.0 (was -1.0)
Pin fb set to -1.0 (was -1.0)
[INFO] hw.stepgen: =human= stepgen sg-cmd-pos=-1.000000 rev sg-fb-pos=-1.000000 rev sg-vel=0.000000 rps sg-acc=0.000000 rps2

=human= stepgen sg-cmd-pos=-1.000000 rev sg-fb-pos=-1.000000 rev sg-vel=0.000000 rps sg-acc=0.000000 rps2

[INFO] hw.pins: Pin fb set to -1.0 (was -1.0)
Pin fb set to -1.0 (was -1.0)
[INFO] hw.stepgen: =human= stepgen sg-cmd-pos=-1.000000 rev sg-fb-pos=-1.000000 rev sg-vel=0.000000 rps sg-acc=0.000000 rps2

=human= stepgen sg-cmd-pos=-1.000000 rev sg-fb-pos=-1.000000 rev sg-vel=0.000000 rps sg-acc=0.000000 rps2

[INFO] hw.pins: Pin fb set to -1.0 (was -1.0)
Pin fb set to -1.0 (was -1.0)
[INFO] hw.stepgen: =human= stepgen sg-cmd-pos=-1.000000 rev sg-fb-pos=-1.000000 rev sg-vel=0.000000 rps sg-acc=0.000000 rps2

=human= stepgen sg-cmd-pos=-1.000000 rev sg-fb-pos=-1.000000 rev sg-vel=0.000000 rps sg-acc=0.000000 rps2

[INFO] hw.pins: Pin fb set to -1.0 (was -1.0)
Pin fb set to -1.0 (was -1.0)
[INFO] hw.stepgen: =human= stepgen sg-cmd-pos=-1.000000 rev sg-fb-pos=-1.000000 rev sg-vel=0.000000 rps sg-acc=0.000000 rps2

=human= stepgen sg-cmd-pos=-1.000000 rev sg-fb-pos=-1.000000 rev sg-vel=0.000000 rps sg-acc=0.000000 rps2

[INFO] hw.pins: Pin fb set to -1.0 (was -1.0)
Pin fb set to -1.0 (was -1.0)
[INFO] hw.stepgen: =human= stepgen sg-cmd-pos=-1.000000 rev sg-fb-pos=-1.000000 rev sg-vel=0.000000 rps sg-acc=0.000000 rps2

=human= stepgen sg-cmd-pos=-1.000000 rev sg-fb-pos=-1.000000 rev sg-vel=0.000000 rps sg-acc=0.000000 rps2

[INFO] hw.pins: Pin fb set to -1.0 (was -1.0)
Pin fb set to -1.0 (was -1.0)
[INFO] hw.stepgen: =human= stepgen sg-cmd-pos=-1.000000 rev sg-fb-pos=-1.000000 rev sg-vel=0.000000 rps sg-acc=0.000000 rps2

=human= stepgen sg-cmd-pos=-1.000000 rev sg-fb-pos=-1.000000 rev sg-vel=0.000000 rps sg-acc=0.000000 rps2

[INFO] hw.pins: Pin fb set to -1.0 (was -1.0)
Pin fb set to -1.0 (was -1.0)
[INFO] hw.stepgen: =human= stepgen sg-cmd-pos=-1.000000 rev sg-fb-pos=-1.000000 rev sg-vel=0.000000 rps sg-acc=0.000000 rps2

=human= stepgen sg-cmd-pos=-1.000000 rev sg-fb-pos=-1.000000 rev sg-vel=0.000000 rps sg-acc=0.000000 rps2

[INFO] hw.pins: Pin fb set to -1.0 (was -1.0)
Pin fb set to -1.0 (was -1.0)
[INFO] hw.stepgen: =human= stepgen sg-cmd-pos=-1.000000 rev sg-fb-pos=-1.000000 rev sg-vel=0.000000 rps sg-acc=0.000000 rps2

=human= stepgen sg-cmd-pos=-1.000000 rev sg-fb-pos=-1.000000 rev sg-vel=0.000000 rps sg-acc=0.000000 rps2

[INFO] hw.pins: Pin fb set to -1.0 (was -1.0)
Pin fb set to -1.0 (was -1.0)
[INFO] hw.stepgen: =human= stepgen sg-cmd-pos=-1.000000 rev sg-fb-pos=-1.000000 rev sg-vel=0.000000 rps sg-acc=0.000000 rps2

=human= stepgen sg-cmd-pos=-1.000000 rev sg-fb-pos=-1.000000 rev sg-vel=0.000000 rps sg-acc=0.000000 rps2

[INFO] hw.pins: Pin fb set to -1.0 (was -1.0)
Pin fb set to -1.0 (was -1.0)
[INFO] hw.stepgen: =human= stepgen sg-cmd-pos=-1.000000 rev sg-fb-pos=-1.000000 rev sg-vel=0.000000 rps sg-acc=0.000000 rps2

=human= stepgen sg-cmd-pos=-1.000000 rev sg-fb-pos=-1.000000 rev sg-vel=0.000000 rps sg-acc=0.000000 rps2

[INFO] hw.pins: Pin fb set to -1.0 (was -1.0)
Pin fb set to -1.0 (was -1.0)
[INFO] hw.stepgen: =human= stepgen sg-cmd-pos=-1.000000 rev sg-fb-pos=-1.000000 rev sg-vel=0.000000 rps sg-acc=0.000000 rps2

=human= stepgen sg-cmd-pos=-1.000000 rev sg-fb-pos=-1.000000 rev sg-vel=0.000000 rps sg-acc=0.000000 rps2

[INFO] hw.pins: Pin fb set to -1.0 (was -1.0)
Pin fb set to -1.0 (was -1.0)
[INFO] hw.stepgen: =human= stepgen sg-cmd-pos=-1.000000 rev sg-fb-pos=-1.000000 rev sg-vel=0.000000 rps sg-acc=0.000000 rps2

=human= stepgen sg-cmd-pos=-1.000000 rev sg-fb-pos=-1.000000 rev sg-vel=0.000000 rps sg-acc=0.000000 rps2

[INFO] hw.pins: Pin fb set to -1.0 (was -1.0)
Pin fb set to -1.0 (was -1.0)
[INFO] hw.stepgen: =human= stepgen sg-cmd-pos=-1.000000 rev sg-fb-pos=-1.000000 rev sg-vel=0.000000 rps sg-acc=0.000000 rps2

=human= stepgen sg-cmd-pos=-1.000000 rev sg-fb-pos=-1.000000 rev sg-vel=0.000000 rps sg-acc=0.000000 rps2

[INFO] hw.pins: Pin fb set to -1.0 (was -1.0)
Pin fb set to -1.0 (was -1.0)
[INFO] hw.stepgen: =human= stepgen sg-cmd-pos=-1.000000 rev sg-fb-pos=-1.000000 rev sg-vel=0.000000 rps sg-acc=0.000000 rps2

=human= stepgen sg-cmd-pos=-1.000000 rev sg-fb-pos=-1.000000 rev sg-vel=0.000000 rps sg-acc=0.000000 rps2

[INFO] hw.pins: Pin fb set to -1.0 (was -1.0)
Pin fb set to -1.0 (was -1.0)
[INFO] hw.stepgen: =human= stepgen sg-cmd-pos=-1.000000 rev sg-fb-pos=-1.000000 rev sg-vel=0.000000 rps sg-acc=0.000000 rps2

=human= stepgen sg-cmd-pos=-1.000000 rev sg-fb-pos=-1.000000 rev sg-vel=0.000000 rps sg-acc=0.000000 rps2

[INFO] hw.pins: Pin fb set to -1.0 (was -1.0)
Pin fb set to -1.0 (was -1.0)
[INFO] hw.stepgen: =human= stepgen sg-cmd-pos=-1.000000 rev sg-fb-pos=-1.000000 rev sg-vel=0.000000 rps sg-acc=0.000000 rps2

=human= stepgen sg-cmd-pos=-1.000000 rev sg-fb-pos=-1.000000 rev sg-vel=0.000000 rps sg-acc=0.000000 rps2

[INFO] hw.pins: Pin fb set to -1.0 (was -1.0)
Pin fb set to -1.0 (was -1.0)
[INFO] hw.stepgen: =human= stepgen sg-cmd-pos=-1.000000 rev sg-fb-pos=-1.000000 rev sg-vel=0.000000 rps sg-acc=0.000000 rps2

=human= stepgen sg-cmd-pos=-1.000000 rev sg-fb-pos=-1.000000 rev sg-vel=0.000000 rps sg-acc=0.000000 rps2

[INFO] hw.pins: Pin fb set to -1.0 (was -1.0)
Pin fb set to -1.0 (was -1.0)
[INFO] hw.stepgen: =human= stepgen sg-cmd-pos=-1.000000 rev sg-fb-pos=-1.000000 rev sg-vel=0.000000 rps sg-acc=0.000000 rps2

=human= stepgen sg-cmd-pos=-1.000000 rev sg-fb-pos=-1.000000 rev sg-vel=0.000000 rps sg-acc=0.000000 rps2

[INFO] hw.pins: Pin fb set to -1.0 (was -1.0)
Pin fb set to -1.0 (was -1.0)
[INFO] hw.stepgen: =human= stepgen sg-cmd-pos=-1.000000 rev sg-fb-pos=-1.000000 rev sg-vel=0.000000 rps sg-acc=0.000000 rps2

=human= stepgen sg-cmd-pos=-1.000000 rev sg-fb-pos=-1.000000 rev sg-vel=0.000000 rps sg-acc=0.000000 rps2

[INFO] hw.pins: Pin fb set to -1.0 (was -1.0)
Pin fb set to -1.0 (was -1.0)
[INFO] hw.stepgen: =human= stepgen sg-cmd-pos=-1.000000 rev sg-fb-pos=-1.000000 rev sg-vel=0.000000 rps sg-acc=0.000000 rps2

=human= stepgen sg-cmd-pos=-1.000000 rev sg-fb-pos=-1.000000 rev sg-vel=0.000000 rps sg-acc=0.000000 rps2

[INFO] hw.pins: Pin fb set to -1.0 (was -1.0)
Pin fb set to -1.0 (was -1.0)
[INFO] hw.stepgen: =human= stepgen sg-cmd-pos=-1.000000 rev sg-fb-pos=-1.000000 rev sg-vel=0.000000 rps sg-acc=0.000000 rps2

=human= stepgen sg-cmd-pos=-1.000000 rev sg-fb-pos=-1.000000 rev sg-vel=0.000000 rps sg-acc=0.000000 rps2

[INFO] hw.pins: Pin fb set to -1.0 (was -1.0)
Pin fb set to -1.0 (was -1.0)
[INFO] hw.stepgen: =human= stepgen sg-cmd-pos=-1.000000 rev sg-fb-pos=-1.000000 rev sg-vel=0.000000 rps sg-acc=0.000000 rps2

=human= stepgen sg-cmd-pos=-1.000000 rev sg-fb-pos=-1.000000 rev sg-vel=0.000000 rps sg-acc=0.000000 rps2

[INFO] hw.pins: Pin fb set to -1.0 (was -1.0)
Pin fb set to -1.0 (was -1.0)
[INFO] hw.stepgen: =human= stepgen sg-cmd-pos=-1.000000 rev sg-fb-pos=-1.000000 rev sg-vel=0.000000 rps sg-acc=0.000000 rps2

=human= stepgen sg-cmd-pos=-1.000000 rev sg-fb-pos=-1.000000 rev sg-vel=0.000000 rps sg-acc=0.000000 rps2

[INFO] hw.pins: Pin fb set to -1.0 (was -1.0)
Pin fb set to -1.0 (was -1.0)
[INFO] hw.stepgen: =human= stepgen sg-cmd-pos=-1.000000 rev sg-fb-pos=-1.000000 rev sg-vel=0.000000 rps sg-acc=0.000000 rps2

=human= stepgen sg-cmd-pos=-1.000000 rev sg-fb-pos=-1.000000 rev sg-vel=0.000000 rps sg-acc=0.000000 rps2

[INFO] hw.pins: Pin fb set to -1.0 (was -1.0)
Pin fb set to -1.0 (was -1.0)
[INFO] hw.stepgen: =human= stepgen sg-cmd-pos=-1.000000 rev sg-fb-pos=-1.000000 rev sg-vel=0.000000 rps sg-acc=0.000000 rps2

=human= stepgen sg-cmd-pos=-1.000000 rev sg-fb-pos=-1.000000 rev sg-vel=0.000000 rps sg-acc=0.000000 rps2

[INFO] hw.pins: Pin fb set to -1.0 (was -1.0)
Pin fb set to -1.0 (was -1.0)
[INFO] hw.stepgen: =human= stepgen sg-cmd-pos=-1.000000 rev sg-fb-pos=-1.000000 rev sg-vel=0.000000 rps sg-acc=0.000000 rps2

=human= stepgen sg-cmd-pos=-1.000000 rev sg-fb-pos=-1.000000 rev sg-vel=0.000000 rps sg-acc=0.000000 rps2

[INFO] hw.pins: Pin fb set to -1.0 (was -1.0)
Pin fb set to -1.0 (was -1.0)
[INFO] hw.stepgen: =human= stepgen sg-cmd-pos=-1.000000 rev sg-fb-pos=-1.000000 rev sg-vel=0.000000 rps sg-acc=0.000000 rps2

=human= stepgen sg-cmd-pos=-1.000000 rev sg-fb-pos=-1.000000 rev sg-vel=0.000000 rps sg-acc=0.000000 rps2

[INFO] hw.pins: Pin fb set to -1.0 (was -1.0)
Pin fb set to -1.0 (was -1.0)
[INFO] hw.stepgen: =human= stepgen sg-cmd-pos=-1.000000 rev sg-fb-pos=-1.000000 rev sg-vel=0.000000 rps sg-acc=0.000000 rps2

=human= stepgen sg-cmd-pos=-1.000000 rev sg-fb-pos=-1.000000 rev sg-vel=0.000000 rps sg-acc=0.000000 rps2

[INFO] hw.pins: Pin fb set to -1.0 (was -1.0)
Pin fb set to -1.0 (was -1.0)
[INFO] hw.stepgen: =human= stepgen sg-cmd-pos=-1.000000 rev sg-fb-pos=-1.000000 rev sg-vel=0.000000 rps sg-acc=0.000000 rps2

=human= stepgen sg-cmd-pos=-1.000000 rev sg-fb-pos=-1.000000 rev sg-vel=0.000000 rps sg-acc=0.000000 rps2

[INFO] hw.pins: Pin fb set to -1.0 (was -1.0)
Pin fb set to -1.0 (was -1.0)
[INFO] hw.stepgen: =human= stepgen sg-cmd-pos=-1.000000 rev sg-fb-pos=-1.000000 rev sg-vel=0.000000 rps sg-acc=0.000000 rps2

=human= stepgen sg-cmd-pos=-1.000000 rev sg-fb-pos=-1.000000 rev sg-vel=0.000000 rps sg-acc=0.000000 rps2

[INFO] hw.pins: Pin fb set to -1.0 (was -1.0)
Pin fb set to -1.0 (was -1.0)
[INFO] hw.stepgen: =human= stepgen sg-cmd-pos=-1.000000 rev sg-fb-pos=-1.000000 rev sg-vel=0.000000 rps sg-acc=0.000000 rps2

=human= stepgen sg-cmd-pos=-1.000000 rev sg-fb-pos=-1.000000 rev sg-vel=0.000000 rps sg-acc=0.000000 rps2

[INFO] hw.pins: Pin fb set to -1.0 (was -1.0)
Pin fb set to -1.0 (was -1.0)
[INFO] hw.stepgen: =human= stepgen sg-cmd-pos=-1.000000 rev sg-fb-pos=-1.000000 rev sg-vel=0.000000 rps sg-acc=0.000000 rps2

=human= stepgen sg-cmd-pos=-1.000000 rev sg-fb-pos=-1.000000 rev sg-vel=0.000000 rps sg-acc=0.000000 rps2

[INFO] hw.pins: Pin fb set to -1.0 (was -1.0)
Pin fb set to -1.0 (was -1.0)
[INFO] hw.stepgen: =human= stepgen sg-cmd-pos=-1.000000 rev sg-fb-pos=-1.000000 rev sg-vel=0.000000 rps sg-acc=0.000000 rps2

=human= stepgen sg-cmd-pos=-1.000000 rev sg-fb-pos=-1.000000 rev sg-vel=0.000000 rps sg-acc=0.000000 rps2

[INFO] hw.pins: Pin fb set to -1.0 (was -1.0)
Pin fb set to -1.0 (was -1.0)
[INFO] hw.stepgen: =human= stepgen sg-cmd-pos=-1.000000 rev sg-fb-pos=-1.000000 rev sg-vel=0.000000 rps sg-acc=0.000000 rps2

=human= stepgen sg-cmd-pos=-1.000000 rev sg-fb-pos=-1.000000 rev sg-vel=0.000000 rps sg-acc=0.000000 rps2

[INFO] hw.pins: Pin fb set to -1.0 (was -1.0)
Pin fb set to -1.0 (was -1.0)
[INFO] hw.stepgen: =human= stepgen sg-cmd-pos=-1.000000 rev sg-fb-pos=-1.000000 rev sg-vel=0.000000 rps sg-acc=0.000000 rps2

=human= stepgen sg-cmd-pos=-1.000000 rev sg-fb-pos=-1.000000 rev sg-vel=0.000000 rps sg-acc=0.000000 rps2

[INFO] hw.pins: Pin fb set to -1.0 (was -1.0)
Pin fb set to -1.0 (was -1.0)
[INFO] hw.stepgen: =human= stepgen sg-cmd-pos=-1.000000 rev sg-fb-pos=-1.000000 rev sg-vel=0.000000 rps sg-acc=0.000000 rps2

=human= stepgen sg-cmd-pos=-1.000000 rev sg-fb-pos=-1.000000 rev sg-vel=0.000000 rps sg-acc=0.000000 rps2

[INFO] hw.pins: Pin fb set to -1.0 (was -1.0)
Pin fb set to -1.0 (was -1.0)
[INFO] hw.stepgen: =human= stepgen sg-cmd-pos=-1.000000 rev sg-fb-pos=-1.000000 rev sg-vel=0.000000 rps sg-acc=0.000000 rps2

=human= stepgen sg-cmd-pos=-1.000000 rev sg-fb-pos=-1.000000 rev sg-vel=0.000000 rps sg-acc=0.000000 rps2

[INFO] hw.pins: Pin fb set to -1.0 (was -1.0)
Pin fb set to -1.0 (was -1.0)
[INFO] hw.stepgen: =human= stepgen sg-cmd-pos=-1.000000 rev sg-fb-pos=-1.000000 rev sg-vel=0.000000 rps sg-acc=0.000000 rps2

=human= stepgen sg-cmd-pos=-1.000000 rev sg-fb-pos=-1.000000 rev sg-vel=0.000000 rps sg-acc=0.000000 rps2

[INFO] hw.pins: Pin fb set to -1.0 (was -1.0)
Pin fb set to -1.0 (was -1.0)
[INFO] hw.stepgen: =human= stepgen sg-cmd-pos=-1.000000 rev sg-fb-pos=-1.000000 rev sg-vel=0.000000 rps sg-acc=0.000000 rps2

=human= stepgen sg-cmd-pos=-1.000000 rev sg-fb-pos=-1.000000 rev sg-vel=0.000000 rps sg-acc=0.000000 rps2

[INFO] hw.pins: Pin fb set to -1.0 (was -1.0)
Pin fb set to -1.0 (was -1.0)
[INFO] hw.stepgen: =human= stepgen sg-cmd-pos=-1.000000 rev sg-fb-pos=-1.000000 rev sg-vel=0.000000 rps sg-acc=0.000000 rps2

=human= stepgen sg-cmd-pos=-1.000000 rev sg-fb-pos=-1.000000 rev sg-vel=0.000000 rps sg-acc=0.000000 rps2

[INFO] hw.pins: Pin fb set to -1.0 (was -1.0)
Pin fb set to -1.0 (was -1.0)
[INFO] hw.stepgen: =human= stepgen sg-cmd-pos=-1.000000 rev sg-fb-pos=-1.000000 rev sg-vel=0.000000 rps sg-acc=0.000000 rps2

=human= stepgen sg-cmd-pos=-1.000000 rev sg-fb-pos=-1.000000 rev sg-vel=0.000000 rps sg-acc=0.000000 rps2

[INFO] hw.pins: Pin fb set to -1.0 (was -1.0)
Pin fb set to -1.0 (was -1.0)
[INFO] hw.stepgen: =human= stepgen sg-cmd-pos=-1.000000 rev sg-fb-pos=-1.000000 rev sg-vel=0.000000 rps sg-acc=0.000000 rps2

=human= stepgen sg-cmd-pos=-1.000000 rev sg-fb-pos=-1.000000 rev sg-vel=0.000000 rps sg-acc=0.000000 rps2

[INFO] hw.pins: Pin fb set to -1.0 (was -1.0)
Pin fb set to -1.0 (was -1.0)
[INFO] hw.stepgen: =human= stepgen sg-cmd-pos=-1.000000 rev sg-fb-pos=-1.000000 rev sg-vel=0.000000 rps sg-acc=0.000000 rps2

=human= stepgen sg-cmd-pos=-1.000000 rev sg-fb-pos=-1.000000 rev sg-vel=0.000000 rps sg-acc=0.000000 rps2

[INFO] hw.pins: Pin fb set to -1.0 (was -1.0)
Pin fb set to -1.0 (was -1.0)
[INFO] hw.stepgen: =human= stepgen sg-cmd-pos=-1.000000 rev sg-fb-pos=-1.000000 rev sg-vel=0.000000 rps sg-acc=0.000000 rps2

=human= stepgen sg-cmd-pos=-1.000000 rev sg-fb-pos=-1.000000 rev sg-vel=0.000000 rps sg-acc=0.000000 rps2

[INFO] hw.pins: Pin fb set to -1.0 (was -1.0)
Pin fb set to -1.0 (was -1.0)
[INFO] hw.stepgen: =human= stepgen sg-cmd-pos=-1.000000 rev sg-fb-pos=-1.000000 rev sg-vel=0.000000 rps sg-acc=0.000000 rps2

=human= stepgen sg-cmd-pos=-1.000000 rev sg-fb-pos=-1.000000 rev sg-vel=0.000000 rps sg-acc=0.000000 rps2

[INFO] hw.pins: Pin fb set to -1.0 (was -1.0)
Pin fb set to -1.0 (was -1.0)
[INFO] hw.stepgen: =human= stepgen sg-cmd-pos=-1.000000 rev sg-fb-pos=-1.000000 rev sg-vel=0.000000 rps sg-acc=0.000000 rps2

=human= stepgen sg-cmd-pos=-1.000000 rev sg-fb-pos=-1.000000 rev sg-vel=0.000000 rps sg-acc=0.000000 rps2

[INFO] hw.pins: Pin fb set to -1.0 (was -1.0)
Pin fb set to -1.0 (was -1.0)
[INFO] hw.stepgen: =human= stepgen sg-cmd-pos=-1.000000 rev sg-fb-pos=-1.000000 rev sg-vel=0.000000 rps sg-acc=0.000000 rps2

=human= stepgen sg-cmd-pos=-1.000000 rev sg-fb-pos=-1.000000 rev sg-vel=0.000000 rps sg-acc=0.000000 rps2

[INFO] hw.pins: Pin fb set to -1.0 (was -1.0)
Pin fb set to -1.0 (was -1.0)
[INFO] hw.stepgen: =human= stepgen sg-cmd-pos=-1.000000 rev sg-fb-pos=-1.000000 rev sg-vel=0.000000 rps sg-acc=0.000000 rps2

=human= stepgen sg-cmd-pos=-1.000000 rev sg-fb-pos=-1.000000 rev sg-vel=0.000000 rps sg-acc=0.000000 rps2

[INFO] hw.pins: Pin fb set to -1.0 (was -1.0)
Pin fb set to -1.0 (was -1.0)
[INFO] hw.stepgen: =human= stepgen sg-cmd-pos=-1.000000 rev sg-fb-pos=-1.000000 rev sg-vel=0.000000 rps sg-acc=0.000000 rps2

=human= stepgen sg-cmd-pos=-1.000000 rev sg-fb-pos=-1.000000 rev sg-vel=0.000000 rps sg-acc=0.000000 rps2

[INFO] hw.pins: Pin fb set to -1.0 (was -1.0)
Pin fb set to -1.0 (was -1.0)
[INFO] hw.stepgen: =human= stepgen sg-cmd-pos=-1.000000 rev sg-fb-pos=-1.000000 rev sg-vel=0.000000 rps sg-acc=0.000000 rps2

=human= stepgen sg-cmd-pos=-1.000000 rev sg-fb-pos=-1.000000 rev sg-vel=0.000000 rps sg-acc=0.000000 rps2

[INFO] hw.pins: Pin fb set to -1.0 (was -1.0)
Pin fb set to -1.0 (was -1.0)
[INFO] hw.stepgen: =human= stepgen sg-cmd-pos=-1.000000 rev sg-fb-pos=-1.000000 rev sg-vel=0.000000 rps sg-acc=0.000000 rps2

=human= stepgen sg-cmd-pos=-1.000000 rev sg-fb-pos=-1.000000 rev sg-vel=0.000000 rps sg-acc=0.000000 rps2

[INFO] hw.pins: Pin fb set to -1.0 (was -1.0)
Pin fb set to -1.0 (was -1.0)
[INFO] hw.stepgen: =human= stepgen sg-cmd-pos=-1.000000 rev sg-fb-pos=-1.000000 rev sg-vel=0.000000 rps sg-acc=0.000000 rps2

=human= stepgen sg-cmd-pos=-1.000000 rev sg-fb-pos=-1.000000 rev sg-vel=0.000000 rps sg-acc=0.000000 rps2

[INFO] hw.pins: Pin fb set to -1.0 (was -1.0)
Pin fb set to -1.0 (was -1.0)
[INFO] hw.stepgen: =human= stepgen sg-cmd-pos=-1.000000 rev sg-fb-pos=-1.000000 rev sg-vel=0.000000 rps sg-acc=0.000000 rps2

=human= stepgen sg-cmd-pos=-1.000000 rev sg-fb-pos=-1.000000 rev sg-vel=0.000000 rps sg-acc=0.000000 rps2

[INFO] hw.pins: Pin fb set to -1.0 (was -1.0)
Pin fb set to -1.0 (was -1.0)
[INFO] hw.stepgen: =human= stepgen sg-cmd-pos=-1.000000 rev sg-fb-pos=-1.000000 rev sg-vel=0.000000 rps sg-acc=0.000000 rps2

=human= stepgen sg-cmd-pos=-1.000000 rev sg-fb-pos=-1.000000 rev sg-vel=0.000000 rps sg-acc=0.000000 rps2

[INFO] hw.pins: Pin fb set to -1.0 (was -1.0)
Pin fb set to -1.0 (was -1.0)
[INFO] hw.stepgen: =human= stepgen sg-cmd-pos=-1.000000 rev sg-fb-pos=-1.000000 rev sg-vel=0.000000 rps sg-acc=0.000000 rps2

=human= stepgen sg-cmd-pos=-1.000000 rev sg-fb-pos=-1.000000 rev sg-vel=0.000000 rps sg-acc=0.000000 rps2

[INFO] hw.pins: Pin fb set to -1.0 (was -1.0)
Pin fb set to -1.0 (was -1.0)
[INFO] hw.stepgen: =human= stepgen sg-cmd-pos=-1.000000 rev sg-fb-pos=-1.000000 rev sg-vel=0.000000 rps sg-acc=0.000000 rps2

=human= stepgen sg-cmd-pos=-1.000000 rev sg-fb-pos=-1.000000 rev sg-vel=0.000000 rps sg-acc=0.000000 rps2

[INFO] hw.pins: Pin fb set to -1.0 (was -1.0)
Pin fb set to -1.0 (was -1.0)
[INFO] hw.stepgen: =human= stepgen sg-cmd-pos=-1.000000 rev sg-fb-pos=-1.000000 rev sg-vel=0.000000 rps sg-acc=0.000000 rps2

=human= stepgen sg-cmd-pos=-1.000000 rev sg-fb-pos=-1.000000 rev sg-vel=0.000000 rps sg-acc=0.000000 rps2

[INFO] hw.pins: Pin fb set to -1.0 (was -1.0)
Pin fb set to -1.0 (was -1.0)
[INFO] hw.stepgen: =human= stepgen sg-cmd-pos=-1.000000 rev sg-fb-pos=-1.000000 rev sg-vel=0.000000 rps sg-acc=0.000000 rps2

=human= stepgen sg-cmd-pos=-1.000000 rev sg-fb-pos=-1.000000 rev sg-vel=0.000000 rps sg-acc=0.000000 rps2

[INFO] hw.pins: Pin fb set to -1.0 (was -1.0)
Pin fb set to -1.0 (was -1.0)
[INFO] hw.stepgen: =human= stepgen sg-cmd-pos=-1.000000 rev sg-fb-pos=-1.000000 rev sg-vel=0.000000 rps sg-acc=0.000000 rps2

=human= stepgen sg-cmd-pos=-1.000000 rev sg-fb-pos=-1.000000 rev sg-vel=0.000000 rps sg-acc=0.000000 rps2

[INFO] hw.pins: Pin fb set to -1.0 (was -1.0)
Pin fb set to -1.0 (was -1.0)
[INFO] hw.stepgen: =human= stepgen sg-cmd-pos=-1.000000 rev sg-fb-pos=-1.000000 rev sg-vel=0.000000 rps sg-acc=0.000000 rps2

=human= stepgen sg-cmd-pos=-1.000000 rev sg-fb-pos=-1.000000 rev sg-vel=0.000000 rps sg-acc=0.000000 rps2

[INFO] hw.pins: Pin fb set to -1.0 (was -1.0)
Pin fb set to -1.0 (was -1.0)
[INFO] hw.stepgen: =human= stepgen sg-cmd-pos=-1.000000 rev sg-fb-pos=-1.000000 rev sg-vel=0.000000 rps sg-acc=0.000000 rps2

=human= stepgen sg-cmd-pos=-1.000000 rev sg-fb-pos=-1.000000 rev sg-vel=0.000000 rps sg-acc=0.000000 rps2

[INFO] hw.pins: Pin fb set to -1.0 (was -1.0)
Pin fb set to -1.0 (was -1.0)
[INFO] hw.stepgen: =human= stepgen sg-cmd-pos=-1.000000 rev sg-fb-pos=-1.000000 rev sg-vel=0.000000 rps sg-acc=0.000000 rps2

=human= stepgen sg-cmd-pos=-1.000000 rev sg-fb-pos=-1.000000 rev sg-vel=0.000000 rps sg-acc=0.000000 rps2

[INFO] hw.pins: Pin fb set to -1.0 (was -1.0)
Pin fb set to -1.0 (was -1.0)
[INFO] hw.stepgen: =human= stepgen sg-cmd-pos=-1.000000 rev sg-fb-pos=-1.000000 rev sg-vel=0.000000 rps sg-acc=0.000000 rps2

=human= stepgen sg-cmd-pos=-1.000000 rev sg-fb-pos=-1.000000 rev sg-vel=0.000000 rps sg-acc=0.000000 rps2

[INFO] hw.pins: Pin fb set to -1.0 (was -1.0)
Pin fb set to -1.0 (was -1.0)
[INFO] hw.stepgen: =human= stepgen sg-cmd-pos=-1.000000 rev sg-fb-pos=-1.000000 rev sg-vel=0.000000 rps sg-acc=0.000000 rps2

=human= stepgen sg-cmd-pos=-1.000000 rev sg-fb-pos=-1.000000 rev sg-vel=0.000000 rps sg-acc=0.000000 rps2

[INFO] hw.pins: Pin fb set to -1.0 (was -1.0)
Pin fb set to -1.0 (was -1.0)
[INFO] hw.stepgen: =human= stepgen sg-cmd-pos=-1.000000 rev sg-fb-pos=-1.000000 rev sg-vel=0.000000 rps sg-acc=0.000000 rps2

=human= stepgen sg-cmd-pos=-1.000000 rev sg-fb-pos=-1.000000 rev sg-vel=0.000000 rps sg-acc=0.000000 rps2

[INFO] hw.pins: Pin fb set to -1.0 (was -1.0)
Pin fb set to -1.0 (was -1.0)
[INFO] hw.stepgen: =human= stepgen sg-cmd-pos=-1.000000 rev sg-fb-pos=-1.000000 rev sg-vel=0.000000 rps sg-acc=0.000000 rps2

=human= stepgen sg-cmd-pos=-1.000000 rev sg-fb-pos=-1.000000 rev sg-vel=0.000000 rps sg-acc=0.000000 rps2

[INFO] hw.pins: Pin fb set to -1.0 (was -1.0)
Pin fb set to -1.0 (was -1.0)
[INFO] hw.stepgen: =human= stepgen sg-cmd-pos=-1.000000 rev sg-fb-pos=-1.000000 rev sg-vel=0.000000 rps sg-acc=0.000000 rps2

=human= stepgen sg-cmd-pos=-1.000000 rev sg-fb-pos=-1.000000 rev sg-vel=0.000000 rps sg-acc=0.000000 rps2

[INFO] hw.pins: Pin fb set to -1.0 (was -1.0)
Pin fb set to -1.0 (was -1.0)
[INFO] hw.stepgen: =human= stepgen sg-cmd-pos=-1.000000 rev sg-fb-pos=-1.000000 rev sg-vel=0.000000 rps sg-acc=0.000000 rps2

=human= stepgen sg-cmd-pos=-1.000000 rev sg-fb-pos=-1.000000 rev sg-vel=0.000000 rps sg-acc=0.000000 rps2

PASSED
tests/test_stepgen_sim.py::test_acceleration_limit_applied 
-------------------------------- live log setup --------------------------------
=human= test name=test_acceleration_limit_applied event=start
[INFO] hw.pins: Pin step.cmd set to 1.0 (was 0)
-------------------------------- live log call ---------------------------------
Pin step.cmd set to 1.0 (was 0)
[INFO] hw.pins: Pin step.fb set to 1e-05 (was 0)
Pin step.fb set to 1e-05 (was 0)
[INFO] hw.stepgen: =human= stepgen sg-cmd-pos=1.000000 rev sg-fb-pos=0.000010 rev sg-vel=0.020000 rps sg-acc=20.000000 rps2

=human= stepgen sg-cmd-pos=1.000000 rev sg-fb-pos=0.000010 rev sg-vel=0.020000 rps sg-acc=20.000000 rps2

[INFO] hw.pins: Pin step.fb set to 4e-05 (was 1e-05)
Pin step.fb set to 4e-05 (was 1e-05)
[INFO] hw.stepgen: =human= stepgen sg-cmd-pos=1.000000 rev sg-fb-pos=0.000040 rev sg-vel=0.040000 rps sg-acc=20.000000 rps2

=human= stepgen sg-cmd-pos=1.000000 rev sg-fb-pos=0.000040 rev sg-vel=0.040000 rps sg-acc=20.000000 rps2

[INFO] hw.pins: Pin step.fb set to 9e-05 (was 4e-05)
Pin step.fb set to 9e-05 (was 4e-05)
[INFO] hw.stepgen: =human= stepgen sg-cmd-pos=1.000000 rev sg-fb-pos=0.000090 rev sg-vel=0.060000 rps sg-acc=20.000000 rps2

=human= stepgen sg-cmd-pos=1.000000 rev sg-fb-pos=0.000090 rev sg-vel=0.060000 rps sg-acc=20.000000 rps2

[INFO] hw.pins: Pin step.fb set to 0.00016 (was 9e-05)
Pin step.fb set to 0.00016 (was 9e-05)
[INFO] hw.stepgen: =human= stepgen sg-cmd-pos=1.000000 rev sg-fb-pos=0.000160 rev sg-vel=0.080000 rps sg-acc=20.000000 rps2

=human= stepgen sg-cmd-pos=1.000000 rev sg-fb-pos=0.000160 rev sg-vel=0.080000 rps sg-acc=20.000000 rps2

[INFO] hw.pins: Pin step.fb set to 0.00025 (was 0.00016)
Pin step.fb set to 0.00025 (was 0.00016)
[INFO] hw.stepgen: =human= stepgen sg-cmd-pos=1.000000 rev sg-fb-pos=0.000250 rev sg-vel=0.100000 rps sg-acc=20.000000 rps2

=human= stepgen sg-cmd-pos=1.000000 rev sg-fb-pos=0.000250 rev sg-vel=0.100000 rps sg-acc=20.000000 rps2

[INFO] hw.pins: Pin step.fb set to 0.00036 (was 0.00025)
Pin step.fb set to 0.00036 (was 0.00025)
[INFO] hw.stepgen: =human= stepgen sg-cmd-pos=1.000000 rev sg-fb-pos=0.000360 rev sg-vel=0.120000 rps sg-acc=20.000000 rps2

=human= stepgen sg-cmd-pos=1.000000 rev sg-fb-pos=0.000360 rev sg-vel=0.120000 rps sg-acc=20.000000 rps2

[INFO] hw.pins: Pin step.fb set to 0.00049 (was 0.00036)
Pin step.fb set to 0.00049 (was 0.00036)
[INFO] hw.stepgen: =human= stepgen sg-cmd-pos=1.000000 rev sg-fb-pos=0.000490 rev sg-vel=0.140000 rps sg-acc=20.000000 rps2

=human= stepgen sg-cmd-pos=1.000000 rev sg-fb-pos=0.000490 rev sg-vel=0.140000 rps sg-acc=20.000000 rps2

[INFO] hw.pins: Pin step.fb set to 0.0006399999999999999 (was 0.00049)
Pin step.fb set to 0.0006399999999999999 (was 0.00049)
[INFO] hw.stepgen: =human= stepgen sg-cmd-pos=1.000000 rev sg-fb-pos=0.000640 rev sg-vel=0.160000 rps sg-acc=20.000000 rps2

=human= stepgen sg-cmd-pos=1.000000 rev sg-fb-pos=0.000640 rev sg-vel=0.160000 rps sg-acc=20.000000 rps2

[INFO] hw.pins: Pin step.fb set to 0.00081 (was 0.0006399999999999999)
Pin step.fb set to 0.00081 (was 0.0006399999999999999)
[INFO] hw.stepgen: =human= stepgen sg-cmd-pos=1.000000 rev sg-fb-pos=0.000810 rev sg-vel=0.180000 rps sg-acc=20.000000 rps2

=human= stepgen sg-cmd-pos=1.000000 rev sg-fb-pos=0.000810 rev sg-vel=0.180000 rps sg-acc=20.000000 rps2

[INFO] hw.pins: Pin step.fb set to 0.001 (was 0.00081)
Pin step.fb set to 0.001 (was 0.00081)
[INFO] hw.stepgen: =human= stepgen sg-cmd-pos=1.000000 rev sg-fb-pos=0.001000 rev sg-vel=0.200000 rps sg-acc=20.000000 rps2

=human= stepgen sg-cmd-pos=1.000000 rev sg-fb-pos=0.001000 rev sg-vel=0.200000 rps sg-acc=20.000000 rps2

[INFO] hw.pins: Pin step.fb set to 0.00121 (was 0.001)
Pin step.fb set to 0.00121 (was 0.001)
[INFO] hw.stepgen: =human= stepgen sg-cmd-pos=1.000000 rev sg-fb-pos=0.001210 rev sg-vel=0.220000 rps sg-acc=20.000000 rps2

=human= stepgen sg-cmd-pos=1.000000 rev sg-fb-pos=0.001210 rev sg-vel=0.220000 rps sg-acc=20.000000 rps2

[INFO] hw.pins: Pin step.fb set to 0.0014399999999999999 (was 0.00121)
Pin step.fb set to 0.0014399999999999999 (was 0.00121)
[INFO] hw.stepgen: =human= stepgen sg-cmd-pos=1.000000 rev sg-fb-pos=0.001440 rev sg-vel=0.240000 rps sg-acc=20.000000 rps2

=human= stepgen sg-cmd-pos=1.000000 rev sg-fb-pos=0.001440 rev sg-vel=0.240000 rps sg-acc=20.000000 rps2

[INFO] hw.pins: Pin step.fb set to 0.0016899999999999999 (was 0.0014399999999999999)
Pin step.fb set to 0.0016899999999999999 (was 0.0014399999999999999)
[INFO] hw.stepgen: =human= stepgen sg-cmd-pos=1.000000 rev sg-fb-pos=0.001690 rev sg-vel=0.260000 rps sg-acc=20.000000 rps2

=human= stepgen sg-cmd-pos=1.000000 rev sg-fb-pos=0.001690 rev sg-vel=0.260000 rps sg-acc=20.000000 rps2

[INFO] hw.pins: Pin step.fb set to 0.00196 (was 0.0016899999999999999)
Pin step.fb set to 0.00196 (was 0.0016899999999999999)
[INFO] hw.stepgen: =human= stepgen sg-cmd-pos=1.000000 rev sg-fb-pos=0.001960 rev sg-vel=0.280000 rps sg-acc=20.000000 rps2

=human= stepgen sg-cmd-pos=1.000000 rev sg-fb-pos=0.001960 rev sg-vel=0.280000 rps sg-acc=20.000000 rps2

[INFO] hw.pins: Pin step.fb set to 0.00225 (was 0.00196)
Pin step.fb set to 0.00225 (was 0.00196)
[INFO] hw.stepgen: =human= stepgen sg-cmd-pos=1.000000 rev sg-fb-pos=0.002250 rev sg-vel=0.300000 rps sg-acc=20.000000 rps2

=human= stepgen sg-cmd-pos=1.000000 rev sg-fb-pos=0.002250 rev sg-vel=0.300000 rps sg-acc=20.000000 rps2

[INFO] hw.pins: Pin step.fb set to 0.0025599999999999998 (was 0.00225)
Pin step.fb set to 0.0025599999999999998 (was 0.00225)
[INFO] hw.stepgen: =human= stepgen sg-cmd-pos=1.000000 rev sg-fb-pos=0.002560 rev sg-vel=0.320000 rps sg-acc=20.000000 rps2

=human= stepgen sg-cmd-pos=1.000000 rev sg-fb-pos=0.002560 rev sg-vel=0.320000 rps sg-acc=20.000000 rps2

[INFO] hw.pins: Pin step.fb set to 0.0028899999999999998 (was 0.0025599999999999998)
Pin step.fb set to 0.0028899999999999998 (was 0.0025599999999999998)
[INFO] hw.stepgen: =human= stepgen sg-cmd-pos=1.000000 rev sg-fb-pos=0.002890 rev sg-vel=0.340000 rps sg-acc=20.000000 rps2

=human= stepgen sg-cmd-pos=1.000000 rev sg-fb-pos=0.002890 rev sg-vel=0.340000 rps sg-acc=20.000000 rps2

[INFO] hw.pins: Pin step.fb set to 0.00324 (was 0.0028899999999999998)
Pin step.fb set to 0.00324 (was 0.0028899999999999998)
[INFO] hw.stepgen: =human= stepgen sg-cmd-pos=1.000000 rev sg-fb-pos=0.003240 rev sg-vel=0.360000 rps sg-acc=20.000000 rps2

=human= stepgen sg-cmd-pos=1.000000 rev sg-fb-pos=0.003240 rev sg-vel=0.360000 rps sg-acc=20.000000 rps2

[INFO] hw.pins: Pin step.fb set to 0.00361 (was 0.00324)
Pin step.fb set to 0.00361 (was 0.00324)
[INFO] hw.stepgen: =human= stepgen sg-cmd-pos=1.000000 rev sg-fb-pos=0.003610 rev sg-vel=0.380000 rps sg-acc=20.000000 rps2

=human= stepgen sg-cmd-pos=1.000000 rev sg-fb-pos=0.003610 rev sg-vel=0.380000 rps sg-acc=20.000000 rps2

[INFO] hw.pins: Pin step.fb set to 0.004 (was 0.00361)
Pin step.fb set to 0.004 (was 0.00361)
[INFO] hw.stepgen: =human= stepgen sg-cmd-pos=1.000000 rev sg-fb-pos=0.004000 rev sg-vel=0.400000 rps sg-acc=20.000000 rps2

=human= stepgen sg-cmd-pos=1.000000 rev sg-fb-pos=0.004000 rev sg-vel=0.400000 rps sg-acc=20.000000 rps2

[INFO] hw.pins: Pin step.fb set to 0.00441 (was 0.004)
Pin step.fb set to 0.00441 (was 0.004)
[INFO] hw.stepgen: =human= stepgen sg-cmd-pos=1.000000 rev sg-fb-pos=0.004410 rev sg-vel=0.420000 rps sg-acc=20.000000 rps2

=human= stepgen sg-cmd-pos=1.000000 rev sg-fb-pos=0.004410 rev sg-vel=0.420000 rps sg-acc=20.000000 rps2

[INFO] hw.pins: Pin step.fb set to 0.00484 (was 0.00441)
Pin step.fb set to 0.00484 (was 0.00441)
[INFO] hw.stepgen: =human= stepgen sg-cmd-pos=1.000000 rev sg-fb-pos=0.004840 rev sg-vel=0.440000 rps sg-acc=20.000000 rps2

=human= stepgen sg-cmd-pos=1.000000 rev sg-fb-pos=0.004840 rev sg-vel=0.440000 rps sg-acc=20.000000 rps2

[INFO] hw.pins: Pin step.fb set to 0.0052899999999999996 (was 0.00484)
Pin step.fb set to 0.0052899999999999996 (was 0.00484)
[INFO] hw.stepgen: =human= stepgen sg-cmd-pos=1.000000 rev sg-fb-pos=0.005290 rev sg-vel=0.460000 rps sg-acc=20.000000 rps2

=human= stepgen sg-cmd-pos=1.000000 rev sg-fb-pos=0.005290 rev sg-vel=0.460000 rps sg-acc=20.000000 rps2

[INFO] hw.pins: Pin step.fb set to 0.0057599999999999995 (was 0.0052899999999999996)
Pin step.fb set to 0.0057599999999999995 (was 0.0052899999999999996)
[INFO] hw.stepgen: =human= stepgen sg-cmd-pos=1.000000 rev sg-fb-pos=0.005760 rev sg-vel=0.480000 rps sg-acc=20.000000 rps2

=human= stepgen sg-cmd-pos=1.000000 rev sg-fb-pos=0.005760 rev sg-vel=0.480000 rps sg-acc=20.000000 rps2

[INFO] hw.pins: Pin step.fb set to 0.0062499999999999995 (was 0.0057599999999999995)
Pin step.fb set to 0.0062499999999999995 (was 0.0057599999999999995)
[INFO] hw.stepgen: =human= stepgen sg-cmd-pos=1.000000 rev sg-fb-pos=0.006250 rev sg-vel=0.500000 rps sg-acc=20.000000 rps2

=human= stepgen sg-cmd-pos=1.000000 rev sg-fb-pos=0.006250 rev sg-vel=0.500000 rps sg-acc=20.000000 rps2

[INFO] hw.pins: Pin step.fb set to 0.0067599999999999995 (was 0.0062499999999999995)
Pin step.fb set to 0.0067599999999999995 (was 0.0062499999999999995)
[INFO] hw.stepgen: =human= stepgen sg-cmd-pos=1.000000 rev sg-fb-pos=0.006760 rev sg-vel=0.520000 rps sg-acc=20.000000 rps2

=human= stepgen sg-cmd-pos=1.000000 rev sg-fb-pos=0.006760 rev sg-vel=0.520000 rps sg-acc=20.000000 rps2

[INFO] hw.pins: Pin step.fb set to 0.00729 (was 0.0067599999999999995)
Pin step.fb set to 0.00729 (was 0.0067599999999999995)
[INFO] hw.stepgen: =human= stepgen sg-cmd-pos=1.000000 rev sg-fb-pos=0.007290 rev sg-vel=0.540000 rps sg-acc=20.000000 rps2

=human= stepgen sg-cmd-pos=1.000000 rev sg-fb-pos=0.007290 rev sg-vel=0.540000 rps sg-acc=20.000000 rps2

[INFO] hw.pins: Pin step.fb set to 0.00784 (was 0.00729)
Pin step.fb set to 0.00784 (was 0.00729)
[INFO] hw.stepgen: =human= stepgen sg-cmd-pos=1.000000 rev sg-fb-pos=0.007840 rev sg-vel=0.560000 rps sg-acc=20.000000 rps2

=human= stepgen sg-cmd-pos=1.000000 rev sg-fb-pos=0.007840 rev sg-vel=0.560000 rps sg-acc=20.000000 rps2

[INFO] hw.pins: Pin step.fb set to 0.00841 (was 0.00784)
Pin step.fb set to 0.00841 (was 0.00784)
[INFO] hw.stepgen: =human= stepgen sg-cmd-pos=1.000000 rev sg-fb-pos=0.008410 rev sg-vel=0.580000 rps sg-acc=20.000000 rps2

=human= stepgen sg-cmd-pos=1.000000 rev sg-fb-pos=0.008410 rev sg-vel=0.580000 rps sg-acc=20.000000 rps2

[INFO] hw.pins: Pin step.fb set to 0.009000000000000001 (was 0.00841)
Pin step.fb set to 0.009000000000000001 (was 0.00841)
[INFO] hw.stepgen: =human= stepgen sg-cmd-pos=1.000000 rev sg-fb-pos=0.009000 rev sg-vel=0.600000 rps sg-acc=20.000000 rps2

=human= stepgen sg-cmd-pos=1.000000 rev sg-fb-pos=0.009000 rev sg-vel=0.600000 rps sg-acc=20.000000 rps2

[INFO] hw.pins: Pin step.fb set to 0.00961 (was 0.009000000000000001)
Pin step.fb set to 0.00961 (was 0.009000000000000001)
[INFO] hw.stepgen: =human= stepgen sg-cmd-pos=1.000000 rev sg-fb-pos=0.009610 rev sg-vel=0.620000 rps sg-acc=20.000000 rps2

=human= stepgen sg-cmd-pos=1.000000 rev sg-fb-pos=0.009610 rev sg-vel=0.620000 rps sg-acc=20.000000 rps2

[INFO] hw.pins: Pin step.fb set to 0.01024 (was 0.00961)
Pin step.fb set to 0.01024 (was 0.00961)
[INFO] hw.stepgen: =human= stepgen sg-cmd-pos=1.000000 rev sg-fb-pos=0.010240 rev sg-vel=0.640000 rps sg-acc=20.000000 rps2

=human= stepgen sg-cmd-pos=1.000000 rev sg-fb-pos=0.010240 rev sg-vel=0.640000 rps sg-acc=20.000000 rps2

[INFO] hw.pins: Pin step.fb set to 0.01089 (was 0.01024)
Pin step.fb set to 0.01089 (was 0.01024)
[INFO] hw.stepgen: =human= stepgen sg-cmd-pos=1.000000 rev sg-fb-pos=0.010890 rev sg-vel=0.660000 rps sg-acc=20.000000 rps2

=human= stepgen sg-cmd-pos=1.000000 rev sg-fb-pos=0.010890 rev sg-vel=0.660000 rps sg-acc=20.000000 rps2

[INFO] hw.pins: Pin step.fb set to 0.01156 (was 0.01089)
Pin step.fb set to 0.01156 (was 0.01089)
[INFO] hw.stepgen: =human= stepgen sg-cmd-pos=1.000000 rev sg-fb-pos=0.011560 rev sg-vel=0.680000 rps sg-acc=20.000000 rps2

=human= stepgen sg-cmd-pos=1.000000 rev sg-fb-pos=0.011560 rev sg-vel=0.680000 rps sg-acc=20.000000 rps2

[INFO] hw.pins: Pin step.fb set to 0.01225 (was 0.01156)
Pin step.fb set to 0.01225 (was 0.01156)
[INFO] hw.stepgen: =human= stepgen sg-cmd-pos=1.000000 rev sg-fb-pos=0.012250 rev sg-vel=0.700000 rps sg-acc=20.000000 rps2

=human= stepgen sg-cmd-pos=1.000000 rev sg-fb-pos=0.012250 rev sg-vel=0.700000 rps sg-acc=20.000000 rps2

[INFO] hw.pins: Pin step.fb set to 0.012960000000000001 (was 0.01225)
Pin step.fb set to 0.012960000000000001 (was 0.01225)
[INFO] hw.stepgen: =human= stepgen sg-cmd-pos=1.000000 rev sg-fb-pos=0.012960 rev sg-vel=0.720000 rps sg-acc=20.000000 rps2

=human= stepgen sg-cmd-pos=1.000000 rev sg-fb-pos=0.012960 rev sg-vel=0.720000 rps sg-acc=20.000000 rps2

[INFO] hw.pins: Pin step.fb set to 0.01369 (was 0.012960000000000001)
Pin step.fb set to 0.01369 (was 0.012960000000000001)
[INFO] hw.stepgen: =human= stepgen sg-cmd-pos=1.000000 rev sg-fb-pos=0.013690 rev sg-vel=0.740000 rps sg-acc=20.000000 rps2

=human= stepgen sg-cmd-pos=1.000000 rev sg-fb-pos=0.013690 rev sg-vel=0.740000 rps sg-acc=20.000000 rps2

[INFO] hw.pins: Pin step.fb set to 0.014440000000000001 (was 0.01369)
Pin step.fb set to 0.014440000000000001 (was 0.01369)
[INFO] hw.stepgen: =human= stepgen sg-cmd-pos=1.000000 rev sg-fb-pos=0.014440 rev sg-vel=0.760000 rps sg-acc=20.000000 rps2

=human= stepgen sg-cmd-pos=1.000000 rev sg-fb-pos=0.014440 rev sg-vel=0.760000 rps sg-acc=20.000000 rps2

[INFO] hw.pins: Pin step.fb set to 0.015210000000000001 (was 0.014440000000000001)
Pin step.fb set to 0.015210000000000001 (was 0.014440000000000001)
[INFO] hw.stepgen: =human= stepgen sg-cmd-pos=1.000000 rev sg-fb-pos=0.015210 rev sg-vel=0.780000 rps sg-acc=20.000000 rps2

=human= stepgen sg-cmd-pos=1.000000 rev sg-fb-pos=0.015210 rev sg-vel=0.780000 rps sg-acc=20.000000 rps2

[INFO] hw.pins: Pin step.fb set to 0.016 (was 0.015210000000000001)
Pin step.fb set to 0.016 (was 0.015210000000000001)
[INFO] hw.stepgen: =human= stepgen sg-cmd-pos=1.000000 rev sg-fb-pos=0.016000 rev sg-vel=0.800000 rps sg-acc=20.000000 rps2

=human= stepgen sg-cmd-pos=1.000000 rev sg-fb-pos=0.016000 rev sg-vel=0.800000 rps sg-acc=20.000000 rps2

[INFO] hw.pins: Pin step.fb set to 0.016810000000000002 (was 0.016)
Pin step.fb set to 0.016810000000000002 (was 0.016)
[INFO] hw.stepgen: =human= stepgen sg-cmd-pos=1.000000 rev sg-fb-pos=0.016810 rev sg-vel=0.820000 rps sg-acc=20.000000 rps2

=human= stepgen sg-cmd-pos=1.000000 rev sg-fb-pos=0.016810 rev sg-vel=0.820000 rps sg-acc=20.000000 rps2

[INFO] hw.pins: Pin step.fb set to 0.017640000000000003 (was 0.016810000000000002)
Pin step.fb set to 0.017640000000000003 (was 0.016810000000000002)
[INFO] hw.stepgen: =human= stepgen sg-cmd-pos=1.000000 rev sg-fb-pos=0.017640 rev sg-vel=0.840000 rps sg-acc=20.000000 rps2

=human= stepgen sg-cmd-pos=1.000000 rev sg-fb-pos=0.017640 rev sg-vel=0.840000 rps sg-acc=20.000000 rps2

[INFO] hw.pins: Pin step.fb set to 0.018490000000000003 (was 0.017640000000000003)
Pin step.fb set to 0.018490000000000003 (was 0.017640000000000003)
[INFO] hw.stepgen: =human= stepgen sg-cmd-pos=1.000000 rev sg-fb-pos=0.018490 rev sg-vel=0.860000 rps sg-acc=20.000000 rps2

=human= stepgen sg-cmd-pos=1.000000 rev sg-fb-pos=0.018490 rev sg-vel=0.860000 rps sg-acc=20.000000 rps2

[INFO] hw.pins: Pin step.fb set to 0.019360000000000002 (was 0.018490000000000003)
Pin step.fb set to 0.019360000000000002 (was 0.018490000000000003)
[INFO] hw.stepgen: =human= stepgen sg-cmd-pos=1.000000 rev sg-fb-pos=0.019360 rev sg-vel=0.880000 rps sg-acc=20.000000 rps2

=human= stepgen sg-cmd-pos=1.000000 rev sg-fb-pos=0.019360 rev sg-vel=0.880000 rps sg-acc=20.000000 rps2

[INFO] hw.pins: Pin step.fb set to 0.020250000000000004 (was 0.019360000000000002)
Pin step.fb set to 0.020250000000000004 (was 0.019360000000000002)
[INFO] hw.stepgen: =human= stepgen sg-cmd-pos=1.000000 rev sg-fb-pos=0.020250 rev sg-vel=0.900000 rps sg-acc=20.000000 rps2

=human= stepgen sg-cmd-pos=1.000000 rev sg-fb-pos=0.020250 rev sg-vel=0.900000 rps sg-acc=20.000000 rps2

[INFO] hw.pins: Pin step.fb set to 0.021160000000000005 (was 0.020250000000000004)
Pin step.fb set to 0.021160000000000005 (was 0.020250000000000004)
[INFO] hw.stepgen: =human= stepgen sg-cmd-pos=1.000000 rev sg-fb-pos=0.021160 rev sg-vel=0.920000 rps sg-acc=20.000000 rps2

=human= stepgen sg-cmd-pos=1.000000 rev sg-fb-pos=0.021160 rev sg-vel=0.920000 rps sg-acc=20.000000 rps2

[INFO] hw.pins: Pin step.fb set to 0.022090000000000005 (was 0.021160000000000005)
Pin step.fb set to 0.022090000000000005 (was 0.021160000000000005)
[INFO] hw.stepgen: =human= stepgen sg-cmd-pos=1.000000 rev sg-fb-pos=0.022090 rev sg-vel=0.940000 rps sg-acc=20.000000 rps2

=human= stepgen sg-cmd-pos=1.000000 rev sg-fb-pos=0.022090 rev sg-vel=0.940000 rps sg-acc=20.000000 rps2

[INFO] hw.pins: Pin step.fb set to 0.023040000000000005 (was 0.022090000000000005)
Pin step.fb set to 0.023040000000000005 (was 0.022090000000000005)
[INFO] hw.stepgen: =human= stepgen sg-cmd-pos=1.000000 rev sg-fb-pos=0.023040 rev sg-vel=0.960000 rps sg-acc=20.000000 rps2

=human= stepgen sg-cmd-pos=1.000000 rev sg-fb-pos=0.023040 rev sg-vel=0.960000 rps sg-acc=20.000000 rps2

[INFO] hw.pins: Pin step.fb set to 0.024010000000000007 (was 0.023040000000000005)
Pin step.fb set to 0.024010000000000007 (was 0.023040000000000005)
[INFO] hw.stepgen: =human= stepgen sg-cmd-pos=1.000000 rev sg-fb-pos=0.024010 rev sg-vel=0.980000 rps sg-acc=20.000000 rps2

=human= stepgen sg-cmd-pos=1.000000 rev sg-fb-pos=0.024010 rev sg-vel=0.980000 rps sg-acc=20.000000 rps2

[INFO] hw.pins: Pin step.fb set to 0.02500000000000001 (was 0.024010000000000007)
Pin step.fb set to 0.02500000000000001 (was 0.024010000000000007)
[INFO] hw.stepgen: =human= stepgen sg-cmd-pos=1.000000 rev sg-fb-pos=0.025000 rev sg-vel=1.000000 rps sg-acc=20.000000 rps2

=human= stepgen sg-cmd-pos=1.000000 rev sg-fb-pos=0.025000 rev sg-vel=1.000000 rps sg-acc=20.000000 rps2

[INFO] hw.pins: Pin step.fb set to 0.02601000000000001 (was 0.02500000000000001)
Pin step.fb set to 0.02601000000000001 (was 0.02500000000000001)
[INFO] hw.stepgen: =human= stepgen sg-cmd-pos=1.000000 rev sg-fb-pos=0.026010 rev sg-vel=1.020000 rps sg-acc=20.000000 rps2

=human= stepgen sg-cmd-pos=1.000000 rev sg-fb-pos=0.026010 rev sg-vel=1.020000 rps sg-acc=20.000000 rps2

[INFO] hw.pins: Pin step.fb set to 0.02704000000000001 (was 0.02601000000000001)
Pin step.fb set to 0.02704000000000001 (was 0.02601000000000001)
[INFO] hw.stepgen: =human= stepgen sg-cmd-pos=1.000000 rev sg-fb-pos=0.027040 rev sg-vel=1.040000 rps sg-acc=20.000000 rps2

=human= stepgen sg-cmd-pos=1.000000 rev sg-fb-pos=0.027040 rev sg-vel=1.040000 rps sg-acc=20.000000 rps2

[INFO] hw.pins: Pin step.fb set to 0.02809000000000001 (was 0.02704000000000001)
Pin step.fb set to 0.02809000000000001 (was 0.02704000000000001)
[INFO] hw.stepgen: =human= stepgen sg-cmd-pos=1.000000 rev sg-fb-pos=0.028090 rev sg-vel=1.060000 rps sg-acc=20.000000 rps2

=human= stepgen sg-cmd-pos=1.000000 rev sg-fb-pos=0.028090 rev sg-vel=1.060000 rps sg-acc=20.000000 rps2

[INFO] hw.pins: Pin step.fb set to 0.029160000000000012 (was 0.02809000000000001)
Pin step.fb set to 0.029160000000000012 (was 0.02809000000000001)
[INFO] hw.stepgen: =human= stepgen sg-cmd-pos=1.000000 rev sg-fb-pos=0.029160 rev sg-vel=1.080000 rps sg-acc=20.000000 rps2

=human= stepgen sg-cmd-pos=1.000000 rev sg-fb-pos=0.029160 rev sg-vel=1.080000 rps sg-acc=20.000000 rps2

[INFO] hw.pins: Pin step.fb set to 0.030250000000000013 (was 0.029160000000000012)
Pin step.fb set to 0.030250000000000013 (was 0.029160000000000012)
[INFO] hw.stepgen: =human= stepgen sg-cmd-pos=1.000000 rev sg-fb-pos=0.030250 rev sg-vel=1.100000 rps sg-acc=20.000000 rps2

=human= stepgen sg-cmd-pos=1.000000 rev sg-fb-pos=0.030250 rev sg-vel=1.100000 rps sg-acc=20.000000 rps2

[INFO] hw.pins: Pin step.fb set to 0.03136000000000001 (was 0.030250000000000013)
Pin step.fb set to 0.03136000000000001 (was 0.030250000000000013)
[INFO] hw.stepgen: =human= stepgen sg-cmd-pos=1.000000 rev sg-fb-pos=0.031360 rev sg-vel=1.120000 rps sg-acc=20.000000 rps2

=human= stepgen sg-cmd-pos=1.000000 rev sg-fb-pos=0.031360 rev sg-vel=1.120000 rps sg-acc=20.000000 rps2

[INFO] hw.pins: Pin step.fb set to 0.03249000000000001 (was 0.03136000000000001)
Pin step.fb set to 0.03249000000000001 (was 0.03136000000000001)
[INFO] hw.stepgen: =human= stepgen sg-cmd-pos=1.000000 rev sg-fb-pos=0.032490 rev sg-vel=1.140000 rps sg-acc=20.000000 rps2

=human= stepgen sg-cmd-pos=1.000000 rev sg-fb-pos=0.032490 rev sg-vel=1.140000 rps sg-acc=20.000000 rps2

[INFO] hw.pins: Pin step.fb set to 0.03364000000000001 (was 0.03249000000000001)
Pin step.fb set to 0.03364000000000001 (was 0.03249000000000001)
[INFO] hw.stepgen: =human= stepgen sg-cmd-pos=1.000000 rev sg-fb-pos=0.033640 rev sg-vel=1.160000 rps sg-acc=20.000000 rps2

=human= stepgen sg-cmd-pos=1.000000 rev sg-fb-pos=0.033640 rev sg-vel=1.160000 rps sg-acc=20.000000 rps2

[INFO] hw.pins: Pin step.fb set to 0.03481000000000001 (was 0.03364000000000001)
Pin step.fb set to 0.03481000000000001 (was 0.03364000000000001)
[INFO] hw.stepgen: =human= stepgen sg-cmd-pos=1.000000 rev sg-fb-pos=0.034810 rev sg-vel=1.180000 rps sg-acc=20.000000 rps2

=human= stepgen sg-cmd-pos=1.000000 rev sg-fb-pos=0.034810 rev sg-vel=1.180000 rps sg-acc=20.000000 rps2

[INFO] hw.pins: Pin step.fb set to 0.03600000000000001 (was 0.03481000000000001)
Pin step.fb set to 0.03600000000000001 (was 0.03481000000000001)
[INFO] hw.stepgen: =human= stepgen sg-cmd-pos=1.000000 rev sg-fb-pos=0.036000 rev sg-vel=1.200000 rps sg-acc=20.000000 rps2

=human= stepgen sg-cmd-pos=1.000000 rev sg-fb-pos=0.036000 rev sg-vel=1.200000 rps sg-acc=20.000000 rps2

[INFO] hw.pins: Pin step.fb set to 0.037210000000000014 (was 0.03600000000000001)
Pin step.fb set to 0.037210000000000014 (was 0.03600000000000001)
[INFO] hw.stepgen: =human= stepgen sg-cmd-pos=1.000000 rev sg-fb-pos=0.037210 rev sg-vel=1.220000 rps sg-acc=20.000000 rps2

=human= stepgen sg-cmd-pos=1.000000 rev sg-fb-pos=0.037210 rev sg-vel=1.220000 rps sg-acc=20.000000 rps2

[INFO] hw.pins: Pin step.fb set to 0.038440000000000016 (was 0.037210000000000014)
Pin step.fb set to 0.038440000000000016 (was 0.037210000000000014)
[INFO] hw.stepgen: =human= stepgen sg-cmd-pos=1.000000 rev sg-fb-pos=0.038440 rev sg-vel=1.240000 rps sg-acc=20.000000 rps2

=human= stepgen sg-cmd-pos=1.000000 rev sg-fb-pos=0.038440 rev sg-vel=1.240000 rps sg-acc=20.000000 rps2

[INFO] hw.pins: Pin step.fb set to 0.03969000000000002 (was 0.038440000000000016)
Pin step.fb set to 0.03969000000000002 (was 0.038440000000000016)
[INFO] hw.stepgen: =human= stepgen sg-cmd-pos=1.000000 rev sg-fb-pos=0.039690 rev sg-vel=1.260000 rps sg-acc=20.000000 rps2

=human= stepgen sg-cmd-pos=1.000000 rev sg-fb-pos=0.039690 rev sg-vel=1.260000 rps sg-acc=20.000000 rps2

[INFO] hw.pins: Pin step.fb set to 0.04096000000000002 (was 0.03969000000000002)
Pin step.fb set to 0.04096000000000002 (was 0.03969000000000002)
[INFO] hw.stepgen: =human= stepgen sg-cmd-pos=1.000000 rev sg-fb-pos=0.040960 rev sg-vel=1.280000 rps sg-acc=20.000000 rps2

=human= stepgen sg-cmd-pos=1.000000 rev sg-fb-pos=0.040960 rev sg-vel=1.280000 rps sg-acc=20.000000 rps2

[INFO] hw.pins: Pin step.fb set to 0.04225000000000002 (was 0.04096000000000002)
Pin step.fb set to 0.04225000000000002 (was 0.04096000000000002)
[INFO] hw.stepgen: =human= stepgen sg-cmd-pos=1.000000 rev sg-fb-pos=0.042250 rev sg-vel=1.300000 rps sg-acc=20.000000 rps2

=human= stepgen sg-cmd-pos=1.000000 rev sg-fb-pos=0.042250 rev sg-vel=1.300000 rps sg-acc=20.000000 rps2

[INFO] hw.pins: Pin step.fb set to 0.043560000000000015 (was 0.04225000000000002)
Pin step.fb set to 0.043560000000000015 (was 0.04225000000000002)
[INFO] hw.stepgen: =human= stepgen sg-cmd-pos=1.000000 rev sg-fb-pos=0.043560 rev sg-vel=1.320000 rps sg-acc=20.000000 rps2

=human= stepgen sg-cmd-pos=1.000000 rev sg-fb-pos=0.043560 rev sg-vel=1.320000 rps sg-acc=20.000000 rps2

[INFO] hw.pins: Pin step.fb set to 0.04489000000000001 (was 0.043560000000000015)
Pin step.fb set to 0.04489000000000001 (was 0.043560000000000015)
[INFO] hw.stepgen: =human= stepgen sg-cmd-pos=1.000000 rev sg-fb-pos=0.044890 rev sg-vel=1.340000 rps sg-acc=20.000000 rps2

=human= stepgen sg-cmd-pos=1.000000 rev sg-fb-pos=0.044890 rev sg-vel=1.340000 rps sg-acc=20.000000 rps2

[INFO] hw.pins: Pin step.fb set to 0.04624000000000002 (was 0.04489000000000001)
Pin step.fb set to 0.04624000000000002 (was 0.04489000000000001)
[INFO] hw.stepgen: =human= stepgen sg-cmd-pos=1.000000 rev sg-fb-pos=0.046240 rev sg-vel=1.360000 rps sg-acc=20.000000 rps2

=human= stepgen sg-cmd-pos=1.000000 rev sg-fb-pos=0.046240 rev sg-vel=1.360000 rps sg-acc=20.000000 rps2

[INFO] hw.pins: Pin step.fb set to 0.04761000000000002 (was 0.04624000000000002)
Pin step.fb set to 0.04761000000000002 (was 0.04624000000000002)
[INFO] hw.stepgen: =human= stepgen sg-cmd-pos=1.000000 rev sg-fb-pos=0.047610 rev sg-vel=1.380000 rps sg-acc=20.000000 rps2

=human= stepgen sg-cmd-pos=1.000000 rev sg-fb-pos=0.047610 rev sg-vel=1.380000 rps sg-acc=20.000000 rps2

[INFO] hw.pins: Pin step.fb set to 0.04900000000000002 (was 0.04761000000000002)
Pin step.fb set to 0.04900000000000002 (was 0.04761000000000002)
[INFO] hw.stepgen: =human= stepgen sg-cmd-pos=1.000000 rev sg-fb-pos=0.049000 rev sg-vel=1.400000 rps sg-acc=20.000000 rps2

=human= stepgen sg-cmd-pos=1.000000 rev sg-fb-pos=0.049000 rev sg-vel=1.400000 rps sg-acc=20.000000 rps2

[INFO] hw.pins: Pin step.fb set to 0.050410000000000024 (was 0.04900000000000002)
Pin step.fb set to 0.050410000000000024 (was 0.04900000000000002)
[INFO] hw.stepgen: =human= stepgen sg-cmd-pos=1.000000 rev sg-fb-pos=0.050410 rev sg-vel=1.420000 rps sg-acc=20.000000 rps2

=human= stepgen sg-cmd-pos=1.000000 rev sg-fb-pos=0.050410 rev sg-vel=1.420000 rps sg-acc=20.000000 rps2

[INFO] hw.pins: Pin step.fb set to 0.051840000000000025 (was 0.050410000000000024)
Pin step.fb set to 0.051840000000000025 (was 0.050410000000000024)
[INFO] hw.stepgen: =human= stepgen sg-cmd-pos=1.000000 rev sg-fb-pos=0.051840 rev sg-vel=1.440000 rps sg-acc=20.000000 rps2

=human= stepgen sg-cmd-pos=1.000000 rev sg-fb-pos=0.051840 rev sg-vel=1.440000 rps sg-acc=20.000000 rps2

[INFO] hw.pins: Pin step.fb set to 0.053290000000000025 (was 0.051840000000000025)
Pin step.fb set to 0.053290000000000025 (was 0.051840000000000025)
[INFO] hw.stepgen: =human= stepgen sg-cmd-pos=1.000000 rev sg-fb-pos=0.053290 rev sg-vel=1.460000 rps sg-acc=20.000000 rps2

=human= stepgen sg-cmd-pos=1.000000 rev sg-fb-pos=0.053290 rev sg-vel=1.460000 rps sg-acc=20.000000 rps2

[INFO] hw.pins: Pin step.fb set to 0.054760000000000024 (was 0.053290000000000025)
Pin step.fb set to 0.054760000000000024 (was 0.053290000000000025)
[INFO] hw.stepgen: =human= stepgen sg-cmd-pos=1.000000 rev sg-fb-pos=0.054760 rev sg-vel=1.480000 rps sg-acc=20.000000 rps2

=human= stepgen sg-cmd-pos=1.000000 rev sg-fb-pos=0.054760 rev sg-vel=1.480000 rps sg-acc=20.000000 rps2

[INFO] hw.pins: Pin step.fb set to 0.05625000000000002 (was 0.054760000000000024)
Pin step.fb set to 0.05625000000000002 (was 0.054760000000000024)
[INFO] hw.stepgen: =human= stepgen sg-cmd-pos=1.000000 rev sg-fb-pos=0.056250 rev sg-vel=1.500000 rps sg-acc=20.000000 rps2

=human= stepgen sg-cmd-pos=1.000000 rev sg-fb-pos=0.056250 rev sg-vel=1.500000 rps sg-acc=20.000000 rps2

[INFO] hw.pins: Pin step.fb set to 0.05776000000000002 (was 0.05625000000000002)
Pin step.fb set to 0.05776000000000002 (was 0.05625000000000002)
[INFO] hw.stepgen: =human= stepgen sg-cmd-pos=1.000000 rev sg-fb-pos=0.057760 rev sg-vel=1.520000 rps sg-acc=20.000000 rps2

=human= stepgen sg-cmd-pos=1.000000 rev sg-fb-pos=0.057760 rev sg-vel=1.520000 rps sg-acc=20.000000 rps2

[INFO] hw.pins: Pin step.fb set to 0.05929000000000002 (was 0.05776000000000002)
Pin step.fb set to 0.05929000000000002 (was 0.05776000000000002)
[INFO] hw.stepgen: =human= stepgen sg-cmd-pos=1.000000 rev sg-fb-pos=0.059290 rev sg-vel=1.540000 rps sg-acc=20.000000 rps2

=human= stepgen sg-cmd-pos=1.000000 rev sg-fb-pos=0.059290 rev sg-vel=1.540000 rps sg-acc=20.000000 rps2

[INFO] hw.pins: Pin step.fb set to 0.060840000000000026 (was 0.05929000000000002)
Pin step.fb set to 0.060840000000000026 (was 0.05929000000000002)
[INFO] hw.stepgen: =human= stepgen sg-cmd-pos=1.000000 rev sg-fb-pos=0.060840 rev sg-vel=1.560000 rps sg-acc=20.000000 rps2

=human= stepgen sg-cmd-pos=1.000000 rev sg-fb-pos=0.060840 rev sg-vel=1.560000 rps sg-acc=20.000000 rps2

[INFO] hw.pins: Pin step.fb set to 0.06241000000000003 (was 0.060840000000000026)
Pin step.fb set to 0.06241000000000003 (was 0.060840000000000026)
[INFO] hw.stepgen: =human= stepgen sg-cmd-pos=1.000000 rev sg-fb-pos=0.062410 rev sg-vel=1.580000 rps sg-acc=20.000000 rps2

=human= stepgen sg-cmd-pos=1.000000 rev sg-fb-pos=0.062410 rev sg-vel=1.580000 rps sg-acc=20.000000 rps2

[INFO] hw.pins: Pin step.fb set to 0.06400000000000003 (was 0.06241000000000003)
Pin step.fb set to 0.06400000000000003 (was 0.06241000000000003)
[INFO] hw.stepgen: =human= stepgen sg-cmd-pos=1.000000 rev sg-fb-pos=0.064000 rev sg-vel=1.600000 rps sg-acc=20.000000 rps2

=human= stepgen sg-cmd-pos=1.000000 rev sg-fb-pos=0.064000 rev sg-vel=1.600000 rps sg-acc=20.000000 rps2

[INFO] hw.pins: Pin step.fb set to 0.06561000000000003 (was 0.06400000000000003)
Pin step.fb set to 0.06561000000000003 (was 0.06400000000000003)
[INFO] hw.stepgen: =human= stepgen sg-cmd-pos=1.000000 rev sg-fb-pos=0.065610 rev sg-vel=1.620000 rps sg-acc=20.000000 rps2

=human= stepgen sg-cmd-pos=1.000000 rev sg-fb-pos=0.065610 rev sg-vel=1.620000 rps sg-acc=20.000000 rps2

[INFO] hw.pins: Pin step.fb set to 0.06724000000000004 (was 0.06561000000000003)
Pin step.fb set to 0.06724000000000004 (was 0.06561000000000003)
[INFO] hw.stepgen: =human= stepgen sg-cmd-pos=1.000000 rev sg-fb-pos=0.067240 rev sg-vel=1.640000 rps sg-acc=20.000000 rps2

=human= stepgen sg-cmd-pos=1.000000 rev sg-fb-pos=0.067240 rev sg-vel=1.640000 rps sg-acc=20.000000 rps2

[INFO] hw.pins: Pin step.fb set to 0.06889000000000003 (was 0.06724000000000004)
Pin step.fb set to 0.06889000000000003 (was 0.06724000000000004)
[INFO] hw.stepgen: =human= stepgen sg-cmd-pos=1.000000 rev sg-fb-pos=0.068890 rev sg-vel=1.660000 rps sg-acc=20.000000 rps2

=human= stepgen sg-cmd-pos=1.000000 rev sg-fb-pos=0.068890 rev sg-vel=1.660000 rps sg-acc=20.000000 rps2

[INFO] hw.pins: Pin step.fb set to 0.07056000000000004 (was 0.06889000000000003)
Pin step.fb set to 0.07056000000000004 (was 0.06889000000000003)
[INFO] hw.stepgen: =human= stepgen sg-cmd-pos=1.000000 rev sg-fb-pos=0.070560 rev sg-vel=1.680000 rps sg-acc=20.000000 rps2

=human= stepgen sg-cmd-pos=1.000000 rev sg-fb-pos=0.070560 rev sg-vel=1.680000 rps sg-acc=20.000000 rps2

[INFO] hw.pins: Pin step.fb set to 0.07225000000000004 (was 0.07056000000000004)
Pin step.fb set to 0.07225000000000004 (was 0.07056000000000004)
[INFO] hw.stepgen: =human= stepgen sg-cmd-pos=1.000000 rev sg-fb-pos=0.072250 rev sg-vel=1.700000 rps sg-acc=20.000000 rps2

=human= stepgen sg-cmd-pos=1.000000 rev sg-fb-pos=0.072250 rev sg-vel=1.700000 rps sg-acc=20.000000 rps2

[INFO] hw.pins: Pin step.fb set to 0.07396000000000004 (was 0.07225000000000004)
Pin step.fb set to 0.07396000000000004 (was 0.07225000000000004)
[INFO] hw.stepgen: =human= stepgen sg-cmd-pos=1.000000 rev sg-fb-pos=0.073960 rev sg-vel=1.720000 rps sg-acc=20.000000 rps2

=human= stepgen sg-cmd-pos=1.000000 rev sg-fb-pos=0.073960 rev sg-vel=1.720000 rps sg-acc=20.000000 rps2

[INFO] hw.pins: Pin step.fb set to 0.07569000000000004 (was 0.07396000000000004)
Pin step.fb set to 0.07569000000000004 (was 0.07396000000000004)
[INFO] hw.stepgen: =human= stepgen sg-cmd-pos=1.000000 rev sg-fb-pos=0.075690 rev sg-vel=1.740000 rps sg-acc=20.000000 rps2

=human= stepgen sg-cmd-pos=1.000000 rev sg-fb-pos=0.075690 rev sg-vel=1.740000 rps sg-acc=20.000000 rps2

[INFO] hw.pins: Pin step.fb set to 0.07744000000000004 (was 0.07569000000000004)
Pin step.fb set to 0.07744000000000004 (was 0.07569000000000004)
[INFO] hw.stepgen: =human= stepgen sg-cmd-pos=1.000000 rev sg-fb-pos=0.077440 rev sg-vel=1.760000 rps sg-acc=20.000000 rps2

=human= stepgen sg-cmd-pos=1.000000 rev sg-fb-pos=0.077440 rev sg-vel=1.760000 rps sg-acc=20.000000 rps2

[INFO] hw.pins: Pin step.fb set to 0.07921000000000004 (was 0.07744000000000004)
Pin step.fb set to 0.07921000000000004 (was 0.07744000000000004)
[INFO] hw.stepgen: =human= stepgen sg-cmd-pos=1.000000 rev sg-fb-pos=0.079210 rev sg-vel=1.780000 rps sg-acc=20.000000 rps2

=human= stepgen sg-cmd-pos=1.000000 rev sg-fb-pos=0.079210 rev sg-vel=1.780000 rps sg-acc=20.000000 rps2

[INFO] hw.pins: Pin step.fb set to 0.08100000000000004 (was 0.07921000000000004)
Pin step.fb set to 0.08100000000000004 (was 0.07921000000000004)
[INFO] hw.stepgen: =human= stepgen sg-cmd-pos=1.000000 rev sg-fb-pos=0.081000 rev sg-vel=1.800000 rps sg-acc=20.000000 rps2

=human= stepgen sg-cmd-pos=1.000000 rev sg-fb-pos=0.081000 rev sg-vel=1.800000 rps sg-acc=20.000000 rps2

[INFO] hw.pins: Pin step.fb set to 0.08281000000000005 (was 0.08100000000000004)
Pin step.fb set to 0.08281000000000005 (was 0.08100000000000004)
[INFO] hw.stepgen: =human= stepgen sg-cmd-pos=1.000000 rev sg-fb-pos=0.082810 rev sg-vel=1.820000 rps sg-acc=20.000000 rps2

=human= stepgen sg-cmd-pos=1.000000 rev sg-fb-pos=0.082810 rev sg-vel=1.820000 rps sg-acc=20.000000 rps2

[INFO] hw.pins: Pin step.fb set to 0.08464000000000005 (was 0.08281000000000005)
Pin step.fb set to 0.08464000000000005 (was 0.08281000000000005)
[INFO] hw.stepgen: =human= stepgen sg-cmd-pos=1.000000 rev sg-fb-pos=0.084640 rev sg-vel=1.840000 rps sg-acc=20.000000 rps2

=human= stepgen sg-cmd-pos=1.000000 rev sg-fb-pos=0.084640 rev sg-vel=1.840000 rps sg-acc=20.000000 rps2

[INFO] hw.pins: Pin step.fb set to 0.08649000000000005 (was 0.08464000000000005)
Pin step.fb set to 0.08649000000000005 (was 0.08464000000000005)
[INFO] hw.stepgen: =human= stepgen sg-cmd-pos=1.000000 rev sg-fb-pos=0.086490 rev sg-vel=1.860000 rps sg-acc=20.000000 rps2

=human= stepgen sg-cmd-pos=1.000000 rev sg-fb-pos=0.086490 rev sg-vel=1.860000 rps sg-acc=20.000000 rps2

[INFO] hw.pins: Pin step.fb set to 0.08836000000000005 (was 0.08649000000000005)
Pin step.fb set to 0.08836000000000005 (was 0.08649000000000005)
[INFO] hw.stepgen: =human= stepgen sg-cmd-pos=1.000000 rev sg-fb-pos=0.088360 rev sg-vel=1.880000 rps sg-acc=20.000000 rps2

=human= stepgen sg-cmd-pos=1.000000 rev sg-fb-pos=0.088360 rev sg-vel=1.880000 rps sg-acc=20.000000 rps2

[INFO] hw.pins: Pin step.fb set to 0.09025000000000005 (was 0.08836000000000005)
Pin step.fb set to 0.09025000000000005 (was 0.08836000000000005)
[INFO] hw.stepgen: =human= stepgen sg-cmd-pos=1.000000 rev sg-fb-pos=0.090250 rev sg-vel=1.900000 rps sg-acc=20.000000 rps2

=human= stepgen sg-cmd-pos=1.000000 rev sg-fb-pos=0.090250 rev sg-vel=1.900000 rps sg-acc=20.000000 rps2

[INFO] hw.pins: Pin step.fb set to 0.09216000000000005 (was 0.09025000000000005)
Pin step.fb set to 0.09216000000000005 (was 0.09025000000000005)
[INFO] hw.stepgen: =human= stepgen sg-cmd-pos=1.000000 rev sg-fb-pos=0.092160 rev sg-vel=1.920000 rps sg-acc=20.000000 rps2

=human= stepgen sg-cmd-pos=1.000000 rev sg-fb-pos=0.092160 rev sg-vel=1.920000 rps sg-acc=20.000000 rps2

[INFO] hw.pins: Pin step.fb set to 0.09409000000000005 (was 0.09216000000000005)
Pin step.fb set to 0.09409000000000005 (was 0.09216000000000005)
[INFO] hw.stepgen: =human= stepgen sg-cmd-pos=1.000000 rev sg-fb-pos=0.094090 rev sg-vel=1.940000 rps sg-acc=20.000000 rps2

=human= stepgen sg-cmd-pos=1.000000 rev sg-fb-pos=0.094090 rev sg-vel=1.940000 rps sg-acc=20.000000 rps2

[INFO] hw.pins: Pin step.fb set to 0.09604000000000006 (was 0.09409000000000005)
Pin step.fb set to 0.09604000000000006 (was 0.09409000000000005)
[INFO] hw.stepgen: =human= stepgen sg-cmd-pos=1.000000 rev sg-fb-pos=0.096040 rev sg-vel=1.960000 rps sg-acc=20.000000 rps2

=human= stepgen sg-cmd-pos=1.000000 rev sg-fb-pos=0.096040 rev sg-vel=1.960000 rps sg-acc=20.000000 rps2

[INFO] hw.pins: Pin step.fb set to 0.09801000000000006 (was 0.09604000000000006)
Pin step.fb set to 0.09801000000000006 (was 0.09604000000000006)
[INFO] hw.stepgen: =human= stepgen sg-cmd-pos=1.000000 rev sg-fb-pos=0.098010 rev sg-vel=1.980000 rps sg-acc=20.000000 rps2

=human= stepgen sg-cmd-pos=1.000000 rev sg-fb-pos=0.098010 rev sg-vel=1.980000 rps sg-acc=20.000000 rps2

[INFO] hw.pins: Pin step.fb set to 0.10000000000000006 (was 0.09801000000000006)
Pin step.fb set to 0.10000000000000006 (was 0.09801000000000006)
[INFO] hw.stepgen: =human= stepgen sg-cmd-pos=1.000000 rev sg-fb-pos=0.100000 rev sg-vel=2.000000 rps sg-acc=20.000000 rps2

=human= stepgen sg-cmd-pos=1.000000 rev sg-fb-pos=0.100000 rev sg-vel=2.000000 rps sg-acc=20.000000 rps2

PASSED
tests/test_stepgen_sim.py::test_mid_move_retarget_replans_from_current_state 
-------------------------------- live log setup --------------------------------
=human= test name=test_mid_move_retarget_replans_from_current_state event=start
[INFO] hw.pins: Pin step.cmd set to 5.0 (was 0)
-------------------------------- live log call ---------------------------------
Pin step.cmd set to 5.0 (was 0)
[INFO] hw.pins: Pin step.fb set to 1e-05 (was 0)
Pin step.fb set to 1e-05 (was 0)
[INFO] hw.stepgen: =human= stepgen sg-cmd-pos=5.000000 rev sg-fb-pos=0.000010 rev sg-vel=0.020000 rps sg-acc=20.000000 rps2

=human= stepgen sg-cmd-pos=5.000000 rev sg-fb-pos=0.000010 rev sg-vel=0.020000 rps sg-acc=20.000000 rps2

[INFO] hw.pins: Pin step.fb set to 4e-05 (was 1e-05)
Pin step.fb set to 4e-05 (was 1e-05)
[INFO] hw.stepgen: =human= stepgen sg-cmd-pos=5.000000 rev sg-fb-pos=0.000040 rev sg-vel=0.040000 rps sg-acc=20.000000 rps2

=human= stepgen sg-cmd-pos=5.000000 rev sg-fb-pos=0.000040 rev sg-vel=0.040000 rps sg-acc=20.000000 rps2

[INFO] hw.pins: Pin step.fb set to 9e-05 (was 4e-05)
Pin step.fb set to 9e-05 (was 4e-05)
[INFO] hw.stepgen: =human= stepgen sg-cmd-pos=5.000000 rev sg-fb-pos=0.000090 rev sg-vel=0.060000 rps sg-acc=20.000000 rps2

=human= stepgen sg-cmd-pos=5.000000 rev sg-fb-pos=0.000090 rev sg-vel=0.060000 rps sg-acc=20.000000 rps2

[INFO] hw.pins: Pin step.fb set to 0.00016 (was 9e-05)
Pin step.fb set to 0.00016 (was 9e-05)
[INFO] hw.stepgen: =human= stepgen sg-cmd-pos=5.000000 rev sg-fb-pos=0.000160 rev sg-vel=0.080000 rps sg-acc=20.000000 rps2

=human= stepgen sg-cmd-pos=5.000000 rev sg-fb-pos=0.000160 rev sg-vel=0.080000 rps sg-acc=20.000000 rps2

[INFO] hw.pins: Pin step.fb set to 0.00025 (was 0.00016)
Pin step.fb set to 0.00025 (was 0.00016)
[INFO] hw.stepgen: =human= stepgen sg-cmd-pos=5.000000 rev sg-fb-pos=0.000250 rev sg-vel=0.100000 rps sg-acc=20.000000 rps2

=human= stepgen sg-cmd-pos=5.000000 rev sg-fb-pos=0.000250 rev sg-vel=0.100000 rps sg-acc=20.000000 rps2

[INFO] hw.pins: Pin step.fb set to 0.00036 (was 0.00025)
Pin step.fb set to 0.00036 (was 0.00025)
[INFO] hw.stepgen: =human= stepgen sg-cmd-pos=5.000000 rev sg-fb-pos=0.000360 rev sg-vel=0.120000 rps sg-acc=20.000000 rps2

=human= stepgen sg-cmd-pos=5.000000 rev sg-fb-pos=0.000360 rev sg-vel=0.120000 rps sg-acc=20.000000 rps2

[INFO] hw.pins: Pin step.fb set to 0.00049 (was 0.00036)
Pin step.fb set to 0.00049 (was 0.00036)
[INFO] hw.stepgen: =human= stepgen sg-cmd-pos=5.000000 rev sg-fb-pos=0.000490 rev sg-vel=0.140000 rps sg-acc=20.000000 rps2

=human= stepgen sg-cmd-pos=5.000000 rev sg-fb-pos=0.000490 rev sg-vel=0.140000 rps sg-acc=20.000000 rps2

[INFO] hw.pins: Pin step.fb set to 0.0006399999999999999 (was 0.00049)
Pin step.fb set to 0.0006399999999999999 (was 0.00049)
[INFO] hw.stepgen: =human= stepgen sg-cmd-pos=5.000000 rev sg-fb-pos=0.000640 rev sg-vel=0.160000 rps sg-acc=20.000000 rps2

=human= stepgen sg-cmd-pos=5.000000 rev sg-fb-pos=0.000640 rev sg-vel=0.160000 rps sg-acc=20.000000 rps2

[INFO] hw.pins: Pin step.fb set to 0.00081 (was 0.0006399999999999999)
Pin step.fb set to 0.00081 (was 0.0006399999999999999)
[INFO] hw.stepgen: =human= stepgen sg-cmd-pos=5.000000 rev sg-fb-pos=0.000810 rev sg-vel=0.180000 rps sg-acc=20.000000 rps2

=human= stepgen sg-cmd-pos=5.000000 rev sg-fb-pos=0.000810 rev sg-vel=0.180000 rps sg-acc=20.000000 rps2

[INFO] hw.pins: Pin step.fb set to 0.001 (was 0.00081)
Pin step.fb set to 0.001 (was 0.00081)
[INFO] hw.stepgen: =human= stepgen sg-cmd-pos=5.000000 rev sg-fb-pos=0.001000 rev sg-vel=0.200000 rps sg-acc=20.000000 rps2

=human= stepgen sg-cmd-pos=5.000000 rev sg-fb-pos=0.001000 rev sg-vel=0.200000 rps sg-acc=20.000000 rps2

[INFO] hw.pins: Pin step.fb set to 0.00121 (was 0.001)
Pin step.fb set to 0.00121 (was 0.001)
[INFO] hw.stepgen: =human= stepgen sg-cmd-pos=5.000000 rev sg-fb-pos=0.001210 rev sg-vel=0.220000 rps sg-acc=20.000000 rps2

=human= stepgen sg-cmd-pos=5.000000 rev sg-fb-pos=0.001210 rev sg-vel=0.220000 rps sg-acc=20.000000 rps2

[INFO] hw.pins: Pin step.fb set to 0.0014399999999999999 (was 0.00121)
Pin step.fb set to 0.0014399999999999999 (was 0.00121)
[INFO] hw.stepgen: =human= stepgen sg-cmd-pos=5.000000 rev sg-fb-pos=0.001440 rev sg-vel=0.240000 rps sg-acc=20.000000 rps2

=human= stepgen sg-cmd-pos=5.000000 rev sg-fb-pos=0.001440 rev sg-vel=0.240000 rps sg-acc=20.000000 rps2

[INFO] hw.pins: Pin step.fb set to 0.0016899999999999999 (was 0.0014399999999999999)
Pin step.fb set to 0.0016899999999999999 (was 0.0014399999999999999)
[INFO] hw.stepgen: =human= stepgen sg-cmd-pos=5.000000 rev sg-fb-pos=0.001690 rev sg-vel=0.260000 rps sg-acc=20.000000 rps2

=human= stepgen sg-cmd-pos=5.000000 rev sg-fb-pos=0.001690 rev sg-vel=0.260000 rps sg-acc=20.000000 rps2

[INFO] hw.pins: Pin step.fb set to 0.00196 (was 0.0016899999999999999)
Pin step.fb set to 0.00196 (was 0.0016899999999999999)
[INFO] hw.stepgen: =human= stepgen sg-cmd-pos=5.000000 rev sg-fb-pos=0.001960 rev sg-vel=0.280000 rps sg-acc=20.000000 rps2

=human= stepgen sg-cmd-pos=5.000000 rev sg-fb-pos=0.001960 rev sg-vel=0.280000 rps sg-acc=20.000000 rps2

[INFO] hw.pins: Pin step.fb set to 0.00225 (was 0.00196)
Pin step.fb set to 0.00225 (was 0.00196)
[INFO] hw.stepgen: =human= stepgen sg-cmd-pos=5.000000 rev sg-fb-pos=0.002250 rev sg-vel=0.300000 rps sg-acc=20.000000 rps2

=human= stepgen sg-cmd-pos=5.000000 rev sg-fb-pos=0.002250 rev sg-vel=0.300000 rps sg-acc=20.000000 rps2

[INFO] hw.pins: Pin step.fb set to 0.0025599999999999998 (was 0.00225)
Pin step.fb set to 0.0025599999999999998 (was 0.00225)
[INFO] hw.stepgen: =human= stepgen sg-cmd-pos=5.000000 rev sg-fb-pos=0.002560 rev sg-vel=0.320000 rps sg-acc=20.000000 rps2

=human= stepgen sg-cmd-pos=5.000000 rev sg-fb-pos=0.002560 rev sg-vel=0.320000 rps sg-acc=20.000000 rps2

[INFO] hw.pins: Pin step.fb set to 0.0028899999999999998 (was 0.0025599999999999998)
Pin step.fb set to 0.0028899999999999998 (was 0.0025599999999999998)
[INFO] hw.stepgen: =human= stepgen sg-cmd-pos=5.000000 rev sg-fb-pos=0.002890 rev sg-vel=0.340000 rps sg-acc=20.000000 rps2

=human= stepgen sg-cmd-pos=5.000000 rev sg-fb-pos=0.002890 rev sg-vel=0.340000 rps sg-acc=20.000000 rps2

[INFO] hw.pins: Pin step.fb set to 0.00324 (was 0.0028899999999999998)
Pin step.fb set to 0.00324 (was 0.0028899999999999998)
[INFO] hw.stepgen: =human= stepgen sg-cmd-pos=5.000000 rev sg-fb-pos=0.003240 rev sg-vel=0.360000 rps sg-acc=20.000000 rps2

=human= stepgen sg-cmd-pos=5.000000 rev sg-fb-pos=0.003240 rev sg-vel=0.360000 rps sg-acc=20.000000 rps2

[INFO] hw.pins: Pin step.fb set to 0.00361 (was 0.00324)
Pin step.fb set to 0.00361 (was 0.00324)
[INFO] hw.stepgen: =human= stepgen sg-cmd-pos=5.000000 rev sg-fb-pos=0.003610 rev sg-vel=0.380000 rps sg-acc=20.000000 rps2

=human= stepgen sg-cmd-pos=5.000000 rev sg-fb-pos=0.003610 rev sg-vel=0.380000 rps sg-acc=20.000000 rps2

[INFO] hw.pins: Pin step.fb set to 0.004 (was 0.00361)
Pin step.fb set to 0.004 (was 0.00361)
[INFO] hw.stepgen: =human= stepgen sg-cmd-pos=5.000000 rev sg-fb-pos=0.004000 rev sg-vel=0.400000 rps sg-acc=20.000000 rps2

=human= stepgen sg-cmd-pos=5.000000 rev sg-fb-pos=0.004000 rev sg-vel=0.400000 rps sg-acc=20.000000 rps2

[INFO] hw.pins: Pin step.fb set to 0.00441 (was 0.004)
Pin step.fb set to 0.00441 (was 0.004)
[INFO] hw.stepgen: =human= stepgen sg-cmd-pos=5.000000 rev sg-fb-pos=0.004410 rev sg-vel=0.420000 rps sg-acc=20.000000 rps2

=human= stepgen sg-cmd-pos=5.000000 rev sg-fb-pos=0.004410 rev sg-vel=0.420000 rps sg-acc=20.000000 rps2

[INFO] hw.pins: Pin step.fb set to 0.00484 (was 0.00441)
Pin step.fb set to 0.00484 (was 0.00441)
[INFO] hw.stepgen: =human= stepgen sg-cmd-pos=5.000000 rev sg-fb-pos=0.004840 rev sg-vel=0.440000 rps sg-acc=20.000000 rps2

=human= stepgen sg-cmd-pos=5.000000 rev sg-fb-pos=0.004840 rev sg-vel=0.440000 rps sg-acc=20.000000 rps2

[INFO] hw.pins: Pin step.fb set to 0.0052899999999999996 (was 0.00484)
Pin step.fb set to 0.0052899999999999996 (was 0.00484)
[INFO] hw.stepgen: =human= stepgen sg-cmd-pos=5.000000 rev sg-fb-pos=0.005290 rev sg-vel=0.460000 rps sg-acc=20.000000 rps2

=human= stepgen sg-cmd-pos=5.000000 rev sg-fb-pos=0.005290 rev sg-vel=0.460000 rps sg-acc=20.000000 rps2

[INFO] hw.pins: Pin step.fb set to 0.0057599999999999995 (was 0.0052899999999999996)
Pin step.fb set to 0.0057599999999999995 (was 0.0052899999999999996)
[INFO] hw.stepgen: =human= stepgen sg-cmd-pos=5.000000 rev sg-fb-pos=0.005760 rev sg-vel=0.480000 rps sg-acc=20.000000 rps2

=human= stepgen sg-cmd-pos=5.000000 rev sg-fb-pos=0.005760 rev sg-vel=0.480000 rps sg-acc=20.000000 rps2

[INFO] hw.pins: Pin step.fb set to 0.0062499999999999995 (was 0.0057599999999999995)
Pin step.fb set to 0.0062499999999999995 (was 0.0057599999999999995)
[INFO] hw.stepgen: =human= stepgen sg-cmd-pos=5.000000 rev sg-fb-pos=0.006250 rev sg-vel=0.500000 rps sg-acc=20.000000 rps2

=human= stepgen sg-cmd-pos=5.000000 rev sg-fb-pos=0.006250 rev sg-vel=0.500000 rps sg-acc=20.000000 rps2

[INFO] hw.pins: Pin step.fb set to 0.0067599999999999995 (was 0.0062499999999999995)
Pin step.fb set to 0.0067599999999999995 (was 0.0062499999999999995)
[INFO] hw.stepgen: =human= stepgen sg-cmd-pos=5.000000 rev sg-fb-pos=0.006760 rev sg-vel=0.520000 rps sg-acc=20.000000 rps2

=human= stepgen sg-cmd-pos=5.000000 rev sg-fb-pos=0.006760 rev sg-vel=0.520000 rps sg-acc=20.000000 rps2

[INFO] hw.pins: Pin step.fb set to 0.00729 (was 0.0067599999999999995)
Pin step.fb set to 0.00729 (was 0.0067599999999999995)
[INFO] hw.stepgen: =human= stepgen sg-cmd-pos=5.000000 rev sg-fb-pos=0.007290 rev sg-vel=0.540000 rps sg-acc=20.000000 rps2

=human= stepgen sg-cmd-pos=5.000000 rev sg-fb-pos=0.007290 rev sg-vel=0.540000 rps sg-acc=20.000000 rps2

[INFO] hw.pins: Pin step.fb set to 0.00784 (was 0.00729)
Pin step.fb set to 0.00784 (was 0.00729)
[INFO] hw.stepgen: =human= stepgen sg-cmd-pos=5.000000 rev sg-fb-pos=0.007840 rev sg-vel=0.560000 rps sg-acc=20.000000 rps2

=human= stepgen sg-cmd-pos=5.000000 rev sg-fb-pos=0.007840 rev sg-vel=0.560000 rps sg-acc=20.000000 rps2

[INFO] hw.pins: Pin step.fb set to 0.00841 (was 0.00784)
Pin step.fb set to 0.00841 (was 0.00784)
[INFO] hw.stepgen: =human= stepgen sg-cmd-pos=5.000000 rev sg-fb-pos=0.008410 rev sg-vel=0.580000 rps sg-acc=20.000000 rps2

=human= stepgen sg-cmd-pos=5.000000 rev sg-fb-pos=0.008410 rev sg-vel=0.580000 rps sg-acc=20.000000 rps2

[INFO] hw.pins: Pin step.fb set to 0.009000000000000001 (was 0.00841)
Pin step.fb set to 0.009000000000000001 (was 0.00841)
[INFO] hw.stepgen: =human= stepgen sg-cmd-pos=5.000000 rev sg-fb-pos=0.009000 rev sg-vel=0.600000 rps sg-acc=20.000000 rps2

=human= stepgen sg-cmd-pos=5.000000 rev sg-fb-pos=0.009000 rev sg-vel=0.600000 rps sg-acc=20.000000 rps2

[INFO] hw.pins: Pin step.fb set to 0.00961 (was 0.009000000000000001)
Pin step.fb set to 0.00961 (was 0.009000000000000001)
[INFO] hw.stepgen: =human= stepgen sg-cmd-pos=5.000000 rev sg-fb-pos=0.009610 rev sg-vel=0.620000 rps sg-acc=20.000000 rps2

=human= stepgen sg-cmd-pos=5.000000 rev sg-fb-pos=0.009610 rev sg-vel=0.620000 rps sg-acc=20.000000 rps2

[INFO] hw.pins: Pin step.fb set to 0.01024 (was 0.00961)
Pin step.fb set to 0.01024 (was 0.00961)
[INFO] hw.stepgen: =human= stepgen sg-cmd-pos=5.000000 rev sg-fb-pos=0.010240 rev sg-vel=0.640000 rps sg-acc=20.000000 rps2

=human= stepgen sg-cmd-pos=5.000000 rev sg-fb-pos=0.010240 rev sg-vel=0.640000 rps sg-acc=20.000000 rps2

[INFO] hw.pins: Pin step.fb set to 0.01089 (was 0.01024)
Pin step.fb set to 0.01089 (was 0.01024)
[INFO] hw.stepgen: =human= stepgen sg-cmd-pos=5.000000 rev sg-fb-pos=0.010890 rev sg-vel=0.660000 rps sg-acc=20.000000 rps2

=human= stepgen sg-cmd-pos=5.000000 rev sg-fb-pos=0.010890 rev sg-vel=0.660000 rps sg-acc=20.000000 rps2

[INFO] hw.pins: Pin step.fb set to 0.01156 (was 0.01089)
Pin step.fb set to 0.01156 (was 0.01089)
[INFO] hw.stepgen: =human= stepgen sg-cmd-pos=5.000000 rev sg-fb-pos=0.011560 rev sg-vel=0.680000 rps sg-acc=20.000000 rps2

=human= stepgen sg-cmd-pos=5.000000 rev sg-fb-pos=0.011560 rev sg-vel=0.680000 rps sg-acc=20.000000 rps2

[INFO] hw.pins: Pin step.fb set to 0.01225 (was 0.01156)
Pin step.fb set to 0.01225 (was 0.01156)
[INFO] hw.stepgen: =human= stepgen sg-cmd-pos=5.000000 rev sg-fb-pos=0.012250 rev sg-vel=0.700000 rps sg-acc=20.000000 rps2

=human= stepgen sg-cmd-pos=5.000000 rev sg-fb-pos=0.012250 rev sg-vel=0.700000 rps sg-acc=20.000000 rps2

[INFO] hw.pins: Pin step.fb set to 0.012960000000000001 (was 0.01225)
Pin step.fb set to 0.012960000000000001 (was 0.01225)
[INFO] hw.stepgen: =human= stepgen sg-cmd-pos=5.000000 rev sg-fb-pos=0.012960 rev sg-vel=0.720000 rps sg-acc=20.000000 rps2

=human= stepgen sg-cmd-pos=5.000000 rev sg-fb-pos=0.012960 rev sg-vel=0.720000 rps sg-acc=20.000000 rps2

[INFO] hw.pins: Pin step.fb set to 0.01369 (was 0.012960000000000001)
Pin step.fb set to 0.01369 (was 0.012960000000000001)
[INFO] hw.stepgen: =human= stepgen sg-cmd-pos=5.000000 rev sg-fb-pos=0.013690 rev sg-vel=0.740000 rps sg-acc=20.000000 rps2

=human= stepgen sg-cmd-pos=5.000000 rev sg-fb-pos=0.013690 rev sg-vel=0.740000 rps sg-acc=20.000000 rps2

[INFO] hw.pins: Pin step.fb set to 0.014440000000000001 (was 0.01369)
Pin step.fb set to 0.014440000000000001 (was 0.01369)
[INFO] hw.stepgen: =human= stepgen sg-cmd-pos=5.000000 rev sg-fb-pos=0.014440 rev sg-vel=0.760000 rps sg-acc=20.000000 rps2

=human= stepgen sg-cmd-pos=5.000000 rev sg-fb-pos=0.014440 rev sg-vel=0.760000 rps sg-acc=20.000000 rps2

[INFO] hw.pins: Pin step.fb set to 0.015210000000000001 (was 0.014440000000000001)
Pin step.fb set to 0.015210000000000001 (was 0.014440000000000001)
[INFO] hw.stepgen: =human= stepgen sg-cmd-pos=5.000000 rev sg-fb-pos=0.015210 rev sg-vel=0.780000 rps sg-acc=20.000000 rps2

=human= stepgen sg-cmd-pos=5.000000 rev sg-fb-pos=0.015210 rev sg-vel=0.780000 rps sg-acc=20.000000 rps2

[INFO] hw.pins: Pin step.fb set to 0.016 (was 0.015210000000000001)
Pin step.fb set to 0.016 (was 0.015210000000000001)
[INFO] hw.stepgen: =human= stepgen sg-cmd-pos=5.000000 rev sg-fb-pos=0.016000 rev sg-vel=0.800000 rps sg-acc=20.000000 rps2

=human= stepgen sg-cmd-pos=5.000000 rev sg-fb-pos=0.016000 rev sg-vel=0.800000 rps sg-acc=20.000000 rps2

[INFO] hw.pins: Pin step.fb set to 0.016810000000000002 (was 0.016)
Pin step.fb set to 0.016810000000000002 (was 0.016)
[INFO] hw.stepgen: =human= stepgen sg-cmd-pos=5.000000 rev sg-fb-pos=0.016810 rev sg-vel=0.820000 rps sg-acc=20.000000 rps2

=human= stepgen sg-cmd-pos=5.000000 rev sg-fb-pos=0.016810 rev sg-vel=0.820000 rps sg-acc=20.000000 rps2

[INFO] hw.pins: Pin step.fb set to 0.017640000000000003 (was 0.016810000000000002)
Pin step.fb set to 0.017640000000000003 (was 0.016810000000000002)
[INFO] hw.stepgen: =human= stepgen sg-cmd-pos=5.000000 rev sg-fb-pos=0.017640 rev sg-vel=0.840000 rps sg-acc=20.000000 rps2

=human= stepgen sg-cmd-pos=5.000000 rev sg-fb-pos=0.017640 rev sg-vel=0.840000 rps sg-acc=20.000000 rps2

[INFO] hw.pins: Pin step.fb set to 0.018490000000000003 (was 0.017640000000000003)
Pin step.fb set to 0.018490000000000003 (was 0.017640000000000003)
[INFO] hw.stepgen: =human= stepgen sg-cmd-pos=5.000000 rev sg-fb-pos=0.018490 rev sg-vel=0.860000 rps sg-acc=20.000000 rps2

=human= stepgen sg-cmd-pos=5.000000 rev sg-fb-pos=0.018490 rev sg-vel=0.860000 rps sg-acc=20.000000 rps2

[INFO] hw.pins: Pin step.fb set to 0.019360000000000002 (was 0.018490000000000003)
Pin step.fb set to 0.019360000000000002 (was 0.018490000000000003)
[INFO] hw.stepgen: =human= stepgen sg-cmd-pos=5.000000 rev sg-fb-pos=0.019360 rev sg-vel=0.880000 rps sg-acc=20.000000 rps2

=human= stepgen sg-cmd-pos=5.000000 rev sg-fb-pos=0.019360 rev sg-vel=0.880000 rps sg-acc=20.000000 rps2

[INFO] hw.pins: Pin step.fb set to 0.020250000000000004 (was 0.019360000000000002)
Pin step.fb set to 0.020250000000000004 (was 0.019360000000000002)
[INFO] hw.stepgen: =human= stepgen sg-cmd-pos=5.000000 rev sg-fb-pos=0.020250 rev sg-vel=0.900000 rps sg-acc=20.000000 rps2

=human= stepgen sg-cmd-pos=5.000000 rev sg-fb-pos=0.020250 rev sg-vel=0.900000 rps sg-acc=20.000000 rps2

[INFO] hw.pins: Pin step.fb set to 0.021160000000000005 (was 0.020250000000000004)
Pin step.fb set to 0.021160000000000005 (was 0.020250000000000004)
[INFO] hw.stepgen: =human= stepgen sg-cmd-pos=5.000000 rev sg-fb-pos=0.021160 rev sg-vel=0.920000 rps sg-acc=20.000000 rps2

=human= stepgen sg-cmd-pos=5.000000 rev sg-fb-pos=0.021160 rev sg-vel=0.920000 rps sg-acc=20.000000 rps2

[INFO] hw.pins: Pin step.fb set to 0.022090000000000005 (was 0.021160000000000005)
Pin step.fb set to 0.022090000000000005 (was 0.021160000000000005)
[INFO] hw.stepgen: =human= stepgen sg-cmd-pos=5.000000 rev sg-fb-pos=0.022090 rev sg-vel=0.940000 rps sg-acc=20.000000 rps2

=human= stepgen sg-cmd-pos=5.000000 rev sg-fb-pos=0.022090 rev sg-vel=0.940000 rps sg-acc=20.000000 rps2

[INFO] hw.pins: Pin step.fb set to 0.023040000000000005 (was 0.022090000000000005)
Pin step.fb set to 0.023040000000000005 (was 0.022090000000000005)
[INFO] hw.stepgen: =human= stepgen sg-cmd-pos=5.000000 rev sg-fb-pos=0.023040 rev sg-vel=0.960000 rps sg-acc=20.000000 rps2

=human= stepgen sg-cmd-pos=5.000000 rev sg-fb-pos=0.023040 rev sg-vel=0.960000 rps sg-acc=20.000000 rps2

[INFO] hw.pins: Pin step.fb set to 0.024010000000000007 (was 0.023040000000000005)
Pin step.fb set to 0.024010000000000007 (was 0.023040000000000005)
[INFO] hw.stepgen: =human= stepgen sg-cmd-pos=5.000000 rev sg-fb-pos=0.024010 rev sg-vel=0.980000 rps sg-acc=20.000000 rps2

=human= stepgen sg-cmd-pos=5.000000 rev sg-fb-pos=0.024010 rev sg-vel=0.980000 rps sg-acc=20.000000 rps2

[INFO] hw.pins: Pin step.fb set to 0.02500000000000001 (was 0.024010000000000007)
Pin step.fb set to 0.02500000000000001 (was 0.024010000000000007)
[INFO] hw.stepgen: =human= stepgen sg-cmd-pos=5.000000 rev sg-fb-pos=0.025000 rev sg-vel=1.000000 rps sg-acc=20.000000 rps2

=human= stepgen sg-cmd-pos=5.000000 rev sg-fb-pos=0.025000 rev sg-vel=1.000000 rps sg-acc=20.000000 rps2

[INFO] hw.pins: Pin step.fb set to 0.02601000000000001 (was 0.02500000000000001)
Pin step.fb set to 0.02601000000000001 (was 0.02500000000000001)
[INFO] hw.stepgen: =human= stepgen sg-cmd-pos=5.000000 rev sg-fb-pos=0.026010 rev sg-vel=1.020000 rps sg-acc=20.000000 rps2

=human= stepgen sg-cmd-pos=5.000000 rev sg-fb-pos=0.026010 rev sg-vel=1.020000 rps sg-acc=20.000000 rps2

[INFO] hw.pins: Pin step.fb set to 0.02704000000000001 (was 0.02601000000000001)
Pin step.fb set to 0.02704000000000001 (was 0.02601000000000001)
[INFO] hw.stepgen: =human= stepgen sg-cmd-pos=5.000000 rev sg-fb-pos=0.027040 rev sg-vel=1.040000 rps sg-acc=20.000000 rps2

=human= stepgen sg-cmd-pos=5.000000 rev sg-fb-pos=0.027040 rev sg-vel=1.040000 rps sg-acc=20.000000 rps2

[INFO] hw.pins: Pin step.fb set to 0.02809000000000001 (was 0.02704000000000001)
Pin step.fb set to 0.02809000000000001 (was 0.02704000000000001)
[INFO] hw.stepgen: =human= stepgen sg-cmd-pos=5.000000 rev sg-fb-pos=0.028090 rev sg-vel=1.060000 rps sg-acc=20.000000 rps2

=human= stepgen sg-cmd-pos=5.000000 rev sg-fb-pos=0.028090 rev sg-vel=1.060000 rps sg-acc=20.000000 rps2

[INFO] hw.pins: Pin step.fb set to 0.029160000000000012 (was 0.02809000000000001)
Pin step.fb set to 0.029160000000000012 (was 0.02809000000000001)
[INFO] hw.stepgen: =human= stepgen sg-cmd-pos=5.000000 rev sg-fb-pos=0.029160 rev sg-vel=1.080000 rps sg-acc=20.000000 rps2

=human= stepgen sg-cmd-pos=5.000000 rev sg-fb-pos=0.029160 rev sg-vel=1.080000 rps sg-acc=20.000000 rps2

[INFO] hw.pins: Pin step.fb set to 0.030250000000000013 (was 0.029160000000000012)
Pin step.fb set to 0.030250000000000013 (was 0.029160000000000012)
[INFO] hw.stepgen: =human= stepgen sg-cmd-pos=5.000000 rev sg-fb-pos=0.030250 rev sg-vel=1.100000 rps sg-acc=20.000000 rps2

=human= stepgen sg-cmd-pos=5.000000 rev sg-fb-pos=0.030250 rev sg-vel=1.100000 rps sg-acc=20.000000 rps2

[INFO] hw.pins: Pin step.fb set to 0.03136000000000001 (was 0.030250000000000013)
Pin step.fb set to 0.03136000000000001 (was 0.030250000000000013)
[INFO] hw.stepgen: =human= stepgen sg-cmd-pos=5.000000 rev sg-fb-pos=0.031360 rev sg-vel=1.120000 rps sg-acc=20.000000 rps2

=human= stepgen sg-cmd-pos=5.000000 rev sg-fb-pos=0.031360 rev sg-vel=1.120000 rps sg-acc=20.000000 rps2

[INFO] hw.pins: Pin step.fb set to 0.03249000000000001 (was 0.03136000000000001)
Pin step.fb set to 0.03249000000000001 (was 0.03136000000000001)
[INFO] hw.stepgen: =human= stepgen sg-cmd-pos=5.000000 rev sg-fb-pos=0.032490 rev sg-vel=1.140000 rps sg-acc=20.000000 rps2

=human= stepgen sg-cmd-pos=5.000000 rev sg-fb-pos=0.032490 rev sg-vel=1.140000 rps sg-acc=20.000000 rps2

[INFO] hw.pins: Pin step.fb set to 0.03364000000000001 (was 0.03249000000000001)
Pin step.fb set to 0.03364000000000001 (was 0.03249000000000001)
[INFO] hw.stepgen: =human= stepgen sg-cmd-pos=5.000000 rev sg-fb-pos=0.033640 rev sg-vel=1.160000 rps sg-acc=20.000000 rps2

=human= stepgen sg-cmd-pos=5.000000 rev sg-fb-pos=0.033640 rev sg-vel=1.160000 rps sg-acc=20.000000 rps2

[INFO] hw.pins: Pin step.fb set to 0.03481000000000001 (was 0.03364000000000001)
Pin step.fb set to 0.03481000000000001 (was 0.03364000000000001)
[INFO] hw.stepgen: =human= stepgen sg-cmd-pos=5.000000 rev sg-fb-pos=0.034810 rev sg-vel=1.180000 rps sg-acc=20.000000 rps2

=human= stepgen sg-cmd-pos=5.000000 rev sg-fb-pos=0.034810 rev sg-vel=1.180000 rps sg-acc=20.000000 rps2

[INFO] hw.pins: Pin step.fb set to 0.03600000000000001 (was 0.03481000000000001)
Pin step.fb set to 0.03600000000000001 (was 0.03481000000000001)
[INFO] hw.stepgen: =human= stepgen sg-cmd-pos=5.000000 rev sg-fb-pos=0.036000 rev sg-vel=1.200000 rps sg-acc=20.000000 rps2

=human= stepgen sg-cmd-pos=5.000000 rev sg-fb-pos=0.036000 rev sg-vel=1.200000 rps sg-acc=20.000000 rps2

[INFO] hw.pins: Pin step.fb set to 0.037210000000000014 (was 0.03600000000000001)
Pin step.fb set to 0.037210000000000014 (was 0.03600000000000001)
[INFO] hw.stepgen: =human= stepgen sg-cmd-pos=5.000000 rev sg-fb-pos=0.037210 rev sg-vel=1.220000 rps sg-acc=20.000000 rps2

=human= stepgen sg-cmd-pos=5.000000 rev sg-fb-pos=0.037210 rev sg-vel=1.220000 rps sg-acc=20.000000 rps2

[INFO] hw.pins: Pin step.fb set to 0.038440000000000016 (was 0.037210000000000014)
Pin step.fb set to 0.038440000000000016 (was 0.037210000000000014)
[INFO] hw.stepgen: =human= stepgen sg-cmd-pos=5.000000 rev sg-fb-pos=0.038440 rev sg-vel=1.240000 rps sg-acc=20.000000 rps2

=human= stepgen sg-cmd-pos=5.000000 rev sg-fb-pos=0.038440 rev sg-vel=1.240000 rps sg-acc=20.000000 rps2

[INFO] hw.pins: Pin step.fb set to 0.03969000000000002 (was 0.038440000000000016)
Pin step.fb set to 0.03969000000000002 (was 0.038440000000000016)
[INFO] hw.stepgen: =human= stepgen sg-cmd-pos=5.000000 rev sg-fb-pos=0.039690 rev sg-vel=1.260000 rps sg-acc=20.000000 rps2

=human= stepgen sg-cmd-pos=5.000000 rev sg-fb-pos=0.039690 rev sg-vel=1.260000 rps sg-acc=20.000000 rps2

[INFO] hw.pins: Pin step.fb set to 0.04096000000000002 (was 0.03969000000000002)
Pin step.fb set to 0.04096000000000002 (was 0.03969000000000002)
[INFO] hw.stepgen: =human= stepgen sg-cmd-pos=5.000000 rev sg-fb-pos=0.040960 rev sg-vel=1.280000 rps sg-acc=20.000000 rps2

=human= stepgen sg-cmd-pos=5.000000 rev sg-fb-pos=0.040960 rev sg-vel=1.280000 rps sg-acc=20.000000 rps2

[INFO] hw.pins: Pin step.fb set to 0.04225000000000002 (was 0.04096000000000002)
Pin step.fb set to 0.04225000000000002 (was 0.04096000000000002)
[INFO] hw.stepgen: =human= stepgen sg-cmd-pos=5.000000 rev sg-fb-pos=0.042250 rev sg-vel=1.300000 rps sg-acc=20.000000 rps2

=human= stepgen sg-cmd-pos=5.000000 rev sg-fb-pos=0.042250 rev sg-vel=1.300000 rps sg-acc=20.000000 rps2

[INFO] hw.pins: Pin step.fb set to 0.043560000000000015 (was 0.04225000000000002)
Pin step.fb set to 0.043560000000000015 (was 0.04225000000000002)
[INFO] hw.stepgen: =human= stepgen sg-cmd-pos=5.000000 rev sg-fb-pos=0.043560 rev sg-vel=1.320000 rps sg-acc=20.000000 rps2

=human= stepgen sg-cmd-pos=5.000000 rev sg-fb-pos=0.043560 rev sg-vel=1.320000 rps sg-acc=20.000000 rps2

[INFO] hw.pins: Pin step.fb set to 0.04489000000000001 (was 0.043560000000000015)
Pin step.fb set to 0.04489000000000001 (was 0.043560000000000015)
[INFO] hw.stepgen: =human= stepgen sg-cmd-pos=5.000000 rev sg-fb-pos=0.044890 rev sg-vel=1.340000 rps sg-acc=20.000000 rps2

=human= stepgen sg-cmd-pos=5.000000 rev sg-fb-pos=0.044890 rev sg-vel=1.340000 rps sg-acc=20.000000 rps2

[INFO] hw.pins: Pin step.fb set to 0.04624000000000002 (was 0.04489000000000001)
Pin step.fb set to 0.04624000000000002 (was 0.04489000000000001)
[INFO] hw.stepgen: =human= stepgen sg-cmd-pos=5.000000 rev sg-fb-pos=0.046240 rev sg-vel=1.360000 rps sg-acc=20.000000 rps2

=human= stepgen sg-cmd-pos=5.000000 rev sg-fb-pos=0.046240 rev sg-vel=1.360000 rps sg-acc=20.000000 rps2

[INFO] hw.pins: Pin step.fb set to 0.04761000000000002 (was 0.04624000000000002)
Pin step.fb set to 0.04761000000000002 (was 0.04624000000000002)
[INFO] hw.stepgen: =human= stepgen sg-cmd-pos=5.000000 rev sg-fb-pos=0.047610 rev sg-vel=1.380000 rps sg-acc=20.000000 rps2

=human= stepgen sg-cmd-pos=5.000000 rev sg-fb-pos=0.047610 rev sg-vel=1.380000 rps sg-acc=20.000000 rps2

[INFO] hw.pins: Pin step.fb set to 0.04900000000000002 (was 0.04761000000000002)
Pin step.fb set to 0.04900000000000002 (was 0.04761000000000002)
[INFO] hw.stepgen: =human= stepgen sg-cmd-pos=5.000000 rev sg-fb-pos=0.049000 rev sg-vel=1.400000 rps sg-acc=20.000000 rps2

=human= stepgen sg-cmd-pos=5.000000 rev sg-fb-pos=0.049000 rev sg-vel=1.400000 rps sg-acc=20.000000 rps2

[INFO] hw.pins: Pin step.fb set to 0.050410000000000024 (was 0.04900000000000002)
Pin step.fb set to 0.050410000000000024 (was 0.04900000000000002)
[INFO] hw.stepgen: =human= stepgen sg-cmd-pos=5.000000 rev sg-fb-pos=0.050410 rev sg-vel=1.420000 rps sg-acc=20.000000 rps2

=human= stepgen sg-cmd-pos=5.000000 rev sg-fb-pos=0.050410 rev sg-vel=1.420000 rps sg-acc=20.000000 rps2

[INFO] hw.pins: Pin step.fb set to 0.051840000000000025 (was 0.050410000000000024)
Pin step.fb set to 0.051840000000000025 (was 0.050410000000000024)
[INFO] hw.stepgen: =human= stepgen sg-cmd-pos=5.000000 rev sg-fb-pos=0.051840 rev sg-vel=1.440000 rps sg-acc=20.000000 rps2

=human= stepgen sg-cmd-pos=5.000000 rev sg-fb-pos=0.051840 rev sg-vel=1.440000 rps sg-acc=20.000000 rps2

[INFO] hw.pins: Pin step.fb set to 0.053290000000000025 (was 0.051840000000000025)
Pin step.fb set to 0.053290000000000025 (was 0.051840000000000025)
[INFO] hw.stepgen: =human= stepgen sg-cmd-pos=5.000000 rev sg-fb-pos=0.053290 rev sg-vel=1.460000 rps sg-acc=20.000000 rps2

=human= stepgen sg-cmd-pos=5.000000 rev sg-fb-pos=0.053290 rev sg-vel=1.460000 rps sg-acc=20.000000 rps2

[INFO] hw.pins: Pin step.fb set to 0.054760000000000024 (was 0.053290000000000025)
Pin step.fb set to 0.054760000000000024 (was 0.053290000000000025)
[INFO] hw.stepgen: =human= stepgen sg-cmd-pos=5.000000 rev sg-fb-pos=0.054760 rev sg-vel=1.480000 rps sg-acc=20.000000 rps2

=human= stepgen sg-cmd-pos=5.000000 rev sg-fb-pos=0.054760 rev sg-vel=1.480000 rps sg-acc=20.000000 rps2

[INFO] hw.pins: Pin step.fb set to 0.05625000000000002 (was 0.054760000000000024)
Pin step.fb set to 0.05625000000000002 (was 0.054760000000000024)
[INFO] hw.stepgen: =human= stepgen sg-cmd-pos=5.000000 rev sg-fb-pos=0.056250 rev sg-vel=1.500000 rps sg-acc=20.000000 rps2

=human= stepgen sg-cmd-pos=5.000000 rev sg-fb-pos=0.056250 rev sg-vel=1.500000 rps sg-acc=20.000000 rps2

[INFO] hw.pins: Pin step.fb set to 0.05776000000000002 (was 0.05625000000000002)
Pin step.fb set to 0.05776000000000002 (was 0.05625000000000002)
[INFO] hw.stepgen: =human= stepgen sg-cmd-pos=5.000000 rev sg-fb-pos=0.057760 rev sg-vel=1.520000 rps sg-acc=20.000000 rps2

=human= stepgen sg-cmd-pos=5.000000 rev sg-fb-pos=0.057760 rev sg-vel=1.520000 rps sg-acc=20.000000 rps2

[INFO] hw.pins: Pin step.fb set to 0.05929000000000002 (was 0.05776000000000002)
Pin step.fb set to 0.05929000000000002 (was 0.05776000000000002)
[INFO] hw.stepgen: =human= stepgen sg-cmd-pos=5.000000 rev sg-fb-pos=0.059290 rev sg-vel=1.540000 rps sg-acc=20.000000 rps2

=human= stepgen sg-cmd-pos=5.000000 rev sg-fb-pos=0.059290 rev sg-vel=1.540000 rps sg-acc=20.000000 rps2

[INFO] hw.pins: Pin step.fb set to 0.060840000000000026 (was 0.05929000000000002)
Pin step.fb set to 0.060840000000000026 (was 0.05929000000000002)
[INFO] hw.stepgen: =human= stepgen sg-cmd-pos=5.000000 rev sg-fb-pos=0.060840 rev sg-vel=1.560000 rps sg-acc=20.000000 rps2

=human= stepgen sg-cmd-pos=5.000000 rev sg-fb-pos=0.060840 rev sg-vel=1.560000 rps sg-acc=20.000000 rps2

[INFO] hw.pins: Pin step.fb set to 0.06241000000000003 (was 0.060840000000000026)
Pin step.fb set to 0.06241000000000003 (was 0.060840000000000026)
[INFO] hw.stepgen: =human= stepgen sg-cmd-pos=5.000000 rev sg-fb-pos=0.062410 rev sg-vel=1.580000 rps sg-acc=20.000000 rps2

=human= stepgen sg-cmd-pos=5.000000 rev sg-fb-pos=0.062410 rev sg-vel=1.580000 rps sg-acc=20.000000 rps2

[INFO] hw.pins: Pin step.fb set to 0.06400000000000003 (was 0.06241000000000003)
Pin step.fb set to 0.06400000000000003 (was 0.06241000000000003)
[INFO] hw.stepgen: =human= stepgen sg-cmd-pos=5.000000 rev sg-fb-pos=0.064000 rev sg-vel=1.600000 rps sg-acc=20.000000 rps2

=human= stepgen sg-cmd-pos=5.000000 rev sg-fb-pos=0.064000 rev sg-vel=1.600000 rps sg-acc=20.000000 rps2

[INFO] hw.pins: Pin step.fb set to 0.06561000000000003 (was 0.06400000000000003)
Pin step.fb set to 0.06561000000000003 (was 0.06400000000000003)
[INFO] hw.stepgen: =human= stepgen sg-cmd-pos=5.000000 rev sg-fb-pos=0.065610 rev sg-vel=1.620000 rps sg-acc=20.000000 rps2

=human= stepgen sg-cmd-pos=5.000000 rev sg-fb-pos=0.065610 rev sg-vel=1.620000 rps sg-acc=20.000000 rps2

[INFO] hw.pins: Pin step.fb set to 0.06724000000000004 (was 0.06561000000000003)
Pin step.fb set to 0.06724000000000004 (was 0.06561000000000003)
[INFO] hw.stepgen: =human= stepgen sg-cmd-pos=5.000000 rev sg-fb-pos=0.067240 rev sg-vel=1.640000 rps sg-acc=20.000000 rps2

=human= stepgen sg-cmd-pos=5.000000 rev sg-fb-pos=0.067240 rev sg-vel=1.640000 rps sg-acc=20.000000 rps2

[INFO] hw.pins: Pin step.fb set to 0.06889000000000003 (was 0.06724000000000004)
Pin step.fb set to 0.06889000000000003 (was 0.06724000000000004)
[INFO] hw.stepgen: =human= stepgen sg-cmd-pos=5.000000 rev sg-fb-pos=0.068890 rev sg-vel=1.660000 rps sg-acc=20.000000 rps2

=human= stepgen sg-cmd-pos=5.000000 rev sg-fb-pos=0.068890 rev sg-vel=1.660000 rps sg-acc=20.000000 rps2

[INFO] hw.pins: Pin step.fb set to 0.07056000000000004 (was 0.06889000000000003)
Pin step.fb set to 0.07056000000000004 (was 0.06889000000000003)
[INFO] hw.stepgen: =human= stepgen sg-cmd-pos=5.000000 rev sg-fb-pos=0.070560 rev sg-vel=1.680000 rps sg-acc=20.000000 rps2

=human= stepgen sg-cmd-pos=5.000000 rev sg-fb-pos=0.070560 rev sg-vel=1.680000 rps sg-acc=20.000000 rps2

[INFO] hw.pins: Pin step.fb set to 0.07225000000000004 (was 0.07056000000000004)
Pin step.fb set to 0.07225000000000004 (was 0.07056000000000004)
[INFO] hw.stepgen: =human= stepgen sg-cmd-pos=5.000000 rev sg-fb-pos=0.072250 rev sg-vel=1.700000 rps sg-acc=20.000000 rps2

=human= stepgen sg-cmd-pos=5.000000 rev sg-fb-pos=0.072250 rev sg-vel=1.700000 rps sg-acc=20.000000 rps2

[INFO] hw.pins: Pin step.fb set to 0.07396000000000004 (was 0.07225000000000004)
Pin step.fb set to 0.07396000000000004 (was 0.07225000000000004)
[INFO] hw.stepgen: =human= stepgen sg-cmd-pos=5.000000 rev sg-fb-pos=0.073960 rev sg-vel=1.720000 rps sg-acc=20.000000 rps2

=human= stepgen sg-cmd-pos=5.000000 rev sg-fb-pos=0.073960 rev sg-vel=1.720000 rps sg-acc=20.000000 rps2

[INFO] hw.pins: Pin step.fb set to 0.07569000000000004 (was 0.07396000000000004)
Pin step.fb set to 0.07569000000000004 (was 0.07396000000000004)
[INFO] hw.stepgen: =human= stepgen sg-cmd-pos=5.000000 rev sg-fb-pos=0.075690 rev sg-vel=1.740000 rps sg-acc=20.000000 rps2

=human= stepgen sg-cmd-pos=5.000000 rev sg-fb-pos=0.075690 rev sg-vel=1.740000 rps sg-acc=20.000000 rps2

[INFO] hw.pins: Pin step.fb set to 0.07744000000000004 (was 0.07569000000000004)
Pin step.fb set to 0.07744000000000004 (was 0.07569000000000004)
[INFO] hw.stepgen: =human= stepgen sg-cmd-pos=5.000000 rev sg-fb-pos=0.077440 rev sg-vel=1.760000 rps sg-acc=20.000000 rps2

=human= stepgen sg-cmd-pos=5.000000 rev sg-fb-pos=0.077440 rev sg-vel=1.760000 rps sg-acc=20.000000 rps2

[INFO] hw.pins: Pin step.fb set to 0.07921000000000004 (was 0.07744000000000004)
Pin step.fb set to 0.07921000000000004 (was 0.07744000000000004)
[INFO] hw.stepgen: =human= stepgen sg-cmd-pos=5.000000 rev sg-fb-pos=0.079210 rev sg-vel=1.780000 rps sg-acc=20.000000 rps2

=human= stepgen sg-cmd-pos=5.000000 rev sg-fb-pos=0.079210 rev sg-vel=1.780000 rps sg-acc=20.000000 rps2

[INFO] hw.pins: Pin step.fb set to 0.08100000000000004 (was 0.07921000000000004)
Pin step.fb set to 0.08100000000000004 (was 0.07921000000000004)
[INFO] hw.stepgen: =human= stepgen sg-cmd-pos=5.000000 rev sg-fb-pos=0.081000 rev sg-vel=1.800000 rps sg-acc=20.000000 rps2

=human= stepgen sg-cmd-pos=5.000000 rev sg-fb-pos=0.081000 rev sg-vel=1.800000 rps sg-acc=20.000000 rps2

[INFO] hw.pins: Pin step.fb set to 0.08281000000000005 (was 0.08100000000000004)
Pin step.fb set to 0.08281000000000005 (was 0.08100000000000004)
[INFO] hw.stepgen: =human= stepgen sg-cmd-pos=5.000000 rev sg-fb-pos=0.082810 rev sg-vel=1.820000 rps sg-acc=20.000000 rps2

=human= stepgen sg-cmd-pos=5.000000 rev sg-fb-pos=0.082810 rev sg-vel=1.820000 rps sg-acc=20.000000 rps2

[INFO] hw.pins: Pin step.fb set to 0.08464000000000005 (was 0.08281000000000005)
Pin step.fb set to 0.08464000000000005 (was 0.08281000000000005)
[INFO] hw.stepgen: =human= stepgen sg-cmd-pos=5.000000 rev sg-fb-pos=0.084640 rev sg-vel=1.840000 rps sg-acc=20.000000 rps2

=human= stepgen sg-cmd-pos=5.000000 rev sg-fb-pos=0.084640 rev sg-vel=1.840000 rps sg-acc=20.000000 rps2

[INFO] hw.pins: Pin step.fb set to 0.08649000000000005 (was 0.08464000000000005)
Pin step.fb set to 0.08649000000000005 (was 0.08464000000000005)
[INFO] hw.stepgen: =human= stepgen sg-cmd-pos=5.000000 rev sg-fb-pos=0.086490 rev sg-vel=1.860000 rps sg-acc=20.000000 rps2

=human= stepgen sg-cmd-pos=5.000000 rev sg-fb-pos=0.086490 rev sg-vel=1.860000 rps sg-acc=20.000000 rps2

[INFO] hw.pins: Pin step.fb set to 0.08836000000000005 (was 0.08649000000000005)
Pin step.fb set to 0.08836000000000005 (was 0.08649000000000005)
[INFO] hw.stepgen: =human= stepgen sg-cmd-pos=5.000000 rev sg-fb-pos=0.088360 rev sg-vel=1.880000 rps sg-acc=20.000000 rps2

=human= stepgen sg-cmd-pos=5.000000 rev sg-fb-pos=0.088360 rev sg-vel=1.880000 rps sg-acc=20.000000 rps2

[INFO] hw.pins: Pin step.fb set to 0.09025000000000005 (was 0.08836000000000005)
Pin step.fb set to 0.09025000000000005 (was 0.08836000000000005)
[INFO] hw.stepgen: =human= stepgen sg-cmd-pos=5.000000 rev sg-fb-pos=0.090250 rev sg-vel=1.900000 rps sg-acc=20.000000 rps2

=human= stepgen sg-cmd-pos=5.000000 rev sg-fb-pos=0.090250 rev sg-vel=1.900000 rps sg-acc=20.000000 rps2

[INFO] hw.pins: Pin step.fb set to 0.09216000000000005 (was 0.09025000000000005)
Pin step.fb set to 0.09216000000000005 (was 0.09025000000000005)
[INFO] hw.stepgen: =human= stepgen sg-cmd-pos=5.000000 rev sg-fb-pos=0.092160 rev sg-vel=1.920000 rps sg-acc=20.000000 rps2

=human= stepgen sg-cmd-pos=5.000000 rev sg-fb-pos=0.092160 rev sg-vel=1.920000 rps sg-acc=20.000000 rps2

[INFO] hw.pins: Pin step.fb set to 0.09409000000000005 (was 0.09216000000000005)
Pin step.fb set to 0.09409000000000005 (was 0.09216000000000005)
[INFO] hw.stepgen: =human= stepgen sg-cmd-pos=5.000000 rev sg-fb-pos=0.094090 rev sg-vel=1.940000 rps sg-acc=20.000000 rps2

=human= stepgen sg-cmd-pos=5.000000 rev sg-fb-pos=0.094090 rev sg-vel=1.940000 rps sg-acc=20.000000 rps2

[INFO] hw.pins: Pin step.fb set to 0.09604000000000006 (was 0.09409000000000005)
Pin step.fb set to 0.09604000000000006 (was 0.09409000000000005)
[INFO] hw.stepgen: =human= stepgen sg-cmd-pos=5.000000 rev sg-fb-pos=0.096040 rev sg-vel=1.960000 rps sg-acc=20.000000 rps2

=human= stepgen sg-cmd-pos=5.000000 rev sg-fb-pos=0.096040 rev sg-vel=1.960000 rps sg-acc=20.000000 rps2

[INFO] hw.pins: Pin step.fb set to 0.09801000000000006 (was 0.09604000000000006)
Pin step.fb set to 0.09801000000000006 (was 0.09604000000000006)
[INFO] hw.stepgen: =human= stepgen sg-cmd-pos=5.000000 rev sg-fb-pos=0.098010 rev sg-vel=1.980000 rps sg-acc=20.000000 rps2

=human= stepgen sg-cmd-pos=5.000000 rev sg-fb-pos=0.098010 rev sg-vel=1.980000 rps sg-acc=20.000000 rps2

[INFO] hw.pins: Pin step.fb set to 0.10000000000000006 (was 0.09801000000000006)
Pin step.fb set to 0.10000000000000006 (was 0.09801000000000006)
[INFO] hw.stepgen: =human= stepgen sg-cmd-pos=5.000000 rev sg-fb-pos=0.100000 rev sg-vel=2.000000 rps sg-acc=20.000000 rps2

=human= stepgen sg-cmd-pos=5.000000 rev sg-fb-pos=0.100000 rev sg-vel=2.000000 rps sg-acc=20.000000 rps2

[INFO] hw.pins: Pin step.cmd set to -5.0 (was 5.0)
Pin step.cmd set to -5.0 (was 5.0)
[INFO] hw.pins: Pin step.fb set to 0.10199000000000007 (was 0.10000000000000006)
Pin step.fb set to 0.10199000000000007 (was 0.10000000000000006)
[INFO] hw.stepgen: =human= stepgen sg-cmd-pos=-5.000000 rev sg-fb-pos=0.101990 rev sg-vel=1.980000 rps sg-acc=-20.000000 rps2

=human= stepgen sg-cmd-pos=-5.000000 rev sg-fb-pos=0.101990 rev sg-vel=1.980000 rps sg-acc=-20.000000 rps2

[INFO] hw.stepgen: =human= stepgen event=reaim sg-cmd-pos=-5.000000 rev sg-fb-pos=0.101990 rev sg-vel=1.980000 rps

=human= stepgen event=reaim sg-cmd-pos=-5.000000 rev sg-fb-pos=0.101990 rev sg-vel=1.980000 rps

[INFO] hw.pins: Pin step.fb set to 0.10396000000000007 (was 0.10199000000000007)
Pin step.fb set to 0.10396000000000007 (was 0.10199000000000007)
[INFO] hw.stepgen: =human= stepgen sg-cmd-pos=-5.000000 rev sg-fb-pos=0.103960 rev sg-vel=1.960000 rps sg-acc=-20.000000 rps2

=human= stepgen sg-cmd-pos=-5.000000 rev sg-fb-pos=0.103960 rev sg-vel=1.960000 rps sg-acc=-20.000000 rps2

[INFO] hw.pins: Pin step.fb set to 0.10591000000000007 (was 0.10396000000000007)
Pin step.fb set to 0.10591000000000007 (was 0.10396000000000007)
[INFO] hw.stepgen: =human= stepgen sg-cmd-pos=-5.000000 rev sg-fb-pos=0.105910 rev sg-vel=1.940000 rps sg-acc=-20.000000 rps2

=human= stepgen sg-cmd-pos=-5.000000 rev sg-fb-pos=0.105910 rev sg-vel=1.940000 rps sg-acc=-20.000000 rps2

[INFO] hw.pins: Pin step.fb set to 0.10784000000000007 (was 0.10591000000000007)
Pin step.fb set to 0.10784000000000007 (was 0.10591000000000007)
[INFO] hw.stepgen: =human= stepgen sg-cmd-pos=-5.000000 rev sg-fb-pos=0.107840 rev sg-vel=1.920000 rps sg-acc=-20.000000 rps2

=human= stepgen sg-cmd-pos=-5.000000 rev sg-fb-pos=0.107840 rev sg-vel=1.920000 rps sg-acc=-20.000000 rps2

[INFO] hw.pins: Pin step.fb set to 0.10975000000000007 (was 0.10784000000000007)
Pin step.fb set to 0.10975000000000007 (was 0.10784000000000007)
[INFO] hw.stepgen: =human= stepgen sg-cmd-pos=-5.000000 rev sg-fb-pos=0.109750 rev sg-vel=1.900000 rps sg-acc=-20.000000 rps2

=human= stepgen sg-cmd-pos=-5.000000 rev sg-fb-pos=0.109750 rev sg-vel=1.900000 rps sg-acc=-20.000000 rps2

[INFO] hw.pins: Pin step.fb set to 0.11164000000000007 (was 0.10975000000000007)
Pin step.fb set to 0.11164000000000007 (was 0.10975000000000007)
[INFO] hw.stepgen: =human= stepgen sg-cmd-pos=-5.000000 rev sg-fb-pos=0.111640 rev sg-vel=1.880000 rps sg-acc=-20.000000 rps2

=human= stepgen sg-cmd-pos=-5.000000 rev sg-fb-pos=0.111640 rev sg-vel=1.880000 rps sg-acc=-20.000000 rps2

[INFO] hw.pins: Pin step.fb set to 0.11351000000000007 (was 0.11164000000000007)
Pin step.fb set to 0.11351000000000007 (was 0.11164000000000007)
[INFO] hw.stepgen: =human= stepgen sg-cmd-pos=-5.000000 rev sg-fb-pos=0.113510 rev sg-vel=1.860000 rps sg-acc=-20.000000 rps2

=human= stepgen sg-cmd-pos=-5.000000 rev sg-fb-pos=0.113510 rev sg-vel=1.860000 rps sg-acc=-20.000000 rps2

[INFO] hw.pins: Pin step.fb set to 0.11536000000000007 (was 0.11351000000000007)
Pin step.fb set to 0.11536000000000007 (was 0.11351000000000007)
[INFO] hw.stepgen: =human= stepgen sg-cmd-pos=-5.000000 rev sg-fb-pos=0.115360 rev sg-vel=1.840000 rps sg-acc=-20.000000 rps2

=human= stepgen sg-cmd-pos=-5.000000 rev sg-fb-pos=0.115360 rev sg-vel=1.840000 rps sg-acc=-20.000000 rps2

[INFO] hw.pins: Pin step.fb set to 0.11719000000000007 (was 0.11536000000000007)
Pin step.fb set to 0.11719000000000007 (was 0.11536000000000007)
[INFO] hw.stepgen: =human= stepgen sg-cmd-pos=-5.000000 rev sg-fb-pos=0.117190 rev sg-vel=1.820000 rps sg-acc=-20.000000 rps2

=human= stepgen sg-cmd-pos=-5.000000 rev sg-fb-pos=0.117190 rev sg-vel=1.820000 rps sg-acc=-20.000000 rps2

[INFO] hw.pins: Pin step.fb set to 0.11900000000000008 (was 0.11719000000000007)
Pin step.fb set to 0.11900000000000008 (was 0.11719000000000007)
[INFO] hw.stepgen: =human= stepgen sg-cmd-pos=-5.000000 rev sg-fb-pos=0.119000 rev sg-vel=1.800000 rps sg-acc=-20.000000 rps2

=human= stepgen sg-cmd-pos=-5.000000 rev sg-fb-pos=0.119000 rev sg-vel=1.800000 rps sg-acc=-20.000000 rps2

[INFO] hw.pins: Pin step.fb set to 0.12079000000000008 (was 0.11900000000000008)
Pin step.fb set to 0.12079000000000008 (was 0.11900000000000008)
[INFO] hw.stepgen: =human= stepgen sg-cmd-pos=-5.000000 rev sg-fb-pos=0.120790 rev sg-vel=1.780000 rps sg-acc=-20.000000 rps2

=human= stepgen sg-cmd-pos=-5.000000 rev sg-fb-pos=0.120790 rev sg-vel=1.780000 rps sg-acc=-20.000000 rps2

[INFO] hw.pins: Pin step.fb set to 0.12256000000000009 (was 0.12079000000000008)
Pin step.fb set to 0.12256000000000009 (was 0.12079000000000008)
[INFO] hw.stepgen: =human= stepgen sg-cmd-pos=-5.000000 rev sg-fb-pos=0.122560 rev sg-vel=1.760000 rps sg-acc=-20.000000 rps2

=human= stepgen sg-cmd-pos=-5.000000 rev sg-fb-pos=0.122560 rev sg-vel=1.760000 rps sg-acc=-20.000000 rps2

[INFO] hw.pins: Pin step.fb set to 0.12431000000000009 (was 0.12256000000000009)
Pin step.fb set to 0.12431000000000009 (was 0.12256000000000009)
[INFO] hw.stepgen: =human= stepgen sg-cmd-pos=-5.000000 rev sg-fb-pos=0.124310 rev sg-vel=1.740000 rps sg-acc=-20.000000 rps2

=human= stepgen sg-cmd-pos=-5.000000 rev sg-fb-pos=0.124310 rev sg-vel=1.740000 rps sg-acc=-20.000000 rps2

[INFO] hw.pins: Pin step.fb set to 0.1260400000000001 (was 0.12431000000000009)
Pin step.fb set to 0.1260400000000001 (was 0.12431000000000009)
[INFO] hw.stepgen: =human= stepgen sg-cmd-pos=-5.000000 rev sg-fb-pos=0.126040 rev sg-vel=1.720000 rps sg-acc=-20.000000 rps2

=human= stepgen sg-cmd-pos=-5.000000 rev sg-fb-pos=0.126040 rev sg-vel=1.720000 rps sg-acc=-20.000000 rps2

[INFO] hw.pins: Pin step.fb set to 0.12775000000000009 (was 0.1260400000000001)
Pin step.fb set to 0.12775000000000009 (was 0.1260400000000001)
[INFO] hw.stepgen: =human= stepgen sg-cmd-pos=-5.000000 rev sg-fb-pos=0.127750 rev sg-vel=1.700000 rps sg-acc=-20.000000 rps2

=human= stepgen sg-cmd-pos=-5.000000 rev sg-fb-pos=0.127750 rev sg-vel=1.700000 rps sg-acc=-20.000000 rps2

[INFO] hw.pins: Pin step.fb set to 0.12944000000000008 (was 0.12775000000000009)
Pin step.fb set to 0.12944000000000008 (was 0.12775000000000009)
[INFO] hw.stepgen: =human= stepgen sg-cmd-pos=-5.000000 rev sg-fb-pos=0.129440 rev sg-vel=1.680000 rps sg-acc=-20.000000 rps2

=human= stepgen sg-cmd-pos=-5.000000 rev sg-fb-pos=0.129440 rev sg-vel=1.680000 rps sg-acc=-20.000000 rps2

[INFO] hw.pins: Pin step.fb set to 0.1311100000000001 (was 0.12944000000000008)
Pin step.fb set to 0.1311100000000001 (was 0.12944000000000008)
[INFO] hw.stepgen: =human= stepgen sg-cmd-pos=-5.000000 rev sg-fb-pos=0.131110 rev sg-vel=1.660000 rps sg-acc=-20.000000 rps2

=human= stepgen sg-cmd-pos=-5.000000 rev sg-fb-pos=0.131110 rev sg-vel=1.660000 rps sg-acc=-20.000000 rps2

[INFO] hw.pins: Pin step.fb set to 0.1327600000000001 (was 0.1311100000000001)
Pin step.fb set to 0.1327600000000001 (was 0.1311100000000001)
[INFO] hw.stepgen: =human= stepgen sg-cmd-pos=-5.000000 rev sg-fb-pos=0.132760 rev sg-vel=1.640000 rps sg-acc=-20.000000 rps2

=human= stepgen sg-cmd-pos=-5.000000 rev sg-fb-pos=0.132760 rev sg-vel=1.640000 rps sg-acc=-20.000000 rps2

[INFO] hw.pins: Pin step.fb set to 0.1343900000000001 (was 0.1327600000000001)
Pin step.fb set to 0.1343900000000001 (was 0.1327600000000001)
[INFO] hw.stepgen: =human= stepgen sg-cmd-pos=-5.000000 rev sg-fb-pos=0.134390 rev sg-vel=1.620000 rps sg-acc=-20.000000 rps2

=human= stepgen sg-cmd-pos=-5.000000 rev sg-fb-pos=0.134390 rev sg-vel=1.620000 rps sg-acc=-20.000000 rps2

[INFO] hw.pins: Pin step.fb set to 0.1360000000000001 (was 0.1343900000000001)
Pin step.fb set to 0.1360000000000001 (was 0.1343900000000001)
[INFO] hw.stepgen: =human= stepgen sg-cmd-pos=-5.000000 rev sg-fb-pos=0.136000 rev sg-vel=1.600000 rps sg-acc=-20.000000 rps2

=human= stepgen sg-cmd-pos=-5.000000 rev sg-fb-pos=0.136000 rev sg-vel=1.600000 rps sg-acc=-20.000000 rps2

[INFO] hw.pins: Pin step.fb set to 0.1375900000000001 (was 0.1360000000000001)
Pin step.fb set to 0.1375900000000001 (was 0.1360000000000001)
[INFO] hw.stepgen: =human= stepgen sg-cmd-pos=-5.000000 rev sg-fb-pos=0.137590 rev sg-vel=1.580000 rps sg-acc=-20.000000 rps2

=human= stepgen sg-cmd-pos=-5.000000 rev sg-fb-pos=0.137590 rev sg-vel=1.580000 rps sg-acc=-20.000000 rps2

[INFO] hw.pins: Pin step.fb set to 0.1391600000000001 (was 0.1375900000000001)
Pin step.fb set to 0.1391600000000001 (was 0.1375900000000001)
[INFO] hw.stepgen: =human= stepgen sg-cmd-pos=-5.000000 rev sg-fb-pos=0.139160 rev sg-vel=1.560000 rps sg-acc=-20.000000 rps2

=human= stepgen sg-cmd-pos=-5.000000 rev sg-fb-pos=0.139160 rev sg-vel=1.560000 rps sg-acc=-20.000000 rps2

[INFO] hw.pins: Pin step.fb set to 0.14071000000000009 (was 0.1391600000000001)
Pin step.fb set to 0.14071000000000009 (was 0.1391600000000001)
[INFO] hw.stepgen: =human= stepgen sg-cmd-pos=-5.000000 rev sg-fb-pos=0.140710 rev sg-vel=1.540000 rps sg-acc=-20.000000 rps2

=human= stepgen sg-cmd-pos=-5.000000 rev sg-fb-pos=0.140710 rev sg-vel=1.540000 rps sg-acc=-20.000000 rps2

[INFO] hw.pins: Pin step.fb set to 0.1422400000000001 (was 0.14071000000000009)
Pin step.fb set to 0.1422400000000001 (was 0.14071000000000009)
[INFO] hw.stepgen: =human= stepgen sg-cmd-pos=-5.000000 rev sg-fb-pos=0.142240 rev sg-vel=1.520000 rps sg-acc=-20.000000 rps2

=human= stepgen sg-cmd-pos=-5.000000 rev sg-fb-pos=0.142240 rev sg-vel=1.520000 rps sg-acc=-20.000000 rps2

[INFO] hw.pins: Pin step.fb set to 0.1437500000000001 (was 0.1422400000000001)
Pin step.fb set to 0.1437500000000001 (was 0.1422400000000001)
[INFO] hw.stepgen: =human= stepgen sg-cmd-pos=-5.000000 rev sg-fb-pos=0.143750 rev sg-vel=1.500000 rps sg-acc=-20.000000 rps2

=human= stepgen sg-cmd-pos=-5.000000 rev sg-fb-pos=0.143750 rev sg-vel=1.500000 rps sg-acc=-20.000000 rps2

[INFO] hw.pins: Pin step.fb set to 0.1452400000000001 (was 0.1437500000000001)
Pin step.fb set to 0.1452400000000001 (was 0.1437500000000001)
[INFO] hw.stepgen: =human= stepgen sg-cmd-pos=-5.000000 rev sg-fb-pos=0.145240 rev sg-vel=1.480000 rps sg-acc=-20.000000 rps2

=human= stepgen sg-cmd-pos=-5.000000 rev sg-fb-pos=0.145240 rev sg-vel=1.480000 rps sg-acc=-20.000000 rps2

[INFO] hw.pins: Pin step.fb set to 0.1467100000000001 (was 0.1452400000000001)
Pin step.fb set to 0.1467100000000001 (was 0.1452400000000001)
[INFO] hw.stepgen: =human= stepgen sg-cmd-pos=-5.000000 rev sg-fb-pos=0.146710 rev sg-vel=1.460000 rps sg-acc=-20.000000 rps2

=human= stepgen sg-cmd-pos=-5.000000 rev sg-fb-pos=0.146710 rev sg-vel=1.460000 rps sg-acc=-20.000000 rps2

[INFO] hw.pins: Pin step.fb set to 0.1481600000000001 (was 0.1467100000000001)
Pin step.fb set to 0.1481600000000001 (was 0.1467100000000001)
[INFO] hw.stepgen: =human= stepgen sg-cmd-pos=-5.000000 rev sg-fb-pos=0.148160 rev sg-vel=1.440000 rps sg-acc=-20.000000 rps2

=human= stepgen sg-cmd-pos=-5.000000 rev sg-fb-pos=0.148160 rev sg-vel=1.440000 rps sg-acc=-20.000000 rps2

[INFO] hw.pins: Pin step.fb set to 0.1495900000000001 (was 0.1481600000000001)
Pin step.fb set to 0.1495900000000001 (was 0.1481600000000001)
[INFO] hw.stepgen: =human= stepgen sg-cmd-pos=-5.000000 rev sg-fb-pos=0.149590 rev sg-vel=1.420000 rps sg-acc=-20.000000 rps2

=human= stepgen sg-cmd-pos=-5.000000 rev sg-fb-pos=0.149590 rev sg-vel=1.420000 rps sg-acc=-20.000000 rps2

[INFO] hw.pins: Pin step.fb set to 0.1510000000000001 (was 0.1495900000000001)
Pin step.fb set to 0.1510000000000001 (was 0.1495900000000001)
[INFO] hw.stepgen: =human= stepgen sg-cmd-pos=-5.000000 rev sg-fb-pos=0.151000 rev sg-vel=1.400000 rps sg-acc=-20.000000 rps2

=human= stepgen sg-cmd-pos=-5.000000 rev sg-fb-pos=0.151000 rev sg-vel=1.400000 rps sg-acc=-20.000000 rps2

[INFO] hw.pins: Pin step.fb set to 0.1523900000000001 (was 0.1510000000000001)
Pin step.fb set to 0.1523900000000001 (was 0.1510000000000001)
[INFO] hw.stepgen: =human= stepgen sg-cmd-pos=-5.000000 rev sg-fb-pos=0.152390 rev sg-vel=1.380000 rps sg-acc=-20.000000 rps2

=human= stepgen sg-cmd-pos=-5.000000 rev sg-fb-pos=0.152390 rev sg-vel=1.380000 rps sg-acc=-20.000000 rps2

[INFO] hw.pins: Pin step.fb set to 0.15376000000000012 (was 0.1523900000000001)
Pin step.fb set to 0.15376000000000012 (was 0.1523900000000001)
[INFO] hw.stepgen: =human= stepgen sg-cmd-pos=-5.000000 rev sg-fb-pos=0.153760 rev sg-vel=1.360000 rps sg-acc=-20.000000 rps2

=human= stepgen sg-cmd-pos=-5.000000 rev sg-fb-pos=0.153760 rev sg-vel=1.360000 rps sg-acc=-20.000000 rps2

[INFO] hw.pins: Pin step.fb set to 0.1551100000000001 (was 0.15376000000000012)
Pin step.fb set to 0.1551100000000001 (was 0.15376000000000012)
[INFO] hw.stepgen: =human= stepgen sg-cmd-pos=-5.000000 rev sg-fb-pos=0.155110 rev sg-vel=1.340000 rps sg-acc=-20.000000 rps2

=human= stepgen sg-cmd-pos=-5.000000 rev sg-fb-pos=0.155110 rev sg-vel=1.340000 rps sg-acc=-20.000000 rps2

[INFO] hw.pins: Pin step.fb set to 0.1564400000000001 (was 0.1551100000000001)
Pin step.fb set to 0.1564400000000001 (was 0.1551100000000001)
[INFO] hw.stepgen: =human= stepgen sg-cmd-pos=-5.000000 rev sg-fb-pos=0.156440 rev sg-vel=1.320000 rps sg-acc=-20.000000 rps2

=human= stepgen sg-cmd-pos=-5.000000 rev sg-fb-pos=0.156440 rev sg-vel=1.320000 rps sg-acc=-20.000000 rps2

[INFO] hw.pins: Pin step.fb set to 0.1577500000000001 (was 0.1564400000000001)
Pin step.fb set to 0.1577500000000001 (was 0.1564400000000001)
[INFO] hw.stepgen: =human= stepgen sg-cmd-pos=-5.000000 rev sg-fb-pos=0.157750 rev sg-vel=1.300000 rps sg-acc=-20.000000 rps2

=human= stepgen sg-cmd-pos=-5.000000 rev sg-fb-pos=0.157750 rev sg-vel=1.300000 rps sg-acc=-20.000000 rps2

[INFO] hw.pins: Pin step.fb set to 0.15904000000000013 (was 0.1577500000000001)
Pin step.fb set to 0.15904000000000013 (was 0.1577500000000001)
[INFO] hw.stepgen: =human= stepgen sg-cmd-pos=-5.000000 rev sg-fb-pos=0.159040 rev sg-vel=1.280000 rps sg-acc=-20.000000 rps2

=human= stepgen sg-cmd-pos=-5.000000 rev sg-fb-pos=0.159040 rev sg-vel=1.280000 rps sg-acc=-20.000000 rps2

[INFO] hw.pins: Pin step.fb set to 0.16031000000000012 (was 0.15904000000000013)
Pin step.fb set to 0.16031000000000012 (was 0.15904000000000013)
[INFO] hw.stepgen: =human= stepgen sg-cmd-pos=-5.000000 rev sg-fb-pos=0.160310 rev sg-vel=1.260000 rps sg-acc=-20.000000 rps2

=human= stepgen sg-cmd-pos=-5.000000 rev sg-fb-pos=0.160310 rev sg-vel=1.260000 rps sg-acc=-20.000000 rps2

[INFO] hw.pins: Pin step.fb set to 0.16156000000000012 (was 0.16031000000000012)
Pin step.fb set to 0.16156000000000012 (was 0.16031000000000012)
[INFO] hw.stepgen: =human= stepgen sg-cmd-pos=-5.000000 rev sg-fb-pos=0.161560 rev sg-vel=1.240000 rps sg-acc=-20.000000 rps2

=human= stepgen sg-cmd-pos=-5.000000 rev sg-fb-pos=0.161560 rev sg-vel=1.240000 rps sg-acc=-20.000000 rps2

[INFO] hw.pins: Pin step.fb set to 0.16279000000000013 (was 0.16156000000000012)
Pin step.fb set to 0.16279000000000013 (was 0.16156000000000012)
[INFO] hw.stepgen: =human= stepgen sg-cmd-pos=-5.000000 rev sg-fb-pos=0.162790 rev sg-vel=1.220000 rps sg-acc=-20.000000 rps2

=human= stepgen sg-cmd-pos=-5.000000 rev sg-fb-pos=0.162790 rev sg-vel=1.220000 rps sg-acc=-20.000000 rps2

[INFO] hw.pins: Pin step.fb set to 0.16400000000000012 (was 0.16279000000000013)
Pin step.fb set to 0.16400000000000012 (was 0.16279000000000013)
[INFO] hw.stepgen: =human= stepgen sg-cmd-pos=-5.000000 rev sg-fb-pos=0.164000 rev sg-vel=1.200000 rps sg-acc=-20.000000 rps2

=human= stepgen sg-cmd-pos=-5.000000 rev sg-fb-pos=0.164000 rev sg-vel=1.200000 rps sg-acc=-20.000000 rps2

[INFO] hw.pins: Pin step.fb set to 0.16519000000000011 (was 0.16400000000000012)
Pin step.fb set to 0.16519000000000011 (was 0.16400000000000012)
[INFO] hw.stepgen: =human= stepgen sg-cmd-pos=-5.000000 rev sg-fb-pos=0.165190 rev sg-vel=1.180000 rps sg-acc=-20.000000 rps2

=human= stepgen sg-cmd-pos=-5.000000 rev sg-fb-pos=0.165190 rev sg-vel=1.180000 rps sg-acc=-20.000000 rps2

[INFO] hw.pins: Pin step.fb set to 0.16636000000000012 (was 0.16519000000000011)
Pin step.fb set to 0.16636000000000012 (was 0.16519000000000011)
[INFO] hw.stepgen: =human= stepgen sg-cmd-pos=-5.000000 rev sg-fb-pos=0.166360 rev sg-vel=1.160000 rps sg-acc=-20.000000 rps2

=human= stepgen sg-cmd-pos=-5.000000 rev sg-fb-pos=0.166360 rev sg-vel=1.160000 rps sg-acc=-20.000000 rps2

[INFO] hw.pins: Pin step.fb set to 0.16751000000000013 (was 0.16636000000000012)
Pin step.fb set to 0.16751000000000013 (was 0.16636000000000012)
[INFO] hw.stepgen: =human= stepgen sg-cmd-pos=-5.000000 rev sg-fb-pos=0.167510 rev sg-vel=1.140000 rps sg-acc=-20.000000 rps2

=human= stepgen sg-cmd-pos=-5.000000 rev sg-fb-pos=0.167510 rev sg-vel=1.140000 rps sg-acc=-20.000000 rps2

[INFO] hw.pins: Pin step.fb set to 0.16864000000000012 (was 0.16751000000000013)
Pin step.fb set to 0.16864000000000012 (was 0.16751000000000013)
[INFO] hw.stepgen: =human= stepgen sg-cmd-pos=-5.000000 rev sg-fb-pos=0.168640 rev sg-vel=1.120000 rps sg-acc=-20.000000 rps2

=human= stepgen sg-cmd-pos=-5.000000 rev sg-fb-pos=0.168640 rev sg-vel=1.120000 rps sg-acc=-20.000000 rps2

[INFO] hw.pins: Pin step.fb set to 0.16975000000000012 (was 0.16864000000000012)
Pin step.fb set to 0.16975000000000012 (was 0.16864000000000012)
[INFO] hw.stepgen: =human= stepgen sg-cmd-pos=-5.000000 rev sg-fb-pos=0.169750 rev sg-vel=1.100000 rps sg-acc=-20.000000 rps2

=human= stepgen sg-cmd-pos=-5.000000 rev sg-fb-pos=0.169750 rev sg-vel=1.100000 rps sg-acc=-20.000000 rps2

[INFO] hw.pins: Pin step.fb set to 0.17084000000000013 (was 0.16975000000000012)
Pin step.fb set to 0.17084000000000013 (was 0.16975000000000012)
[INFO] hw.stepgen: =human= stepgen sg-cmd-pos=-5.000000 rev sg-fb-pos=0.170840 rev sg-vel=1.080000 rps sg-acc=-20.000000 rps2

=human= stepgen sg-cmd-pos=-5.000000 rev sg-fb-pos=0.170840 rev sg-vel=1.080000 rps sg-acc=-20.000000 rps2

[INFO] hw.pins: Pin step.fb set to 0.17191000000000012 (was 0.17084000000000013)
Pin step.fb set to 0.17191000000000012 (was 0.17084000000000013)
[INFO] hw.stepgen: =human= stepgen sg-cmd-pos=-5.000000 rev sg-fb-pos=0.171910 rev sg-vel=1.060000 rps sg-acc=-20.000000 rps2

=human= stepgen sg-cmd-pos=-5.000000 rev sg-fb-pos=0.171910 rev sg-vel=1.060000 rps sg-acc=-20.000000 rps2

[INFO] hw.pins: Pin step.fb set to 0.1729600000000001 (was 0.17191000000000012)
Pin step.fb set to 0.1729600000000001 (was 0.17191000000000012)
[INFO] hw.stepgen: =human= stepgen sg-cmd-pos=-5.000000 rev sg-fb-pos=0.172960 rev sg-vel=1.040000 rps sg-acc=-20.000000 rps2

=human= stepgen sg-cmd-pos=-5.000000 rev sg-fb-pos=0.172960 rev sg-vel=1.040000 rps sg-acc=-20.000000 rps2

[INFO] hw.pins: Pin step.fb set to 0.17399000000000012 (was 0.1729600000000001)
Pin step.fb set to 0.17399000000000012 (was 0.1729600000000001)
[INFO] hw.stepgen: =human= stepgen sg-cmd-pos=-5.000000 rev sg-fb-pos=0.173990 rev sg-vel=1.020000 rps sg-acc=-20.000000 rps2

=human= stepgen sg-cmd-pos=-5.000000 rev sg-fb-pos=0.173990 rev sg-vel=1.020000 rps sg-acc=-20.000000 rps2

[INFO] hw.pins: Pin step.fb set to 0.17500000000000013 (was 0.17399000000000012)
Pin step.fb set to 0.17500000000000013 (was 0.17399000000000012)
[INFO] hw.stepgen: =human= stepgen sg-cmd-pos=-5.000000 rev sg-fb-pos=0.175000 rev sg-vel=1.000000 rps sg-acc=-20.000000 rps2

=human= stepgen sg-cmd-pos=-5.000000 rev sg-fb-pos=0.175000 rev sg-vel=1.000000 rps sg-acc=-20.000000 rps2

[INFO] hw.pins: Pin step.fb set to 0.17599000000000012 (was 0.17500000000000013)
Pin step.fb set to 0.17599000000000012 (was 0.17500000000000013)
[INFO] hw.stepgen: =human= stepgen sg-cmd-pos=-5.000000 rev sg-fb-pos=0.175990 rev sg-vel=0.980000 rps sg-acc=-20.000000 rps2

=human= stepgen sg-cmd-pos=-5.000000 rev sg-fb-pos=0.175990 rev sg-vel=0.980000 rps sg-acc=-20.000000 rps2

[INFO] hw.pins: Pin step.fb set to 0.17696000000000012 (was 0.17599000000000012)
Pin step.fb set to 0.17696000000000012 (was 0.17599000000000012)
[INFO] hw.stepgen: =human= stepgen sg-cmd-pos=-5.000000 rev sg-fb-pos=0.176960 rev sg-vel=0.960000 rps sg-acc=-20.000000 rps2

=human= stepgen sg-cmd-pos=-5.000000 rev sg-fb-pos=0.176960 rev sg-vel=0.960000 rps sg-acc=-20.000000 rps2

[INFO] hw.pins: Pin step.fb set to 0.17791000000000012 (was 0.17696000000000012)
Pin step.fb set to 0.17791000000000012 (was 0.17696000000000012)
[INFO] hw.stepgen: =human= stepgen sg-cmd-pos=-5.000000 rev sg-fb-pos=0.177910 rev sg-vel=0.940000 rps sg-acc=-20.000000 rps2

=human= stepgen sg-cmd-pos=-5.000000 rev sg-fb-pos=0.177910 rev sg-vel=0.940000 rps sg-acc=-20.000000 rps2

[INFO] hw.pins: Pin step.fb set to 0.17884000000000014 (was 0.17791000000000012)
Pin step.fb set to 0.17884000000000014 (was 0.17791000000000012)
[INFO] hw.stepgen: =human= stepgen sg-cmd-pos=-5.000000 rev sg-fb-pos=0.178840 rev sg-vel=0.920000 rps sg-acc=-20.000000 rps2

=human= stepgen sg-cmd-pos=-5.000000 rev sg-fb-pos=0.178840 rev sg-vel=0.920000 rps sg-acc=-20.000000 rps2

[INFO] hw.pins: Pin step.fb set to 0.17975000000000013 (was 0.17884000000000014)
Pin step.fb set to 0.17975000000000013 (was 0.17884000000000014)
[INFO] hw.stepgen: =human= stepgen sg-cmd-pos=-5.000000 rev sg-fb-pos=0.179750 rev sg-vel=0.900000 rps sg-acc=-20.000000 rps2

=human= stepgen sg-cmd-pos=-5.000000 rev sg-fb-pos=0.179750 rev sg-vel=0.900000 rps sg-acc=-20.000000 rps2

[INFO] hw.pins: Pin step.fb set to 0.18064000000000013 (was 0.17975000000000013)
Pin step.fb set to 0.18064000000000013 (was 0.17975000000000013)
[INFO] hw.stepgen: =human= stepgen sg-cmd-pos=-5.000000 rev sg-fb-pos=0.180640 rev sg-vel=0.880000 rps sg-acc=-20.000000 rps2

=human= stepgen sg-cmd-pos=-5.000000 rev sg-fb-pos=0.180640 rev sg-vel=0.880000 rps sg-acc=-20.000000 rps2

[INFO] hw.pins: Pin step.fb set to 0.18151000000000014 (was 0.18064000000000013)
Pin step.fb set to 0.18151000000000014 (was 0.18064000000000013)
[INFO] hw.stepgen: =human= stepgen sg-cmd-pos=-5.000000 rev sg-fb-pos=0.181510 rev sg-vel=0.860000 rps sg-acc=-20.000000 rps2

=human= stepgen sg-cmd-pos=-5.000000 rev sg-fb-pos=0.181510 rev sg-vel=0.860000 rps sg-acc=-20.000000 rps2

[INFO] hw.pins: Pin step.fb set to 0.18236000000000013 (was 0.18151000000000014)
Pin step.fb set to 0.18236000000000013 (was 0.18151000000000014)
[INFO] hw.stepgen: =human= stepgen sg-cmd-pos=-5.000000 rev sg-fb-pos=0.182360 rev sg-vel=0.840000 rps sg-acc=-20.000000 rps2

=human= stepgen sg-cmd-pos=-5.000000 rev sg-fb-pos=0.182360 rev sg-vel=0.840000 rps sg-acc=-20.000000 rps2

[INFO] hw.pins: Pin step.fb set to 0.18319000000000013 (was 0.18236000000000013)
Pin step.fb set to 0.18319000000000013 (was 0.18236000000000013)
[INFO] hw.stepgen: =human= stepgen sg-cmd-pos=-5.000000 rev sg-fb-pos=0.183190 rev sg-vel=0.820000 rps sg-acc=-20.000000 rps2

=human= stepgen sg-cmd-pos=-5.000000 rev sg-fb-pos=0.183190 rev sg-vel=0.820000 rps sg-acc=-20.000000 rps2

[INFO] hw.pins: Pin step.fb set to 0.18400000000000014 (was 0.18319000000000013)
Pin step.fb set to 0.18400000000000014 (was 0.18319000000000013)
[INFO] hw.stepgen: =human= stepgen sg-cmd-pos=-5.000000 rev sg-fb-pos=0.184000 rev sg-vel=0.800000 rps sg-acc=-20.000000 rps2

=human= stepgen sg-cmd-pos=-5.000000 rev sg-fb-pos=0.184000 rev sg-vel=0.800000 rps sg-acc=-20.000000 rps2

[INFO] hw.pins: Pin step.fb set to 0.18479000000000015 (was 0.18400000000000014)
Pin step.fb set to 0.18479000000000015 (was 0.18400000000000014)
[INFO] hw.stepgen: =human= stepgen sg-cmd-pos=-5.000000 rev sg-fb-pos=0.184790 rev sg-vel=0.780000 rps sg-acc=-20.000000 rps2

=human= stepgen sg-cmd-pos=-5.000000 rev sg-fb-pos=0.184790 rev sg-vel=0.780000 rps sg-acc=-20.000000 rps2

[INFO] hw.pins: Pin step.fb set to 0.18556000000000014 (was 0.18479000000000015)
Pin step.fb set to 0.18556000000000014 (was 0.18479000000000015)
[INFO] hw.stepgen: =human= stepgen sg-cmd-pos=-5.000000 rev sg-fb-pos=0.185560 rev sg-vel=0.760000 rps sg-acc=-20.000000 rps2

=human= stepgen sg-cmd-pos=-5.000000 rev sg-fb-pos=0.185560 rev sg-vel=0.760000 rps sg-acc=-20.000000 rps2

[INFO] hw.pins: Pin step.fb set to 0.18631000000000014 (was 0.18556000000000014)
Pin step.fb set to 0.18631000000000014 (was 0.18556000000000014)
[INFO] hw.stepgen: =human= stepgen sg-cmd-pos=-5.000000 rev sg-fb-pos=0.186310 rev sg-vel=0.740000 rps sg-acc=-20.000000 rps2

=human= stepgen sg-cmd-pos=-5.000000 rev sg-fb-pos=0.186310 rev sg-vel=0.740000 rps sg-acc=-20.000000 rps2

[INFO] hw.pins: Pin step.fb set to 0.18704000000000015 (was 0.18631000000000014)
Pin step.fb set to 0.18704000000000015 (was 0.18631000000000014)
[INFO] hw.stepgen: =human= stepgen sg-cmd-pos=-5.000000 rev sg-fb-pos=0.187040 rev sg-vel=0.720000 rps sg-acc=-20.000000 rps2

=human= stepgen sg-cmd-pos=-5.000000 rev sg-fb-pos=0.187040 rev sg-vel=0.720000 rps sg-acc=-20.000000 rps2

[INFO] hw.pins: Pin step.fb set to 0.18775000000000014 (was 0.18704000000000015)
Pin step.fb set to 0.18775000000000014 (was 0.18704000000000015)
[INFO] hw.stepgen: =human= stepgen sg-cmd-pos=-5.000000 rev sg-fb-pos=0.187750 rev sg-vel=0.700000 rps sg-acc=-20.000000 rps2

=human= stepgen sg-cmd-pos=-5.000000 rev sg-fb-pos=0.187750 rev sg-vel=0.700000 rps sg-acc=-20.000000 rps2

[INFO] hw.pins: Pin step.fb set to 0.18844000000000014 (was 0.18775000000000014)
Pin step.fb set to 0.18844000000000014 (was 0.18775000000000014)
[INFO] hw.stepgen: =human= stepgen sg-cmd-pos=-5.000000 rev sg-fb-pos=0.188440 rev sg-vel=0.680000 rps sg-acc=-20.000000 rps2

=human= stepgen sg-cmd-pos=-5.000000 rev sg-fb-pos=0.188440 rev sg-vel=0.680000 rps sg-acc=-20.000000 rps2

[INFO] hw.pins: Pin step.fb set to 0.18911000000000014 (was 0.18844000000000014)
Pin step.fb set to 0.18911000000000014 (was 0.18844000000000014)
[INFO] hw.stepgen: =human= stepgen sg-cmd-pos=-5.000000 rev sg-fb-pos=0.189110 rev sg-vel=0.660000 rps sg-acc=-20.000000 rps2

=human= stepgen sg-cmd-pos=-5.000000 rev sg-fb-pos=0.189110 rev sg-vel=0.660000 rps sg-acc=-20.000000 rps2

[INFO] hw.pins: Pin step.fb set to 0.18976000000000015 (was 0.18911000000000014)
Pin step.fb set to 0.18976000000000015 (was 0.18911000000000014)
[INFO] hw.stepgen: =human= stepgen sg-cmd-pos=-5.000000 rev sg-fb-pos=0.189760 rev sg-vel=0.640000 rps sg-acc=-20.000000 rps2

=human= stepgen sg-cmd-pos=-5.000000 rev sg-fb-pos=0.189760 rev sg-vel=0.640000 rps sg-acc=-20.000000 rps2

[INFO] hw.pins: Pin step.fb set to 0.19039000000000014 (was 0.18976000000000015)
Pin step.fb set to 0.19039000000000014 (was 0.18976000000000015)
[INFO] hw.stepgen: =human= stepgen sg-cmd-pos=-5.000000 rev sg-fb-pos=0.190390 rev sg-vel=0.620000 rps sg-acc=-20.000000 rps2

=human= stepgen sg-cmd-pos=-5.000000 rev sg-fb-pos=0.190390 rev sg-vel=0.620000 rps sg-acc=-20.000000 rps2

[INFO] hw.pins: Pin step.fb set to 0.19100000000000014 (was 0.19039000000000014)
Pin step.fb set to 0.19100000000000014 (was 0.19039000000000014)
[INFO] hw.stepgen: =human= stepgen sg-cmd-pos=-5.000000 rev sg-fb-pos=0.191000 rev sg-vel=0.600000 rps sg-acc=-20.000000 rps2

=human= stepgen sg-cmd-pos=-5.000000 rev sg-fb-pos=0.191000 rev sg-vel=0.600000 rps sg-acc=-20.000000 rps2

[INFO] hw.pins: Pin step.fb set to 0.19159000000000015 (was 0.19100000000000014)
Pin step.fb set to 0.19159000000000015 (was 0.19100000000000014)
[INFO] hw.stepgen: =human= stepgen sg-cmd-pos=-5.000000 rev sg-fb-pos=0.191590 rev sg-vel=0.580000 rps sg-acc=-20.000000 rps2

=human= stepgen sg-cmd-pos=-5.000000 rev sg-fb-pos=0.191590 rev sg-vel=0.580000 rps sg-acc=-20.000000 rps2

[INFO] hw.pins: Pin step.fb set to 0.19216000000000014 (was 0.19159000000000015)
Pin step.fb set to 0.19216000000000014 (was 0.19159000000000015)
[INFO] hw.stepgen: =human= stepgen sg-cmd-pos=-5.000000 rev sg-fb-pos=0.192160 rev sg-vel=0.560000 rps sg-acc=-20.000000 rps2

=human= stepgen sg-cmd-pos=-5.000000 rev sg-fb-pos=0.192160 rev sg-vel=0.560000 rps sg-acc=-20.000000 rps2

[INFO] hw.pins: Pin step.fb set to 0.19271000000000013 (was 0.19216000000000014)
Pin step.fb set to 0.19271000000000013 (was 0.19216000000000014)
[INFO] hw.stepgen: =human= stepgen sg-cmd-pos=-5.000000 rev sg-fb-pos=0.192710 rev sg-vel=0.540000 rps sg-acc=-20.000000 rps2

=human= stepgen sg-cmd-pos=-5.000000 rev sg-fb-pos=0.192710 rev sg-vel=0.540000 rps sg-acc=-20.000000 rps2

[INFO] hw.pins: Pin step.fb set to 0.19324000000000013 (was 0.19271000000000013)
Pin step.fb set to 0.19324000000000013 (was 0.19271000000000013)
[INFO] hw.stepgen: =human= stepgen sg-cmd-pos=-5.000000 rev sg-fb-pos=0.193240 rev sg-vel=0.520000 rps sg-acc=-20.000000 rps2

=human= stepgen sg-cmd-pos=-5.000000 rev sg-fb-pos=0.193240 rev sg-vel=0.520000 rps sg-acc=-20.000000 rps2

[INFO] hw.pins: Pin step.fb set to 0.19375000000000014 (was 0.19324000000000013)
Pin step.fb set to 0.19375000000000014 (was 0.19324000000000013)
[INFO] hw.stepgen: =human= stepgen sg-cmd-pos=-5.000000 rev sg-fb-pos=0.193750 rev sg-vel=0.500000 rps sg-acc=-20.000000 rps2

=human= stepgen sg-cmd-pos=-5.000000 rev sg-fb-pos=0.193750 rev sg-vel=0.500000 rps sg-acc=-20.000000 rps2

[INFO] hw.pins: Pin step.fb set to 0.19424000000000013 (was 0.19375000000000014)
Pin step.fb set to 0.19424000000000013 (was 0.19375000000000014)
[INFO] hw.stepgen: =human= stepgen sg-cmd-pos=-5.000000 rev sg-fb-pos=0.194240 rev sg-vel=0.480000 rps sg-acc=-20.000000 rps2

=human= stepgen sg-cmd-pos=-5.000000 rev sg-fb-pos=0.194240 rev sg-vel=0.480000 rps sg-acc=-20.000000 rps2

[INFO] hw.pins: Pin step.fb set to 0.19471000000000013 (was 0.19424000000000013)
Pin step.fb set to 0.19471000000000013 (was 0.19424000000000013)
[INFO] hw.stepgen: =human= stepgen sg-cmd-pos=-5.000000 rev sg-fb-pos=0.194710 rev sg-vel=0.460000 rps sg-acc=-20.000000 rps2

=human= stepgen sg-cmd-pos=-5.000000 rev sg-fb-pos=0.194710 rev sg-vel=0.460000 rps sg-acc=-20.000000 rps2

[INFO] hw.pins: Pin step.fb set to 0.19516000000000014 (was 0.19471000000000013)
Pin step.fb set to 0.19516000000000014 (was 0.19471000000000013)
[INFO] hw.stepgen: =human= stepgen sg-cmd-pos=-5.000000 rev sg-fb-pos=0.195160 rev sg-vel=0.440000 rps sg-acc=-20.000000 rps2

=human= stepgen sg-cmd-pos=-5.000000 rev sg-fb-pos=0.195160 rev sg-vel=0.440000 rps sg-acc=-20.000000 rps2

[INFO] hw.pins: Pin step.fb set to 0.19559000000000015 (was 0.19516000000000014)
Pin step.fb set to 0.19559000000000015 (was 0.19516000000000014)
[INFO] hw.stepgen: =human= stepgen sg-cmd-pos=-5.000000 rev sg-fb-pos=0.195590 rev sg-vel=0.420000 rps sg-acc=-20.000000 rps2

=human= stepgen sg-cmd-pos=-5.000000 rev sg-fb-pos=0.195590 rev sg-vel=0.420000 rps sg-acc=-20.000000 rps2

[INFO] hw.pins: Pin step.fb set to 0.19600000000000015 (was 0.19559000000000015)
Pin step.fb set to 0.19600000000000015 (was 0.19559000000000015)
[INFO] hw.stepgen: =human= stepgen sg-cmd-pos=-5.000000 rev sg-fb-pos=0.196000 rev sg-vel=0.400000 rps sg-acc=-20.000000 rps2

=human= stepgen sg-cmd-pos=-5.000000 rev sg-fb-pos=0.196000 rev sg-vel=0.400000 rps sg-acc=-20.000000 rps2

[INFO] hw.pins: Pin step.fb set to 0.19639000000000015 (was 0.19600000000000015)
Pin step.fb set to 0.19639000000000015 (was 0.19600000000000015)
[INFO] hw.stepgen: =human= stepgen sg-cmd-pos=-5.000000 rev sg-fb-pos=0.196390 rev sg-vel=0.380000 rps sg-acc=-20.000000 rps2

=human= stepgen sg-cmd-pos=-5.000000 rev sg-fb-pos=0.196390 rev sg-vel=0.380000 rps sg-acc=-20.000000 rps2

[INFO] hw.pins: Pin step.fb set to 0.19676000000000016 (was 0.19639000000000015)
Pin step.fb set to 0.19676000000000016 (was 0.19639000000000015)
[INFO] hw.stepgen: =human= stepgen sg-cmd-pos=-5.000000 rev sg-fb-pos=0.196760 rev sg-vel=0.360000 rps sg-acc=-20.000000 rps2

=human= stepgen sg-cmd-pos=-5.000000 rev sg-fb-pos=0.196760 rev sg-vel=0.360000 rps sg-acc=-20.000000 rps2

[INFO] hw.pins: Pin step.fb set to 0.19711000000000015 (was 0.19676000000000016)
Pin step.fb set to 0.19711000000000015 (was 0.19676000000000016)
[INFO] hw.stepgen: =human= stepgen sg-cmd-pos=-5.000000 rev sg-fb-pos=0.197110 rev sg-vel=0.340000 rps sg-acc=-20.000000 rps2

=human= stepgen sg-cmd-pos=-5.000000 rev sg-fb-pos=0.197110 rev sg-vel=0.340000 rps sg-acc=-20.000000 rps2

[INFO] hw.pins: Pin step.fb set to 0.19744000000000014 (was 0.19711000000000015)
Pin step.fb set to 0.19744000000000014 (was 0.19711000000000015)
[INFO] hw.stepgen: =human= stepgen sg-cmd-pos=-5.000000 rev sg-fb-pos=0.197440 rev sg-vel=0.320000 rps sg-acc=-20.000000 rps2

=human= stepgen sg-cmd-pos=-5.000000 rev sg-fb-pos=0.197440 rev sg-vel=0.320000 rps sg-acc=-20.000000 rps2

[INFO] hw.pins: Pin step.fb set to 0.19775000000000015 (was 0.19744000000000014)
Pin step.fb set to 0.19775000000000015 (was 0.19744000000000014)
[INFO] hw.stepgen: =human= stepgen sg-cmd-pos=-5.000000 rev sg-fb-pos=0.197750 rev sg-vel=0.300000 rps sg-acc=-20.000000 rps2

=human= stepgen sg-cmd-pos=-5.000000 rev sg-fb-pos=0.197750 rev sg-vel=0.300000 rps sg-acc=-20.000000 rps2

[INFO] hw.pins: Pin step.fb set to 0.19804000000000016 (was 0.19775000000000015)
Pin step.fb set to 0.19804000000000016 (was 0.19775000000000015)
[INFO] hw.stepgen: =human= stepgen sg-cmd-pos=-5.000000 rev sg-fb-pos=0.198040 rev sg-vel=0.280000 rps sg-acc=-20.000000 rps2

=human= stepgen sg-cmd-pos=-5.000000 rev sg-fb-pos=0.198040 rev sg-vel=0.280000 rps sg-acc=-20.000000 rps2

[INFO] hw.pins: Pin step.fb set to 0.19831000000000015 (was 0.19804000000000016)
Pin step.fb set to 0.19831000000000015 (was 0.19804000000000016)
[INFO] hw.stepgen: =human= stepgen sg-cmd-pos=-5.000000 rev sg-fb-pos=0.198310 rev sg-vel=0.260000 rps sg-acc=-20.000000 rps2

=human= stepgen sg-cmd-pos=-5.000000 rev sg-fb-pos=0.198310 rev sg-vel=0.260000 rps sg-acc=-20.000000 rps2

[INFO] hw.pins: Pin step.fb set to 0.19856000000000015 (was 0.19831000000000015)
Pin step.fb set to 0.19856000000000015 (was 0.19831000000000015)
[INFO] hw.stepgen: =human= stepgen sg-cmd-pos=-5.000000 rev sg-fb-pos=0.198560 rev sg-vel=0.240000 rps sg-acc=-20.000000 rps2

=human= stepgen sg-cmd-pos=-5.000000 rev sg-fb-pos=0.198560 rev sg-vel=0.240000 rps sg-acc=-20.000000 rps2

[INFO] hw.pins: Pin step.fb set to 0.19879000000000016 (was 0.19856000000000015)
Pin step.fb set to 0.19879000000000016 (was 0.19856000000000015)
[INFO] hw.stepgen: =human= stepgen sg-cmd-pos=-5.000000 rev sg-fb-pos=0.198790 rev sg-vel=0.220000 rps sg-acc=-20.000000 rps2

=human= stepgen sg-cmd-pos=-5.000000 rev sg-fb-pos=0.198790 rev sg-vel=0.220000 rps sg-acc=-20.000000 rps2

[INFO] hw.pins: Pin step.fb set to 0.19900000000000015 (was 0.19879000000000016)
Pin step.fb set to 0.19900000000000015 (was 0.19879000000000016)
[INFO] hw.stepgen: =human= stepgen sg-cmd-pos=-5.000000 rev sg-fb-pos=0.199000 rev sg-vel=0.200000 rps sg-acc=-20.000000 rps2

=human= stepgen sg-cmd-pos=-5.000000 rev sg-fb-pos=0.199000 rev sg-vel=0.200000 rps sg-acc=-20.000000 rps2

[INFO] hw.pins: Pin step.fb set to 0.19919000000000014 (was 0.19900000000000015)
Pin step.fb set to 0.19919000000000014 (was 0.19900000000000015)
[INFO] hw.stepgen: =human= stepgen sg-cmd-pos=-5.000000 rev sg-fb-pos=0.199190 rev sg-vel=0.180000 rps sg-acc=-20.000000 rps2

=human= stepgen sg-cmd-pos=-5.000000 rev sg-fb-pos=0.199190 rev sg-vel=0.180000 rps sg-acc=-20.000000 rps2

[INFO] hw.pins: Pin step.fb set to 0.19936000000000015 (was 0.19919000000000014)
Pin step.fb set to 0.19936000000000015 (was 0.19919000000000014)
[INFO] hw.stepgen: =human= stepgen sg-cmd-pos=-5.000000 rev sg-fb-pos=0.199360 rev sg-vel=0.160000 rps sg-acc=-20.000000 rps2

=human= stepgen sg-cmd-pos=-5.000000 rev sg-fb-pos=0.199360 rev sg-vel=0.160000 rps sg-acc=-20.000000 rps2

[INFO] hw.pins: Pin step.fb set to 0.19951000000000016 (was 0.19936000000000015)
Pin step.fb set to 0.19951000000000016 (was 0.19936000000000015)
[INFO] hw.stepgen: =human= stepgen sg-cmd-pos=-5.000000 rev sg-fb-pos=0.199510 rev sg-vel=0.140000 rps sg-acc=-20.000000 rps2

=human= stepgen sg-cmd-pos=-5.000000 rev sg-fb-pos=0.199510 rev sg-vel=0.140000 rps sg-acc=-20.000000 rps2

[INFO] hw.pins: Pin step.fb set to 0.19964000000000015 (was 0.19951000000000016)
Pin step.fb set to 0.19964000000000015 (was 0.19951000000000016)
[INFO] hw.stepgen: =human= stepgen sg-cmd-pos=-5.000000 rev sg-fb-pos=0.199640 rev sg-vel=0.120000 rps sg-acc=-20.000000 rps2

=human= stepgen sg-cmd-pos=-5.000000 rev sg-fb-pos=0.199640 rev sg-vel=0.120000 rps sg-acc=-20.000000 rps2

[INFO] hw.pins: Pin step.fb set to 0.19975000000000015 (was 0.19964000000000015)
Pin step.fb set to 0.19975000000000015 (was 0.19964000000000015)
[INFO] hw.stepgen: =human= stepgen sg-cmd-pos=-5.000000 rev sg-fb-pos=0.199750 rev sg-vel=0.100000 rps sg-acc=-20.000000 rps2

=human= stepgen sg-cmd-pos=-5.000000 rev sg-fb-pos=0.199750 rev sg-vel=0.100000 rps sg-acc=-20.000000 rps2

[INFO] hw.pins: Pin step.fb set to 0.19984000000000016 (was 0.19975000000000015)
Pin step.fb set to 0.19984000000000016 (was 0.19975000000000015)
[INFO] hw.stepgen: =human= stepgen sg-cmd-pos=-5.000000 rev sg-fb-pos=0.199840 rev sg-vel=0.080000 rps sg-acc=-20.000000 rps2

=human= stepgen sg-cmd-pos=-5.000000 rev sg-fb-pos=0.199840 rev sg-vel=0.080000 rps sg-acc=-20.000000 rps2

[INFO] hw.pins: Pin step.fb set to 0.19991000000000014 (was 0.19984000000000016)
Pin step.fb set to 0.19991000000000014 (was 0.19984000000000016)
[INFO] hw.stepgen: =human= stepgen sg-cmd-pos=-5.000000 rev sg-fb-pos=0.199910 rev sg-vel=0.060000 rps sg-acc=-20.000000 rps2

=human= stepgen sg-cmd-pos=-5.000000 rev sg-fb-pos=0.199910 rev sg-vel=0.060000 rps sg-acc=-20.000000 rps2

[INFO] hw.pins: Pin step.fb set to 0.19996000000000014 (was 0.19991000000000014)
Pin step.fb set to 0.19996000000000014 (was 0.19991000000000014)
[INFO] hw.stepgen: =human= stepgen sg-cmd-pos=-5.000000 rev sg-fb-pos=0.199960 rev sg-vel=0.040000 rps sg-acc=-20.000000 rps2

=human= stepgen sg-cmd-pos=-5.000000 rev sg-fb-pos=0.199960 rev sg-vel=0.040000 rps sg-acc=-20.000000 rps2

[INFO] hw.pins: Pin step.fb set to 0.19999000000000014 (was 0.19996000000000014)
Pin step.fb set to 0.19999000000000014 (was 0.19996000000000014)
[INFO] hw.stepgen: =human= stepgen sg-cmd-pos=-5.000000 rev sg-fb-pos=0.199990 rev sg-vel=0.020000 rps sg-acc=-20.000000 rps2

=human= stepgen sg-cmd-pos=-5.000000 rev sg-fb-pos=0.199990 rev sg-vel=0.020000 rps sg-acc=-20.000000 rps2

[INFO] hw.pins: Pin step.fb set to 0.20000000000000015 (was 0.19999000000000014)
Pin step.fb set to 0.20000000000000015 (was 0.19999000000000014)
[INFO] hw.stepgen: =human= stepgen sg-cmd-pos=-5.000000 rev sg-fb-pos=0.200000 rev sg-vel=-0.000000 rps sg-acc=-20.000000 rps2

=human= stepgen sg-cmd-pos=-5.000000 rev sg-fb-pos=0.200000 rev sg-vel=-0.000000 rps sg-acc=-20.000000 rps2

[INFO] hw.pins: Pin step.cmd set to -5.0 (was -5.0)
Pin step.cmd set to -5.0 (was -5.0)
[INFO] hw.pins: Pin step.fb set to 0.19999000000000014 (was 0.20000000000000015)
Pin step.fb set to 0.19999000000000014 (was 0.20000000000000015)
[INFO] hw.stepgen: =human= stepgen sg-cmd-pos=-5.000000 rev sg-fb-pos=0.199990 rev sg-vel=-0.020000 rps sg-acc=-20.000000 rps2

=human= stepgen sg-cmd-pos=-5.000000 rev sg-fb-pos=0.199990 rev sg-vel=-0.020000 rps sg-acc=-20.000000 rps2

[INFO] hw.pins: Pin step.fb set to 0.19996000000000014 (was 0.19999000000000014)
Pin step.fb set to 0.19996000000000014 (was 0.19999000000000014)
[INFO] hw.stepgen: =human= stepgen sg-cmd-pos=-5.000000 rev sg-fb-pos=0.199960 rev sg-vel=-0.040000 rps sg-acc=-20.000000 rps2

=human= stepgen sg-cmd-pos=-5.000000 rev sg-fb-pos=0.199960 rev sg-vel=-0.040000 rps sg-acc=-20.000000 rps2

[INFO] hw.pins: Pin step.fb set to 0.19991000000000014 (was 0.19996000000000014)
Pin step.fb set to 0.19991000000000014 (was 0.19996000000000014)
[INFO] hw.stepgen: =human= stepgen sg-cmd-pos=-5.000000 rev sg-fb-pos=0.199910 rev sg-vel=-0.060000 rps sg-acc=-20.000000 rps2

=human= stepgen sg-cmd-pos=-5.000000 rev sg-fb-pos=0.199910 rev sg-vel=-0.060000 rps sg-acc=-20.000000 rps2

[INFO] hw.pins: Pin step.fb set to 0.19984000000000016 (was 0.19991000000000014)
Pin step.fb set to 0.19984000000000016 (was 0.19991000000000014)
[INFO] hw.stepgen: =human= stepgen sg-cmd-pos=-5.000000 rev sg-fb-pos=0.199840 rev sg-vel=-0.080000 rps sg-acc=-20.000000 rps2

=human= stepgen sg-cmd-pos=-5.000000 rev sg-fb-pos=0.199840 rev sg-vel=-0.080000 rps sg-acc=-20.000000 rps2

[INFO] hw.pins: Pin step.fb set to 0.19975000000000015 (was 0.19984000000000016)
Pin step.fb set to 0.19975000000000015 (was 0.19984000000000016)
[INFO] hw.stepgen: =human= stepgen sg-cmd-pos=-5.000000 rev sg-fb-pos=0.199750 rev sg-vel=-0.100000 rps sg-acc=-20.000000 rps2

=human= stepgen sg-cmd-pos=-5.000000 rev sg-fb-pos=0.199750 rev sg-vel=-0.100000 rps sg-acc=-20.000000 rps2

[INFO] hw.pins: Pin step.fb set to 0.19964000000000015 (was 0.19975000000000015)
Pin step.fb set to 0.19964000000000015 (was 0.19975000000000015)
[INFO] hw.stepgen: =human= stepgen sg-cmd-pos=-5.000000 rev sg-fb-pos=0.199640 rev sg-vel=-0.120000 rps sg-acc=-20.000000 rps2

=human= stepgen sg-cmd-pos=-5.000000 rev sg-fb-pos=0.199640 rev sg-vel=-0.120000 rps sg-acc=-20.000000 rps2

[INFO] hw.pins: Pin step.fb set to 0.19951000000000016 (was 0.19964000000000015)
Pin step.fb set to 0.19951000000000016 (was 0.19964000000000015)
[INFO] hw.stepgen: =human= stepgen sg-cmd-pos=-5.000000 rev sg-fb-pos=0.199510 rev sg-vel=-0.140000 rps sg-acc=-20.000000 rps2

=human= stepgen sg-cmd-pos=-5.000000 rev sg-fb-pos=0.199510 rev sg-vel=-0.140000 rps sg-acc=-20.000000 rps2

[INFO] hw.pins: Pin step.fb set to 0.19936000000000015 (was 0.19951000000000016)
Pin step.fb set to 0.19936000000000015 (was 0.19951000000000016)
[INFO] hw.stepgen: =human= stepgen sg-cmd-pos=-5.000000 rev sg-fb-pos=0.199360 rev sg-vel=-0.160000 rps sg-acc=-20.000000 rps2

=human= stepgen sg-cmd-pos=-5.000000 rev sg-fb-pos=0.199360 rev sg-vel=-0.160000 rps sg-acc=-20.000000 rps2

[INFO] hw.pins: Pin step.fb set to 0.19919000000000014 (was 0.19936000000000015)
Pin step.fb set to 0.19919000000000014 (was 0.19936000000000015)
[INFO] hw.stepgen: =human= stepgen sg-cmd-pos=-5.000000 rev sg-fb-pos=0.199190 rev sg-vel=-0.180000 rps sg-acc=-20.000000 rps2

=human= stepgen sg-cmd-pos=-5.000000 rev sg-fb-pos=0.199190 rev sg-vel=-0.180000 rps sg-acc=-20.000000 rps2

[INFO] hw.pins: Pin step.fb set to 0.19900000000000015 (was 0.19919000000000014)
Pin step.fb set to 0.19900000000000015 (was 0.19919000000000014)
[INFO] hw.stepgen: =human= stepgen sg-cmd-pos=-5.000000 rev sg-fb-pos=0.199000 rev sg-vel=-0.200000 rps sg-acc=-20.000000 rps2

=human= stepgen sg-cmd-pos=-5.000000 rev sg-fb-pos=0.199000 rev sg-vel=-0.200000 rps sg-acc=-20.000000 rps2

[INFO] hw.pins: Pin step.fb set to 0.19879000000000016 (was 0.19900000000000015)
Pin step.fb set to 0.19879000000000016 (was 0.19900000000000015)
[INFO] hw.stepgen: =human= stepgen sg-cmd-pos=-5.000000 rev sg-fb-pos=0.198790 rev sg-vel=-0.220000 rps sg-acc=-20.000000 rps2

=human= stepgen sg-cmd-pos=-5.000000 rev sg-fb-pos=0.198790 rev sg-vel=-0.220000 rps sg-acc=-20.000000 rps2

[INFO] hw.pins: Pin step.fb set to 0.19856000000000015 (was 0.19879000000000016)
Pin step.fb set to 0.19856000000000015 (was 0.19879000000000016)
[INFO] hw.stepgen: =human= stepgen sg-cmd-pos=-5.000000 rev sg-fb-pos=0.198560 rev sg-vel=-0.240000 rps sg-acc=-20.000000 rps2

=human= stepgen sg-cmd-pos=-5.000000 rev sg-fb-pos=0.198560 rev sg-vel=-0.240000 rps sg-acc=-20.000000 rps2

[INFO] hw.pins: Pin step.fb set to 0.19831000000000015 (was 0.19856000000000015)
Pin step.fb set to 0.19831000000000015 (was 0.19856000000000015)
[INFO] hw.stepgen: =human= stepgen sg-cmd-pos=-5.000000 rev sg-fb-pos=0.198310 rev sg-vel=-0.260000 rps sg-acc=-20.000000 rps2

=human= stepgen sg-cmd-pos=-5.000000 rev sg-fb-pos=0.198310 rev sg-vel=-0.260000 rps sg-acc=-20.000000 rps2

[INFO] hw.pins: Pin step.fb set to 0.19804000000000016 (was 0.19831000000000015)
Pin step.fb set to 0.19804000000000016 (was 0.19831000000000015)
[INFO] hw.stepgen: =human= stepgen sg-cmd-pos=-5.000000 rev sg-fb-pos=0.198040 rev sg-vel=-0.280000 rps sg-acc=-20.000000 rps2

=human= stepgen sg-cmd-pos=-5.000000 rev sg-fb-pos=0.198040 rev sg-vel=-0.280000 rps sg-acc=-20.000000 rps2

[INFO] hw.pins: Pin step.fb set to 0.19775000000000015 (was 0.19804000000000016)
Pin step.fb set to 0.19775000000000015 (was 0.19804000000000016)
[INFO] hw.stepgen: =human= stepgen sg-cmd-pos=-5.000000 rev sg-fb-pos=0.197750 rev sg-vel=-0.300000 rps sg-acc=-20.000000 rps2

=human= stepgen sg-cmd-pos=-5.000000 rev sg-fb-pos=0.197750 rev sg-vel=-0.300000 rps sg-acc=-20.000000 rps2

[INFO] hw.pins: Pin step.fb set to 0.19744000000000014 (was 0.19775000000000015)
Pin step.fb set to 0.19744000000000014 (was 0.19775000000000015)
[INFO] hw.stepgen: =human= stepgen sg-cmd-pos=-5.000000 rev sg-fb-pos=0.197440 rev sg-vel=-0.320000 rps sg-acc=-20.000000 rps2

=human= stepgen sg-cmd-pos=-5.000000 rev sg-fb-pos=0.197440 rev sg-vel=-0.320000 rps sg-acc=-20.000000 rps2

[INFO] hw.pins: Pin step.fb set to 0.19711000000000015 (was 0.19744000000000014)
Pin step.fb set to 0.19711000000000015 (was 0.19744000000000014)
[INFO] hw.stepgen: =human= stepgen sg-cmd-pos=-5.000000 rev sg-fb-pos=0.197110 rev sg-vel=-0.340000 rps sg-acc=-20.000000 rps2

=human= stepgen sg-cmd-pos=-5.000000 rev sg-fb-pos=0.197110 rev sg-vel=-0.340000 rps sg-acc=-20.000000 rps2

[INFO] hw.pins: Pin step.fb set to 0.19676000000000016 (was 0.19711000000000015)
Pin step.fb set to 0.19676000000000016 (was 0.19711000000000015)
[INFO] hw.stepgen: =human= stepgen sg-cmd-pos=-5.000000 rev sg-fb-pos=0.196760 rev sg-vel=-0.360000 rps sg-acc=-20.000000 rps2

=human= stepgen sg-cmd-pos=-5.000000 rev sg-fb-pos=0.196760 rev sg-vel=-0.360000 rps sg-acc=-20.000000 rps2

[INFO] hw.pins: Pin step.fb set to 0.19639000000000015 (was 0.19676000000000016)
Pin step.fb set to 0.19639000000000015 (was 0.19676000000000016)
[INFO] hw.stepgen: =human= stepgen sg-cmd-pos=-5.000000 rev sg-fb-pos=0.196390 rev sg-vel=-0.380000 rps sg-acc=-20.000000 rps2

=human= stepgen sg-cmd-pos=-5.000000 rev sg-fb-pos=0.196390 rev sg-vel=-0.380000 rps sg-acc=-20.000000 rps2

[INFO] hw.pins: Pin step.fb set to 0.19600000000000015 (was 0.19639000000000015)
Pin step.fb set to 0.19600000000000015 (was 0.19639000000000015)
[INFO] hw.stepgen: =human= stepgen sg-cmd-pos=-5.000000 rev sg-fb-pos=0.196000 rev sg-vel=-0.400000 rps sg-acc=-20.000000 rps2

=human= stepgen sg-cmd-pos=-5.000000 rev sg-fb-pos=0.196000 rev sg-vel=-0.400000 rps sg-acc=-20.000000 rps2

[INFO] hw.pins: Pin step.fb set to 0.19559000000000015 (was 0.19600000000000015)
Pin step.fb set to 0.19559000000000015 (was 0.19600000000000015)
[INFO] hw.stepgen: =human= stepgen sg-cmd-pos=-5.000000 rev sg-fb-pos=0.195590 rev sg-vel=-0.420000 rps sg-acc=-20.000000 rps2

=human= stepgen sg-cmd-pos=-5.000000 rev sg-fb-pos=0.195590 rev sg-vel=-0.420000 rps sg-acc=-20.000000 rps2

[INFO] hw.pins: Pin step.fb set to 0.19516000000000014 (was 0.19559000000000015)
Pin step.fb set to 0.19516000000000014 (was 0.19559000000000015)
[INFO] hw.stepgen: =human= stepgen sg-cmd-pos=-5.000000 rev sg-fb-pos=0.195160 rev sg-vel=-0.440000 rps sg-acc=-20.000000 rps2

=human= stepgen sg-cmd-pos=-5.000000 rev sg-fb-pos=0.195160 rev sg-vel=-0.440000 rps sg-acc=-20.000000 rps2

[INFO] hw.pins: Pin step.fb set to 0.19471000000000013 (was 0.19516000000000014)
Pin step.fb set to 0.19471000000000013 (was 0.19516000000000014)
[INFO] hw.stepgen: =human= stepgen sg-cmd-pos=-5.000000 rev sg-fb-pos=0.194710 rev sg-vel=-0.460000 rps sg-acc=-20.000000 rps2

=human= stepgen sg-cmd-pos=-5.000000 rev sg-fb-pos=0.194710 rev sg-vel=-0.460000 rps sg-acc=-20.000000 rps2

[INFO] hw.pins: Pin step.fb set to 0.19424000000000013 (was 0.19471000000000013)
Pin step.fb set to 0.19424000000000013 (was 0.19471000000000013)
[INFO] hw.stepgen: =human= stepgen sg-cmd-pos=-5.000000 rev sg-fb-pos=0.194240 rev sg-vel=-0.480000 rps sg-acc=-20.000000 rps2

=human= stepgen sg-cmd-pos=-5.000000 rev sg-fb-pos=0.194240 rev sg-vel=-0.480000 rps sg-acc=-20.000000 rps2

[INFO] hw.pins: Pin step.fb set to 0.19375000000000014 (was 0.19424000000000013)
Pin step.fb set to 0.19375000000000014 (was 0.19424000000000013)
[INFO] hw.stepgen: =human= stepgen sg-cmd-pos=-5.000000 rev sg-fb-pos=0.193750 rev sg-vel=-0.500000 rps sg-acc=-20.000000 rps2

=human= stepgen sg-cmd-pos=-5.000000 rev sg-fb-pos=0.193750 rev sg-vel=-0.500000 rps sg-acc=-20.000000 rps2

[INFO] hw.pins: Pin step.fb set to 0.19324000000000013 (was 0.19375000000000014)
Pin step.fb set to 0.19324000000000013 (was 0.19375000000000014)
[INFO] hw.stepgen: =human= stepgen sg-cmd-pos=-5.000000 rev sg-fb-pos=0.193240 rev sg-vel=-0.520000 rps sg-acc=-20.000000 rps2

=human= stepgen sg-cmd-pos=-5.000000 rev sg-fb-pos=0.193240 rev sg-vel=-0.520000 rps sg-acc=-20.000000 rps2

[INFO] hw.pins: Pin step.fb set to 0.19271000000000013 (was 0.19324000000000013)
Pin step.fb set to 0.19271000000000013 (was 0.19324000000000013)
[INFO] hw.stepgen: =human= stepgen sg-cmd-pos=-5.000000 rev sg-fb-pos=0.192710 rev sg-vel=-0.540000 rps sg-acc=-20.000000 rps2

=human= stepgen sg-cmd-pos=-5.000000 rev sg-fb-pos=0.192710 rev sg-vel=-0.540000 rps sg-acc=-20.000000 rps2

[INFO] hw.pins: Pin step.fb set to 0.19216000000000014 (was 0.19271000000000013)
Pin step.fb set to 0.19216000000000014 (was 0.19271000000000013)
[INFO] hw.stepgen: =human= stepgen sg-cmd-pos=-5.000000 rev sg-fb-pos=0.192160 rev sg-vel=-0.560000 rps sg-acc=-20.000000 rps2

=human= stepgen sg-cmd-pos=-5.000000 rev sg-fb-pos=0.192160 rev sg-vel=-0.560000 rps sg-acc=-20.000000 rps2

[INFO] hw.pins: Pin step.fb set to 0.19159000000000015 (was 0.19216000000000014)
Pin step.fb set to 0.19159000000000015 (was 0.19216000000000014)
[INFO] hw.stepgen: =human= stepgen sg-cmd-pos=-5.000000 rev sg-fb-pos=0.191590 rev sg-vel=-0.580000 rps sg-acc=-20.000000 rps2

=human= stepgen sg-cmd-pos=-5.000000 rev sg-fb-pos=0.191590 rev sg-vel=-0.580000 rps sg-acc=-20.000000 rps2

[INFO] hw.pins: Pin step.fb set to 0.19100000000000014 (was 0.19159000000000015)
Pin step.fb set to 0.19100000000000014 (was 0.19159000000000015)
[INFO] hw.stepgen: =human= stepgen sg-cmd-pos=-5.000000 rev sg-fb-pos=0.191000 rev sg-vel=-0.600000 rps sg-acc=-20.000000 rps2

=human= stepgen sg-cmd-pos=-5.000000 rev sg-fb-pos=0.191000 rev sg-vel=-0.600000 rps sg-acc=-20.000000 rps2

[INFO] hw.pins: Pin step.fb set to 0.19039000000000014 (was 0.19100000000000014)
Pin step.fb set to 0.19039000000000014 (was 0.19100000000000014)
[INFO] hw.stepgen: =human= stepgen sg-cmd-pos=-5.000000 rev sg-fb-pos=0.190390 rev sg-vel=-0.620000 rps sg-acc=-20.000000 rps2

=human= stepgen sg-cmd-pos=-5.000000 rev sg-fb-pos=0.190390 rev sg-vel=-0.620000 rps sg-acc=-20.000000 rps2

[INFO] hw.pins: Pin step.fb set to 0.18976000000000015 (was 0.19039000000000014)
Pin step.fb set to 0.18976000000000015 (was 0.19039000000000014)
[INFO] hw.stepgen: =human= stepgen sg-cmd-pos=-5.000000 rev sg-fb-pos=0.189760 rev sg-vel=-0.640000 rps sg-acc=-20.000000 rps2

=human= stepgen sg-cmd-pos=-5.000000 rev sg-fb-pos=0.189760 rev sg-vel=-0.640000 rps sg-acc=-20.000000 rps2

[INFO] hw.pins: Pin step.fb set to 0.18911000000000014 (was 0.18976000000000015)
Pin step.fb set to 0.18911000000000014 (was 0.18976000000000015)
[INFO] hw.stepgen: =human= stepgen sg-cmd-pos=-5.000000 rev sg-fb-pos=0.189110 rev sg-vel=-0.660000 rps sg-acc=-20.000000 rps2

=human= stepgen sg-cmd-pos=-5.000000 rev sg-fb-pos=0.189110 rev sg-vel=-0.660000 rps sg-acc=-20.000000 rps2

[INFO] hw.pins: Pin step.fb set to 0.18844000000000014 (was 0.18911000000000014)
Pin step.fb set to 0.18844000000000014 (was 0.18911000000000014)
[INFO] hw.stepgen: =human= stepgen sg-cmd-pos=-5.000000 rev sg-fb-pos=0.188440 rev sg-vel=-0.680000 rps sg-acc=-20.000000 rps2

=human= stepgen sg-cmd-pos=-5.000000 rev sg-fb-pos=0.188440 rev sg-vel=-0.680000 rps sg-acc=-20.000000 rps2

[INFO] hw.pins: Pin step.fb set to 0.18775000000000014 (was 0.18844000000000014)
Pin step.fb set to 0.18775000000000014 (was 0.18844000000000014)
[INFO] hw.stepgen: =human= stepgen sg-cmd-pos=-5.000000 rev sg-fb-pos=0.187750 rev sg-vel=-0.700000 rps sg-acc=-20.000000 rps2

=human= stepgen sg-cmd-pos=-5.000000 rev sg-fb-pos=0.187750 rev sg-vel=-0.700000 rps sg-acc=-20.000000 rps2

[INFO] hw.pins: Pin step.fb set to 0.18704000000000015 (was 0.18775000000000014)
Pin step.fb set to 0.18704000000000015 (was 0.18775000000000014)
[INFO] hw.stepgen: =human= stepgen sg-cmd-pos=-5.000000 rev sg-fb-pos=0.187040 rev sg-vel=-0.720000 rps sg-acc=-20.000000 rps2

=human= stepgen sg-cmd-pos=-5.000000 rev sg-fb-pos=0.187040 rev sg-vel=-0.720000 rps sg-acc=-20.000000 rps2

[INFO] hw.pins: Pin step.fb set to 0.18631000000000014 (was 0.18704000000000015)
Pin step.fb set to 0.18631000000000014 (was 0.18704000000000015)
[INFO] hw.stepgen: =human= stepgen sg-cmd-pos=-5.000000 rev sg-fb-pos=0.186310 rev sg-vel=-0.740000 rps sg-acc=-20.000000 rps2

=human= stepgen sg-cmd-pos=-5.000000 rev sg-fb-pos=0.186310 rev sg-vel=-0.740000 rps sg-acc=-20.000000 rps2

[INFO] hw.pins: Pin step.fb set to 0.18556000000000014 (was 0.18631000000000014)
Pin step.fb set to 0.18556000000000014 (was 0.18631000000000014)
[INFO] hw.stepgen: =human= stepgen sg-cmd-pos=-5.000000 rev sg-fb-pos=0.185560 rev sg-vel=-0.760000 rps sg-acc=-20.000000 rps2

=human= stepgen sg-cmd-pos=-5.000000 rev sg-fb-pos=0.185560 rev sg-vel=-0.760000 rps sg-acc=-20.000000 rps2

[INFO] hw.pins: Pin step.fb set to 0.18479000000000015 (was 0.18556000000000014)
Pin step.fb set to 0.18479000000000015 (was 0.18556000000000014)
[INFO] hw.stepgen: =human= stepgen sg-cmd-pos=-5.000000 rev sg-fb-pos=0.184790 rev sg-vel=-0.780000 rps sg-acc=-20.000000 rps2

=human= stepgen sg-cmd-pos=-5.000000 rev sg-fb-pos=0.184790 rev sg-vel=-0.780000 rps sg-acc=-20.000000 rps2

[INFO] hw.pins: Pin step.fb set to 0.18400000000000014 (was 0.18479000000000015)
Pin step.fb set to 0.18400000000000014 (was 0.18479000000000015)
[INFO] hw.stepgen: =human= stepgen sg-cmd-pos=-5.000000 rev sg-fb-pos=0.184000 rev sg-vel=-0.800000 rps sg-acc=-20.000000 rps2

=human= stepgen sg-cmd-pos=-5.000000 rev sg-fb-pos=0.184000 rev sg-vel=-0.800000 rps sg-acc=-20.000000 rps2

[INFO] hw.pins: Pin step.fb set to 0.18319000000000013 (was 0.18400000000000014)
Pin step.fb set to 0.18319000000000013 (was 0.18400000000000014)
[INFO] hw.stepgen: =human= stepgen sg-cmd-pos=-5.000000 rev sg-fb-pos=0.183190 rev sg-vel=-0.820000 rps sg-acc=-20.000000 rps2

=human= stepgen sg-cmd-pos=-5.000000 rev sg-fb-pos=0.183190 rev sg-vel=-0.820000 rps sg-acc=-20.000000 rps2

[INFO] hw.pins: Pin step.fb set to 0.18236000000000013 (was 0.18319000000000013)
Pin step.fb set to 0.18236000000000013 (was 0.18319000000000013)
[INFO] hw.stepgen: =human= stepgen sg-cmd-pos=-5.000000 rev sg-fb-pos=0.182360 rev sg-vel=-0.840000 rps sg-acc=-20.000000 rps2

=human= stepgen sg-cmd-pos=-5.000000 rev sg-fb-pos=0.182360 rev sg-vel=-0.840000 rps sg-acc=-20.000000 rps2

[INFO] hw.pins: Pin step.fb set to 0.18151000000000014 (was 0.18236000000000013)
Pin step.fb set to 0.18151000000000014 (was 0.18236000000000013)
[INFO] hw.stepgen: =human= stepgen sg-cmd-pos=-5.000000 rev sg-fb-pos=0.181510 rev sg-vel=-0.860000 rps sg-acc=-20.000000 rps2

=human= stepgen sg-cmd-pos=-5.000000 rev sg-fb-pos=0.181510 rev sg-vel=-0.860000 rps sg-acc=-20.000000 rps2

[INFO] hw.pins: Pin step.fb set to 0.18064000000000013 (was 0.18151000000000014)
Pin step.fb set to 0.18064000000000013 (was 0.18151000000000014)
[INFO] hw.stepgen: =human= stepgen sg-cmd-pos=-5.000000 rev sg-fb-pos=0.180640 rev sg-vel=-0.880000 rps sg-acc=-20.000000 rps2

=human= stepgen sg-cmd-pos=-5.000000 rev sg-fb-pos=0.180640 rev sg-vel=-0.880000 rps sg-acc=-20.000000 rps2

[INFO] hw.pins: Pin step.fb set to 0.17975000000000013 (was 0.18064000000000013)
Pin step.fb set to 0.17975000000000013 (was 0.18064000000000013)
[INFO] hw.stepgen: =human= stepgen sg-cmd-pos=-5.000000 rev sg-fb-pos=0.179750 rev sg-vel=-0.900000 rps sg-acc=-20.000000 rps2

=human= stepgen sg-cmd-pos=-5.000000 rev sg-fb-pos=0.179750 rev sg-vel=-0.900000 rps sg-acc=-20.000000 rps2

[INFO] hw.pins: Pin step.fb set to 0.17884000000000014 (was 0.17975000000000013)
Pin step.fb set to 0.17884000000000014 (was 0.17975000000000013)
[INFO] hw.stepgen: =human= stepgen sg-cmd-pos=-5.000000 rev sg-fb-pos=0.178840 rev sg-vel=-0.920000 rps sg-acc=-20.000000 rps2

=human= stepgen sg-cmd-pos=-5.000000 rev sg-fb-pos=0.178840 rev sg-vel=-0.920000 rps sg-acc=-20.000000 rps2

[INFO] hw.pins: Pin step.fb set to 0.17791000000000012 (was 0.17884000000000014)
Pin step.fb set to 0.17791000000000012 (was 0.17884000000000014)
[INFO] hw.stepgen: =human= stepgen sg-cmd-pos=-5.000000 rev sg-fb-pos=0.177910 rev sg-vel=-0.940000 rps sg-acc=-20.000000 rps2

=human= stepgen sg-cmd-pos=-5.000000 rev sg-fb-pos=0.177910 rev sg-vel=-0.940000 rps sg-acc=-20.000000 rps2

[INFO] hw.pins: Pin step.fb set to 0.17696000000000012 (was 0.17791000000000012)
Pin step.fb set to 0.17696000000000012 (was 0.17791000000000012)
[INFO] hw.stepgen: =human= stepgen sg-cmd-pos=-5.000000 rev sg-fb-pos=0.176960 rev sg-vel=-0.960000 rps sg-acc=-20.000000 rps2

=human= stepgen sg-cmd-pos=-5.000000 rev sg-fb-pos=0.176960 rev sg-vel=-0.960000 rps sg-acc=-20.000000 rps2

[INFO] hw.pins: Pin step.fb set to 0.17599000000000012 (was 0.17696000000000012)
Pin step.fb set to 0.17599000000000012 (was 0.17696000000000012)
[INFO] hw.stepgen: =human= stepgen sg-cmd-pos=-5.000000 rev sg-fb-pos=0.175990 rev sg-vel=-0.980000 rps sg-acc=-20.000000 rps2

=human= stepgen sg-cmd-pos=-5.000000 rev sg-fb-pos=0.175990 rev sg-vel=-0.980000 rps sg-acc=-20.000000 rps2

[INFO] hw.pins: Pin step.fb set to 0.17500000000000013 (was 0.17599000000000012)
Pin step.fb set to 0.17500000000000013 (was 0.17599000000000012)
[INFO] hw.stepgen: =human= stepgen sg-cmd-pos=-5.000000 rev sg-fb-pos=0.175000 rev sg-vel=-1.000000 rps sg-acc=-20.000000 rps2

=human= stepgen sg-cmd-pos=-5.000000 rev sg-fb-pos=0.175000 rev sg-vel=-1.000000 rps sg-acc=-20.000000 rps2

[INFO] hw.pins: Pin step.fb set to 0.17399000000000012 (was 0.17500000000000013)
Pin step.fb set to 0.17399000000000012 (was 0.17500000000000013)
[INFO] hw.stepgen: =human= stepgen sg-cmd-pos=-5.000000 rev sg-fb-pos=0.173990 rev sg-vel=-1.020000 rps sg-acc=-20.000000 rps2

=human= stepgen sg-cmd-pos=-5.000000 rev sg-fb-pos=0.173990 rev sg-vel=-1.020000 rps sg-acc=-20.000000 rps2

[INFO] hw.pins: Pin step.fb set to 0.1729600000000001 (was 0.17399000000000012)
Pin step.fb set to 0.1729600000000001 (was 0.17399000000000012)
[INFO] hw.stepgen: =human= stepgen sg-cmd-pos=-5.000000 rev sg-fb-pos=0.172960 rev sg-vel=-1.040000 rps sg-acc=-20.000000 rps2

=human= stepgen sg-cmd-pos=-5.000000 rev sg-fb-pos=0.172960 rev sg-vel=-1.040000 rps sg-acc=-20.000000 rps2

[INFO] hw.pins: Pin step.fb set to 0.17191000000000012 (was 0.1729600000000001)
Pin step.fb set to 0.17191000000000012 (was 0.1729600000000001)
[INFO] hw.stepgen: =human= stepgen sg-cmd-pos=-5.000000 rev sg-fb-pos=0.171910 rev sg-vel=-1.060000 rps sg-acc=-20.000000 rps2

=human= stepgen sg-cmd-pos=-5.000000 rev sg-fb-pos=0.171910 rev sg-vel=-1.060000 rps sg-acc=-20.000000 rps2

[INFO] hw.pins: Pin step.fb set to 0.17084000000000013 (was 0.17191000000000012)
Pin step.fb set to 0.17084000000000013 (was 0.17191000000000012)
[INFO] hw.stepgen: =human= stepgen sg-cmd-pos=-5.000000 rev sg-fb-pos=0.170840 rev sg-vel=-1.080000 rps sg-acc=-20.000000 rps2

=human= stepgen sg-cmd-pos=-5.000000 rev sg-fb-pos=0.170840 rev sg-vel=-1.080000 rps sg-acc=-20.000000 rps2

[INFO] hw.pins: Pin step.fb set to 0.16975000000000012 (was 0.17084000000000013)
Pin step.fb set to 0.16975000000000012 (was 0.17084000000000013)
[INFO] hw.stepgen: =human= stepgen sg-cmd-pos=-5.000000 rev sg-fb-pos=0.169750 rev sg-vel=-1.100000 rps sg-acc=-20.000000 rps2

=human= stepgen sg-cmd-pos=-5.000000 rev sg-fb-pos=0.169750 rev sg-vel=-1.100000 rps sg-acc=-20.000000 rps2

[INFO] hw.pins: Pin step.fb set to 0.16864000000000012 (was 0.16975000000000012)
Pin step.fb set to 0.16864000000000012 (was 0.16975000000000012)
[INFO] hw.stepgen: =human= stepgen sg-cmd-pos=-5.000000 rev sg-fb-pos=0.168640 rev sg-vel=-1.120000 rps sg-acc=-20.000000 rps2

=human= stepgen sg-cmd-pos=-5.000000 rev sg-fb-pos=0.168640 rev sg-vel=-1.120000 rps sg-acc=-20.000000 rps2

[INFO] hw.pins: Pin step.fb set to 0.16751000000000013 (was 0.16864000000000012)
Pin step.fb set to 0.16751000000000013 (was 0.16864000000000012)
[INFO] hw.stepgen: =human= stepgen sg-cmd-pos=-5.000000 rev sg-fb-pos=0.167510 rev sg-vel=-1.140000 rps sg-acc=-20.000000 rps2

=human= stepgen sg-cmd-pos=-5.000000 rev sg-fb-pos=0.167510 rev sg-vel=-1.140000 rps sg-acc=-20.000000 rps2

[INFO] hw.pins: Pin step.fb set to 0.16636000000000012 (was 0.16751000000000013)
Pin step.fb set to 0.16636000000000012 (was 0.16751000000000013)
[INFO] hw.stepgen: =human= stepgen sg-cmd-pos=-5.000000 rev sg-fb-pos=0.166360 rev sg-vel=-1.160000 rps sg-acc=-20.000000 rps2

=human= stepgen sg-cmd-pos=-5.000000 rev sg-fb-pos=0.166360 rev sg-vel=-1.160000 rps sg-acc=-20.000000 rps2

[INFO] hw.pins: Pin step.fb set to 0.16519000000000011 (was 0.16636000000000012)
Pin step.fb set to 0.16519000000000011 (was 0.16636000000000012)
[INFO] hw.stepgen: =human= stepgen sg-cmd-pos=-5.000000 rev sg-fb-pos=0.165190 rev sg-vel=-1.180000 rps sg-acc=-20.000000 rps2

=human= stepgen sg-cmd-pos=-5.000000 rev sg-fb-pos=0.165190 rev sg-vel=-1.180000 rps sg-acc=-20.000000 rps2

[INFO] hw.pins: Pin step.fb set to 0.16400000000000012 (was 0.16519000000000011)
Pin step.fb set to 0.16400000000000012 (was 0.16519000000000011)
[INFO] hw.stepgen: =human= stepgen sg-cmd-pos=-5.000000 rev sg-fb-pos=0.164000 rev sg-vel=-1.200000 rps sg-acc=-20.000000 rps2

=human= stepgen sg-cmd-pos=-5.000000 rev sg-fb-pos=0.164000 rev sg-vel=-1.200000 rps sg-acc=-20.000000 rps2

[INFO] hw.pins: Pin step.fb set to 0.16279000000000013 (was 0.16400000000000012)
Pin step.fb set to 0.16279000000000013 (was 0.16400000000000012)
[INFO] hw.stepgen: =human= stepgen sg-cmd-pos=-5.000000 rev sg-fb-pos=0.162790 rev sg-vel=-1.220000 rps sg-acc=-20.000000 rps2

=human= stepgen sg-cmd-pos=-5.000000 rev sg-fb-pos=0.162790 rev sg-vel=-1.220000 rps sg-acc=-20.000000 rps2

[INFO] hw.pins: Pin step.fb set to 0.16156000000000012 (was 0.16279000000000013)
Pin step.fb set to 0.16156000000000012 (was 0.16279000000000013)
[INFO] hw.stepgen: =human= stepgen sg-cmd-pos=-5.000000 rev sg-fb-pos=0.161560 rev sg-vel=-1.240000 rps sg-acc=-20.000000 rps2

=human= stepgen sg-cmd-pos=-5.000000 rev sg-fb-pos=0.161560 rev sg-vel=-1.240000 rps sg-acc=-20.000000 rps2

[INFO] hw.pins: Pin step.fb set to 0.16031000000000012 (was 0.16156000000000012)
Pin step.fb set to 0.16031000000000012 (was 0.16156000000000012)
[INFO] hw.stepgen: =human= stepgen sg-cmd-pos=-5.000000 rev sg-fb-pos=0.160310 rev sg-vel=-1.260000 rps sg-acc=-20.000000 rps2

=human= stepgen sg-cmd-pos=-5.000000 rev sg-fb-pos=0.160310 rev sg-vel=-1.260000 rps sg-acc=-20.000000 rps2

[INFO] hw.pins: Pin step.fb set to 0.15904000000000013 (was 0.16031000000000012)
Pin step.fb set to 0.15904000000000013 (was 0.16031000000000012)
[INFO] hw.stepgen: =human= stepgen sg-cmd-pos=-5.000000 rev sg-fb-pos=0.159040 rev sg-vel=-1.280000 rps sg-acc=-20.000000 rps2

=human= stepgen sg-cmd-pos=-5.000000 rev sg-fb-pos=0.159040 rev sg-vel=-1.280000 rps sg-acc=-20.000000 rps2

[INFO] hw.pins: Pin step.fb set to 0.1577500000000001 (was 0.15904000000000013)
Pin step.fb set to 0.1577500000000001 (was 0.15904000000000013)
[INFO] hw.stepgen: =human= stepgen sg-cmd-pos=-5.000000 rev sg-fb-pos=0.157750 rev sg-vel=-1.300000 rps sg-acc=-20.000000 rps2

=human= stepgen sg-cmd-pos=-5.000000 rev sg-fb-pos=0.157750 rev sg-vel=-1.300000 rps sg-acc=-20.000000 rps2

[INFO] hw.pins: Pin step.fb set to 0.1564400000000001 (was 0.1577500000000001)
Pin step.fb set to 0.1564400000000001 (was 0.1577500000000001)
[INFO] hw.stepgen: =human= stepgen sg-cmd-pos=-5.000000 rev sg-fb-pos=0.156440 rev sg-vel=-1.320000 rps sg-acc=-20.000000 rps2

=human= stepgen sg-cmd-pos=-5.000000 rev sg-fb-pos=0.156440 rev sg-vel=-1.320000 rps sg-acc=-20.000000 rps2

[INFO] hw.pins: Pin step.fb set to 0.1551100000000001 (was 0.1564400000000001)
Pin step.fb set to 0.1551100000000001 (was 0.1564400000000001)
[INFO] hw.stepgen: =human= stepgen sg-cmd-pos=-5.000000 rev sg-fb-pos=0.155110 rev sg-vel=-1.340000 rps sg-acc=-20.000000 rps2

=human= stepgen sg-cmd-pos=-5.000000 rev sg-fb-pos=0.155110 rev sg-vel=-1.340000 rps sg-acc=-20.000000 rps2

[INFO] hw.pins: Pin step.fb set to 0.15376000000000012 (was 0.1551100000000001)
Pin step.fb set to 0.15376000000000012 (was 0.1551100000000001)
[INFO] hw.stepgen: =human= stepgen sg-cmd-pos=-5.000000 rev sg-fb-pos=0.153760 rev sg-vel=-1.360000 rps sg-acc=-20.000000 rps2

=human= stepgen sg-cmd-pos=-5.000000 rev sg-fb-pos=0.153760 rev sg-vel=-1.360000 rps sg-acc=-20.000000 rps2

[INFO] hw.pins: Pin step.fb set to 0.1523900000000001 (was 0.15376000000000012)
Pin step.fb set to 0.1523900000000001 (was 0.15376000000000012)
[INFO] hw.stepgen: =human= stepgen sg-cmd-pos=-5.000000 rev sg-fb-pos=0.152390 rev sg-vel=-1.380000 rps sg-acc=-20.000000 rps2

=human= stepgen sg-cmd-pos=-5.000000 rev sg-fb-pos=0.152390 rev sg-vel=-1.380000 rps sg-acc=-20.000000 rps2

[INFO] hw.pins: Pin step.fb set to 0.1510000000000001 (was 0.1523900000000001)
Pin step.fb set to 0.1510000000000001 (was 0.1523900000000001)
[INFO] hw.stepgen: =human= stepgen sg-cmd-pos=-5.000000 rev sg-fb-pos=0.151000 rev sg-vel=-1.400000 rps sg-acc=-20.000000 rps2

=human= stepgen sg-cmd-pos=-5.000000 rev sg-fb-pos=0.151000 rev sg-vel=-1.400000 rps sg-acc=-20.000000 rps2

[INFO] hw.pins: Pin step.fb set to 0.1495900000000001 (was 0.1510000000000001)
Pin step.fb set to 0.1495900000000001 (was 0.1510000000000001)
[INFO] hw.stepgen: =human= stepgen sg-cmd-pos=-5.000000 rev sg-fb-pos=0.149590 rev sg-vel=-1.420000 rps sg-acc=-20.000000 rps2

=human= stepgen sg-cmd-pos=-5.000000 rev sg-fb-pos=0.149590 rev sg-vel=-1.420000 rps sg-acc=-20.000000 rps2

[INFO] hw.pins: Pin step.fb set to 0.1481600000000001 (was 0.1495900000000001)
Pin step.fb set to 0.1481600000000001 (was 0.1495900000000001)
[INFO] hw.stepgen: =human= stepgen sg-cmd-pos=-5.000000 rev sg-fb-pos=0.148160 rev sg-vel=-1.440000 rps sg-acc=-20.000000 rps2

=human= stepgen sg-cmd-pos=-5.000000 rev sg-fb-pos=0.148160 rev sg-vel=-1.440000 rps sg-acc=-20.000000 rps2

[INFO] hw.pins: Pin step.fb set to 0.1467100000000001 (was 0.1481600000000001)
Pin step.fb set to 0.1467100000000001 (was 0.1481600000000001)
[INFO] hw.stepgen: =human= stepgen sg-cmd-pos=-5.000000 rev sg-fb-pos=0.146710 rev sg-vel=-1.460000 rps sg-acc=-20.000000 rps2

=human= stepgen sg-cmd-pos=-5.000000 rev sg-fb-pos=0.146710 rev sg-vel=-1.460000 rps sg-acc=-20.000000 rps2

[INFO] hw.pins: Pin step.fb set to 0.1452400000000001 (was 0.1467100000000001)
Pin step.fb set to 0.1452400000000001 (was 0.1467100000000001)
[INFO] hw.stepgen: =human= stepgen sg-cmd-pos=-5.000000 rev sg-fb-pos=0.145240 rev sg-vel=-1.480000 rps sg-acc=-20.000000 rps2

=human= stepgen sg-cmd-pos=-5.000000 rev sg-fb-pos=0.145240 rev sg-vel=-1.480000 rps sg-acc=-20.000000 rps2

[INFO] hw.pins: Pin step.fb set to 0.1437500000000001 (was 0.1452400000000001)
Pin step.fb set to 0.1437500000000001 (was 0.1452400000000001)
[INFO] hw.stepgen: =human= stepgen sg-cmd-pos=-5.000000 rev sg-fb-pos=0.143750 rev sg-vel=-1.500000 rps sg-acc=-20.000000 rps2

=human= stepgen sg-cmd-pos=-5.000000 rev sg-fb-pos=0.143750 rev sg-vel=-1.500000 rps sg-acc=-20.000000 rps2

[INFO] hw.pins: Pin step.fb set to 0.1422400000000001 (was 0.1437500000000001)
Pin step.fb set to 0.1422400000000001 (was 0.1437500000000001)
[INFO] hw.stepgen: =human= stepgen sg-cmd-pos=-5.000000 rev sg-fb-pos=0.142240 rev sg-vel=-1.520000 rps sg-acc=-20.000000 rps2

=human= stepgen sg-cmd-pos=-5.000000 rev sg-fb-pos=0.142240 rev sg-vel=-1.520000 rps sg-acc=-20.000000 rps2

[INFO] hw.pins: Pin step.fb set to 0.14071000000000009 (was 0.1422400000000001)
Pin step.fb set to 0.14071000000000009 (was 0.1422400000000001)
[INFO] hw.stepgen: =human= stepgen sg-cmd-pos=-5.000000 rev sg-fb-pos=0.140710 rev sg-vel=-1.540000 rps sg-acc=-20.000000 rps2

=human= stepgen sg-cmd-pos=-5.000000 rev sg-fb-pos=0.140710 rev sg-vel=-1.540000 rps sg-acc=-20.000000 rps2

[INFO] hw.pins: Pin step.fb set to 0.1391600000000001 (was 0.14071000000000009)
Pin step.fb set to 0.1391600000000001 (was 0.14071000000000009)
[INFO] hw.stepgen: =human= stepgen sg-cmd-pos=-5.000000 rev sg-fb-pos=0.139160 rev sg-vel=-1.560000 rps sg-acc=-20.000000 rps2

=human= stepgen sg-cmd-pos=-5.000000 rev sg-fb-pos=0.139160 rev sg-vel=-1.560000 rps sg-acc=-20.000000 rps2

[INFO] hw.pins: Pin step.fb set to 0.1375900000000001 (was 0.1391600000000001)
Pin step.fb set to 0.1375900000000001 (was 0.1391600000000001)
[INFO] hw.stepgen: =human= stepgen sg-cmd-pos=-5.000000 rev sg-fb-pos=0.137590 rev sg-vel=-1.580000 rps sg-acc=-20.000000 rps2

=human= stepgen sg-cmd-pos=-5.000000 rev sg-fb-pos=0.137590 rev sg-vel=-1.580000 rps sg-acc=-20.000000 rps2

[INFO] hw.pins: Pin step.fb set to 0.1360000000000001 (was 0.1375900000000001)
Pin step.fb set to 0.1360000000000001 (was 0.1375900000000001)
[INFO] hw.stepgen: =human= stepgen sg-cmd-pos=-5.000000 rev sg-fb-pos=0.136000 rev sg-vel=-1.600000 rps sg-acc=-20.000000 rps2

=human= stepgen sg-cmd-pos=-5.000000 rev sg-fb-pos=0.136000 rev sg-vel=-1.600000 rps sg-acc=-20.000000 rps2

[INFO] hw.pins: Pin step.fb set to 0.1343900000000001 (was 0.1360000000000001)
Pin step.fb set to 0.1343900000000001 (was 0.1360000000000001)
[INFO] hw.stepgen: =human= stepgen sg-cmd-pos=-5.000000 rev sg-fb-pos=0.134390 rev sg-vel=-1.620000 rps sg-acc=-20.000000 rps2

=human= stepgen sg-cmd-pos=-5.000000 rev sg-fb-pos=0.134390 rev sg-vel=-1.620000 rps sg-acc=-20.000000 rps2

[INFO] hw.pins: Pin step.fb set to 0.1327600000000001 (was 0.1343900000000001)
Pin step.fb set to 0.1327600000000001 (was 0.1343900000000001)
[INFO] hw.stepgen: =human= stepgen sg-cmd-pos=-5.000000 rev sg-fb-pos=0.132760 rev sg-vel=-1.640000 rps sg-acc=-20.000000 rps2

=human= stepgen sg-cmd-pos=-5.000000 rev sg-fb-pos=0.132760 rev sg-vel=-1.640000 rps sg-acc=-20.000000 rps2

[INFO] hw.pins: Pin step.fb set to 0.1311100000000001 (was 0.1327600000000001)
Pin step.fb set to 0.1311100000000001 (was 0.1327600000000001)
[INFO] hw.stepgen: =human= stepgen sg-cmd-pos=-5.000000 rev sg-fb-pos=0.131110 rev sg-vel=-1.660000 rps sg-acc=-20.000000 rps2

=human= stepgen sg-cmd-pos=-5.000000 rev sg-fb-pos=0.131110 rev sg-vel=-1.660000 rps sg-acc=-20.000000 rps2

[INFO] hw.pins: Pin step.fb set to 0.12944000000000008 (was 0.1311100000000001)
Pin step.fb set to 0.12944000000000008 (was 0.1311100000000001)
[INFO] hw.stepgen: =human= stepgen sg-cmd-pos=-5.000000 rev sg-fb-pos=0.129440 rev sg-vel=-1.680000 rps sg-acc=-20.000000 rps2

=human= stepgen sg-cmd-pos=-5.000000 rev sg-fb-pos=0.129440 rev sg-vel=-1.680000 rps sg-acc=-20.000000 rps2

[INFO] hw.pins: Pin step.fb set to 0.12775000000000009 (was 0.12944000000000008)
Pin step.fb set to 0.12775000000000009 (was 0.12944000000000008)
[INFO] hw.stepgen: =human= stepgen sg-cmd-pos=-5.000000 rev sg-fb-pos=0.127750 rev sg-vel=-1.700000 rps sg-acc=-20.000000 rps2

=human= stepgen sg-cmd-pos=-5.000000 rev sg-fb-pos=0.127750 rev sg-vel=-1.700000 rps sg-acc=-20.000000 rps2

[INFO] hw.pins: Pin step.fb set to 0.1260400000000001 (was 0.12775000000000009)
Pin step.fb set to 0.1260400000000001 (was 0.12775000000000009)
[INFO] hw.stepgen: =human= stepgen sg-cmd-pos=-5.000000 rev sg-fb-pos=0.126040 rev sg-vel=-1.720000 rps sg-acc=-20.000000 rps2

=human= stepgen sg-cmd-pos=-5.000000 rev sg-fb-pos=0.126040 rev sg-vel=-1.720000 rps sg-acc=-20.000000 rps2

[INFO] hw.pins: Pin step.fb set to 0.1243100000000001 (was 0.1260400000000001)
Pin step.fb set to 0.1243100000000001 (was 0.1260400000000001)
[INFO] hw.stepgen: =human= stepgen sg-cmd-pos=-5.000000 rev sg-fb-pos=0.124310 rev sg-vel=-1.740000 rps sg-acc=-20.000000 rps2

=human= stepgen sg-cmd-pos=-5.000000 rev sg-fb-pos=0.124310 rev sg-vel=-1.740000 rps sg-acc=-20.000000 rps2

[INFO] hw.pins: Pin step.fb set to 0.1225600000000001 (was 0.1243100000000001)
Pin step.fb set to 0.1225600000000001 (was 0.1243100000000001)
[INFO] hw.stepgen: =human= stepgen sg-cmd-pos=-5.000000 rev sg-fb-pos=0.122560 rev sg-vel=-1.760000 rps sg-acc=-20.000000 rps2

=human= stepgen sg-cmd-pos=-5.000000 rev sg-fb-pos=0.122560 rev sg-vel=-1.760000 rps sg-acc=-20.000000 rps2

[INFO] hw.pins: Pin step.fb set to 0.12079000000000009 (was 0.1225600000000001)
Pin step.fb set to 0.12079000000000009 (was 0.1225600000000001)
[INFO] hw.stepgen: =human= stepgen sg-cmd-pos=-5.000000 rev sg-fb-pos=0.120790 rev sg-vel=-1.780000 rps sg-acc=-20.000000 rps2

=human= stepgen sg-cmd-pos=-5.000000 rev sg-fb-pos=0.120790 rev sg-vel=-1.780000 rps sg-acc=-20.000000 rps2

[INFO] hw.pins: Pin step.fb set to 0.11900000000000009 (was 0.12079000000000009)
Pin step.fb set to 0.11900000000000009 (was 0.12079000000000009)
[INFO] hw.stepgen: =human= stepgen sg-cmd-pos=-5.000000 rev sg-fb-pos=0.119000 rev sg-vel=-1.800000 rps sg-acc=-20.000000 rps2

=human= stepgen sg-cmd-pos=-5.000000 rev sg-fb-pos=0.119000 rev sg-vel=-1.800000 rps sg-acc=-20.000000 rps2

[INFO] hw.pins: Pin step.fb set to 0.11719000000000009 (was 0.11900000000000009)
Pin step.fb set to 0.11719000000000009 (was 0.11900000000000009)
[INFO] hw.stepgen: =human= stepgen sg-cmd-pos=-5.000000 rev sg-fb-pos=0.117190 rev sg-vel=-1.820000 rps sg-acc=-20.000000 rps2

=human= stepgen sg-cmd-pos=-5.000000 rev sg-fb-pos=0.117190 rev sg-vel=-1.820000 rps sg-acc=-20.000000 rps2

[INFO] hw.pins: Pin step.fb set to 0.11536000000000009 (was 0.11719000000000009)
Pin step.fb set to 0.11536000000000009 (was 0.11719000000000009)
[INFO] hw.stepgen: =human= stepgen sg-cmd-pos=-5.000000 rev sg-fb-pos=0.115360 rev sg-vel=-1.840000 rps sg-acc=-20.000000 rps2

=human= stepgen sg-cmd-pos=-5.000000 rev sg-fb-pos=0.115360 rev sg-vel=-1.840000 rps sg-acc=-20.000000 rps2

[INFO] hw.pins: Pin step.fb set to 0.11351000000000008 (was 0.11536000000000009)
Pin step.fb set to 0.11351000000000008 (was 0.11536000000000009)
[INFO] hw.stepgen: =human= stepgen sg-cmd-pos=-5.000000 rev sg-fb-pos=0.113510 rev sg-vel=-1.860000 rps sg-acc=-20.000000 rps2

=human= stepgen sg-cmd-pos=-5.000000 rev sg-fb-pos=0.113510 rev sg-vel=-1.860000 rps sg-acc=-20.000000 rps2

[INFO] hw.pins: Pin step.fb set to 0.11164000000000009 (was 0.11351000000000008)
Pin step.fb set to 0.11164000000000009 (was 0.11351000000000008)
[INFO] hw.stepgen: =human= stepgen sg-cmd-pos=-5.000000 rev sg-fb-pos=0.111640 rev sg-vel=-1.880000 rps sg-acc=-20.000000 rps2

=human= stepgen sg-cmd-pos=-5.000000 rev sg-fb-pos=0.111640 rev sg-vel=-1.880000 rps sg-acc=-20.000000 rps2

[INFO] hw.pins: Pin step.fb set to 0.10975000000000008 (was 0.11164000000000009)
Pin step.fb set to 0.10975000000000008 (was 0.11164000000000009)
[INFO] hw.stepgen: =human= stepgen sg-cmd-pos=-5.000000 rev sg-fb-pos=0.109750 rev sg-vel=-1.900000 rps sg-acc=-20.000000 rps2

=human= stepgen sg-cmd-pos=-5.000000 rev sg-fb-pos=0.109750 rev sg-vel=-1.900000 rps sg-acc=-20.000000 rps2

[INFO] hw.pins: Pin step.fb set to 0.10784000000000009 (was 0.10975000000000008)
Pin step.fb set to 0.10784000000000009 (was 0.10975000000000008)
[INFO] hw.stepgen: =human= stepgen sg-cmd-pos=-5.000000 rev sg-fb-pos=0.107840 rev sg-vel=-1.920000 rps sg-acc=-20.000000 rps2

=human= stepgen sg-cmd-pos=-5.000000 rev sg-fb-pos=0.107840 rev sg-vel=-1.920000 rps sg-acc=-20.000000 rps2

[INFO] hw.pins: Pin step.fb set to 0.10591000000000009 (was 0.10784000000000009)
Pin step.fb set to 0.10591000000000009 (was 0.10784000000000009)
[INFO] hw.stepgen: =human= stepgen sg-cmd-pos=-5.000000 rev sg-fb-pos=0.105910 rev sg-vel=-1.940000 rps sg-acc=-20.000000 rps2

=human= stepgen sg-cmd-pos=-5.000000 rev sg-fb-pos=0.105910 rev sg-vel=-1.940000 rps sg-acc=-20.000000 rps2

[INFO] hw.pins: Pin step.fb set to 0.10396000000000008 (was 0.10591000000000009)
Pin step.fb set to 0.10396000000000008 (was 0.10591000000000009)
[INFO] hw.stepgen: =human= stepgen sg-cmd-pos=-5.000000 rev sg-fb-pos=0.103960 rev sg-vel=-1.960000 rps sg-acc=-20.000000 rps2

=human= stepgen sg-cmd-pos=-5.000000 rev sg-fb-pos=0.103960 rev sg-vel=-1.960000 rps sg-acc=-20.000000 rps2

[INFO] hw.pins: Pin step.fb set to 0.10199000000000008 (was 0.10396000000000008)
Pin step.fb set to 0.10199000000000008 (was 0.10396000000000008)
[INFO] hw.stepgen: =human= stepgen sg-cmd-pos=-5.000000 rev sg-fb-pos=0.101990 rev sg-vel=-1.980000 rps sg-acc=-20.000000 rps2

=human= stepgen sg-cmd-pos=-5.000000 rev sg-fb-pos=0.101990 rev sg-vel=-1.980000 rps sg-acc=-20.000000 rps2

[INFO] hw.pins: Pin step.fb set to 0.10000000000000007 (was 0.10199000000000008)
Pin step.fb set to 0.10000000000000007 (was 0.10199000000000008)
[INFO] hw.stepgen: =human= stepgen sg-cmd-pos=-5.000000 rev sg-fb-pos=0.100000 rev sg-vel=-2.000000 rps sg-acc=-20.000000 rps2

=human= stepgen sg-cmd-pos=-5.000000 rev sg-fb-pos=0.100000 rev sg-vel=-2.000000 rps sg-acc=-20.000000 rps2

PASSED
tests/test_stepgen_sim.py::test_continuous_retargets_chase_position_command 
-------------------------------- live log setup --------------------------------
=human= test name=test_continuous_retargets_chase_position_command event=start
[INFO] hw.pins: Pin step.cmd set to 0.0 (was 0)
-------------------------------- live log call ---------------------------------
Pin step.cmd set to 0.0 (was 0)
[INFO] hw.pins: Pin step.fb set to 0.0 (was 0)
Pin step.fb set to 0.0 (was 0)
[INFO] hw.stepgen: =human= stepgen sg-cmd-pos=0.000000 rev sg-fb-pos=0.000000 rev sg-vel=0.000000 rps sg-acc=0.000000 rps2

=human= stepgen sg-cmd-pos=0.000000 rev sg-fb-pos=0.000000 rev sg-vel=0.000000 rps sg-acc=0.000000 rps2

[INFO] hw.pins: Pin step.fb set to 0.0 (was 0.0)
Pin step.fb set to 0.0 (was 0.0)
[INFO] hw.stepgen: =human= stepgen sg-cmd-pos=0.000000 rev sg-fb-pos=0.000000 rev sg-vel=0.000000 rps sg-acc=0.000000 rps2

=human= stepgen sg-cmd-pos=0.000000 rev sg-fb-pos=0.000000 rev sg-vel=0.000000 rps sg-acc=0.000000 rps2

[INFO] hw.pins: Pin step.fb set to 0.0 (was 0.0)
Pin step.fb set to 0.0 (was 0.0)
[INFO] hw.stepgen: =human= stepgen sg-cmd-pos=0.000000 rev sg-fb-pos=0.000000 rev sg-vel=0.000000 rps sg-acc=0.000000 rps2

=human= stepgen sg-cmd-pos=0.000000 rev sg-fb-pos=0.000000 rev sg-vel=0.000000 rps sg-acc=0.000000 rps2

[INFO] hw.pins: Pin step.fb set to 0.0 (was 0.0)
Pin step.fb set to 0.0 (was 0.0)
[INFO] hw.stepgen: =human= stepgen sg-cmd-pos=0.000000 rev sg-fb-pos=0.000000 rev sg-vel=0.000000 rps sg-acc=0.000000 rps2

=human= stepgen sg-cmd-pos=0.000000 rev sg-fb-pos=0.000000 rev sg-vel=0.000000 rps sg-acc=0.000000 rps2

[INFO] hw.pins: Pin step.fb set to 0.0 (was 0.0)
Pin step.fb set to 0.0 (was 0.0)
[INFO] hw.stepgen: =human= stepgen sg-cmd-pos=0.000000 rev sg-fb-pos=0.000000 rev sg-vel=0.000000 rps sg-acc=0.000000 rps2

=human= stepgen sg-cmd-pos=0.000000 rev sg-fb-pos=0.000000 rev sg-vel=0.000000 rps sg-acc=0.000000 rps2

[INFO] hw.pins: Pin step.fb set to 0.0 (was 0.0)
Pin step.fb set to 0.0 (was 0.0)
[INFO] hw.stepgen: =human= stepgen sg-cmd-pos=0.000000 rev sg-fb-pos=0.000000 rev sg-vel=0.000000 rps sg-acc=0.000000 rps2

=human= stepgen sg-cmd-pos=0.000000 rev sg-fb-pos=0.000000 rev sg-vel=0.000000 rps sg-acc=0.000000 rps2

[INFO] hw.pins: Pin step.fb set to 0.0 (was 0.0)
Pin step.fb set to 0.0 (was 0.0)
[INFO] hw.stepgen: =human= stepgen sg-cmd-pos=0.000000 rev sg-fb-pos=0.000000 rev sg-vel=0.000000 rps sg-acc=0.000000 rps2

=human= stepgen sg-cmd-pos=0.000000 rev sg-fb-pos=0.000000 rev sg-vel=0.000000 rps sg-acc=0.000000 rps2

[INFO] hw.pins: Pin step.fb set to 0.0 (was 0.0)
Pin step.fb set to 0.0 (was 0.0)
[INFO] hw.stepgen: =human= stepgen sg-cmd-pos=0.000000 rev sg-fb-pos=0.000000 rev sg-vel=0.000000 rps sg-acc=0.000000 rps2

=human= stepgen sg-cmd-pos=0.000000 rev sg-fb-pos=0.000000 rev sg-vel=0.000000 rps sg-acc=0.000000 rps2

[INFO] hw.pins: Pin step.fb set to 0.0 (was 0.0)
Pin step.fb set to 0.0 (was 0.0)
[INFO] hw.stepgen: =human= stepgen sg-cmd-pos=0.000000 rev sg-fb-pos=0.000000 rev sg-vel=0.000000 rps sg-acc=0.000000 rps2

=human= stepgen sg-cmd-pos=0.000000 rev sg-fb-pos=0.000000 rev sg-vel=0.000000 rps sg-acc=0.000000 rps2

[INFO] hw.pins: Pin step.fb set to 0.0 (was 0.0)
Pin step.fb set to 0.0 (was 0.0)
[INFO] hw.stepgen: =human= stepgen sg-cmd-pos=0.000000 rev sg-fb-pos=0.000000 rev sg-vel=0.000000 rps sg-acc=0.000000 rps2

=human= stepgen sg-cmd-pos=0.000000 rev sg-fb-pos=0.000000 rev sg-vel=0.000000 rps sg-acc=0.000000 rps2

[INFO] hw.pins: Pin step.fb set to 0.0 (was 0.0)
Pin step.fb set to 0.0 (was 0.0)
[INFO] hw.stepgen: =human= stepgen sg-cmd-pos=0.000000 rev sg-fb-pos=0.000000 rev sg-vel=0.000000 rps sg-acc=0.000000 rps2

=human= stepgen sg-cmd-pos=0.000000 rev sg-fb-pos=0.000000 rev sg-vel=0.000000 rps sg-acc=0.000000 rps2

[INFO] hw.pins: Pin step.fb set to 0.0 (was 0.0)
Pin step.fb set to 0.0 (was 0.0)
[INFO] hw.stepgen: =human= stepgen sg-cmd-pos=0.000000 rev sg-fb-pos=0.000000 rev sg-vel=0.000000 rps sg-acc=0.000000 rps2

=human= stepgen sg-cmd-pos=0.000000 rev sg-fb-pos=0.000000 rev sg-vel=0.000000 rps sg-acc=0.000000 rps2

[INFO] hw.pins: Pin step.fb set to 0.0 (was 0.0)
Pin step.fb set to 0.0 (was 0.0)
[INFO] hw.stepgen: =human= stepgen sg-cmd-pos=0.000000 rev sg-fb-pos=0.000000 rev sg-vel=0.000000 rps sg-acc=0.000000 rps2

=human= stepgen sg-cmd-pos=0.000000 rev sg-fb-pos=0.000000 rev sg-vel=0.000000 rps sg-acc=0.000000 rps2

[INFO] hw.pins: Pin step.fb set to 0.0 (was 0.0)
Pin step.fb set to 0.0 (was 0.0)
[INFO] hw.stepgen: =human= stepgen sg-cmd-pos=0.000000 rev sg-fb-pos=0.000000 rev sg-vel=0.000000 rps sg-acc=0.000000 rps2

=human= stepgen sg-cmd-pos=0.000000 rev sg-fb-pos=0.000000 rev sg-vel=0.000000 rps sg-acc=0.000000 rps2

[INFO] hw.pins: Pin step.fb set to 0.0 (was 0.0)
Pin step.fb set to 0.0 (was 0.0)
[INFO] hw.stepgen: =human= stepgen sg-cmd-pos=0.000000 rev sg-fb-pos=0.000000 rev sg-vel=0.000000 rps sg-acc=0.000000 rps2

=human= stepgen sg-cmd-pos=0.000000 rev sg-fb-pos=0.000000 rev sg-vel=0.000000 rps sg-acc=0.000000 rps2

[INFO] hw.pins: Pin step.fb set to 0.0 (was 0.0)
Pin step.fb set to 0.0 (was 0.0)
[INFO] hw.stepgen: =human= stepgen sg-cmd-pos=0.000000 rev sg-fb-pos=0.000000 rev sg-vel=0.000000 rps sg-acc=0.000000 rps2

=human= stepgen sg-cmd-pos=0.000000 rev sg-fb-pos=0.000000 rev sg-vel=0.000000 rps sg-acc=0.000000 rps2

[INFO] hw.pins: Pin step.fb set to 0.0 (was 0.0)
Pin step.fb set to 0.0 (was 0.0)
[INFO] hw.stepgen: =human= stepgen sg-cmd-pos=0.000000 rev sg-fb-pos=0.000000 rev sg-vel=0.000000 rps sg-acc=0.000000 rps2

=human= stepgen sg-cmd-pos=0.000000 rev sg-fb-pos=0.000000 rev sg-vel=0.000000 rps sg-acc=0.000000 rps2

[INFO] hw.pins: Pin step.fb set to 0.0 (was 0.0)
Pin step.fb set to 0.0 (was 0.0)
[INFO] hw.stepgen: =human= stepgen sg-cmd-pos=0.000000 rev sg-fb-pos=0.000000 rev sg-vel=0.000000 rps sg-acc=0.000000 rps2

=human= stepgen sg-cmd-pos=0.000000 rev sg-fb-pos=0.000000 rev sg-vel=0.000000 rps sg-acc=0.000000 rps2

[INFO] hw.pins: Pin step.fb set to 0.0 (was 0.0)
Pin step.fb set to 0.0 (was 0.0)
[INFO] hw.stepgen: =human= stepgen sg-cmd-pos=0.000000 rev sg-fb-pos=0.000000 rev sg-vel=0.000000 rps sg-acc=0.000000 rps2

=human= stepgen sg-cmd-pos=0.000000 rev sg-fb-pos=0.000000 rev sg-vel=0.000000 rps sg-acc=0.000000 rps2

[INFO] hw.pins: Pin step.fb set to 0.0 (was 0.0)
Pin step.fb set to 0.0 (was 0.0)
[INFO] hw.stepgen: =human= stepgen sg-cmd-pos=0.000000 rev sg-fb-pos=0.000000 rev sg-vel=0.000000 rps sg-acc=0.000000 rps2

=human= stepgen sg-cmd-pos=0.000000 rev sg-fb-pos=0.000000 rev sg-vel=0.000000 rps sg-acc=0.000000 rps2

[INFO] hw.pins: Pin step.fb set to 0.0 (was 0.0)
Pin step.fb set to 0.0 (was 0.0)
[INFO] hw.stepgen: =human= stepgen sg-cmd-pos=0.000000 rev sg-fb-pos=0.000000 rev sg-vel=0.000000 rps sg-acc=0.000000 rps2

=human= stepgen sg-cmd-pos=0.000000 rev sg-fb-pos=0.000000 rev sg-vel=0.000000 rps sg-acc=0.000000 rps2

[INFO] hw.pins: Pin step.fb set to 0.0 (was 0.0)
Pin step.fb set to 0.0 (was 0.0)
[INFO] hw.stepgen: =human= stepgen sg-cmd-pos=0.000000 rev sg-fb-pos=0.000000 rev sg-vel=0.000000 rps sg-acc=0.000000 rps2

=human= stepgen sg-cmd-pos=0.000000 rev sg-fb-pos=0.000000 rev sg-vel=0.000000 rps sg-acc=0.000000 rps2

[INFO] hw.pins: Pin step.fb set to 0.0 (was 0.0)
Pin step.fb set to 0.0 (was 0.0)
[INFO] hw.stepgen: =human= stepgen sg-cmd-pos=0.000000 rev sg-fb-pos=0.000000 rev sg-vel=0.000000 rps sg-acc=0.000000 rps2

=human= stepgen sg-cmd-pos=0.000000 rev sg-fb-pos=0.000000 rev sg-vel=0.000000 rps sg-acc=0.000000 rps2

[INFO] hw.pins: Pin step.fb set to 0.0 (was 0.0)
Pin step.fb set to 0.0 (was 0.0)
[INFO] hw.stepgen: =human= stepgen sg-cmd-pos=0.000000 rev sg-fb-pos=0.000000 rev sg-vel=0.000000 rps sg-acc=0.000000 rps2

=human= stepgen sg-cmd-pos=0.000000 rev sg-fb-pos=0.000000 rev sg-vel=0.000000 rps sg-acc=0.000000 rps2

[INFO] hw.pins: Pin step.fb set to 0.0 (was 0.0)
Pin step.fb set to 0.0 (was 0.0)
[INFO] hw.stepgen: =human= stepgen sg-cmd-pos=0.000000 rev sg-fb-pos=0.000000 rev sg-vel=0.000000 rps sg-acc=0.000000 rps2

=human= stepgen sg-cmd-pos=0.000000 rev sg-fb-pos=0.000000 rev sg-vel=0.000000 rps sg-acc=0.000000 rps2

[INFO] hw.pins: Pin step.fb set to 0.0 (was 0.0)
Pin step.fb set to 0.0 (was 0.0)
[INFO] hw.stepgen: =human= stepgen sg-cmd-pos=0.000000 rev sg-fb-pos=0.000000 rev sg-vel=0.000000 rps sg-acc=0.000000 rps2

=human= stepgen sg-cmd-pos=0.000000 rev sg-fb-pos=0.000000 rev sg-vel=0.000000 rps sg-acc=0.000000 rps2

[INFO] hw.pins: Pin step.fb set to 0.0 (was 0.0)
Pin step.fb set to 0.0 (was 0.0)
[INFO] hw.stepgen: =human= stepgen sg-cmd-pos=0.000000 rev sg-fb-pos=0.000000 rev sg-vel=0.000000 rps sg-acc=0.000000 rps2

=human= stepgen sg-cmd-pos=0.000000 rev sg-fb-pos=0.000000 rev sg-vel=0.000000 rps sg-acc=0.000000 rps2

[INFO] hw.pins: Pin step.fb set to 0.0 (was 0.0)
Pin step.fb set to 0.0 (was 0.0)
[INFO] hw.stepgen: =human= stepgen sg-cmd-pos=0.000000 rev sg-fb-pos=0.000000 rev sg-vel=0.000000 rps sg-acc=0.000000 rps2

=human= stepgen sg-cmd-pos=0.000000 rev sg-fb-pos=0.000000 rev sg-vel=0.000000 rps sg-acc=0.000000 rps2

[INFO] hw.pins: Pin step.fb set to 0.0 (was 0.0)
Pin step.fb set to 0.0 (was 0.0)
[INFO] hw.stepgen: =human= stepgen sg-cmd-pos=0.000000 rev sg-fb-pos=0.000000 rev sg-vel=0.000000 rps sg-acc=0.000000 rps2

=human= stepgen sg-cmd-pos=0.000000 rev sg-fb-pos=0.000000 rev sg-vel=0.000000 rps sg-acc=0.000000 rps2

[INFO] hw.pins: Pin step.fb set to 0.0 (was 0.0)
Pin step.fb set to 0.0 (was 0.0)
[INFO] hw.stepgen: =human= stepgen sg-cmd-pos=0.000000 rev sg-fb-pos=0.000000 rev sg-vel=0.000000 rps sg-acc=0.000000 rps2

=human= stepgen sg-cmd-pos=0.000000 rev sg-fb-pos=0.000000 rev sg-vel=0.000000 rps sg-acc=0.000000 rps2

[INFO] hw.pins: Pin step.fb set to 0.0 (was 0.0)
Pin step.fb set to 0.0 (was 0.0)
[INFO] hw.stepgen: =human= stepgen sg-cmd-pos=0.000000 rev sg-fb-pos=0.000000 rev sg-vel=0.000000 rps sg-acc=0.000000 rps2

=human= stepgen sg-cmd-pos=0.000000 rev sg-fb-pos=0.000000 rev sg-vel=0.000000 rps sg-acc=0.000000 rps2

[INFO] hw.pins: Pin step.fb set to 0.0 (was 0.0)
Pin step.fb set to 0.0 (was 0.0)
[INFO] hw.stepgen: =human= stepgen sg-cmd-pos=0.000000 rev sg-fb-pos=0.000000 rev sg-vel=0.000000 rps sg-acc=0.000000 rps2

=human= stepgen sg-cmd-pos=0.000000 rev sg-fb-pos=0.000000 rev sg-vel=0.000000 rps sg-acc=0.000000 rps2

[INFO] hw.pins: Pin step.fb set to 0.0 (was 0.0)
Pin step.fb set to 0.0 (was 0.0)
[INFO] hw.stepgen: =human= stepgen sg-cmd-pos=0.000000 rev sg-fb-pos=0.000000 rev sg-vel=0.000000 rps sg-acc=0.000000 rps2

=human= stepgen sg-cmd-pos=0.000000 rev sg-fb-pos=0.000000 rev sg-vel=0.000000 rps sg-acc=0.000000 rps2

[INFO] hw.pins: Pin step.fb set to 0.0 (was 0.0)
Pin step.fb set to 0.0 (was 0.0)
[INFO] hw.stepgen: =human= stepgen sg-cmd-pos=0.000000 rev sg-fb-pos=0.000000 rev sg-vel=0.000000 rps sg-acc=0.000000 rps2

=human= stepgen sg-cmd-pos=0.000000 rev sg-fb-pos=0.000000 rev sg-vel=0.000000 rps sg-acc=0.000000 rps2

[INFO] hw.pins: Pin step.fb set to 0.0 (was 0.0)
Pin step.fb set to 0.0 (was 0.0)
[INFO] hw.stepgen: =human= stepgen sg-cmd-pos=0.000000 rev sg-fb-pos=0.000000 rev sg-vel=0.000000 rps sg-acc=0.000000 rps2

=human= stepgen sg-cmd-pos=0.000000 rev sg-fb-pos=0.000000 rev sg-vel=0.000000 rps sg-acc=0.000000 rps2

[INFO] hw.pins: Pin step.fb set to 0.0 (was 0.0)
Pin step.fb set to 0.0 (was 0.0)
[INFO] hw.stepgen: =human= stepgen sg-cmd-pos=0.000000 rev sg-fb-pos=0.000000 rev sg-vel=0.000000 rps sg-acc=0.000000 rps2

=human= stepgen sg-cmd-pos=0.000000 rev sg-fb-pos=0.000000 rev sg-vel=0.000000 rps sg-acc=0.000000 rps2

[INFO] hw.pins: Pin step.fb set to 0.0 (was 0.0)
Pin step.fb set to 0.0 (was 0.0)
[INFO] hw.stepgen: =human= stepgen sg-cmd-pos=0.000000 rev sg-fb-pos=0.000000 rev sg-vel=0.000000 rps sg-acc=0.000000 rps2

=human= stepgen sg-cmd-pos=0.000000 rev sg-fb-pos=0.000000 rev sg-vel=0.000000 rps sg-acc=0.000000 rps2

[INFO] hw.pins: Pin step.fb set to 0.0 (was 0.0)
Pin step.fb set to 0.0 (was 0.0)
[INFO] hw.stepgen: =human= stepgen sg-cmd-pos=0.000000 rev sg-fb-pos=0.000000 rev sg-vel=0.000000 rps sg-acc=0.000000 rps2

=human= stepgen sg-cmd-pos=0.000000 rev sg-fb-pos=0.000000 rev sg-vel=0.000000 rps sg-acc=0.000000 rps2

[INFO] hw.pins: Pin step.fb set to 0.0 (was 0.0)
Pin step.fb set to 0.0 (was 0.0)
[INFO] hw.stepgen: =human= stepgen sg-cmd-pos=0.000000 rev sg-fb-pos=0.000000 rev sg-vel=0.000000 rps sg-acc=0.000000 rps2

=human= stepgen sg-cmd-pos=0.000000 rev sg-fb-pos=0.000000 rev sg-vel=0.000000 rps sg-acc=0.000000 rps2

[INFO] hw.pins: Pin step.fb set to 0.0 (was 0.0)
Pin step.fb set to 0.0 (was 0.0)
[INFO] hw.stepgen: =human= stepgen sg-cmd-pos=0.000000 rev sg-fb-pos=0.000000 rev sg-vel=0.000000 rps sg-acc=0.000000 rps2

=human= stepgen sg-cmd-pos=0.000000 rev sg-fb-pos=0.000000 rev sg-vel=0.000000 rps sg-acc=0.000000 rps2

[INFO] hw.pins: Pin step.fb set to 0.0 (was 0.0)
Pin step.fb set to 0.0 (was 0.0)
[INFO] hw.stepgen: =human= stepgen sg-cmd-pos=0.000000 rev sg-fb-pos=0.000000 rev sg-vel=0.000000 rps sg-acc=0.000000 rps2

=human= stepgen sg-cmd-pos=0.000000 rev sg-fb-pos=0.000000 rev sg-vel=0.000000 rps sg-acc=0.000000 rps2

[INFO] hw.pins: Pin step.fb set to 0.0 (was 0.0)
Pin step.fb set to 0.0 (was 0.0)
[INFO] hw.stepgen: =human= stepgen sg-cmd-pos=0.000000 rev sg-fb-pos=0.000000 rev sg-vel=0.000000 rps sg-acc=0.000000 rps2

=human= stepgen sg-cmd-pos=0.000000 rev sg-fb-pos=0.000000 rev sg-vel=0.000000 rps sg-acc=0.000000 rps2

[INFO] hw.pins: Pin step.fb set to 0.0 (was 0.0)
Pin step.fb set to 0.0 (was 0.0)
[INFO] hw.stepgen: =human= stepgen sg-cmd-pos=0.000000 rev sg-fb-pos=0.000000 rev sg-vel=0.000000 rps sg-acc=0.000000 rps2

=human= stepgen sg-cmd-pos=0.000000 rev sg-fb-pos=0.000000 rev sg-vel=0.000000 rps sg-acc=0.000000 rps2

[INFO] hw.pins: Pin step.fb set to 0.0 (was 0.0)
Pin step.fb set to 0.0 (was 0.0)
[INFO] hw.stepgen: =human= stepgen sg-cmd-pos=0.000000 rev sg-fb-pos=0.000000 rev sg-vel=0.000000 rps sg-acc=0.000000 rps2

=human= stepgen sg-cmd-pos=0.000000 rev sg-fb-pos=0.000000 rev sg-vel=0.000000 rps sg-acc=0.000000 rps2

[INFO] hw.pins: Pin step.fb set to 0.0 (was 0.0)
Pin step.fb set to 0.0 (was 0.0)
[INFO] hw.stepgen: =human= stepgen sg-cmd-pos=0.000000 rev sg-fb-pos=0.000000 rev sg-vel=0.000000 rps sg-acc=0.000000 rps2

=human= stepgen sg-cmd-pos=0.000000 rev sg-fb-pos=0.000000 rev sg-vel=0.000000 rps sg-acc=0.000000 rps2

[INFO] hw.pins: Pin step.fb set to 0.0 (was 0.0)
Pin step.fb set to 0.0 (was 0.0)
[INFO] hw.stepgen: =human= stepgen sg-cmd-pos=0.000000 rev sg-fb-pos=0.000000 rev sg-vel=0.000000 rps sg-acc=0.000000 rps2

=human= stepgen sg-cmd-pos=0.000000 rev sg-fb-pos=0.000000 rev sg-vel=0.000000 rps sg-acc=0.000000 rps2

[INFO] hw.pins: Pin step.fb set to 0.0 (was 0.0)
Pin step.fb set to 0.0 (was 0.0)
[INFO] hw.stepgen: =human= stepgen sg-cmd-pos=0.000000 rev sg-fb-pos=0.000000 rev sg-vel=0.000000 rps sg-acc=0.000000 rps2

=human= stepgen sg-cmd-pos=0.000000 rev sg-fb-pos=0.000000 rev sg-vel=0.000000 rps sg-acc=0.000000 rps2

[INFO] hw.pins: Pin step.fb set to 0.0 (was 0.0)
Pin step.fb set to 0.0 (was 0.0)
[INFO] hw.stepgen: =human= stepgen sg-cmd-pos=0.000000 rev sg-fb-pos=0.000000 rev sg-vel=0.000000 rps sg-acc=0.000000 rps2

=human= stepgen sg-cmd-pos=0.000000 rev sg-fb-pos=0.000000 rev sg-vel=0.000000 rps sg-acc=0.000000 rps2

[INFO] hw.pins: Pin step.fb set to 0.0 (was 0.0)
Pin step.fb set to 0.0 (was 0.0)
[INFO] hw.stepgen: =human= stepgen sg-cmd-pos=0.000000 rev sg-fb-pos=0.000000 rev sg-vel=0.000000 rps sg-acc=0.000000 rps2

=human= stepgen sg-cmd-pos=0.000000 rev sg-fb-pos=0.000000 rev sg-vel=0.000000 rps sg-acc=0.000000 rps2

[INFO] hw.pins: Pin step.fb set to 0.0 (was 0.0)
Pin step.fb set to 0.0 (was 0.0)
[INFO] hw.stepgen: =human= stepgen sg-cmd-pos=0.000000 rev sg-fb-pos=0.000000 rev sg-vel=0.000000 rps sg-acc=0.000000 rps2

=human= stepgen sg-cmd-pos=0.000000 rev sg-fb-pos=0.000000 rev sg-vel=0.000000 rps sg-acc=0.000000 rps2

[INFO] hw.pins: Pin step.cmd set to 0.1 (was 0.0)
Pin step.cmd set to 0.1 (was 0.0)
[INFO] hw.pins: Pin step.fb set to 5e-06 (was 0.0)
Pin step.fb set to 5e-06 (was 0.0)
[INFO] hw.stepgen: =human= stepgen sg-cmd-pos=0.100000 rev sg-fb-pos=0.000005 rev sg-vel=0.010000 rps sg-acc=10.000000 rps2

=human= stepgen sg-cmd-pos=0.100000 rev sg-fb-pos=0.000005 rev sg-vel=0.010000 rps sg-acc=10.000000 rps2

[INFO] hw.pins: Pin step.fb set to 2e-05 (was 5e-06)
Pin step.fb set to 2e-05 (was 5e-06)
[INFO] hw.stepgen: =human= stepgen sg-cmd-pos=0.100000 rev sg-fb-pos=0.000020 rev sg-vel=0.020000 rps sg-acc=10.000000 rps2

=human= stepgen sg-cmd-pos=0.100000 rev sg-fb-pos=0.000020 rev sg-vel=0.020000 rps sg-acc=10.000000 rps2

[INFO] hw.pins: Pin step.fb set to 4.5e-05 (was 2e-05)
Pin step.fb set to 4.5e-05 (was 2e-05)
[INFO] hw.stepgen: =human= stepgen sg-cmd-pos=0.100000 rev sg-fb-pos=0.000045 rev sg-vel=0.030000 rps sg-acc=10.000000 rps2

=human= stepgen sg-cmd-pos=0.100000 rev sg-fb-pos=0.000045 rev sg-vel=0.030000 rps sg-acc=10.000000 rps2

[INFO] hw.pins: Pin step.fb set to 8e-05 (was 4.5e-05)
Pin step.fb set to 8e-05 (was 4.5e-05)
[INFO] hw.stepgen: =human= stepgen sg-cmd-pos=0.100000 rev sg-fb-pos=0.000080 rev sg-vel=0.040000 rps sg-acc=10.000000 rps2

=human= stepgen sg-cmd-pos=0.100000 rev sg-fb-pos=0.000080 rev sg-vel=0.040000 rps sg-acc=10.000000 rps2

[INFO] hw.pins: Pin step.fb set to 0.000125 (was 8e-05)
Pin step.fb set to 0.000125 (was 8e-05)
[INFO] hw.stepgen: =human= stepgen sg-cmd-pos=0.100000 rev sg-fb-pos=0.000125 rev sg-vel=0.050000 rps sg-acc=10.000000 rps2

=human= stepgen sg-cmd-pos=0.100000 rev sg-fb-pos=0.000125 rev sg-vel=0.050000 rps sg-acc=10.000000 rps2

[INFO] hw.pins: Pin step.fb set to 0.00018 (was 0.000125)
Pin step.fb set to 0.00018 (was 0.000125)
[INFO] hw.stepgen: =human= stepgen sg-cmd-pos=0.100000 rev sg-fb-pos=0.000180 rev sg-vel=0.060000 rps sg-acc=10.000000 rps2

=human= stepgen sg-cmd-pos=0.100000 rev sg-fb-pos=0.000180 rev sg-vel=0.060000 rps sg-acc=10.000000 rps2

[INFO] hw.pins: Pin step.fb set to 0.000245 (was 0.00018)
Pin step.fb set to 0.000245 (was 0.00018)
[INFO] hw.stepgen: =human= stepgen sg-cmd-pos=0.100000 rev sg-fb-pos=0.000245 rev sg-vel=0.070000 rps sg-acc=10.000000 rps2

=human= stepgen sg-cmd-pos=0.100000 rev sg-fb-pos=0.000245 rev sg-vel=0.070000 rps sg-acc=10.000000 rps2

[INFO] hw.pins: Pin step.fb set to 0.00031999999999999997 (was 0.000245)
Pin step.fb set to 0.00031999999999999997 (was 0.000245)
[INFO] hw.stepgen: =human= stepgen sg-cmd-pos=0.100000 rev sg-fb-pos=0.000320 rev sg-vel=0.080000 rps sg-acc=10.000000 rps2

=human= stepgen sg-cmd-pos=0.100000 rev sg-fb-pos=0.000320 rev sg-vel=0.080000 rps sg-acc=10.000000 rps2

[INFO] hw.pins: Pin step.fb set to 0.000405 (was 0.00031999999999999997)
Pin step.fb set to 0.000405 (was 0.00031999999999999997)
[INFO] hw.stepgen: =human= stepgen sg-cmd-pos=0.100000 rev sg-fb-pos=0.000405 rev sg-vel=0.090000 rps sg-acc=10.000000 rps2

=human= stepgen sg-cmd-pos=0.100000 rev sg-fb-pos=0.000405 rev sg-vel=0.090000 rps sg-acc=10.000000 rps2

[INFO] hw.pins: Pin step.fb set to 0.0005 (was 0.000405)
Pin step.fb set to 0.0005 (was 0.000405)
[INFO] hw.stepgen: =human= stepgen sg-cmd-pos=0.100000 rev sg-fb-pos=0.000500 rev sg-vel=0.100000 rps sg-acc=10.000000 rps2

=human= stepgen sg-cmd-pos=0.100000 rev sg-fb-pos=0.000500 rev sg-vel=0.100000 rps sg-acc=10.000000 rps2

[INFO] hw.pins: Pin step.fb set to 0.000605 (was 0.0005)
Pin step.fb set to 0.000605 (was 0.0005)
[INFO] hw.stepgen: =human= stepgen sg-cmd-pos=0.100000 rev sg-fb-pos=0.000605 rev sg-vel=0.110000 rps sg-acc=10.000000 rps2

=human= stepgen sg-cmd-pos=0.100000 rev sg-fb-pos=0.000605 rev sg-vel=0.110000 rps sg-acc=10.000000 rps2

[INFO] hw.pins: Pin step.fb set to 0.0007199999999999999 (was 0.000605)
Pin step.fb set to 0.0007199999999999999 (was 0.000605)
[INFO] hw.stepgen: =human= stepgen sg-cmd-pos=0.100000 rev sg-fb-pos=0.000720 rev sg-vel=0.120000 rps sg-acc=10.000000 rps2

=human= stepgen sg-cmd-pos=0.100000 rev sg-fb-pos=0.000720 rev sg-vel=0.120000 rps sg-acc=10.000000 rps2

[INFO] hw.pins: Pin step.fb set to 0.0008449999999999999 (was 0.0007199999999999999)
Pin step.fb set to 0.0008449999999999999 (was 0.0007199999999999999)
[INFO] hw.stepgen: =human= stepgen sg-cmd-pos=0.100000 rev sg-fb-pos=0.000845 rev sg-vel=0.130000 rps sg-acc=10.000000 rps2

=human= stepgen sg-cmd-pos=0.100000 rev sg-fb-pos=0.000845 rev sg-vel=0.130000 rps sg-acc=10.000000 rps2

[INFO] hw.pins: Pin step.fb set to 0.00098 (was 0.0008449999999999999)
Pin step.fb set to 0.00098 (was 0.0008449999999999999)
[INFO] hw.stepgen: =human= stepgen sg-cmd-pos=0.100000 rev sg-fb-pos=0.000980 rev sg-vel=0.140000 rps sg-acc=10.000000 rps2

=human= stepgen sg-cmd-pos=0.100000 rev sg-fb-pos=0.000980 rev sg-vel=0.140000 rps sg-acc=10.000000 rps2

[INFO] hw.pins: Pin step.fb set to 0.001125 (was 0.00098)
Pin step.fb set to 0.001125 (was 0.00098)
[INFO] hw.stepgen: =human= stepgen sg-cmd-pos=0.100000 rev sg-fb-pos=0.001125 rev sg-vel=0.150000 rps sg-acc=10.000000 rps2

=human= stepgen sg-cmd-pos=0.100000 rev sg-fb-pos=0.001125 rev sg-vel=0.150000 rps sg-acc=10.000000 rps2

[INFO] hw.pins: Pin step.fb set to 0.0012799999999999999 (was 0.001125)
Pin step.fb set to 0.0012799999999999999 (was 0.001125)
[INFO] hw.stepgen: =human= stepgen sg-cmd-pos=0.100000 rev sg-fb-pos=0.001280 rev sg-vel=0.160000 rps sg-acc=10.000000 rps2

=human= stepgen sg-cmd-pos=0.100000 rev sg-fb-pos=0.001280 rev sg-vel=0.160000 rps sg-acc=10.000000 rps2

[INFO] hw.pins: Pin step.fb set to 0.0014449999999999999 (was 0.0012799999999999999)
Pin step.fb set to 0.0014449999999999999 (was 0.0012799999999999999)
[INFO] hw.stepgen: =human= stepgen sg-cmd-pos=0.100000 rev sg-fb-pos=0.001445 rev sg-vel=0.170000 rps sg-acc=10.000000 rps2

=human= stepgen sg-cmd-pos=0.100000 rev sg-fb-pos=0.001445 rev sg-vel=0.170000 rps sg-acc=10.000000 rps2

[INFO] hw.pins: Pin step.fb set to 0.00162 (was 0.0014449999999999999)
Pin step.fb set to 0.00162 (was 0.0014449999999999999)
[INFO] hw.stepgen: =human= stepgen sg-cmd-pos=0.100000 rev sg-fb-pos=0.001620 rev sg-vel=0.180000 rps sg-acc=10.000000 rps2

=human= stepgen sg-cmd-pos=0.100000 rev sg-fb-pos=0.001620 rev sg-vel=0.180000 rps sg-acc=10.000000 rps2

[INFO] hw.pins: Pin step.fb set to 0.001805 (was 0.00162)
Pin step.fb set to 0.001805 (was 0.00162)
[INFO] hw.stepgen: =human= stepgen sg-cmd-pos=0.100000 rev sg-fb-pos=0.001805 rev sg-vel=0.190000 rps sg-acc=10.000000 rps2

=human= stepgen sg-cmd-pos=0.100000 rev sg-fb-pos=0.001805 rev sg-vel=0.190000 rps sg-acc=10.000000 rps2

[INFO] hw.pins: Pin step.fb set to 0.002 (was 0.001805)
Pin step.fb set to 0.002 (was 0.001805)
[INFO] hw.stepgen: =human= stepgen sg-cmd-pos=0.100000 rev sg-fb-pos=0.002000 rev sg-vel=0.200000 rps sg-acc=10.000000 rps2

=human= stepgen sg-cmd-pos=0.100000 rev sg-fb-pos=0.002000 rev sg-vel=0.200000 rps sg-acc=10.000000 rps2

[INFO] hw.pins: Pin step.fb set to 0.002205 (was 0.002)
Pin step.fb set to 0.002205 (was 0.002)
[INFO] hw.stepgen: =human= stepgen sg-cmd-pos=0.100000 rev sg-fb-pos=0.002205 rev sg-vel=0.210000 rps sg-acc=10.000000 rps2

=human= stepgen sg-cmd-pos=0.100000 rev sg-fb-pos=0.002205 rev sg-vel=0.210000 rps sg-acc=10.000000 rps2

[INFO] hw.pins: Pin step.fb set to 0.00242 (was 0.002205)
Pin step.fb set to 0.00242 (was 0.002205)
[INFO] hw.stepgen: =human= stepgen sg-cmd-pos=0.100000 rev sg-fb-pos=0.002420 rev sg-vel=0.220000 rps sg-acc=10.000000 rps2

=human= stepgen sg-cmd-pos=0.100000 rev sg-fb-pos=0.002420 rev sg-vel=0.220000 rps sg-acc=10.000000 rps2

[INFO] hw.pins: Pin step.fb set to 0.0026449999999999998 (was 0.00242)
Pin step.fb set to 0.0026449999999999998 (was 0.00242)
[INFO] hw.stepgen: =human= stepgen sg-cmd-pos=0.100000 rev sg-fb-pos=0.002645 rev sg-vel=0.230000 rps sg-acc=10.000000 rps2

=human= stepgen sg-cmd-pos=0.100000 rev sg-fb-pos=0.002645 rev sg-vel=0.230000 rps sg-acc=10.000000 rps2

[INFO] hw.pins: Pin step.fb set to 0.0028799999999999997 (was 0.0026449999999999998)
Pin step.fb set to 0.0028799999999999997 (was 0.0026449999999999998)
[INFO] hw.stepgen: =human= stepgen sg-cmd-pos=0.100000 rev sg-fb-pos=0.002880 rev sg-vel=0.240000 rps sg-acc=10.000000 rps2

=human= stepgen sg-cmd-pos=0.100000 rev sg-fb-pos=0.002880 rev sg-vel=0.240000 rps sg-acc=10.000000 rps2

[INFO] hw.pins: Pin step.fb set to 0.0031249999999999997 (was 0.0028799999999999997)
Pin step.fb set to 0.0031249999999999997 (was 0.0028799999999999997)
[INFO] hw.stepgen: =human= stepgen sg-cmd-pos=0.100000 rev sg-fb-pos=0.003125 rev sg-vel=0.250000 rps sg-acc=10.000000 rps2

=human= stepgen sg-cmd-pos=0.100000 rev sg-fb-pos=0.003125 rev sg-vel=0.250000 rps sg-acc=10.000000 rps2

[INFO] hw.pins: Pin step.fb set to 0.0033799999999999998 (was 0.0031249999999999997)
Pin step.fb set to 0.0033799999999999998 (was 0.0031249999999999997)
[INFO] hw.stepgen: =human= stepgen sg-cmd-pos=0.100000 rev sg-fb-pos=0.003380 rev sg-vel=0.260000 rps sg-acc=10.000000 rps2

=human= stepgen sg-cmd-pos=0.100000 rev sg-fb-pos=0.003380 rev sg-vel=0.260000 rps sg-acc=10.000000 rps2

[INFO] hw.pins: Pin step.fb set to 0.003645 (was 0.0033799999999999998)
Pin step.fb set to 0.003645 (was 0.0033799999999999998)
[INFO] hw.stepgen: =human= stepgen sg-cmd-pos=0.100000 rev sg-fb-pos=0.003645 rev sg-vel=0.270000 rps sg-acc=10.000000 rps2

=human= stepgen sg-cmd-pos=0.100000 rev sg-fb-pos=0.003645 rev sg-vel=0.270000 rps sg-acc=10.000000 rps2

[INFO] hw.pins: Pin step.fb set to 0.00392 (was 0.003645)
Pin step.fb set to 0.00392 (was 0.003645)
[INFO] hw.stepgen: =human= stepgen sg-cmd-pos=0.100000 rev sg-fb-pos=0.003920 rev sg-vel=0.280000 rps sg-acc=10.000000 rps2

=human= stepgen sg-cmd-pos=0.100000 rev sg-fb-pos=0.003920 rev sg-vel=0.280000 rps sg-acc=10.000000 rps2

[INFO] hw.pins: Pin step.fb set to 0.004205 (was 0.00392)
Pin step.fb set to 0.004205 (was 0.00392)
[INFO] hw.stepgen: =human= stepgen sg-cmd-pos=0.100000 rev sg-fb-pos=0.004205 rev sg-vel=0.290000 rps sg-acc=10.000000 rps2

=human= stepgen sg-cmd-pos=0.100000 rev sg-fb-pos=0.004205 rev sg-vel=0.290000 rps sg-acc=10.000000 rps2

[INFO] hw.pins: Pin step.fb set to 0.0045000000000000005 (was 0.004205)
Pin step.fb set to 0.0045000000000000005 (was 0.004205)
[INFO] hw.stepgen: =human= stepgen sg-cmd-pos=0.100000 rev sg-fb-pos=0.004500 rev sg-vel=0.300000 rps sg-acc=10.000000 rps2

=human= stepgen sg-cmd-pos=0.100000 rev sg-fb-pos=0.004500 rev sg-vel=0.300000 rps sg-acc=10.000000 rps2

[INFO] hw.pins: Pin step.fb set to 0.004805 (was 0.0045000000000000005)
Pin step.fb set to 0.004805 (was 0.0045000000000000005)
[INFO] hw.stepgen: =human= stepgen sg-cmd-pos=0.100000 rev sg-fb-pos=0.004805 rev sg-vel=0.310000 rps sg-acc=10.000000 rps2

=human= stepgen sg-cmd-pos=0.100000 rev sg-fb-pos=0.004805 rev sg-vel=0.310000 rps sg-acc=10.000000 rps2

[INFO] hw.pins: Pin step.fb set to 0.00512 (was 0.004805)
Pin step.fb set to 0.00512 (was 0.004805)
[INFO] hw.stepgen: =human= stepgen sg-cmd-pos=0.100000 rev sg-fb-pos=0.005120 rev sg-vel=0.320000 rps sg-acc=10.000000 rps2

=human= stepgen sg-cmd-pos=0.100000 rev sg-fb-pos=0.005120 rev sg-vel=0.320000 rps sg-acc=10.000000 rps2

[INFO] hw.pins: Pin step.fb set to 0.005445 (was 0.00512)
Pin step.fb set to 0.005445 (was 0.00512)
[INFO] hw.stepgen: =human= stepgen sg-cmd-pos=0.100000 rev sg-fb-pos=0.005445 rev sg-vel=0.330000 rps sg-acc=10.000000 rps2

=human= stepgen sg-cmd-pos=0.100000 rev sg-fb-pos=0.005445 rev sg-vel=0.330000 rps sg-acc=10.000000 rps2

[INFO] hw.pins: Pin step.fb set to 0.00578 (was 0.005445)
Pin step.fb set to 0.00578 (was 0.005445)
[INFO] hw.stepgen: =human= stepgen sg-cmd-pos=0.100000 rev sg-fb-pos=0.005780 rev sg-vel=0.340000 rps sg-acc=10.000000 rps2

=human= stepgen sg-cmd-pos=0.100000 rev sg-fb-pos=0.005780 rev sg-vel=0.340000 rps sg-acc=10.000000 rps2

[INFO] hw.pins: Pin step.fb set to 0.006125 (was 0.00578)
Pin step.fb set to 0.006125 (was 0.00578)
[INFO] hw.stepgen: =human= stepgen sg-cmd-pos=0.100000 rev sg-fb-pos=0.006125 rev sg-vel=0.350000 rps sg-acc=10.000000 rps2

=human= stepgen sg-cmd-pos=0.100000 rev sg-fb-pos=0.006125 rev sg-vel=0.350000 rps sg-acc=10.000000 rps2

[INFO] hw.pins: Pin step.fb set to 0.0064800000000000005 (was 0.006125)
Pin step.fb set to 0.0064800000000000005 (was 0.006125)
[INFO] hw.stepgen: =human= stepgen sg-cmd-pos=0.100000 rev sg-fb-pos=0.006480 rev sg-vel=0.360000 rps sg-acc=10.000000 rps2

=human= stepgen sg-cmd-pos=0.100000 rev sg-fb-pos=0.006480 rev sg-vel=0.360000 rps sg-acc=10.000000 rps2

[INFO] hw.pins: Pin step.fb set to 0.006845 (was 0.0064800000000000005)
Pin step.fb set to 0.006845 (was 0.0064800000000000005)
[INFO] hw.stepgen: =human= stepgen sg-cmd-pos=0.100000 rev sg-fb-pos=0.006845 rev sg-vel=0.370000 rps sg-acc=10.000000 rps2

=human= stepgen sg-cmd-pos=0.100000 rev sg-fb-pos=0.006845 rev sg-vel=0.370000 rps sg-acc=10.000000 rps2

[INFO] hw.pins: Pin step.fb set to 0.007220000000000001 (was 0.006845)
Pin step.fb set to 0.007220000000000001 (was 0.006845)
[INFO] hw.stepgen: =human= stepgen sg-cmd-pos=0.100000 rev sg-fb-pos=0.007220 rev sg-vel=0.380000 rps sg-acc=10.000000 rps2

=human= stepgen sg-cmd-pos=0.100000 rev sg-fb-pos=0.007220 rev sg-vel=0.380000 rps sg-acc=10.000000 rps2

[INFO] hw.pins: Pin step.fb set to 0.007605000000000001 (was 0.007220000000000001)
Pin step.fb set to 0.007605000000000001 (was 0.007220000000000001)
[INFO] hw.stepgen: =human= stepgen sg-cmd-pos=0.100000 rev sg-fb-pos=0.007605 rev sg-vel=0.390000 rps sg-acc=10.000000 rps2

=human= stepgen sg-cmd-pos=0.100000 rev sg-fb-pos=0.007605 rev sg-vel=0.390000 rps sg-acc=10.000000 rps2

[INFO] hw.pins: Pin step.fb set to 0.008 (was 0.007605000000000001)
Pin step.fb set to 0.008 (was 0.007605000000000001)
[INFO] hw.stepgen: =human= stepgen sg-cmd-pos=0.100000 rev sg-fb-pos=0.008000 rev sg-vel=0.400000 rps sg-acc=10.000000 rps2

=human= stepgen sg-cmd-pos=0.100000 rev sg-fb-pos=0.008000 rev sg-vel=0.400000 rps sg-acc=10.000000 rps2

[INFO] hw.pins: Pin step.fb set to 0.008405000000000001 (was 0.008)
Pin step.fb set to 0.008405000000000001 (was 0.008)
[INFO] hw.stepgen: =human= stepgen sg-cmd-pos=0.100000 rev sg-fb-pos=0.008405 rev sg-vel=0.410000 rps sg-acc=10.000000 rps2

=human= stepgen sg-cmd-pos=0.100000 rev sg-fb-pos=0.008405 rev sg-vel=0.410000 rps sg-acc=10.000000 rps2

[INFO] hw.pins: Pin step.fb set to 0.008820000000000001 (was 0.008405000000000001)
Pin step.fb set to 0.008820000000000001 (was 0.008405000000000001)
[INFO] hw.stepgen: =human= stepgen sg-cmd-pos=0.100000 rev sg-fb-pos=0.008820 rev sg-vel=0.420000 rps sg-acc=10.000000 rps2

=human= stepgen sg-cmd-pos=0.100000 rev sg-fb-pos=0.008820 rev sg-vel=0.420000 rps sg-acc=10.000000 rps2

[INFO] hw.pins: Pin step.fb set to 0.009245000000000001 (was 0.008820000000000001)
Pin step.fb set to 0.009245000000000001 (was 0.008820000000000001)
[INFO] hw.stepgen: =human= stepgen sg-cmd-pos=0.100000 rev sg-fb-pos=0.009245 rev sg-vel=0.430000 rps sg-acc=10.000000 rps2

=human= stepgen sg-cmd-pos=0.100000 rev sg-fb-pos=0.009245 rev sg-vel=0.430000 rps sg-acc=10.000000 rps2

[INFO] hw.pins: Pin step.fb set to 0.009680000000000001 (was 0.009245000000000001)
Pin step.fb set to 0.009680000000000001 (was 0.009245000000000001)
[INFO] hw.stepgen: =human= stepgen sg-cmd-pos=0.100000 rev sg-fb-pos=0.009680 rev sg-vel=0.440000 rps sg-acc=10.000000 rps2

=human= stepgen sg-cmd-pos=0.100000 rev sg-fb-pos=0.009680 rev sg-vel=0.440000 rps sg-acc=10.000000 rps2

[INFO] hw.pins: Pin step.fb set to 0.010125000000000002 (was 0.009680000000000001)
Pin step.fb set to 0.010125000000000002 (was 0.009680000000000001)
[INFO] hw.stepgen: =human= stepgen sg-cmd-pos=0.100000 rev sg-fb-pos=0.010125 rev sg-vel=0.450000 rps sg-acc=10.000000 rps2

=human= stepgen sg-cmd-pos=0.100000 rev sg-fb-pos=0.010125 rev sg-vel=0.450000 rps sg-acc=10.000000 rps2

[INFO] hw.pins: Pin step.fb set to 0.010580000000000003 (was 0.010125000000000002)
Pin step.fb set to 0.010580000000000003 (was 0.010125000000000002)
[INFO] hw.stepgen: =human= stepgen sg-cmd-pos=0.100000 rev sg-fb-pos=0.010580 rev sg-vel=0.460000 rps sg-acc=10.000000 rps2

=human= stepgen sg-cmd-pos=0.100000 rev sg-fb-pos=0.010580 rev sg-vel=0.460000 rps sg-acc=10.000000 rps2

[INFO] hw.pins: Pin step.fb set to 0.011045000000000003 (was 0.010580000000000003)
Pin step.fb set to 0.011045000000000003 (was 0.010580000000000003)
[INFO] hw.stepgen: =human= stepgen sg-cmd-pos=0.100000 rev sg-fb-pos=0.011045 rev sg-vel=0.470000 rps sg-acc=10.000000 rps2

=human= stepgen sg-cmd-pos=0.100000 rev sg-fb-pos=0.011045 rev sg-vel=0.470000 rps sg-acc=10.000000 rps2

[INFO] hw.pins: Pin step.fb set to 0.011520000000000002 (was 0.011045000000000003)
Pin step.fb set to 0.011520000000000002 (was 0.011045000000000003)
[INFO] hw.stepgen: =human= stepgen sg-cmd-pos=0.100000 rev sg-fb-pos=0.011520 rev sg-vel=0.480000 rps sg-acc=10.000000 rps2

=human= stepgen sg-cmd-pos=0.100000 rev sg-fb-pos=0.011520 rev sg-vel=0.480000 rps sg-acc=10.000000 rps2

[INFO] hw.pins: Pin step.fb set to 0.012005000000000004 (was 0.011520000000000002)
Pin step.fb set to 0.012005000000000004 (was 0.011520000000000002)
[INFO] hw.stepgen: =human= stepgen sg-cmd-pos=0.100000 rev sg-fb-pos=0.012005 rev sg-vel=0.490000 rps sg-acc=10.000000 rps2

=human= stepgen sg-cmd-pos=0.100000 rev sg-fb-pos=0.012005 rev sg-vel=0.490000 rps sg-acc=10.000000 rps2

[INFO] hw.pins: Pin step.fb set to 0.012500000000000004 (was 0.012005000000000004)
Pin step.fb set to 0.012500000000000004 (was 0.012005000000000004)
[INFO] hw.stepgen: =human= stepgen sg-cmd-pos=0.100000 rev sg-fb-pos=0.012500 rev sg-vel=0.500000 rps sg-acc=10.000000 rps2

=human= stepgen sg-cmd-pos=0.100000 rev sg-fb-pos=0.012500 rev sg-vel=0.500000 rps sg-acc=10.000000 rps2

[INFO] hw.pins: Pin step.cmd set to 0.2 (was 0.1)
Pin step.cmd set to 0.2 (was 0.1)
[INFO] hw.pins: Pin step.fb set to 0.013005000000000004 (was 0.012500000000000004)
Pin step.fb set to 0.013005000000000004 (was 0.012500000000000004)
[INFO] hw.stepgen: =human= stepgen sg-cmd-pos=0.200000 rev sg-fb-pos=0.013005 rev sg-vel=0.510000 rps sg-acc=10.000000 rps2

=human= stepgen sg-cmd-pos=0.200000 rev sg-fb-pos=0.013005 rev sg-vel=0.510000 rps sg-acc=10.000000 rps2

[INFO] hw.stepgen: =human= stepgen event=reaim sg-cmd-pos=0.200000 rev sg-fb-pos=0.013005 rev sg-vel=0.510000 rps

=human= stepgen event=reaim sg-cmd-pos=0.200000 rev sg-fb-pos=0.013005 rev sg-vel=0.510000 rps

[INFO] hw.pins: Pin step.fb set to 0.013520000000000004 (was 0.013005000000000004)
Pin step.fb set to 0.013520000000000004 (was 0.013005000000000004)
[INFO] hw.stepgen: =human= stepgen sg-cmd-pos=0.200000 rev sg-fb-pos=0.013520 rev sg-vel=0.520000 rps sg-acc=10.000000 rps2

=human= stepgen sg-cmd-pos=0.200000 rev sg-fb-pos=0.013520 rev sg-vel=0.520000 rps sg-acc=10.000000 rps2

[INFO] hw.pins: Pin step.fb set to 0.014045000000000005 (was 0.013520000000000004)
Pin step.fb set to 0.014045000000000005 (was 0.013520000000000004)
[INFO] hw.stepgen: =human= stepgen sg-cmd-pos=0.200000 rev sg-fb-pos=0.014045 rev sg-vel=0.530000 rps sg-acc=10.000000 rps2

=human= stepgen sg-cmd-pos=0.200000 rev sg-fb-pos=0.014045 rev sg-vel=0.530000 rps sg-acc=10.000000 rps2

[INFO] hw.pins: Pin step.fb set to 0.014580000000000006 (was 0.014045000000000005)
Pin step.fb set to 0.014580000000000006 (was 0.014045000000000005)
[INFO] hw.stepgen: =human= stepgen sg-cmd-pos=0.200000 rev sg-fb-pos=0.014580 rev sg-vel=0.540000 rps sg-acc=10.000000 rps2

=human= stepgen sg-cmd-pos=0.200000 rev sg-fb-pos=0.014580 rev sg-vel=0.540000 rps sg-acc=10.000000 rps2

[INFO] hw.pins: Pin step.fb set to 0.015125000000000006 (was 0.014580000000000006)
Pin step.fb set to 0.015125000000000006 (was 0.014580000000000006)
[INFO] hw.stepgen: =human= stepgen sg-cmd-pos=0.200000 rev sg-fb-pos=0.015125 rev sg-vel=0.550000 rps sg-acc=10.000000 rps2

=human= stepgen sg-cmd-pos=0.200000 rev sg-fb-pos=0.015125 rev sg-vel=0.550000 rps sg-acc=10.000000 rps2

[INFO] hw.pins: Pin step.fb set to 0.015680000000000006 (was 0.015125000000000006)
Pin step.fb set to 0.015680000000000006 (was 0.015125000000000006)
[INFO] hw.stepgen: =human= stepgen sg-cmd-pos=0.200000 rev sg-fb-pos=0.015680 rev sg-vel=0.560000 rps sg-acc=10.000000 rps2

=human= stepgen sg-cmd-pos=0.200000 rev sg-fb-pos=0.015680 rev sg-vel=0.560000 rps sg-acc=10.000000 rps2

[INFO] hw.pins: Pin step.fb set to 0.016245000000000006 (was 0.015680000000000006)
Pin step.fb set to 0.016245000000000006 (was 0.015680000000000006)
[INFO] hw.stepgen: =human= stepgen sg-cmd-pos=0.200000 rev sg-fb-pos=0.016245 rev sg-vel=0.570000 rps sg-acc=10.000000 rps2

=human= stepgen sg-cmd-pos=0.200000 rev sg-fb-pos=0.016245 rev sg-vel=0.570000 rps sg-acc=10.000000 rps2

[INFO] hw.pins: Pin step.fb set to 0.016820000000000005 (was 0.016245000000000006)
Pin step.fb set to 0.016820000000000005 (was 0.016245000000000006)
[INFO] hw.stepgen: =human= stepgen sg-cmd-pos=0.200000 rev sg-fb-pos=0.016820 rev sg-vel=0.580000 rps sg-acc=10.000000 rps2

=human= stepgen sg-cmd-pos=0.200000 rev sg-fb-pos=0.016820 rev sg-vel=0.580000 rps sg-acc=10.000000 rps2

[INFO] hw.pins: Pin step.fb set to 0.017405000000000004 (was 0.016820000000000005)
Pin step.fb set to 0.017405000000000004 (was 0.016820000000000005)
[INFO] hw.stepgen: =human= stepgen sg-cmd-pos=0.200000 rev sg-fb-pos=0.017405 rev sg-vel=0.590000 rps sg-acc=10.000000 rps2

=human= stepgen sg-cmd-pos=0.200000 rev sg-fb-pos=0.017405 rev sg-vel=0.590000 rps sg-acc=10.000000 rps2

[INFO] hw.pins: Pin step.fb set to 0.018000000000000006 (was 0.017405000000000004)
Pin step.fb set to 0.018000000000000006 (was 0.017405000000000004)
[INFO] hw.stepgen: =human= stepgen sg-cmd-pos=0.200000 rev sg-fb-pos=0.018000 rev sg-vel=0.600000 rps sg-acc=10.000000 rps2

=human= stepgen sg-cmd-pos=0.200000 rev sg-fb-pos=0.018000 rev sg-vel=0.600000 rps sg-acc=10.000000 rps2

[INFO] hw.pins: Pin step.fb set to 0.018605000000000007 (was 0.018000000000000006)
Pin step.fb set to 0.018605000000000007 (was 0.018000000000000006)
[INFO] hw.stepgen: =human= stepgen sg-cmd-pos=0.200000 rev sg-fb-pos=0.018605 rev sg-vel=0.610000 rps sg-acc=10.000000 rps2

=human= stepgen sg-cmd-pos=0.200000 rev sg-fb-pos=0.018605 rev sg-vel=0.610000 rps sg-acc=10.000000 rps2

[INFO] hw.pins: Pin step.fb set to 0.019220000000000008 (was 0.018605000000000007)
Pin step.fb set to 0.019220000000000008 (was 0.018605000000000007)
[INFO] hw.stepgen: =human= stepgen sg-cmd-pos=0.200000 rev sg-fb-pos=0.019220 rev sg-vel=0.620000 rps sg-acc=10.000000 rps2

=human= stepgen sg-cmd-pos=0.200000 rev sg-fb-pos=0.019220 rev sg-vel=0.620000 rps sg-acc=10.000000 rps2

[INFO] hw.pins: Pin step.fb set to 0.01984500000000001 (was 0.019220000000000008)
Pin step.fb set to 0.01984500000000001 (was 0.019220000000000008)
[INFO] hw.stepgen: =human= stepgen sg-cmd-pos=0.200000 rev sg-fb-pos=0.019845 rev sg-vel=0.630000 rps sg-acc=10.000000 rps2

=human= stepgen sg-cmd-pos=0.200000 rev sg-fb-pos=0.019845 rev sg-vel=0.630000 rps sg-acc=10.000000 rps2

[INFO] hw.pins: Pin step.fb set to 0.02048000000000001 (was 0.01984500000000001)
Pin step.fb set to 0.02048000000000001 (was 0.01984500000000001)
[INFO] hw.stepgen: =human= stepgen sg-cmd-pos=0.200000 rev sg-fb-pos=0.020480 rev sg-vel=0.640000 rps sg-acc=10.000000 rps2

=human= stepgen sg-cmd-pos=0.200000 rev sg-fb-pos=0.020480 rev sg-vel=0.640000 rps sg-acc=10.000000 rps2

[INFO] hw.pins: Pin step.fb set to 0.02112500000000001 (was 0.02048000000000001)
Pin step.fb set to 0.02112500000000001 (was 0.02048000000000001)
[INFO] hw.stepgen: =human= stepgen sg-cmd-pos=0.200000 rev sg-fb-pos=0.021125 rev sg-vel=0.650000 rps sg-acc=10.000000 rps2

=human= stepgen sg-cmd-pos=0.200000 rev sg-fb-pos=0.021125 rev sg-vel=0.650000 rps sg-acc=10.000000 rps2

[INFO] hw.pins: Pin step.fb set to 0.021780000000000008 (was 0.02112500000000001)
Pin step.fb set to 0.021780000000000008 (was 0.02112500000000001)
[INFO] hw.stepgen: =human= stepgen sg-cmd-pos=0.200000 rev sg-fb-pos=0.021780 rev sg-vel=0.660000 rps sg-acc=10.000000 rps2

=human= stepgen sg-cmd-pos=0.200000 rev sg-fb-pos=0.021780 rev sg-vel=0.660000 rps sg-acc=10.000000 rps2

[INFO] hw.pins: Pin step.fb set to 0.022445000000000007 (was 0.021780000000000008)
Pin step.fb set to 0.022445000000000007 (was 0.021780000000000008)
[INFO] hw.stepgen: =human= stepgen sg-cmd-pos=0.200000 rev sg-fb-pos=0.022445 rev sg-vel=0.670000 rps sg-acc=10.000000 rps2

=human= stepgen sg-cmd-pos=0.200000 rev sg-fb-pos=0.022445 rev sg-vel=0.670000 rps sg-acc=10.000000 rps2

[INFO] hw.pins: Pin step.fb set to 0.02312000000000001 (was 0.022445000000000007)
Pin step.fb set to 0.02312000000000001 (was 0.022445000000000007)
[INFO] hw.stepgen: =human= stepgen sg-cmd-pos=0.200000 rev sg-fb-pos=0.023120 rev sg-vel=0.680000 rps sg-acc=10.000000 rps2

=human= stepgen sg-cmd-pos=0.200000 rev sg-fb-pos=0.023120 rev sg-vel=0.680000 rps sg-acc=10.000000 rps2

[INFO] hw.pins: Pin step.fb set to 0.02380500000000001 (was 0.02312000000000001)
Pin step.fb set to 0.02380500000000001 (was 0.02312000000000001)
[INFO] hw.stepgen: =human= stepgen sg-cmd-pos=0.200000 rev sg-fb-pos=0.023805 rev sg-vel=0.690000 rps sg-acc=10.000000 rps2

=human= stepgen sg-cmd-pos=0.200000 rev sg-fb-pos=0.023805 rev sg-vel=0.690000 rps sg-acc=10.000000 rps2

[INFO] hw.pins: Pin step.fb set to 0.02450000000000001 (was 0.02380500000000001)
Pin step.fb set to 0.02450000000000001 (was 0.02380500000000001)
[INFO] hw.stepgen: =human= stepgen sg-cmd-pos=0.200000 rev sg-fb-pos=0.024500 rev sg-vel=0.700000 rps sg-acc=10.000000 rps2

=human= stepgen sg-cmd-pos=0.200000 rev sg-fb-pos=0.024500 rev sg-vel=0.700000 rps sg-acc=10.000000 rps2

[INFO] hw.pins: Pin step.fb set to 0.025205000000000012 (was 0.02450000000000001)
Pin step.fb set to 0.025205000000000012 (was 0.02450000000000001)
[INFO] hw.stepgen: =human= stepgen sg-cmd-pos=0.200000 rev sg-fb-pos=0.025205 rev sg-vel=0.710000 rps sg-acc=10.000000 rps2

=human= stepgen sg-cmd-pos=0.200000 rev sg-fb-pos=0.025205 rev sg-vel=0.710000 rps sg-acc=10.000000 rps2

[INFO] hw.pins: Pin step.fb set to 0.025920000000000012 (was 0.025205000000000012)
Pin step.fb set to 0.025920000000000012 (was 0.025205000000000012)
[INFO] hw.stepgen: =human= stepgen sg-cmd-pos=0.200000 rev sg-fb-pos=0.025920 rev sg-vel=0.720000 rps sg-acc=10.000000 rps2

=human= stepgen sg-cmd-pos=0.200000 rev sg-fb-pos=0.025920 rev sg-vel=0.720000 rps sg-acc=10.000000 rps2

[INFO] hw.pins: Pin step.fb set to 0.026645000000000012 (was 0.025920000000000012)
Pin step.fb set to 0.026645000000000012 (was 0.025920000000000012)
[INFO] hw.stepgen: =human= stepgen sg-cmd-pos=0.200000 rev sg-fb-pos=0.026645 rev sg-vel=0.730000 rps sg-acc=10.000000 rps2

=human= stepgen sg-cmd-pos=0.200000 rev sg-fb-pos=0.026645 rev sg-vel=0.730000 rps sg-acc=10.000000 rps2

[INFO] hw.pins: Pin step.fb set to 0.027380000000000012 (was 0.026645000000000012)
Pin step.fb set to 0.027380000000000012 (was 0.026645000000000012)
[INFO] hw.stepgen: =human= stepgen sg-cmd-pos=0.200000 rev sg-fb-pos=0.027380 rev sg-vel=0.740000 rps sg-acc=10.000000 rps2

=human= stepgen sg-cmd-pos=0.200000 rev sg-fb-pos=0.027380 rev sg-vel=0.740000 rps sg-acc=10.000000 rps2

[INFO] hw.pins: Pin step.fb set to 0.02812500000000001 (was 0.027380000000000012)
Pin step.fb set to 0.02812500000000001 (was 0.027380000000000012)
[INFO] hw.stepgen: =human= stepgen sg-cmd-pos=0.200000 rev sg-fb-pos=0.028125 rev sg-vel=0.750000 rps sg-acc=10.000000 rps2

=human= stepgen sg-cmd-pos=0.200000 rev sg-fb-pos=0.028125 rev sg-vel=0.750000 rps sg-acc=10.000000 rps2

[INFO] hw.pins: Pin step.fb set to 0.02888000000000001 (was 0.02812500000000001)
Pin step.fb set to 0.02888000000000001 (was 0.02812500000000001)
[INFO] hw.stepgen: =human= stepgen sg-cmd-pos=0.200000 rev sg-fb-pos=0.028880 rev sg-vel=0.760000 rps sg-acc=10.000000 rps2

=human= stepgen sg-cmd-pos=0.200000 rev sg-fb-pos=0.028880 rev sg-vel=0.760000 rps sg-acc=10.000000 rps2

[INFO] hw.pins: Pin step.fb set to 0.02964500000000001 (was 0.02888000000000001)
Pin step.fb set to 0.02964500000000001 (was 0.02888000000000001)
[INFO] hw.stepgen: =human= stepgen sg-cmd-pos=0.200000 rev sg-fb-pos=0.029645 rev sg-vel=0.770000 rps sg-acc=10.000000 rps2

=human= stepgen sg-cmd-pos=0.200000 rev sg-fb-pos=0.029645 rev sg-vel=0.770000 rps sg-acc=10.000000 rps2

[INFO] hw.pins: Pin step.fb set to 0.030420000000000013 (was 0.02964500000000001)
Pin step.fb set to 0.030420000000000013 (was 0.02964500000000001)
[INFO] hw.stepgen: =human= stepgen sg-cmd-pos=0.200000 rev sg-fb-pos=0.030420 rev sg-vel=0.780000 rps sg-acc=10.000000 rps2

=human= stepgen sg-cmd-pos=0.200000 rev sg-fb-pos=0.030420 rev sg-vel=0.780000 rps sg-acc=10.000000 rps2

[INFO] hw.pins: Pin step.fb set to 0.031205000000000014 (was 0.030420000000000013)
Pin step.fb set to 0.031205000000000014 (was 0.030420000000000013)
[INFO] hw.stepgen: =human= stepgen sg-cmd-pos=0.200000 rev sg-fb-pos=0.031205 rev sg-vel=0.790000 rps sg-acc=10.000000 rps2

=human= stepgen sg-cmd-pos=0.200000 rev sg-fb-pos=0.031205 rev sg-vel=0.790000 rps sg-acc=10.000000 rps2

[INFO] hw.pins: Pin step.fb set to 0.032000000000000015 (was 0.031205000000000014)
Pin step.fb set to 0.032000000000000015 (was 0.031205000000000014)
[INFO] hw.stepgen: =human= stepgen sg-cmd-pos=0.200000 rev sg-fb-pos=0.032000 rev sg-vel=0.800000 rps sg-acc=10.000000 rps2

=human= stepgen sg-cmd-pos=0.200000 rev sg-fb-pos=0.032000 rev sg-vel=0.800000 rps sg-acc=10.000000 rps2

[INFO] hw.pins: Pin step.fb set to 0.032805000000000015 (was 0.032000000000000015)
Pin step.fb set to 0.032805000000000015 (was 0.032000000000000015)
[INFO] hw.stepgen: =human= stepgen sg-cmd-pos=0.200000 rev sg-fb-pos=0.032805 rev sg-vel=0.810000 rps sg-acc=10.000000 rps2

=human= stepgen sg-cmd-pos=0.200000 rev sg-fb-pos=0.032805 rev sg-vel=0.810000 rps sg-acc=10.000000 rps2

[INFO] hw.pins: Pin step.fb set to 0.03362000000000002 (was 0.032805000000000015)
Pin step.fb set to 0.03362000000000002 (was 0.032805000000000015)
[INFO] hw.stepgen: =human= stepgen sg-cmd-pos=0.200000 rev sg-fb-pos=0.033620 rev sg-vel=0.820000 rps sg-acc=10.000000 rps2

=human= stepgen sg-cmd-pos=0.200000 rev sg-fb-pos=0.033620 rev sg-vel=0.820000 rps sg-acc=10.000000 rps2

[INFO] hw.pins: Pin step.fb set to 0.03444500000000002 (was 0.03362000000000002)
Pin step.fb set to 0.03444500000000002 (was 0.03362000000000002)
[INFO] hw.stepgen: =human= stepgen sg-cmd-pos=0.200000 rev sg-fb-pos=0.034445 rev sg-vel=0.830000 rps sg-acc=10.000000 rps2

=human= stepgen sg-cmd-pos=0.200000 rev sg-fb-pos=0.034445 rev sg-vel=0.830000 rps sg-acc=10.000000 rps2

[INFO] hw.pins: Pin step.fb set to 0.03528000000000002 (was 0.03444500000000002)
Pin step.fb set to 0.03528000000000002 (was 0.03444500000000002)
[INFO] hw.stepgen: =human= stepgen sg-cmd-pos=0.200000 rev sg-fb-pos=0.035280 rev sg-vel=0.840000 rps sg-acc=10.000000 rps2

=human= stepgen sg-cmd-pos=0.200000 rev sg-fb-pos=0.035280 rev sg-vel=0.840000 rps sg-acc=10.000000 rps2

[INFO] hw.pins: Pin step.fb set to 0.03612500000000002 (was 0.03528000000000002)
Pin step.fb set to 0.03612500000000002 (was 0.03528000000000002)
[INFO] hw.stepgen: =human= stepgen sg-cmd-pos=0.200000 rev sg-fb-pos=0.036125 rev sg-vel=0.850000 rps sg-acc=10.000000 rps2

=human= stepgen sg-cmd-pos=0.200000 rev sg-fb-pos=0.036125 rev sg-vel=0.850000 rps sg-acc=10.000000 rps2

[INFO] hw.pins: Pin step.fb set to 0.03698000000000002 (was 0.03612500000000002)
Pin step.fb set to 0.03698000000000002 (was 0.03612500000000002)
[INFO] hw.stepgen: =human= stepgen sg-cmd-pos=0.200000 rev sg-fb-pos=0.036980 rev sg-vel=0.860000 rps sg-acc=10.000000 rps2

=human= stepgen sg-cmd-pos=0.200000 rev sg-fb-pos=0.036980 rev sg-vel=0.860000 rps sg-acc=10.000000 rps2

[INFO] hw.pins: Pin step.fb set to 0.03784500000000002 (was 0.03698000000000002)
Pin step.fb set to 0.03784500000000002 (was 0.03698000000000002)
[INFO] hw.stepgen: =human= stepgen sg-cmd-pos=0.200000 rev sg-fb-pos=0.037845 rev sg-vel=0.870000 rps sg-acc=10.000000 rps2

=human= stepgen sg-cmd-pos=0.200000 rev sg-fb-pos=0.037845 rev sg-vel=0.870000 rps sg-acc=10.000000 rps2

[INFO] hw.pins: Pin step.fb set to 0.03872000000000002 (was 0.03784500000000002)
Pin step.fb set to 0.03872000000000002 (was 0.03784500000000002)
[INFO] hw.stepgen: =human= stepgen sg-cmd-pos=0.200000 rev sg-fb-pos=0.038720 rev sg-vel=0.880000 rps sg-acc=10.000000 rps2

=human= stepgen sg-cmd-pos=0.200000 rev sg-fb-pos=0.038720 rev sg-vel=0.880000 rps sg-acc=10.000000 rps2

[INFO] hw.pins: Pin step.fb set to 0.03960500000000002 (was 0.03872000000000002)
Pin step.fb set to 0.03960500000000002 (was 0.03872000000000002)
[INFO] hw.stepgen: =human= stepgen sg-cmd-pos=0.200000 rev sg-fb-pos=0.039605 rev sg-vel=0.890000 rps sg-acc=10.000000 rps2

=human= stepgen sg-cmd-pos=0.200000 rev sg-fb-pos=0.039605 rev sg-vel=0.890000 rps sg-acc=10.000000 rps2

[INFO] hw.pins: Pin step.fb set to 0.04050000000000002 (was 0.03960500000000002)
Pin step.fb set to 0.04050000000000002 (was 0.03960500000000002)
[INFO] hw.stepgen: =human= stepgen sg-cmd-pos=0.200000 rev sg-fb-pos=0.040500 rev sg-vel=0.900000 rps sg-acc=10.000000 rps2

=human= stepgen sg-cmd-pos=0.200000 rev sg-fb-pos=0.040500 rev sg-vel=0.900000 rps sg-acc=10.000000 rps2

[INFO] hw.pins: Pin step.fb set to 0.041405000000000025 (was 0.04050000000000002)
Pin step.fb set to 0.041405000000000025 (was 0.04050000000000002)
[INFO] hw.stepgen: =human= stepgen sg-cmd-pos=0.200000 rev sg-fb-pos=0.041405 rev sg-vel=0.910000 rps sg-acc=10.000000 rps2

=human= stepgen sg-cmd-pos=0.200000 rev sg-fb-pos=0.041405 rev sg-vel=0.910000 rps sg-acc=10.000000 rps2

[INFO] hw.pins: Pin step.fb set to 0.042320000000000024 (was 0.041405000000000025)
Pin step.fb set to 0.042320000000000024 (was 0.041405000000000025)
[INFO] hw.stepgen: =human= stepgen sg-cmd-pos=0.200000 rev sg-fb-pos=0.042320 rev sg-vel=0.920000 rps sg-acc=10.000000 rps2

=human= stepgen sg-cmd-pos=0.200000 rev sg-fb-pos=0.042320 rev sg-vel=0.920000 rps sg-acc=10.000000 rps2

[INFO] hw.pins: Pin step.fb set to 0.043245000000000026 (was 0.042320000000000024)
Pin step.fb set to 0.043245000000000026 (was 0.042320000000000024)
[INFO] hw.stepgen: =human= stepgen sg-cmd-pos=0.200000 rev sg-fb-pos=0.043245 rev sg-vel=0.930000 rps sg-acc=10.000000 rps2

=human= stepgen sg-cmd-pos=0.200000 rev sg-fb-pos=0.043245 rev sg-vel=0.930000 rps sg-acc=10.000000 rps2

[INFO] hw.pins: Pin step.fb set to 0.044180000000000025 (was 0.043245000000000026)
Pin step.fb set to 0.044180000000000025 (was 0.043245000000000026)
[INFO] hw.stepgen: =human= stepgen sg-cmd-pos=0.200000 rev sg-fb-pos=0.044180 rev sg-vel=0.940000 rps sg-acc=10.000000 rps2

=human= stepgen sg-cmd-pos=0.200000 rev sg-fb-pos=0.044180 rev sg-vel=0.940000 rps sg-acc=10.000000 rps2

[INFO] hw.pins: Pin step.fb set to 0.045125000000000026 (was 0.044180000000000025)
Pin step.fb set to 0.045125000000000026 (was 0.044180000000000025)
[INFO] hw.stepgen: =human= stepgen sg-cmd-pos=0.200000 rev sg-fb-pos=0.045125 rev sg-vel=0.950000 rps sg-acc=10.000000 rps2

=human= stepgen sg-cmd-pos=0.200000 rev sg-fb-pos=0.045125 rev sg-vel=0.950000 rps sg-acc=10.000000 rps2

[INFO] hw.pins: Pin step.fb set to 0.046080000000000024 (was 0.045125000000000026)
Pin step.fb set to 0.046080000000000024 (was 0.045125000000000026)
[INFO] hw.stepgen: =human= stepgen sg-cmd-pos=0.200000 rev sg-fb-pos=0.046080 rev sg-vel=0.960000 rps sg-acc=10.000000 rps2

=human= stepgen sg-cmd-pos=0.200000 rev sg-fb-pos=0.046080 rev sg-vel=0.960000 rps sg-acc=10.000000 rps2

[INFO] hw.pins: Pin step.fb set to 0.047045000000000024 (was 0.046080000000000024)
Pin step.fb set to 0.047045000000000024 (was 0.046080000000000024)
[INFO] hw.stepgen: =human= stepgen sg-cmd-pos=0.200000 rev sg-fb-pos=0.047045 rev sg-vel=0.970000 rps sg-acc=10.000000 rps2

=human= stepgen sg-cmd-pos=0.200000 rev sg-fb-pos=0.047045 rev sg-vel=0.970000 rps sg-acc=10.000000 rps2

[INFO] hw.pins: Pin step.fb set to 0.04802000000000003 (was 0.047045000000000024)
Pin step.fb set to 0.04802000000000003 (was 0.047045000000000024)
[INFO] hw.stepgen: =human= stepgen sg-cmd-pos=0.200000 rev sg-fb-pos=0.048020 rev sg-vel=0.980000 rps sg-acc=10.000000 rps2

=human= stepgen sg-cmd-pos=0.200000 rev sg-fb-pos=0.048020 rev sg-vel=0.980000 rps sg-acc=10.000000 rps2

[INFO] hw.pins: Pin step.fb set to 0.04900500000000003 (was 0.04802000000000003)
Pin step.fb set to 0.04900500000000003 (was 0.04802000000000003)
[INFO] hw.stepgen: =human= stepgen sg-cmd-pos=0.200000 rev sg-fb-pos=0.049005 rev sg-vel=0.990000 rps sg-acc=10.000000 rps2

=human= stepgen sg-cmd-pos=0.200000 rev sg-fb-pos=0.049005 rev sg-vel=0.990000 rps sg-acc=10.000000 rps2

[INFO] hw.pins: Pin step.fb set to 0.05000000000000003 (was 0.04900500000000003)
Pin step.fb set to 0.05000000000000003 (was 0.04900500000000003)
[INFO] hw.stepgen: =human= stepgen sg-cmd-pos=0.200000 rev sg-fb-pos=0.050000 rev sg-vel=1.000000 rps sg-acc=10.000000 rps2

=human= stepgen sg-cmd-pos=0.200000 rev sg-fb-pos=0.050000 rev sg-vel=1.000000 rps sg-acc=10.000000 rps2

[INFO] hw.pins: Pin step.cmd set to 0.30000000000000004 (was 0.2)
Pin step.cmd set to 0.30000000000000004 (was 0.2)
[INFO] hw.pins: Pin step.fb set to 0.05100500000000003 (was 0.05000000000000003)
Pin step.fb set to 0.05100500000000003 (was 0.05000000000000003)
[INFO] hw.stepgen: =human= stepgen sg-cmd-pos=0.300000 rev sg-fb-pos=0.051005 rev sg-vel=1.010000 rps sg-acc=10.000000 rps2

=human= stepgen sg-cmd-pos=0.300000 rev sg-fb-pos=0.051005 rev sg-vel=1.010000 rps sg-acc=10.000000 rps2

[INFO] hw.stepgen: =human= stepgen event=reaim sg-cmd-pos=0.300000 rev sg-fb-pos=0.051005 rev sg-vel=1.010000 rps

=human= stepgen event=reaim sg-cmd-pos=0.300000 rev sg-fb-pos=0.051005 rev sg-vel=1.010000 rps

[INFO] hw.pins: Pin step.fb set to 0.05202000000000003 (was 0.05100500000000003)
Pin step.fb set to 0.05202000000000003 (was 0.05100500000000003)
[INFO] hw.stepgen: =human= stepgen sg-cmd-pos=0.300000 rev sg-fb-pos=0.052020 rev sg-vel=1.020000 rps sg-acc=10.000000 rps2

=human= stepgen sg-cmd-pos=0.300000 rev sg-fb-pos=0.052020 rev sg-vel=1.020000 rps sg-acc=10.000000 rps2

[INFO] hw.pins: Pin step.fb set to 0.05304500000000003 (was 0.05202000000000003)
Pin step.fb set to 0.05304500000000003 (was 0.05202000000000003)
[INFO] hw.stepgen: =human= stepgen sg-cmd-pos=0.300000 rev sg-fb-pos=0.053045 rev sg-vel=1.030000 rps sg-acc=10.000000 rps2

=human= stepgen sg-cmd-pos=0.300000 rev sg-fb-pos=0.053045 rev sg-vel=1.030000 rps sg-acc=10.000000 rps2

[INFO] hw.pins: Pin step.fb set to 0.05408000000000003 (was 0.05304500000000003)
Pin step.fb set to 0.05408000000000003 (was 0.05304500000000003)
[INFO] hw.stepgen: =human= stepgen sg-cmd-pos=0.300000 rev sg-fb-pos=0.054080 rev sg-vel=1.040000 rps sg-acc=10.000000 rps2

=human= stepgen sg-cmd-pos=0.300000 rev sg-fb-pos=0.054080 rev sg-vel=1.040000 rps sg-acc=10.000000 rps2

[INFO] hw.pins: Pin step.fb set to 0.055125000000000035 (was 0.05408000000000003)
Pin step.fb set to 0.055125000000000035 (was 0.05408000000000003)
[INFO] hw.stepgen: =human= stepgen sg-cmd-pos=0.300000 rev sg-fb-pos=0.055125 rev sg-vel=1.050000 rps sg-acc=10.000000 rps2

=human= stepgen sg-cmd-pos=0.300000 rev sg-fb-pos=0.055125 rev sg-vel=1.050000 rps sg-acc=10.000000 rps2

[INFO] hw.pins: Pin step.fb set to 0.056180000000000035 (was 0.055125000000000035)
Pin step.fb set to 0.056180000000000035 (was 0.055125000000000035)
[INFO] hw.stepgen: =human= stepgen sg-cmd-pos=0.300000 rev sg-fb-pos=0.056180 rev sg-vel=1.060000 rps sg-acc=10.000000 rps2

=human= stepgen sg-cmd-pos=0.300000 rev sg-fb-pos=0.056180 rev sg-vel=1.060000 rps sg-acc=10.000000 rps2

[INFO] hw.pins: Pin step.fb set to 0.05724500000000004 (was 0.056180000000000035)
Pin step.fb set to 0.05724500000000004 (was 0.056180000000000035)
[INFO] hw.stepgen: =human= stepgen sg-cmd-pos=0.300000 rev sg-fb-pos=0.057245 rev sg-vel=1.070000 rps sg-acc=10.000000 rps2

=human= stepgen sg-cmd-pos=0.300000 rev sg-fb-pos=0.057245 rev sg-vel=1.070000 rps sg-acc=10.000000 rps2

[INFO] hw.pins: Pin step.fb set to 0.05832000000000004 (was 0.05724500000000004)
Pin step.fb set to 0.05832000000000004 (was 0.05724500000000004)
[INFO] hw.stepgen: =human= stepgen sg-cmd-pos=0.300000 rev sg-fb-pos=0.058320 rev sg-vel=1.080000 rps sg-acc=10.000000 rps2

=human= stepgen sg-cmd-pos=0.300000 rev sg-fb-pos=0.058320 rev sg-vel=1.080000 rps sg-acc=10.000000 rps2

[INFO] hw.pins: Pin step.fb set to 0.05940500000000004 (was 0.05832000000000004)
Pin step.fb set to 0.05940500000000004 (was 0.05832000000000004)
[INFO] hw.stepgen: =human= stepgen sg-cmd-pos=0.300000 rev sg-fb-pos=0.059405 rev sg-vel=1.090000 rps sg-acc=10.000000 rps2

=human= stepgen sg-cmd-pos=0.300000 rev sg-fb-pos=0.059405 rev sg-vel=1.090000 rps sg-acc=10.000000 rps2

[INFO] hw.pins: Pin step.fb set to 0.06050000000000004 (was 0.05940500000000004)
Pin step.fb set to 0.06050000000000004 (was 0.05940500000000004)
[INFO] hw.stepgen: =human= stepgen sg-cmd-pos=0.300000 rev sg-fb-pos=0.060500 rev sg-vel=1.100000 rps sg-acc=10.000000 rps2

=human= stepgen sg-cmd-pos=0.300000 rev sg-fb-pos=0.060500 rev sg-vel=1.100000 rps sg-acc=10.000000 rps2

[INFO] hw.pins: Pin step.fb set to 0.06160500000000004 (was 0.06050000000000004)
Pin step.fb set to 0.06160500000000004 (was 0.06050000000000004)
[INFO] hw.stepgen: =human= stepgen sg-cmd-pos=0.300000 rev sg-fb-pos=0.061605 rev sg-vel=1.110000 rps sg-acc=10.000000 rps2

=human= stepgen sg-cmd-pos=0.300000 rev sg-fb-pos=0.061605 rev sg-vel=1.110000 rps sg-acc=10.000000 rps2

[INFO] hw.pins: Pin step.fb set to 0.06272000000000004 (was 0.06160500000000004)
Pin step.fb set to 0.06272000000000004 (was 0.06160500000000004)
[INFO] hw.stepgen: =human= stepgen sg-cmd-pos=0.300000 rev sg-fb-pos=0.062720 rev sg-vel=1.120000 rps sg-acc=10.000000 rps2

=human= stepgen sg-cmd-pos=0.300000 rev sg-fb-pos=0.062720 rev sg-vel=1.120000 rps sg-acc=10.000000 rps2

[INFO] hw.pins: Pin step.fb set to 0.06384500000000004 (was 0.06272000000000004)
Pin step.fb set to 0.06384500000000004 (was 0.06272000000000004)
[INFO] hw.stepgen: =human= stepgen sg-cmd-pos=0.300000 rev sg-fb-pos=0.063845 rev sg-vel=1.130000 rps sg-acc=10.000000 rps2

=human= stepgen sg-cmd-pos=0.300000 rev sg-fb-pos=0.063845 rev sg-vel=1.130000 rps sg-acc=10.000000 rps2

[INFO] hw.pins: Pin step.fb set to 0.06498000000000004 (was 0.06384500000000004)
Pin step.fb set to 0.06498000000000004 (was 0.06384500000000004)
[INFO] hw.stepgen: =human= stepgen sg-cmd-pos=0.300000 rev sg-fb-pos=0.064980 rev sg-vel=1.140000 rps sg-acc=10.000000 rps2

=human= stepgen sg-cmd-pos=0.300000 rev sg-fb-pos=0.064980 rev sg-vel=1.140000 rps sg-acc=10.000000 rps2

[INFO] hw.pins: Pin step.fb set to 0.06612500000000004 (was 0.06498000000000004)
Pin step.fb set to 0.06612500000000004 (was 0.06498000000000004)
[INFO] hw.stepgen: =human= stepgen sg-cmd-pos=0.300000 rev sg-fb-pos=0.066125 rev sg-vel=1.150000 rps sg-acc=10.000000 rps2

=human= stepgen sg-cmd-pos=0.300000 rev sg-fb-pos=0.066125 rev sg-vel=1.150000 rps sg-acc=10.000000 rps2

[INFO] hw.pins: Pin step.fb set to 0.06728000000000005 (was 0.06612500000000004)
Pin step.fb set to 0.06728000000000005 (was 0.06612500000000004)
[INFO] hw.stepgen: =human= stepgen sg-cmd-pos=0.300000 rev sg-fb-pos=0.067280 rev sg-vel=1.160000 rps sg-acc=10.000000 rps2

=human= stepgen sg-cmd-pos=0.300000 rev sg-fb-pos=0.067280 rev sg-vel=1.160000 rps sg-acc=10.000000 rps2

[INFO] hw.pins: Pin step.fb set to 0.06844500000000005 (was 0.06728000000000005)
Pin step.fb set to 0.06844500000000005 (was 0.06728000000000005)
[INFO] hw.stepgen: =human= stepgen sg-cmd-pos=0.300000 rev sg-fb-pos=0.068445 rev sg-vel=1.170000 rps sg-acc=10.000000 rps2

=human= stepgen sg-cmd-pos=0.300000 rev sg-fb-pos=0.068445 rev sg-vel=1.170000 rps sg-acc=10.000000 rps2

[INFO] hw.pins: Pin step.fb set to 0.06962000000000004 (was 0.06844500000000005)
Pin step.fb set to 0.06962000000000004 (was 0.06844500000000005)
[INFO] hw.stepgen: =human= stepgen sg-cmd-pos=0.300000 rev sg-fb-pos=0.069620 rev sg-vel=1.180000 rps sg-acc=10.000000 rps2

=human= stepgen sg-cmd-pos=0.300000 rev sg-fb-pos=0.069620 rev sg-vel=1.180000 rps sg-acc=10.000000 rps2

[INFO] hw.pins: Pin step.fb set to 0.07080500000000005 (was 0.06962000000000004)
Pin step.fb set to 0.07080500000000005 (was 0.06962000000000004)
[INFO] hw.stepgen: =human= stepgen sg-cmd-pos=0.300000 rev sg-fb-pos=0.070805 rev sg-vel=1.190000 rps sg-acc=10.000000 rps2

=human= stepgen sg-cmd-pos=0.300000 rev sg-fb-pos=0.070805 rev sg-vel=1.190000 rps sg-acc=10.000000 rps2

[INFO] hw.pins: Pin step.fb set to 0.07200000000000005 (was 0.07080500000000005)
Pin step.fb set to 0.07200000000000005 (was 0.07080500000000005)
[INFO] hw.stepgen: =human= stepgen sg-cmd-pos=0.300000 rev sg-fb-pos=0.072000 rev sg-vel=1.200000 rps sg-acc=10.000000 rps2

=human= stepgen sg-cmd-pos=0.300000 rev sg-fb-pos=0.072000 rev sg-vel=1.200000 rps sg-acc=10.000000 rps2

[INFO] hw.pins: Pin step.fb set to 0.07320500000000005 (was 0.07200000000000005)
Pin step.fb set to 0.07320500000000005 (was 0.07200000000000005)
[INFO] hw.stepgen: =human= stepgen sg-cmd-pos=0.300000 rev sg-fb-pos=0.073205 rev sg-vel=1.210000 rps sg-acc=10.000000 rps2

=human= stepgen sg-cmd-pos=0.300000 rev sg-fb-pos=0.073205 rev sg-vel=1.210000 rps sg-acc=10.000000 rps2

[INFO] hw.pins: Pin step.fb set to 0.07442000000000004 (was 0.07320500000000005)
Pin step.fb set to 0.07442000000000004 (was 0.07320500000000005)
[INFO] hw.stepgen: =human= stepgen sg-cmd-pos=0.300000 rev sg-fb-pos=0.074420 rev sg-vel=1.220000 rps sg-acc=10.000000 rps2

=human= stepgen sg-cmd-pos=0.300000 rev sg-fb-pos=0.074420 rev sg-vel=1.220000 rps sg-acc=10.000000 rps2

[INFO] hw.pins: Pin step.fb set to 0.07564500000000005 (was 0.07442000000000004)
Pin step.fb set to 0.07564500000000005 (was 0.07442000000000004)
[INFO] hw.stepgen: =human= stepgen sg-cmd-pos=0.300000 rev sg-fb-pos=0.075645 rev sg-vel=1.230000 rps sg-acc=10.000000 rps2

=human= stepgen sg-cmd-pos=0.300000 rev sg-fb-pos=0.075645 rev sg-vel=1.230000 rps sg-acc=10.000000 rps2

[INFO] hw.pins: Pin step.fb set to 0.07688000000000005 (was 0.07564500000000005)
Pin step.fb set to 0.07688000000000005 (was 0.07564500000000005)
[INFO] hw.stepgen: =human= stepgen sg-cmd-pos=0.300000 rev sg-fb-pos=0.076880 rev sg-vel=1.240000 rps sg-acc=10.000000 rps2

=human= stepgen sg-cmd-pos=0.300000 rev sg-fb-pos=0.076880 rev sg-vel=1.240000 rps sg-acc=10.000000 rps2

[INFO] hw.pins: Pin step.fb set to 0.07812500000000004 (was 0.07688000000000005)
Pin step.fb set to 0.07812500000000004 (was 0.07688000000000005)
[INFO] hw.stepgen: =human= stepgen sg-cmd-pos=0.300000 rev sg-fb-pos=0.078125 rev sg-vel=1.250000 rps sg-acc=10.000000 rps2

=human= stepgen sg-cmd-pos=0.300000 rev sg-fb-pos=0.078125 rev sg-vel=1.250000 rps sg-acc=10.000000 rps2

[INFO] hw.pins: Pin step.fb set to 0.07938000000000005 (was 0.07812500000000004)
Pin step.fb set to 0.07938000000000005 (was 0.07812500000000004)
[INFO] hw.stepgen: =human= stepgen sg-cmd-pos=0.300000 rev sg-fb-pos=0.079380 rev sg-vel=1.260000 rps sg-acc=10.000000 rps2

=human= stepgen sg-cmd-pos=0.300000 rev sg-fb-pos=0.079380 rev sg-vel=1.260000 rps sg-acc=10.000000 rps2

[INFO] hw.pins: Pin step.fb set to 0.08064500000000005 (was 0.07938000000000005)
Pin step.fb set to 0.08064500000000005 (was 0.07938000000000005)
[INFO] hw.stepgen: =human= stepgen sg-cmd-pos=0.300000 rev sg-fb-pos=0.080645 rev sg-vel=1.270000 rps sg-acc=10.000000 rps2

=human= stepgen sg-cmd-pos=0.300000 rev sg-fb-pos=0.080645 rev sg-vel=1.270000 rps sg-acc=10.000000 rps2

[INFO] hw.pins: Pin step.fb set to 0.08192000000000005 (was 0.08064500000000005)
Pin step.fb set to 0.08192000000000005 (was 0.08064500000000005)
[INFO] hw.stepgen: =human= stepgen sg-cmd-pos=0.300000 rev sg-fb-pos=0.081920 rev sg-vel=1.280000 rps sg-acc=10.000000 rps2

=human= stepgen sg-cmd-pos=0.300000 rev sg-fb-pos=0.081920 rev sg-vel=1.280000 rps sg-acc=10.000000 rps2

[INFO] hw.pins: Pin step.fb set to 0.08320500000000004 (was 0.08192000000000005)
Pin step.fb set to 0.08320500000000004 (was 0.08192000000000005)
[INFO] hw.stepgen: =human= stepgen sg-cmd-pos=0.300000 rev sg-fb-pos=0.083205 rev sg-vel=1.290000 rps sg-acc=10.000000 rps2

=human= stepgen sg-cmd-pos=0.300000 rev sg-fb-pos=0.083205 rev sg-vel=1.290000 rps sg-acc=10.000000 rps2

[INFO] hw.pins: Pin step.fb set to 0.08450000000000005 (was 0.08320500000000004)
Pin step.fb set to 0.08450000000000005 (was 0.08320500000000004)
[INFO] hw.stepgen: =human= stepgen sg-cmd-pos=0.300000 rev sg-fb-pos=0.084500 rev sg-vel=1.300000 rps sg-acc=10.000000 rps2

=human= stepgen sg-cmd-pos=0.300000 rev sg-fb-pos=0.084500 rev sg-vel=1.300000 rps sg-acc=10.000000 rps2

[INFO] hw.pins: Pin step.fb set to 0.08580500000000005 (was 0.08450000000000005)
Pin step.fb set to 0.08580500000000005 (was 0.08450000000000005)
[INFO] hw.stepgen: =human= stepgen sg-cmd-pos=0.300000 rev sg-fb-pos=0.085805 rev sg-vel=1.310000 rps sg-acc=10.000000 rps2

=human= stepgen sg-cmd-pos=0.300000 rev sg-fb-pos=0.085805 rev sg-vel=1.310000 rps sg-acc=10.000000 rps2

[INFO] hw.pins: Pin step.fb set to 0.08712000000000004 (was 0.08580500000000005)
Pin step.fb set to 0.08712000000000004 (was 0.08580500000000005)
[INFO] hw.stepgen: =human= stepgen sg-cmd-pos=0.300000 rev sg-fb-pos=0.087120 rev sg-vel=1.320000 rps sg-acc=10.000000 rps2

=human= stepgen sg-cmd-pos=0.300000 rev sg-fb-pos=0.087120 rev sg-vel=1.320000 rps sg-acc=10.000000 rps2

[INFO] hw.pins: Pin step.fb set to 0.08844500000000005 (was 0.08712000000000004)
Pin step.fb set to 0.08844500000000005 (was 0.08712000000000004)
[INFO] hw.stepgen: =human= stepgen sg-cmd-pos=0.300000 rev sg-fb-pos=0.088445 rev sg-vel=1.330000 rps sg-acc=10.000000 rps2

=human= stepgen sg-cmd-pos=0.300000 rev sg-fb-pos=0.088445 rev sg-vel=1.330000 rps sg-acc=10.000000 rps2

[INFO] hw.pins: Pin step.fb set to 0.08978000000000005 (was 0.08844500000000005)
Pin step.fb set to 0.08978000000000005 (was 0.08844500000000005)
[INFO] hw.stepgen: =human= stepgen sg-cmd-pos=0.300000 rev sg-fb-pos=0.089780 rev sg-vel=1.340000 rps sg-acc=10.000000 rps2

=human= stepgen sg-cmd-pos=0.300000 rev sg-fb-pos=0.089780 rev sg-vel=1.340000 rps sg-acc=10.000000 rps2

[INFO] hw.pins: Pin step.fb set to 0.09112500000000005 (was 0.08978000000000005)
Pin step.fb set to 0.09112500000000005 (was 0.08978000000000005)
[INFO] hw.stepgen: =human= stepgen sg-cmd-pos=0.300000 rev sg-fb-pos=0.091125 rev sg-vel=1.350000 rps sg-acc=10.000000 rps2

=human= stepgen sg-cmd-pos=0.300000 rev sg-fb-pos=0.091125 rev sg-vel=1.350000 rps sg-acc=10.000000 rps2

[INFO] hw.pins: Pin step.fb set to 0.09248000000000005 (was 0.09112500000000005)
Pin step.fb set to 0.09248000000000005 (was 0.09112500000000005)
[INFO] hw.stepgen: =human= stepgen sg-cmd-pos=0.300000 rev sg-fb-pos=0.092480 rev sg-vel=1.360000 rps sg-acc=10.000000 rps2

=human= stepgen sg-cmd-pos=0.300000 rev sg-fb-pos=0.092480 rev sg-vel=1.360000 rps sg-acc=10.000000 rps2

[INFO] hw.pins: Pin step.fb set to 0.09384500000000005 (was 0.09248000000000005)
Pin step.fb set to 0.09384500000000005 (was 0.09248000000000005)
[INFO] hw.stepgen: =human= stepgen sg-cmd-pos=0.300000 rev sg-fb-pos=0.093845 rev sg-vel=1.370000 rps sg-acc=10.000000 rps2

=human= stepgen sg-cmd-pos=0.300000 rev sg-fb-pos=0.093845 rev sg-vel=1.370000 rps sg-acc=10.000000 rps2

[INFO] hw.pins: Pin step.fb set to 0.09522000000000005 (was 0.09384500000000005)
Pin step.fb set to 0.09522000000000005 (was 0.09384500000000005)
[INFO] hw.stepgen: =human= stepgen sg-cmd-pos=0.300000 rev sg-fb-pos=0.095220 rev sg-vel=1.380000 rps sg-acc=10.000000 rps2

=human= stepgen sg-cmd-pos=0.300000 rev sg-fb-pos=0.095220 rev sg-vel=1.380000 rps sg-acc=10.000000 rps2

[INFO] hw.pins: Pin step.fb set to 0.09660500000000005 (was 0.09522000000000005)
Pin step.fb set to 0.09660500000000005 (was 0.09522000000000005)
[INFO] hw.stepgen: =human= stepgen sg-cmd-pos=0.300000 rev sg-fb-pos=0.096605 rev sg-vel=1.390000 rps sg-acc=10.000000 rps2

=human= stepgen sg-cmd-pos=0.300000 rev sg-fb-pos=0.096605 rev sg-vel=1.390000 rps sg-acc=10.000000 rps2

[INFO] hw.pins: Pin step.fb set to 0.09800000000000006 (was 0.09660500000000005)
Pin step.fb set to 0.09800000000000006 (was 0.09660500000000005)
[INFO] hw.stepgen: =human= stepgen sg-cmd-pos=0.300000 rev sg-fb-pos=0.098000 rev sg-vel=1.400000 rps sg-acc=10.000000 rps2

=human= stepgen sg-cmd-pos=0.300000 rev sg-fb-pos=0.098000 rev sg-vel=1.400000 rps sg-acc=10.000000 rps2

[INFO] hw.pins: Pin step.fb set to 0.09940500000000006 (was 0.09800000000000006)
Pin step.fb set to 0.09940500000000006 (was 0.09800000000000006)
[INFO] hw.stepgen: =human= stepgen sg-cmd-pos=0.300000 rev sg-fb-pos=0.099405 rev sg-vel=1.410000 rps sg-acc=10.000000 rps2

=human= stepgen sg-cmd-pos=0.300000 rev sg-fb-pos=0.099405 rev sg-vel=1.410000 rps sg-acc=10.000000 rps2

[INFO] hw.pins: Pin step.fb set to 0.10082000000000006 (was 0.09940500000000006)
Pin step.fb set to 0.10082000000000006 (was 0.09940500000000006)
[INFO] hw.stepgen: =human= stepgen sg-cmd-pos=0.300000 rev sg-fb-pos=0.100820 rev sg-vel=1.420000 rps sg-acc=10.000000 rps2

=human= stepgen sg-cmd-pos=0.300000 rev sg-fb-pos=0.100820 rev sg-vel=1.420000 rps sg-acc=10.000000 rps2

[INFO] hw.pins: Pin step.fb set to 0.10224500000000006 (was 0.10082000000000006)
Pin step.fb set to 0.10224500000000006 (was 0.10082000000000006)
[INFO] hw.stepgen: =human= stepgen sg-cmd-pos=0.300000 rev sg-fb-pos=0.102245 rev sg-vel=1.430000 rps sg-acc=10.000000 rps2

=human= stepgen sg-cmd-pos=0.300000 rev sg-fb-pos=0.102245 rev sg-vel=1.430000 rps sg-acc=10.000000 rps2

[INFO] hw.pins: Pin step.fb set to 0.10368000000000006 (was 0.10224500000000006)
Pin step.fb set to 0.10368000000000006 (was 0.10224500000000006)
[INFO] hw.stepgen: =human= stepgen sg-cmd-pos=0.300000 rev sg-fb-pos=0.103680 rev sg-vel=1.440000 rps sg-acc=10.000000 rps2

=human= stepgen sg-cmd-pos=0.300000 rev sg-fb-pos=0.103680 rev sg-vel=1.440000 rps sg-acc=10.000000 rps2

[INFO] hw.pins: Pin step.fb set to 0.10512500000000007 (was 0.10368000000000006)
Pin step.fb set to 0.10512500000000007 (was 0.10368000000000006)
[INFO] hw.stepgen: =human= stepgen sg-cmd-pos=0.300000 rev sg-fb-pos=0.105125 rev sg-vel=1.450000 rps sg-acc=10.000000 rps2

=human= stepgen sg-cmd-pos=0.300000 rev sg-fb-pos=0.105125 rev sg-vel=1.450000 rps sg-acc=10.000000 rps2

[INFO] hw.pins: Pin step.fb set to 0.10658000000000006 (was 0.10512500000000007)
Pin step.fb set to 0.10658000000000006 (was 0.10512500000000007)
[INFO] hw.stepgen: =human= stepgen sg-cmd-pos=0.300000 rev sg-fb-pos=0.106580 rev sg-vel=1.460000 rps sg-acc=10.000000 rps2

=human= stepgen sg-cmd-pos=0.300000 rev sg-fb-pos=0.106580 rev sg-vel=1.460000 rps sg-acc=10.000000 rps2

[INFO] hw.pins: Pin step.fb set to 0.10804500000000006 (was 0.10658000000000006)
Pin step.fb set to 0.10804500000000006 (was 0.10658000000000006)
[INFO] hw.stepgen: =human= stepgen sg-cmd-pos=0.300000 rev sg-fb-pos=0.108045 rev sg-vel=1.470000 rps sg-acc=10.000000 rps2

=human= stepgen sg-cmd-pos=0.300000 rev sg-fb-pos=0.108045 rev sg-vel=1.470000 rps sg-acc=10.000000 rps2

[INFO] hw.pins: Pin step.fb set to 0.10952000000000006 (was 0.10804500000000006)
Pin step.fb set to 0.10952000000000006 (was 0.10804500000000006)
[INFO] hw.stepgen: =human= stepgen sg-cmd-pos=0.300000 rev sg-fb-pos=0.109520 rev sg-vel=1.480000 rps sg-acc=10.000000 rps2

=human= stepgen sg-cmd-pos=0.300000 rev sg-fb-pos=0.109520 rev sg-vel=1.480000 rps sg-acc=10.000000 rps2

[INFO] hw.pins: Pin step.fb set to 0.11100500000000006 (was 0.10952000000000006)
Pin step.fb set to 0.11100500000000006 (was 0.10952000000000006)
[INFO] hw.stepgen: =human= stepgen sg-cmd-pos=0.300000 rev sg-fb-pos=0.111005 rev sg-vel=1.490000 rps sg-acc=10.000000 rps2

=human= stepgen sg-cmd-pos=0.300000 rev sg-fb-pos=0.111005 rev sg-vel=1.490000 rps sg-acc=10.000000 rps2

[INFO] hw.pins: Pin step.fb set to 0.11250000000000006 (was 0.11100500000000006)
Pin step.fb set to 0.11250000000000006 (was 0.11100500000000006)
[INFO] hw.stepgen: =human= stepgen sg-cmd-pos=0.300000 rev sg-fb-pos=0.112500 rev sg-vel=1.500000 rps sg-acc=10.000000 rps2

=human= stepgen sg-cmd-pos=0.300000 rev sg-fb-pos=0.112500 rev sg-vel=1.500000 rps sg-acc=10.000000 rps2

[INFO] hw.pins: Pin step.cmd set to 0.4 (was 0.30000000000000004)
Pin step.cmd set to 0.4 (was 0.30000000000000004)
[INFO] hw.pins: Pin step.fb set to 0.11400500000000006 (was 0.11250000000000006)
Pin step.fb set to 0.11400500000000006 (was 0.11250000000000006)
[INFO] hw.stepgen: =human= stepgen sg-cmd-pos=0.400000 rev sg-fb-pos=0.114005 rev sg-vel=1.510000 rps sg-acc=10.000000 rps2

=human= stepgen sg-cmd-pos=0.400000 rev sg-fb-pos=0.114005 rev sg-vel=1.510000 rps sg-acc=10.000000 rps2

[INFO] hw.stepgen: =human= stepgen event=reaim sg-cmd-pos=0.400000 rev sg-fb-pos=0.114005 rev sg-vel=1.510000 rps

=human= stepgen event=reaim sg-cmd-pos=0.400000 rev sg-fb-pos=0.114005 rev sg-vel=1.510000 rps

[INFO] hw.pins: Pin step.fb set to 0.11552000000000007 (was 0.11400500000000006)
Pin step.fb set to 0.11552000000000007 (was 0.11400500000000006)
[INFO] hw.stepgen: =human= stepgen sg-cmd-pos=0.400000 rev sg-fb-pos=0.115520 rev sg-vel=1.520000 rps sg-acc=10.000000 rps2

=human= stepgen sg-cmd-pos=0.400000 rev sg-fb-pos=0.115520 rev sg-vel=1.520000 rps sg-acc=10.000000 rps2

[INFO] hw.pins: Pin step.fb set to 0.11704500000000007 (was 0.11552000000000007)
Pin step.fb set to 0.11704500000000007 (was 0.11552000000000007)
[INFO] hw.stepgen: =human= stepgen sg-cmd-pos=0.400000 rev sg-fb-pos=0.117045 rev sg-vel=1.530000 rps sg-acc=10.000000 rps2

=human= stepgen sg-cmd-pos=0.400000 rev sg-fb-pos=0.117045 rev sg-vel=1.530000 rps sg-acc=10.000000 rps2

[INFO] hw.pins: Pin step.fb set to 0.11858000000000006 (was 0.11704500000000007)
Pin step.fb set to 0.11858000000000006 (was 0.11704500000000007)
[INFO] hw.stepgen: =human= stepgen sg-cmd-pos=0.400000 rev sg-fb-pos=0.118580 rev sg-vel=1.540000 rps sg-acc=10.000000 rps2

=human= stepgen sg-cmd-pos=0.400000 rev sg-fb-pos=0.118580 rev sg-vel=1.540000 rps sg-acc=10.000000 rps2

[INFO] hw.pins: Pin step.fb set to 0.12012500000000007 (was 0.11858000000000006)
Pin step.fb set to 0.12012500000000007 (was 0.11858000000000006)
[INFO] hw.stepgen: =human= stepgen sg-cmd-pos=0.400000 rev sg-fb-pos=0.120125 rev sg-vel=1.550000 rps sg-acc=10.000000 rps2

=human= stepgen sg-cmd-pos=0.400000 rev sg-fb-pos=0.120125 rev sg-vel=1.550000 rps sg-acc=10.000000 rps2

[INFO] hw.pins: Pin step.fb set to 0.12168000000000007 (was 0.12012500000000007)
Pin step.fb set to 0.12168000000000007 (was 0.12012500000000007)
[INFO] hw.stepgen: =human= stepgen sg-cmd-pos=0.400000 rev sg-fb-pos=0.121680 rev sg-vel=1.560000 rps sg-acc=10.000000 rps2

=human= stepgen sg-cmd-pos=0.400000 rev sg-fb-pos=0.121680 rev sg-vel=1.560000 rps sg-acc=10.000000 rps2

[INFO] hw.pins: Pin step.fb set to 0.12324500000000006 (was 0.12168000000000007)
Pin step.fb set to 0.12324500000000006 (was 0.12168000000000007)
[INFO] hw.stepgen: =human= stepgen sg-cmd-pos=0.400000 rev sg-fb-pos=0.123245 rev sg-vel=1.570000 rps sg-acc=10.000000 rps2

=human= stepgen sg-cmd-pos=0.400000 rev sg-fb-pos=0.123245 rev sg-vel=1.570000 rps sg-acc=10.000000 rps2

[INFO] hw.pins: Pin step.fb set to 0.12482000000000007 (was 0.12324500000000006)
Pin step.fb set to 0.12482000000000007 (was 0.12324500000000006)
[INFO] hw.stepgen: =human= stepgen sg-cmd-pos=0.400000 rev sg-fb-pos=0.124820 rev sg-vel=1.580000 rps sg-acc=10.000000 rps2

=human= stepgen sg-cmd-pos=0.400000 rev sg-fb-pos=0.124820 rev sg-vel=1.580000 rps sg-acc=10.000000 rps2

[INFO] hw.pins: Pin step.fb set to 0.12640500000000007 (was 0.12482000000000007)
Pin step.fb set to 0.12640500000000007 (was 0.12482000000000007)
[INFO] hw.stepgen: =human= stepgen sg-cmd-pos=0.400000 rev sg-fb-pos=0.126405 rev sg-vel=1.590000 rps sg-acc=10.000000 rps2

=human= stepgen sg-cmd-pos=0.400000 rev sg-fb-pos=0.126405 rev sg-vel=1.590000 rps sg-acc=10.000000 rps2

[INFO] hw.pins: Pin step.fb set to 0.12800000000000009 (was 0.12640500000000007)
Pin step.fb set to 0.12800000000000009 (was 0.12640500000000007)
[INFO] hw.stepgen: =human= stepgen sg-cmd-pos=0.400000 rev sg-fb-pos=0.128000 rev sg-vel=1.600000 rps sg-acc=10.000000 rps2

=human= stepgen sg-cmd-pos=0.400000 rev sg-fb-pos=0.128000 rev sg-vel=1.600000 rps sg-acc=10.000000 rps2

[INFO] hw.pins: Pin step.fb set to 0.12960500000000008 (was 0.12800000000000009)
Pin step.fb set to 0.12960500000000008 (was 0.12800000000000009)
[INFO] hw.stepgen: =human= stepgen sg-cmd-pos=0.400000 rev sg-fb-pos=0.129605 rev sg-vel=1.610000 rps sg-acc=10.000000 rps2

=human= stepgen sg-cmd-pos=0.400000 rev sg-fb-pos=0.129605 rev sg-vel=1.610000 rps sg-acc=10.000000 rps2

[INFO] hw.pins: Pin step.fb set to 0.1312200000000001 (was 0.12960500000000008)
Pin step.fb set to 0.1312200000000001 (was 0.12960500000000008)
[INFO] hw.stepgen: =human= stepgen sg-cmd-pos=0.400000 rev sg-fb-pos=0.131220 rev sg-vel=1.620000 rps sg-acc=10.000000 rps2

=human= stepgen sg-cmd-pos=0.400000 rev sg-fb-pos=0.131220 rev sg-vel=1.620000 rps sg-acc=10.000000 rps2

[INFO] hw.pins: Pin step.fb set to 0.13284500000000007 (was 0.1312200000000001)
Pin step.fb set to 0.13284500000000007 (was 0.1312200000000001)
[INFO] hw.stepgen: =human= stepgen sg-cmd-pos=0.400000 rev sg-fb-pos=0.132845 rev sg-vel=1.630000 rps sg-acc=10.000000 rps2

=human= stepgen sg-cmd-pos=0.400000 rev sg-fb-pos=0.132845 rev sg-vel=1.630000 rps sg-acc=10.000000 rps2

[INFO] hw.pins: Pin step.fb set to 0.13448000000000007 (was 0.13284500000000007)
Pin step.fb set to 0.13448000000000007 (was 0.13284500000000007)
[INFO] hw.stepgen: =human= stepgen sg-cmd-pos=0.400000 rev sg-fb-pos=0.134480 rev sg-vel=1.640000 rps sg-acc=10.000000 rps2

=human= stepgen sg-cmd-pos=0.400000 rev sg-fb-pos=0.134480 rev sg-vel=1.640000 rps sg-acc=10.000000 rps2

[INFO] hw.pins: Pin step.fb set to 0.13612500000000008 (was 0.13448000000000007)
Pin step.fb set to 0.13612500000000008 (was 0.13448000000000007)
[INFO] hw.stepgen: =human= stepgen sg-cmd-pos=0.400000 rev sg-fb-pos=0.136125 rev sg-vel=1.650000 rps sg-acc=10.000000 rps2

=human= stepgen sg-cmd-pos=0.400000 rev sg-fb-pos=0.136125 rev sg-vel=1.650000 rps sg-acc=10.000000 rps2

[INFO] hw.pins: Pin step.fb set to 0.13778000000000007 (was 0.13612500000000008)
Pin step.fb set to 0.13778000000000007 (was 0.13612500000000008)
[INFO] hw.stepgen: =human= stepgen sg-cmd-pos=0.400000 rev sg-fb-pos=0.137780 rev sg-vel=1.660000 rps sg-acc=10.000000 rps2

=human= stepgen sg-cmd-pos=0.400000 rev sg-fb-pos=0.137780 rev sg-vel=1.660000 rps sg-acc=10.000000 rps2

[INFO] hw.pins: Pin step.fb set to 0.13944500000000007 (was 0.13778000000000007)
Pin step.fb set to 0.13944500000000007 (was 0.13778000000000007)
[INFO] hw.stepgen: =human= stepgen sg-cmd-pos=0.400000 rev sg-fb-pos=0.139445 rev sg-vel=1.670000 rps sg-acc=10.000000 rps2

=human= stepgen sg-cmd-pos=0.400000 rev sg-fb-pos=0.139445 rev sg-vel=1.670000 rps sg-acc=10.000000 rps2

[INFO] hw.pins: Pin step.fb set to 0.14112000000000008 (was 0.13944500000000007)
Pin step.fb set to 0.14112000000000008 (was 0.13944500000000007)
[INFO] hw.stepgen: =human= stepgen sg-cmd-pos=0.400000 rev sg-fb-pos=0.141120 rev sg-vel=1.680000 rps sg-acc=10.000000 rps2

=human= stepgen sg-cmd-pos=0.400000 rev sg-fb-pos=0.141120 rev sg-vel=1.680000 rps sg-acc=10.000000 rps2

[INFO] hw.pins: Pin step.fb set to 0.14280500000000007 (was 0.14112000000000008)
Pin step.fb set to 0.14280500000000007 (was 0.14112000000000008)
[INFO] hw.stepgen: =human= stepgen sg-cmd-pos=0.400000 rev sg-fb-pos=0.142805 rev sg-vel=1.690000 rps sg-acc=10.000000 rps2

=human= stepgen sg-cmd-pos=0.400000 rev sg-fb-pos=0.142805 rev sg-vel=1.690000 rps sg-acc=10.000000 rps2

[INFO] hw.pins: Pin step.fb set to 0.14450000000000007 (was 0.14280500000000007)
Pin step.fb set to 0.14450000000000007 (was 0.14280500000000007)
[INFO] hw.stepgen: =human= stepgen sg-cmd-pos=0.400000 rev sg-fb-pos=0.144500 rev sg-vel=1.700000 rps sg-acc=10.000000 rps2

=human= stepgen sg-cmd-pos=0.400000 rev sg-fb-pos=0.144500 rev sg-vel=1.700000 rps sg-acc=10.000000 rps2

[INFO] hw.pins: Pin step.fb set to 0.14620500000000008 (was 0.14450000000000007)
Pin step.fb set to 0.14620500000000008 (was 0.14450000000000007)
[INFO] hw.stepgen: =human= stepgen sg-cmd-pos=0.400000 rev sg-fb-pos=0.146205 rev sg-vel=1.710000 rps sg-acc=10.000000 rps2

=human= stepgen sg-cmd-pos=0.400000 rev sg-fb-pos=0.146205 rev sg-vel=1.710000 rps sg-acc=10.000000 rps2

[INFO] hw.pins: Pin step.fb set to 0.14792000000000008 (was 0.14620500000000008)
Pin step.fb set to 0.14792000000000008 (was 0.14620500000000008)
[INFO] hw.stepgen: =human= stepgen sg-cmd-pos=0.400000 rev sg-fb-pos=0.147920 rev sg-vel=1.720000 rps sg-acc=10.000000 rps2

=human= stepgen sg-cmd-pos=0.400000 rev sg-fb-pos=0.147920 rev sg-vel=1.720000 rps sg-acc=10.000000 rps2

[INFO] hw.pins: Pin step.fb set to 0.14964500000000008 (was 0.14792000000000008)
Pin step.fb set to 0.14964500000000008 (was 0.14792000000000008)
[INFO] hw.stepgen: =human= stepgen sg-cmd-pos=0.400000 rev sg-fb-pos=0.149645 rev sg-vel=1.730000 rps sg-acc=10.000000 rps2

=human= stepgen sg-cmd-pos=0.400000 rev sg-fb-pos=0.149645 rev sg-vel=1.730000 rps sg-acc=10.000000 rps2

[INFO] hw.pins: Pin step.fb set to 0.1513800000000001 (was 0.14964500000000008)
Pin step.fb set to 0.1513800000000001 (was 0.14964500000000008)
[INFO] hw.stepgen: =human= stepgen sg-cmd-pos=0.400000 rev sg-fb-pos=0.151380 rev sg-vel=1.740000 rps sg-acc=10.000000 rps2

=human= stepgen sg-cmd-pos=0.400000 rev sg-fb-pos=0.151380 rev sg-vel=1.740000 rps sg-acc=10.000000 rps2

[INFO] hw.pins: Pin step.fb set to 0.1531250000000001 (was 0.1513800000000001)
Pin step.fb set to 0.1531250000000001 (was 0.1513800000000001)
[INFO] hw.stepgen: =human= stepgen sg-cmd-pos=0.400000 rev sg-fb-pos=0.153125 rev sg-vel=1.750000 rps sg-acc=10.000000 rps2

=human= stepgen sg-cmd-pos=0.400000 rev sg-fb-pos=0.153125 rev sg-vel=1.750000 rps sg-acc=10.000000 rps2

[INFO] hw.pins: Pin step.fb set to 0.1548800000000001 (was 0.1531250000000001)
Pin step.fb set to 0.1548800000000001 (was 0.1531250000000001)
[INFO] hw.stepgen: =human= stepgen sg-cmd-pos=0.400000 rev sg-fb-pos=0.154880 rev sg-vel=1.760000 rps sg-acc=10.000000 rps2

=human= stepgen sg-cmd-pos=0.400000 rev sg-fb-pos=0.154880 rev sg-vel=1.760000 rps sg-acc=10.000000 rps2

[INFO] hw.pins: Pin step.fb set to 0.1566450000000001 (was 0.1548800000000001)
Pin step.fb set to 0.1566450000000001 (was 0.1548800000000001)
[INFO] hw.stepgen: =human= stepgen sg-cmd-pos=0.400000 rev sg-fb-pos=0.156645 rev sg-vel=1.770000 rps sg-acc=10.000000 rps2

=human= stepgen sg-cmd-pos=0.400000 rev sg-fb-pos=0.156645 rev sg-vel=1.770000 rps sg-acc=10.000000 rps2

[INFO] hw.pins: Pin step.fb set to 0.1584200000000001 (was 0.1566450000000001)
Pin step.fb set to 0.1584200000000001 (was 0.1566450000000001)
[INFO] hw.stepgen: =human= stepgen sg-cmd-pos=0.400000 rev sg-fb-pos=0.158420 rev sg-vel=1.780000 rps sg-acc=10.000000 rps2

=human= stepgen sg-cmd-pos=0.400000 rev sg-fb-pos=0.158420 rev sg-vel=1.780000 rps sg-acc=10.000000 rps2

[INFO] hw.pins: Pin step.fb set to 0.1602050000000001 (was 0.1584200000000001)
Pin step.fb set to 0.1602050000000001 (was 0.1584200000000001)
[INFO] hw.stepgen: =human= stepgen sg-cmd-pos=0.400000 rev sg-fb-pos=0.160205 rev sg-vel=1.790000 rps sg-acc=10.000000 rps2

=human= stepgen sg-cmd-pos=0.400000 rev sg-fb-pos=0.160205 rev sg-vel=1.790000 rps sg-acc=10.000000 rps2

[INFO] hw.pins: Pin step.fb set to 0.1620000000000001 (was 0.1602050000000001)
Pin step.fb set to 0.1620000000000001 (was 0.1602050000000001)
[INFO] hw.stepgen: =human= stepgen sg-cmd-pos=0.400000 rev sg-fb-pos=0.162000 rev sg-vel=1.800000 rps sg-acc=10.000000 rps2

=human= stepgen sg-cmd-pos=0.400000 rev sg-fb-pos=0.162000 rev sg-vel=1.800000 rps sg-acc=10.000000 rps2

[INFO] hw.pins: Pin step.fb set to 0.1638050000000001 (was 0.1620000000000001)
Pin step.fb set to 0.1638050000000001 (was 0.1620000000000001)
[INFO] hw.stepgen: =human= stepgen sg-cmd-pos=0.400000 rev sg-fb-pos=0.163805 rev sg-vel=1.810000 rps sg-acc=10.000000 rps2

=human= stepgen sg-cmd-pos=0.400000 rev sg-fb-pos=0.163805 rev sg-vel=1.810000 rps sg-acc=10.000000 rps2

[INFO] hw.pins: Pin step.fb set to 0.1656200000000001 (was 0.1638050000000001)
Pin step.fb set to 0.1656200000000001 (was 0.1638050000000001)
[INFO] hw.stepgen: =human= stepgen sg-cmd-pos=0.400000 rev sg-fb-pos=0.165620 rev sg-vel=1.820000 rps sg-acc=10.000000 rps2

=human= stepgen sg-cmd-pos=0.400000 rev sg-fb-pos=0.165620 rev sg-vel=1.820000 rps sg-acc=10.000000 rps2

[INFO] hw.pins: Pin step.fb set to 0.1674450000000001 (was 0.1656200000000001)
Pin step.fb set to 0.1674450000000001 (was 0.1656200000000001)
[INFO] hw.stepgen: =human= stepgen sg-cmd-pos=0.400000 rev sg-fb-pos=0.167445 rev sg-vel=1.830000 rps sg-acc=10.000000 rps2

=human= stepgen sg-cmd-pos=0.400000 rev sg-fb-pos=0.167445 rev sg-vel=1.830000 rps sg-acc=10.000000 rps2

[INFO] hw.pins: Pin step.fb set to 0.1692800000000001 (was 0.1674450000000001)
Pin step.fb set to 0.1692800000000001 (was 0.1674450000000001)
[INFO] hw.stepgen: =human= stepgen sg-cmd-pos=0.400000 rev sg-fb-pos=0.169280 rev sg-vel=1.840000 rps sg-acc=10.000000 rps2

=human= stepgen sg-cmd-pos=0.400000 rev sg-fb-pos=0.169280 rev sg-vel=1.840000 rps sg-acc=10.000000 rps2

[INFO] hw.pins: Pin step.fb set to 0.1711250000000001 (was 0.1692800000000001)
Pin step.fb set to 0.1711250000000001 (was 0.1692800000000001)
[INFO] hw.stepgen: =human= stepgen sg-cmd-pos=0.400000 rev sg-fb-pos=0.171125 rev sg-vel=1.850000 rps sg-acc=10.000000 rps2

=human= stepgen sg-cmd-pos=0.400000 rev sg-fb-pos=0.171125 rev sg-vel=1.850000 rps sg-acc=10.000000 rps2

[INFO] hw.pins: Pin step.fb set to 0.1729800000000001 (was 0.1711250000000001)
Pin step.fb set to 0.1729800000000001 (was 0.1711250000000001)
[INFO] hw.stepgen: =human= stepgen sg-cmd-pos=0.400000 rev sg-fb-pos=0.172980 rev sg-vel=1.860000 rps sg-acc=10.000000 rps2

=human= stepgen sg-cmd-pos=0.400000 rev sg-fb-pos=0.172980 rev sg-vel=1.860000 rps sg-acc=10.000000 rps2

[INFO] hw.pins: Pin step.fb set to 0.1748450000000001 (was 0.1729800000000001)
Pin step.fb set to 0.1748450000000001 (was 0.1729800000000001)
[INFO] hw.stepgen: =human= stepgen sg-cmd-pos=0.400000 rev sg-fb-pos=0.174845 rev sg-vel=1.870000 rps sg-acc=10.000000 rps2

=human= stepgen sg-cmd-pos=0.400000 rev sg-fb-pos=0.174845 rev sg-vel=1.870000 rps sg-acc=10.000000 rps2

[INFO] hw.pins: Pin step.fb set to 0.1767200000000001 (was 0.1748450000000001)
Pin step.fb set to 0.1767200000000001 (was 0.1748450000000001)
[INFO] hw.stepgen: =human= stepgen sg-cmd-pos=0.400000 rev sg-fb-pos=0.176720 rev sg-vel=1.880000 rps sg-acc=10.000000 rps2

=human= stepgen sg-cmd-pos=0.400000 rev sg-fb-pos=0.176720 rev sg-vel=1.880000 rps sg-acc=10.000000 rps2

[INFO] hw.pins: Pin step.fb set to 0.1786050000000001 (was 0.1767200000000001)
Pin step.fb set to 0.1786050000000001 (was 0.1767200000000001)
[INFO] hw.stepgen: =human= stepgen sg-cmd-pos=0.400000 rev sg-fb-pos=0.178605 rev sg-vel=1.890000 rps sg-acc=10.000000 rps2

=human= stepgen sg-cmd-pos=0.400000 rev sg-fb-pos=0.178605 rev sg-vel=1.890000 rps sg-acc=10.000000 rps2

[INFO] hw.pins: Pin step.fb set to 0.1805000000000001 (was 0.1786050000000001)
Pin step.fb set to 0.1805000000000001 (was 0.1786050000000001)
[INFO] hw.stepgen: =human= stepgen sg-cmd-pos=0.400000 rev sg-fb-pos=0.180500 rev sg-vel=1.900000 rps sg-acc=10.000000 rps2

=human= stepgen sg-cmd-pos=0.400000 rev sg-fb-pos=0.180500 rev sg-vel=1.900000 rps sg-acc=10.000000 rps2

[INFO] hw.pins: Pin step.fb set to 0.1824050000000001 (was 0.1805000000000001)
Pin step.fb set to 0.1824050000000001 (was 0.1805000000000001)
[INFO] hw.stepgen: =human= stepgen sg-cmd-pos=0.400000 rev sg-fb-pos=0.182405 rev sg-vel=1.910000 rps sg-acc=10.000000 rps2

=human= stepgen sg-cmd-pos=0.400000 rev sg-fb-pos=0.182405 rev sg-vel=1.910000 rps sg-acc=10.000000 rps2

[INFO] hw.pins: Pin step.fb set to 0.1843200000000001 (was 0.1824050000000001)
Pin step.fb set to 0.1843200000000001 (was 0.1824050000000001)
[INFO] hw.stepgen: =human= stepgen sg-cmd-pos=0.400000 rev sg-fb-pos=0.184320 rev sg-vel=1.920000 rps sg-acc=10.000000 rps2

=human= stepgen sg-cmd-pos=0.400000 rev sg-fb-pos=0.184320 rev sg-vel=1.920000 rps sg-acc=10.000000 rps2

[INFO] hw.pins: Pin step.fb set to 0.1862450000000001 (was 0.1843200000000001)
Pin step.fb set to 0.1862450000000001 (was 0.1843200000000001)
[INFO] hw.stepgen: =human= stepgen sg-cmd-pos=0.400000 rev sg-fb-pos=0.186245 rev sg-vel=1.930000 rps sg-acc=10.000000 rps2

=human= stepgen sg-cmd-pos=0.400000 rev sg-fb-pos=0.186245 rev sg-vel=1.930000 rps sg-acc=10.000000 rps2

[INFO] hw.pins: Pin step.fb set to 0.1881800000000001 (was 0.1862450000000001)
Pin step.fb set to 0.1881800000000001 (was 0.1862450000000001)
[INFO] hw.stepgen: =human= stepgen sg-cmd-pos=0.400000 rev sg-fb-pos=0.188180 rev sg-vel=1.940000 rps sg-acc=10.000000 rps2

=human= stepgen sg-cmd-pos=0.400000 rev sg-fb-pos=0.188180 rev sg-vel=1.940000 rps sg-acc=10.000000 rps2

[INFO] hw.pins: Pin step.fb set to 0.1901250000000001 (was 0.1881800000000001)
Pin step.fb set to 0.1901250000000001 (was 0.1881800000000001)
[INFO] hw.stepgen: =human= stepgen sg-cmd-pos=0.400000 rev sg-fb-pos=0.190125 rev sg-vel=1.950000 rps sg-acc=10.000000 rps2

=human= stepgen sg-cmd-pos=0.400000 rev sg-fb-pos=0.190125 rev sg-vel=1.950000 rps sg-acc=10.000000 rps2

[INFO] hw.pins: Pin step.fb set to 0.1920800000000001 (was 0.1901250000000001)
Pin step.fb set to 0.1920800000000001 (was 0.1901250000000001)
[INFO] hw.stepgen: =human= stepgen sg-cmd-pos=0.400000 rev sg-fb-pos=0.192080 rev sg-vel=1.960000 rps sg-acc=10.000000 rps2

=human= stepgen sg-cmd-pos=0.400000 rev sg-fb-pos=0.192080 rev sg-vel=1.960000 rps sg-acc=10.000000 rps2

[INFO] hw.pins: Pin step.fb set to 0.1940450000000001 (was 0.1920800000000001)
Pin step.fb set to 0.1940450000000001 (was 0.1920800000000001)
[INFO] hw.stepgen: =human= stepgen sg-cmd-pos=0.400000 rev sg-fb-pos=0.194045 rev sg-vel=1.970000 rps sg-acc=10.000000 rps2

=human= stepgen sg-cmd-pos=0.400000 rev sg-fb-pos=0.194045 rev sg-vel=1.970000 rps sg-acc=10.000000 rps2

[INFO] hw.pins: Pin step.fb set to 0.1960200000000001 (was 0.1940450000000001)
Pin step.fb set to 0.1960200000000001 (was 0.1940450000000001)
[INFO] hw.stepgen: =human= stepgen sg-cmd-pos=0.400000 rev sg-fb-pos=0.196020 rev sg-vel=1.980000 rps sg-acc=10.000000 rps2

=human= stepgen sg-cmd-pos=0.400000 rev sg-fb-pos=0.196020 rev sg-vel=1.980000 rps sg-acc=10.000000 rps2

[INFO] hw.pins: Pin step.fb set to 0.19800500000000013 (was 0.1960200000000001)
Pin step.fb set to 0.19800500000000013 (was 0.1960200000000001)
[INFO] hw.stepgen: =human= stepgen sg-cmd-pos=0.400000 rev sg-fb-pos=0.198005 rev sg-vel=1.990000 rps sg-acc=10.000000 rps2

=human= stepgen sg-cmd-pos=0.400000 rev sg-fb-pos=0.198005 rev sg-vel=1.990000 rps sg-acc=10.000000 rps2

[INFO] hw.pins: Pin step.fb set to 0.20000000000000012 (was 0.19800500000000013)
Pin step.fb set to 0.20000000000000012 (was 0.19800500000000013)
[INFO] hw.stepgen: =human= stepgen sg-cmd-pos=0.400000 rev sg-fb-pos=0.200000 rev sg-vel=2.000000 rps sg-acc=10.000000 rps2

=human= stepgen sg-cmd-pos=0.400000 rev sg-fb-pos=0.200000 rev sg-vel=2.000000 rps sg-acc=10.000000 rps2

[INFO] hw.pins: Pin step.cmd set to 0.5 (was 0.4)
Pin step.cmd set to 0.5 (was 0.4)
[INFO] hw.pins: Pin step.fb set to 0.20200500000000013 (was 0.20000000000000012)
Pin step.fb set to 0.20200500000000013 (was 0.20000000000000012)
[INFO] hw.stepgen: =human= stepgen sg-cmd-pos=0.500000 rev sg-fb-pos=0.202005 rev sg-vel=2.010000 rps sg-acc=10.000000 rps2

=human= stepgen sg-cmd-pos=0.500000 rev sg-fb-pos=0.202005 rev sg-vel=2.010000 rps sg-acc=10.000000 rps2

[INFO] hw.stepgen: =human= stepgen event=reaim sg-cmd-pos=0.500000 rev sg-fb-pos=0.202005 rev sg-vel=2.010000 rps

=human= stepgen event=reaim sg-cmd-pos=0.500000 rev sg-fb-pos=0.202005 rev sg-vel=2.010000 rps

[INFO] hw.pins: Pin step.fb set to 0.20402000000000012 (was 0.20200500000000013)
Pin step.fb set to 0.20402000000000012 (was 0.20200500000000013)
[INFO] hw.stepgen: =human= stepgen sg-cmd-pos=0.500000 rev sg-fb-pos=0.204020 rev sg-vel=2.020000 rps sg-acc=10.000000 rps2

=human= stepgen sg-cmd-pos=0.500000 rev sg-fb-pos=0.204020 rev sg-vel=2.020000 rps sg-acc=10.000000 rps2

[INFO] hw.pins: Pin step.fb set to 0.20604500000000012 (was 0.20402000000000012)
Pin step.fb set to 0.20604500000000012 (was 0.20402000000000012)
[INFO] hw.stepgen: =human= stepgen sg-cmd-pos=0.500000 rev sg-fb-pos=0.206045 rev sg-vel=2.030000 rps sg-acc=10.000000 rps2

=human= stepgen sg-cmd-pos=0.500000 rev sg-fb-pos=0.206045 rev sg-vel=2.030000 rps sg-acc=10.000000 rps2

[INFO] hw.pins: Pin step.fb set to 0.20808000000000013 (was 0.20604500000000012)
Pin step.fb set to 0.20808000000000013 (was 0.20604500000000012)
[INFO] hw.stepgen: =human= stepgen sg-cmd-pos=0.500000 rev sg-fb-pos=0.208080 rev sg-vel=2.040000 rps sg-acc=10.000000 rps2

=human= stepgen sg-cmd-pos=0.500000 rev sg-fb-pos=0.208080 rev sg-vel=2.040000 rps sg-acc=10.000000 rps2

[INFO] hw.pins: Pin step.fb set to 0.21012500000000012 (was 0.20808000000000013)
Pin step.fb set to 0.21012500000000012 (was 0.20808000000000013)
[INFO] hw.stepgen: =human= stepgen sg-cmd-pos=0.500000 rev sg-fb-pos=0.210125 rev sg-vel=2.050000 rps sg-acc=10.000000 rps2

=human= stepgen sg-cmd-pos=0.500000 rev sg-fb-pos=0.210125 rev sg-vel=2.050000 rps sg-acc=10.000000 rps2

[INFO] hw.pins: Pin step.fb set to 0.21218000000000012 (was 0.21012500000000012)
Pin step.fb set to 0.21218000000000012 (was 0.21012500000000012)
[INFO] hw.stepgen: =human= stepgen sg-cmd-pos=0.500000 rev sg-fb-pos=0.212180 rev sg-vel=2.060000 rps sg-acc=10.000000 rps2

=human= stepgen sg-cmd-pos=0.500000 rev sg-fb-pos=0.212180 rev sg-vel=2.060000 rps sg-acc=10.000000 rps2

[INFO] hw.pins: Pin step.fb set to 0.21424500000000013 (was 0.21218000000000012)
Pin step.fb set to 0.21424500000000013 (was 0.21218000000000012)
[INFO] hw.stepgen: =human= stepgen sg-cmd-pos=0.500000 rev sg-fb-pos=0.214245 rev sg-vel=2.070000 rps sg-acc=10.000000 rps2

=human= stepgen sg-cmd-pos=0.500000 rev sg-fb-pos=0.214245 rev sg-vel=2.070000 rps sg-acc=10.000000 rps2

[INFO] hw.pins: Pin step.fb set to 0.21632000000000012 (was 0.21424500000000013)
Pin step.fb set to 0.21632000000000012 (was 0.21424500000000013)
[INFO] hw.stepgen: =human= stepgen sg-cmd-pos=0.500000 rev sg-fb-pos=0.216320 rev sg-vel=2.080000 rps sg-acc=10.000000 rps2

=human= stepgen sg-cmd-pos=0.500000 rev sg-fb-pos=0.216320 rev sg-vel=2.080000 rps sg-acc=10.000000 rps2

[INFO] hw.pins: Pin step.fb set to 0.21840500000000013 (was 0.21632000000000012)
Pin step.fb set to 0.21840500000000013 (was 0.21632000000000012)
[INFO] hw.stepgen: =human= stepgen sg-cmd-pos=0.500000 rev sg-fb-pos=0.218405 rev sg-vel=2.090000 rps sg-acc=10.000000 rps2

=human= stepgen sg-cmd-pos=0.500000 rev sg-fb-pos=0.218405 rev sg-vel=2.090000 rps sg-acc=10.000000 rps2

[INFO] hw.pins: Pin step.fb set to 0.2205000000000001 (was 0.21840500000000013)
Pin step.fb set to 0.2205000000000001 (was 0.21840500000000013)
[INFO] hw.stepgen: =human= stepgen sg-cmd-pos=0.500000 rev sg-fb-pos=0.220500 rev sg-vel=2.100000 rps sg-acc=10.000000 rps2

=human= stepgen sg-cmd-pos=0.500000 rev sg-fb-pos=0.220500 rev sg-vel=2.100000 rps sg-acc=10.000000 rps2

[INFO] hw.pins: Pin step.fb set to 0.2226050000000001 (was 0.2205000000000001)
Pin step.fb set to 0.2226050000000001 (was 0.2205000000000001)
[INFO] hw.stepgen: =human= stepgen sg-cmd-pos=0.500000 rev sg-fb-pos=0.222605 rev sg-vel=2.110000 rps sg-acc=10.000000 rps2

=human= stepgen sg-cmd-pos=0.500000 rev sg-fb-pos=0.222605 rev sg-vel=2.110000 rps sg-acc=10.000000 rps2

[INFO] hw.pins: Pin step.fb set to 0.22472000000000011 (was 0.2226050000000001)
Pin step.fb set to 0.22472000000000011 (was 0.2226050000000001)
[INFO] hw.stepgen: =human= stepgen sg-cmd-pos=0.500000 rev sg-fb-pos=0.224720 rev sg-vel=2.120000 rps sg-acc=10.000000 rps2

=human= stepgen sg-cmd-pos=0.500000 rev sg-fb-pos=0.224720 rev sg-vel=2.120000 rps sg-acc=10.000000 rps2

[INFO] hw.pins: Pin step.fb set to 0.2268450000000001 (was 0.22472000000000011)
Pin step.fb set to 0.2268450000000001 (was 0.22472000000000011)
[INFO] hw.stepgen: =human= stepgen sg-cmd-pos=0.500000 rev sg-fb-pos=0.226845 rev sg-vel=2.130000 rps sg-acc=10.000000 rps2

=human= stepgen sg-cmd-pos=0.500000 rev sg-fb-pos=0.226845 rev sg-vel=2.130000 rps sg-acc=10.000000 rps2

[INFO] hw.pins: Pin step.fb set to 0.2289800000000001 (was 0.2268450000000001)
Pin step.fb set to 0.2289800000000001 (was 0.2268450000000001)
[INFO] hw.stepgen: =human= stepgen sg-cmd-pos=0.500000 rev sg-fb-pos=0.228980 rev sg-vel=2.140000 rps sg-acc=10.000000 rps2

=human= stepgen sg-cmd-pos=0.500000 rev sg-fb-pos=0.228980 rev sg-vel=2.140000 rps sg-acc=10.000000 rps2

[INFO] hw.pins: Pin step.fb set to 0.2311250000000001 (was 0.2289800000000001)
Pin step.fb set to 0.2311250000000001 (was 0.2289800000000001)
[INFO] hw.stepgen: =human= stepgen sg-cmd-pos=0.500000 rev sg-fb-pos=0.231125 rev sg-vel=2.150000 rps sg-acc=10.000000 rps2

=human= stepgen sg-cmd-pos=0.500000 rev sg-fb-pos=0.231125 rev sg-vel=2.150000 rps sg-acc=10.000000 rps2

[INFO] hw.pins: Pin step.fb set to 0.2332800000000001 (was 0.2311250000000001)
Pin step.fb set to 0.2332800000000001 (was 0.2311250000000001)
[INFO] hw.stepgen: =human= stepgen sg-cmd-pos=0.500000 rev sg-fb-pos=0.233280 rev sg-vel=2.160000 rps sg-acc=10.000000 rps2

=human= stepgen sg-cmd-pos=0.500000 rev sg-fb-pos=0.233280 rev sg-vel=2.160000 rps sg-acc=10.000000 rps2

[INFO] hw.pins: Pin step.fb set to 0.2354450000000001 (was 0.2332800000000001)
Pin step.fb set to 0.2354450000000001 (was 0.2332800000000001)
[INFO] hw.stepgen: =human= stepgen sg-cmd-pos=0.500000 rev sg-fb-pos=0.235445 rev sg-vel=2.170000 rps sg-acc=10.000000 rps2

=human= stepgen sg-cmd-pos=0.500000 rev sg-fb-pos=0.235445 rev sg-vel=2.170000 rps sg-acc=10.000000 rps2

[INFO] hw.pins: Pin step.fb set to 0.2376200000000001 (was 0.2354450000000001)
Pin step.fb set to 0.2376200000000001 (was 0.2354450000000001)
[INFO] hw.stepgen: =human= stepgen sg-cmd-pos=0.500000 rev sg-fb-pos=0.237620 rev sg-vel=2.180000 rps sg-acc=10.000000 rps2

=human= stepgen sg-cmd-pos=0.500000 rev sg-fb-pos=0.237620 rev sg-vel=2.180000 rps sg-acc=10.000000 rps2

[INFO] hw.pins: Pin step.fb set to 0.2398050000000001 (was 0.2376200000000001)
Pin step.fb set to 0.2398050000000001 (was 0.2376200000000001)
[INFO] hw.stepgen: =human= stepgen sg-cmd-pos=0.500000 rev sg-fb-pos=0.239805 rev sg-vel=2.190000 rps sg-acc=10.000000 rps2

=human= stepgen sg-cmd-pos=0.500000 rev sg-fb-pos=0.239805 rev sg-vel=2.190000 rps sg-acc=10.000000 rps2

[INFO] hw.pins: Pin step.fb set to 0.2420000000000001 (was 0.2398050000000001)
Pin step.fb set to 0.2420000000000001 (was 0.2398050000000001)
[INFO] hw.stepgen: =human= stepgen sg-cmd-pos=0.500000 rev sg-fb-pos=0.242000 rev sg-vel=2.200000 rps sg-acc=10.000000 rps2

=human= stepgen sg-cmd-pos=0.500000 rev sg-fb-pos=0.242000 rev sg-vel=2.200000 rps sg-acc=10.000000 rps2

[INFO] hw.pins: Pin step.fb set to 0.2442050000000001 (was 0.2420000000000001)
Pin step.fb set to 0.2442050000000001 (was 0.2420000000000001)
[INFO] hw.stepgen: =human= stepgen sg-cmd-pos=0.500000 rev sg-fb-pos=0.244205 rev sg-vel=2.210000 rps sg-acc=10.000000 rps2

=human= stepgen sg-cmd-pos=0.500000 rev sg-fb-pos=0.244205 rev sg-vel=2.210000 rps sg-acc=10.000000 rps2

[INFO] hw.pins: Pin step.fb set to 0.24642000000000008 (was 0.2442050000000001)
Pin step.fb set to 0.24642000000000008 (was 0.2442050000000001)
[INFO] hw.stepgen: =human= stepgen sg-cmd-pos=0.500000 rev sg-fb-pos=0.246420 rev sg-vel=2.220000 rps sg-acc=10.000000 rps2

=human= stepgen sg-cmd-pos=0.500000 rev sg-fb-pos=0.246420 rev sg-vel=2.220000 rps sg-acc=10.000000 rps2

[INFO] hw.pins: Pin step.fb set to 0.2486450000000001 (was 0.24642000000000008)
Pin step.fb set to 0.2486450000000001 (was 0.24642000000000008)
[INFO] hw.stepgen: =human= stepgen sg-cmd-pos=0.500000 rev sg-fb-pos=0.248645 rev sg-vel=2.230000 rps sg-acc=10.000000 rps2

=human= stepgen sg-cmd-pos=0.500000 rev sg-fb-pos=0.248645 rev sg-vel=2.230000 rps sg-acc=10.000000 rps2

[INFO] hw.pins: Pin step.fb set to 0.2508800000000001 (was 0.2486450000000001)
Pin step.fb set to 0.2508800000000001 (was 0.2486450000000001)
[INFO] hw.stepgen: =human= stepgen sg-cmd-pos=0.500000 rev sg-fb-pos=0.250880 rev sg-vel=2.240000 rps sg-acc=10.000000 rps2

=human= stepgen sg-cmd-pos=0.500000 rev sg-fb-pos=0.250880 rev sg-vel=2.240000 rps sg-acc=10.000000 rps2

[INFO] hw.pins: Pin step.fb set to 0.2531150000000001 (was 0.2508800000000001)
Pin step.fb set to 0.2531150000000001 (was 0.2508800000000001)
[INFO] hw.stepgen: =human= stepgen sg-cmd-pos=0.500000 rev sg-fb-pos=0.253115 rev sg-vel=2.230000 rps sg-acc=-10.000000 rps2

=human= stepgen sg-cmd-pos=0.500000 rev sg-fb-pos=0.253115 rev sg-vel=2.230000 rps sg-acc=-10.000000 rps2

[INFO] hw.pins: Pin step.fb set to 0.25534000000000007 (was 0.2531150000000001)
Pin step.fb set to 0.25534000000000007 (was 0.2531150000000001)
[INFO] hw.stepgen: =human= stepgen sg-cmd-pos=0.500000 rev sg-fb-pos=0.255340 rev sg-vel=2.220000 rps sg-acc=-10.000000 rps2

=human= stepgen sg-cmd-pos=0.500000 rev sg-fb-pos=0.255340 rev sg-vel=2.220000 rps sg-acc=-10.000000 rps2

[INFO] hw.pins: Pin step.fb set to 0.2575550000000001 (was 0.25534000000000007)
Pin step.fb set to 0.2575550000000001 (was 0.25534000000000007)
[INFO] hw.stepgen: =human= stepgen sg-cmd-pos=0.500000 rev sg-fb-pos=0.257555 rev sg-vel=2.210000 rps sg-acc=-10.000000 rps2

=human= stepgen sg-cmd-pos=0.500000 rev sg-fb-pos=0.257555 rev sg-vel=2.210000 rps sg-acc=-10.000000 rps2

[INFO] hw.pins: Pin step.fb set to 0.2597600000000001 (was 0.2575550000000001)
Pin step.fb set to 0.2597600000000001 (was 0.2575550000000001)
[INFO] hw.stepgen: =human= stepgen sg-cmd-pos=0.500000 rev sg-fb-pos=0.259760 rev sg-vel=2.200000 rps sg-acc=-10.000000 rps2

=human= stepgen sg-cmd-pos=0.500000 rev sg-fb-pos=0.259760 rev sg-vel=2.200000 rps sg-acc=-10.000000 rps2

[INFO] hw.pins: Pin step.fb set to 0.2619550000000001 (was 0.2597600000000001)
Pin step.fb set to 0.2619550000000001 (was 0.2597600000000001)
[INFO] hw.stepgen: =human= stepgen sg-cmd-pos=0.500000 rev sg-fb-pos=0.261955 rev sg-vel=2.190000 rps sg-acc=-10.000000 rps2

=human= stepgen sg-cmd-pos=0.500000 rev sg-fb-pos=0.261955 rev sg-vel=2.190000 rps sg-acc=-10.000000 rps2

[INFO] hw.pins: Pin step.fb set to 0.2641400000000001 (was 0.2619550000000001)
Pin step.fb set to 0.2641400000000001 (was 0.2619550000000001)
[INFO] hw.stepgen: =human= stepgen sg-cmd-pos=0.500000 rev sg-fb-pos=0.264140 rev sg-vel=2.180000 rps sg-acc=-10.000000 rps2

=human= stepgen sg-cmd-pos=0.500000 rev sg-fb-pos=0.264140 rev sg-vel=2.180000 rps sg-acc=-10.000000 rps2

[INFO] hw.pins: Pin step.fb set to 0.2663150000000001 (was 0.2641400000000001)
Pin step.fb set to 0.2663150000000001 (was 0.2641400000000001)
[INFO] hw.stepgen: =human= stepgen sg-cmd-pos=0.500000 rev sg-fb-pos=0.266315 rev sg-vel=2.170000 rps sg-acc=-10.000000 rps2

=human= stepgen sg-cmd-pos=0.500000 rev sg-fb-pos=0.266315 rev sg-vel=2.170000 rps sg-acc=-10.000000 rps2

[INFO] hw.pins: Pin step.fb set to 0.26848000000000005 (was 0.2663150000000001)
Pin step.fb set to 0.26848000000000005 (was 0.2663150000000001)
[INFO] hw.stepgen: =human= stepgen sg-cmd-pos=0.500000 rev sg-fb-pos=0.268480 rev sg-vel=2.160000 rps sg-acc=-10.000000 rps2

=human= stepgen sg-cmd-pos=0.500000 rev sg-fb-pos=0.268480 rev sg-vel=2.160000 rps sg-acc=-10.000000 rps2

[INFO] hw.pins: Pin step.fb set to 0.27063500000000007 (was 0.26848000000000005)
Pin step.fb set to 0.27063500000000007 (was 0.26848000000000005)
[INFO] hw.stepgen: =human= stepgen sg-cmd-pos=0.500000 rev sg-fb-pos=0.270635 rev sg-vel=2.150000 rps sg-acc=-10.000000 rps2

=human= stepgen sg-cmd-pos=0.500000 rev sg-fb-pos=0.270635 rev sg-vel=2.150000 rps sg-acc=-10.000000 rps2

[INFO] hw.pins: Pin step.fb set to 0.2727800000000001 (was 0.27063500000000007)
Pin step.fb set to 0.2727800000000001 (was 0.27063500000000007)
[INFO] hw.stepgen: =human= stepgen sg-cmd-pos=0.500000 rev sg-fb-pos=0.272780 rev sg-vel=2.140000 rps sg-acc=-10.000000 rps2

=human= stepgen sg-cmd-pos=0.500000 rev sg-fb-pos=0.272780 rev sg-vel=2.140000 rps sg-acc=-10.000000 rps2

[INFO] hw.pins: Pin step.fb set to 0.2749150000000001 (was 0.2727800000000001)
Pin step.fb set to 0.2749150000000001 (was 0.2727800000000001)
[INFO] hw.stepgen: =human= stepgen sg-cmd-pos=0.500000 rev sg-fb-pos=0.274915 rev sg-vel=2.130000 rps sg-acc=-10.000000 rps2

=human= stepgen sg-cmd-pos=0.500000 rev sg-fb-pos=0.274915 rev sg-vel=2.130000 rps sg-acc=-10.000000 rps2

[INFO] hw.pins: Pin step.fb set to 0.27704000000000006 (was 0.2749150000000001)
Pin step.fb set to 0.27704000000000006 (was 0.2749150000000001)
[INFO] hw.stepgen: =human= stepgen sg-cmd-pos=0.500000 rev sg-fb-pos=0.277040 rev sg-vel=2.120000 rps sg-acc=-10.000000 rps2

=human= stepgen sg-cmd-pos=0.500000 rev sg-fb-pos=0.277040 rev sg-vel=2.120000 rps sg-acc=-10.000000 rps2

[INFO] hw.pins: Pin step.fb set to 0.27915500000000004 (was 0.27704000000000006)
Pin step.fb set to 0.27915500000000004 (was 0.27704000000000006)
[INFO] hw.stepgen: =human= stepgen sg-cmd-pos=0.500000 rev sg-fb-pos=0.279155 rev sg-vel=2.110000 rps sg-acc=-10.000000 rps2

=human= stepgen sg-cmd-pos=0.500000 rev sg-fb-pos=0.279155 rev sg-vel=2.110000 rps sg-acc=-10.000000 rps2

[INFO] hw.pins: Pin step.fb set to 0.28126000000000007 (was 0.27915500000000004)
Pin step.fb set to 0.28126000000000007 (was 0.27915500000000004)
[INFO] hw.stepgen: =human= stepgen sg-cmd-pos=0.500000 rev sg-fb-pos=0.281260 rev sg-vel=2.100000 rps sg-acc=-10.000000 rps2

=human= stepgen sg-cmd-pos=0.500000 rev sg-fb-pos=0.281260 rev sg-vel=2.100000 rps sg-acc=-10.000000 rps2

[INFO] hw.pins: Pin step.fb set to 0.2833550000000001 (was 0.28126000000000007)
Pin step.fb set to 0.2833550000000001 (was 0.28126000000000007)
[INFO] hw.stepgen: =human= stepgen sg-cmd-pos=0.500000 rev sg-fb-pos=0.283355 rev sg-vel=2.090000 rps sg-acc=-10.000000 rps2

=human= stepgen sg-cmd-pos=0.500000 rev sg-fb-pos=0.283355 rev sg-vel=2.090000 rps sg-acc=-10.000000 rps2

[INFO] hw.pins: Pin step.fb set to 0.2854400000000001 (was 0.2833550000000001)
Pin step.fb set to 0.2854400000000001 (was 0.2833550000000001)
[INFO] hw.stepgen: =human= stepgen sg-cmd-pos=0.500000 rev sg-fb-pos=0.285440 rev sg-vel=2.080000 rps sg-acc=-10.000000 rps2

=human= stepgen sg-cmd-pos=0.500000 rev sg-fb-pos=0.285440 rev sg-vel=2.080000 rps sg-acc=-10.000000 rps2

[INFO] hw.pins: Pin step.fb set to 0.2875150000000001 (was 0.2854400000000001)
Pin step.fb set to 0.2875150000000001 (was 0.2854400000000001)
[INFO] hw.stepgen: =human= stepgen sg-cmd-pos=0.500000 rev sg-fb-pos=0.287515 rev sg-vel=2.070000 rps sg-acc=-10.000000 rps2

=human= stepgen sg-cmd-pos=0.500000 rev sg-fb-pos=0.287515 rev sg-vel=2.070000 rps sg-acc=-10.000000 rps2

[INFO] hw.pins: Pin step.fb set to 0.28958000000000006 (was 0.2875150000000001)
Pin step.fb set to 0.28958000000000006 (was 0.2875150000000001)
[INFO] hw.stepgen: =human= stepgen sg-cmd-pos=0.500000 rev sg-fb-pos=0.289580 rev sg-vel=2.060000 rps sg-acc=-10.000000 rps2

=human= stepgen sg-cmd-pos=0.500000 rev sg-fb-pos=0.289580 rev sg-vel=2.060000 rps sg-acc=-10.000000 rps2

[INFO] hw.pins: Pin step.fb set to 0.29163500000000003 (was 0.28958000000000006)
Pin step.fb set to 0.29163500000000003 (was 0.28958000000000006)
[INFO] hw.stepgen: =human= stepgen sg-cmd-pos=0.500000 rev sg-fb-pos=0.291635 rev sg-vel=2.050000 rps sg-acc=-10.000000 rps2

=human= stepgen sg-cmd-pos=0.500000 rev sg-fb-pos=0.291635 rev sg-vel=2.050000 rps sg-acc=-10.000000 rps2

[INFO] hw.pins: Pin step.fb set to 0.29368000000000005 (was 0.29163500000000003)
Pin step.fb set to 0.29368000000000005 (was 0.29163500000000003)
[INFO] hw.stepgen: =human= stepgen sg-cmd-pos=0.500000 rev sg-fb-pos=0.293680 rev sg-vel=2.040000 rps sg-acc=-10.000000 rps2

=human= stepgen sg-cmd-pos=0.500000 rev sg-fb-pos=0.293680 rev sg-vel=2.040000 rps sg-acc=-10.000000 rps2

[INFO] hw.pins: Pin step.fb set to 0.29571500000000006 (was 0.29368000000000005)
Pin step.fb set to 0.29571500000000006 (was 0.29368000000000005)
[INFO] hw.stepgen: =human= stepgen sg-cmd-pos=0.500000 rev sg-fb-pos=0.295715 rev sg-vel=2.030000 rps sg-acc=-10.000000 rps2

=human= stepgen sg-cmd-pos=0.500000 rev sg-fb-pos=0.295715 rev sg-vel=2.030000 rps sg-acc=-10.000000 rps2

[INFO] hw.pins: Pin step.fb set to 0.29774000000000006 (was 0.29571500000000006)
Pin step.fb set to 0.29774000000000006 (was 0.29571500000000006)
[INFO] hw.stepgen: =human= stepgen sg-cmd-pos=0.500000 rev sg-fb-pos=0.297740 rev sg-vel=2.020000 rps sg-acc=-10.000000 rps2

=human= stepgen sg-cmd-pos=0.500000 rev sg-fb-pos=0.297740 rev sg-vel=2.020000 rps sg-acc=-10.000000 rps2

[INFO] hw.pins: Pin step.fb set to 0.29975500000000005 (was 0.29774000000000006)
Pin step.fb set to 0.29975500000000005 (was 0.29774000000000006)
[INFO] hw.stepgen: =human= stepgen sg-cmd-pos=0.500000 rev sg-fb-pos=0.299755 rev sg-vel=2.010000 rps sg-acc=-10.000000 rps2

=human= stepgen sg-cmd-pos=0.500000 rev sg-fb-pos=0.299755 rev sg-vel=2.010000 rps sg-acc=-10.000000 rps2

[INFO] hw.pins: Pin step.fb set to 0.30176000000000003 (was 0.29975500000000005)
Pin step.fb set to 0.30176000000000003 (was 0.29975500000000005)
[INFO] hw.stepgen: =human= stepgen sg-cmd-pos=0.500000 rev sg-fb-pos=0.301760 rev sg-vel=2.000000 rps sg-acc=-10.000000 rps2

=human= stepgen sg-cmd-pos=0.500000 rev sg-fb-pos=0.301760 rev sg-vel=2.000000 rps sg-acc=-10.000000 rps2

[INFO] hw.pins: Pin step.fb set to 0.30375500000000005 (was 0.30176000000000003)
Pin step.fb set to 0.30375500000000005 (was 0.30176000000000003)
[INFO] hw.stepgen: =human= stepgen sg-cmd-pos=0.500000 rev sg-fb-pos=0.303755 rev sg-vel=1.990000 rps sg-acc=-10.000000 rps2

=human= stepgen sg-cmd-pos=0.500000 rev sg-fb-pos=0.303755 rev sg-vel=1.990000 rps sg-acc=-10.000000 rps2

[INFO] hw.pins: Pin step.fb set to 0.30574000000000007 (was 0.30375500000000005)
Pin step.fb set to 0.30574000000000007 (was 0.30375500000000005)
[INFO] hw.stepgen: =human= stepgen sg-cmd-pos=0.500000 rev sg-fb-pos=0.305740 rev sg-vel=1.980000 rps sg-acc=-10.000000 rps2

=human= stepgen sg-cmd-pos=0.500000 rev sg-fb-pos=0.305740 rev sg-vel=1.980000 rps sg-acc=-10.000000 rps2

[INFO] hw.pins: Pin step.cmd set to 0.6 (was 0.5)
Pin step.cmd set to 0.6 (was 0.5)
[INFO] hw.pins: Pin step.fb set to 0.3077250000000001 (was 0.30574000000000007)
Pin step.fb set to 0.3077250000000001 (was 0.30574000000000007)
[INFO] hw.stepgen: =human= stepgen sg-cmd-pos=0.600000 rev sg-fb-pos=0.307725 rev sg-vel=1.990000 rps sg-acc=10.000000 rps2

=human= stepgen sg-cmd-pos=0.600000 rev sg-fb-pos=0.307725 rev sg-vel=1.990000 rps sg-acc=10.000000 rps2

[INFO] hw.stepgen: =human= stepgen event=reaim sg-cmd-pos=0.600000 rev sg-fb-pos=0.307725 rev sg-vel=1.990000 rps

=human= stepgen event=reaim sg-cmd-pos=0.600000 rev sg-fb-pos=0.307725 rev sg-vel=1.990000 rps

[INFO] hw.pins: Pin step.fb set to 0.3097200000000001 (was 0.3077250000000001)
Pin step.fb set to 0.3097200000000001 (was 0.3077250000000001)
[INFO] hw.stepgen: =human= stepgen sg-cmd-pos=0.600000 rev sg-fb-pos=0.309720 rev sg-vel=2.000000 rps sg-acc=10.000000 rps2

=human= stepgen sg-cmd-pos=0.600000 rev sg-fb-pos=0.309720 rev sg-vel=2.000000 rps sg-acc=10.000000 rps2

[INFO] hw.pins: Pin step.fb set to 0.3117250000000001 (was 0.3097200000000001)
Pin step.fb set to 0.3117250000000001 (was 0.3097200000000001)
[INFO] hw.stepgen: =human= stepgen sg-cmd-pos=0.600000 rev sg-fb-pos=0.311725 rev sg-vel=2.010000 rps sg-acc=10.000000 rps2

=human= stepgen sg-cmd-pos=0.600000 rev sg-fb-pos=0.311725 rev sg-vel=2.010000 rps sg-acc=10.000000 rps2

[INFO] hw.pins: Pin step.fb set to 0.3137400000000001 (was 0.3117250000000001)
Pin step.fb set to 0.3137400000000001 (was 0.3117250000000001)
[INFO] hw.stepgen: =human= stepgen sg-cmd-pos=0.600000 rev sg-fb-pos=0.313740 rev sg-vel=2.020000 rps sg-acc=10.000000 rps2

=human= stepgen sg-cmd-pos=0.600000 rev sg-fb-pos=0.313740 rev sg-vel=2.020000 rps sg-acc=10.000000 rps2

[INFO] hw.pins: Pin step.fb set to 0.3157650000000001 (was 0.3137400000000001)
Pin step.fb set to 0.3157650000000001 (was 0.3137400000000001)
[INFO] hw.stepgen: =human= stepgen sg-cmd-pos=0.600000 rev sg-fb-pos=0.315765 rev sg-vel=2.030000 rps sg-acc=10.000000 rps2

=human= stepgen sg-cmd-pos=0.600000 rev sg-fb-pos=0.315765 rev sg-vel=2.030000 rps sg-acc=10.000000 rps2

[INFO] hw.pins: Pin step.fb set to 0.3178000000000001 (was 0.3157650000000001)
Pin step.fb set to 0.3178000000000001 (was 0.3157650000000001)
[INFO] hw.stepgen: =human= stepgen sg-cmd-pos=0.600000 rev sg-fb-pos=0.317800 rev sg-vel=2.040000 rps sg-acc=10.000000 rps2

=human= stepgen sg-cmd-pos=0.600000 rev sg-fb-pos=0.317800 rev sg-vel=2.040000 rps sg-acc=10.000000 rps2

[INFO] hw.pins: Pin step.fb set to 0.3198450000000001 (was 0.3178000000000001)
Pin step.fb set to 0.3198450000000001 (was 0.3178000000000001)
[INFO] hw.stepgen: =human= stepgen sg-cmd-pos=0.600000 rev sg-fb-pos=0.319845 rev sg-vel=2.050000 rps sg-acc=10.000000 rps2

=human= stepgen sg-cmd-pos=0.600000 rev sg-fb-pos=0.319845 rev sg-vel=2.050000 rps sg-acc=10.000000 rps2

[INFO] hw.pins: Pin step.fb set to 0.3219000000000001 (was 0.3198450000000001)
Pin step.fb set to 0.3219000000000001 (was 0.3198450000000001)
[INFO] hw.stepgen: =human= stepgen sg-cmd-pos=0.600000 rev sg-fb-pos=0.321900 rev sg-vel=2.060000 rps sg-acc=10.000000 rps2

=human= stepgen sg-cmd-pos=0.600000 rev sg-fb-pos=0.321900 rev sg-vel=2.060000 rps sg-acc=10.000000 rps2

[INFO] hw.pins: Pin step.fb set to 0.32396500000000006 (was 0.3219000000000001)
Pin step.fb set to 0.32396500000000006 (was 0.3219000000000001)
[INFO] hw.stepgen: =human= stepgen sg-cmd-pos=0.600000 rev sg-fb-pos=0.323965 rev sg-vel=2.070000 rps sg-acc=10.000000 rps2

=human= stepgen sg-cmd-pos=0.600000 rev sg-fb-pos=0.323965 rev sg-vel=2.070000 rps sg-acc=10.000000 rps2

[INFO] hw.pins: Pin step.fb set to 0.32604000000000005 (was 0.32396500000000006)
Pin step.fb set to 0.32604000000000005 (was 0.32396500000000006)
[INFO] hw.stepgen: =human= stepgen sg-cmd-pos=0.600000 rev sg-fb-pos=0.326040 rev sg-vel=2.080000 rps sg-acc=10.000000 rps2

=human= stepgen sg-cmd-pos=0.600000 rev sg-fb-pos=0.326040 rev sg-vel=2.080000 rps sg-acc=10.000000 rps2

[INFO] hw.pins: Pin step.fb set to 0.32812500000000006 (was 0.32604000000000005)
Pin step.fb set to 0.32812500000000006 (was 0.32604000000000005)
[INFO] hw.stepgen: =human= stepgen sg-cmd-pos=0.600000 rev sg-fb-pos=0.328125 rev sg-vel=2.090000 rps sg-acc=10.000000 rps2

=human= stepgen sg-cmd-pos=0.600000 rev sg-fb-pos=0.328125 rev sg-vel=2.090000 rps sg-acc=10.000000 rps2

[INFO] hw.pins: Pin step.fb set to 0.33022000000000007 (was 0.32812500000000006)
Pin step.fb set to 0.33022000000000007 (was 0.32812500000000006)
[INFO] hw.stepgen: =human= stepgen sg-cmd-pos=0.600000 rev sg-fb-pos=0.330220 rev sg-vel=2.100000 rps sg-acc=10.000000 rps2

=human= stepgen sg-cmd-pos=0.600000 rev sg-fb-pos=0.330220 rev sg-vel=2.100000 rps sg-acc=10.000000 rps2

[INFO] hw.pins: Pin step.fb set to 0.3323250000000001 (was 0.33022000000000007)
Pin step.fb set to 0.3323250000000001 (was 0.33022000000000007)
[INFO] hw.stepgen: =human= stepgen sg-cmd-pos=0.600000 rev sg-fb-pos=0.332325 rev sg-vel=2.110000 rps sg-acc=10.000000 rps2

=human= stepgen sg-cmd-pos=0.600000 rev sg-fb-pos=0.332325 rev sg-vel=2.110000 rps sg-acc=10.000000 rps2

[INFO] hw.pins: Pin step.fb set to 0.33444000000000007 (was 0.3323250000000001)
Pin step.fb set to 0.33444000000000007 (was 0.3323250000000001)
[INFO] hw.stepgen: =human= stepgen sg-cmd-pos=0.600000 rev sg-fb-pos=0.334440 rev sg-vel=2.120000 rps sg-acc=10.000000 rps2

=human= stepgen sg-cmd-pos=0.600000 rev sg-fb-pos=0.334440 rev sg-vel=2.120000 rps sg-acc=10.000000 rps2

[INFO] hw.pins: Pin step.fb set to 0.33656500000000006 (was 0.33444000000000007)
Pin step.fb set to 0.33656500000000006 (was 0.33444000000000007)
[INFO] hw.stepgen: =human= stepgen sg-cmd-pos=0.600000 rev sg-fb-pos=0.336565 rev sg-vel=2.130000 rps sg-acc=10.000000 rps2

=human= stepgen sg-cmd-pos=0.600000 rev sg-fb-pos=0.336565 rev sg-vel=2.130000 rps sg-acc=10.000000 rps2

[INFO] hw.pins: Pin step.fb set to 0.33870000000000006 (was 0.33656500000000006)
Pin step.fb set to 0.33870000000000006 (was 0.33656500000000006)
[INFO] hw.stepgen: =human= stepgen sg-cmd-pos=0.600000 rev sg-fb-pos=0.338700 rev sg-vel=2.140000 rps sg-acc=10.000000 rps2

=human= stepgen sg-cmd-pos=0.600000 rev sg-fb-pos=0.338700 rev sg-vel=2.140000 rps sg-acc=10.000000 rps2

[INFO] hw.pins: Pin step.fb set to 0.34084500000000006 (was 0.33870000000000006)
Pin step.fb set to 0.34084500000000006 (was 0.33870000000000006)
[INFO] hw.stepgen: =human= stepgen sg-cmd-pos=0.600000 rev sg-fb-pos=0.340845 rev sg-vel=2.150000 rps sg-acc=10.000000 rps2

=human= stepgen sg-cmd-pos=0.600000 rev sg-fb-pos=0.340845 rev sg-vel=2.150000 rps sg-acc=10.000000 rps2

[INFO] hw.pins: Pin step.fb set to 0.3430000000000001 (was 0.34084500000000006)
Pin step.fb set to 0.3430000000000001 (was 0.34084500000000006)
[INFO] hw.stepgen: =human= stepgen sg-cmd-pos=0.600000 rev sg-fb-pos=0.343000 rev sg-vel=2.160000 rps sg-acc=10.000000 rps2

=human= stepgen sg-cmd-pos=0.600000 rev sg-fb-pos=0.343000 rev sg-vel=2.160000 rps sg-acc=10.000000 rps2

[INFO] hw.pins: Pin step.fb set to 0.34516500000000006 (was 0.3430000000000001)
Pin step.fb set to 0.34516500000000006 (was 0.3430000000000001)
[INFO] hw.stepgen: =human= stepgen sg-cmd-pos=0.600000 rev sg-fb-pos=0.345165 rev sg-vel=2.170000 rps sg-acc=10.000000 rps2

=human= stepgen sg-cmd-pos=0.600000 rev sg-fb-pos=0.345165 rev sg-vel=2.170000 rps sg-acc=10.000000 rps2

[INFO] hw.pins: Pin step.fb set to 0.34734000000000004 (was 0.34516500000000006)
Pin step.fb set to 0.34734000000000004 (was 0.34516500000000006)
[INFO] hw.stepgen: =human= stepgen sg-cmd-pos=0.600000 rev sg-fb-pos=0.347340 rev sg-vel=2.180000 rps sg-acc=10.000000 rps2

=human= stepgen sg-cmd-pos=0.600000 rev sg-fb-pos=0.347340 rev sg-vel=2.180000 rps sg-acc=10.000000 rps2

[INFO] hw.pins: Pin step.fb set to 0.34952500000000003 (was 0.34734000000000004)
Pin step.fb set to 0.34952500000000003 (was 0.34734000000000004)
[INFO] hw.stepgen: =human= stepgen sg-cmd-pos=0.600000 rev sg-fb-pos=0.349525 rev sg-vel=2.190000 rps sg-acc=10.000000 rps2

=human= stepgen sg-cmd-pos=0.600000 rev sg-fb-pos=0.349525 rev sg-vel=2.190000 rps sg-acc=10.000000 rps2

[INFO] hw.pins: Pin step.fb set to 0.35172000000000003 (was 0.34952500000000003)
Pin step.fb set to 0.35172000000000003 (was 0.34952500000000003)
[INFO] hw.stepgen: =human= stepgen sg-cmd-pos=0.600000 rev sg-fb-pos=0.351720 rev sg-vel=2.200000 rps sg-acc=10.000000 rps2

=human= stepgen sg-cmd-pos=0.600000 rev sg-fb-pos=0.351720 rev sg-vel=2.200000 rps sg-acc=10.000000 rps2

[INFO] hw.pins: Pin step.fb set to 0.35392500000000005 (was 0.35172000000000003)
Pin step.fb set to 0.35392500000000005 (was 0.35172000000000003)
[INFO] hw.stepgen: =human= stepgen sg-cmd-pos=0.600000 rev sg-fb-pos=0.353925 rev sg-vel=2.210000 rps sg-acc=10.000000 rps2

=human= stepgen sg-cmd-pos=0.600000 rev sg-fb-pos=0.353925 rev sg-vel=2.210000 rps sg-acc=10.000000 rps2

[INFO] hw.pins: Pin step.fb set to 0.35614000000000007 (was 0.35392500000000005)
Pin step.fb set to 0.35614000000000007 (was 0.35392500000000005)
[INFO] hw.stepgen: =human= stepgen sg-cmd-pos=0.600000 rev sg-fb-pos=0.356140 rev sg-vel=2.220000 rps sg-acc=10.000000 rps2

=human= stepgen sg-cmd-pos=0.600000 rev sg-fb-pos=0.356140 rev sg-vel=2.220000 rps sg-acc=10.000000 rps2

[INFO] hw.pins: Pin step.fb set to 0.3583550000000001 (was 0.35614000000000007)
Pin step.fb set to 0.3583550000000001 (was 0.35614000000000007)
[INFO] hw.stepgen: =human= stepgen sg-cmd-pos=0.600000 rev sg-fb-pos=0.358355 rev sg-vel=2.210000 rps sg-acc=-10.000000 rps2

=human= stepgen sg-cmd-pos=0.600000 rev sg-fb-pos=0.358355 rev sg-vel=2.210000 rps sg-acc=-10.000000 rps2

[INFO] hw.pins: Pin step.fb set to 0.3605600000000001 (was 0.3583550000000001)
Pin step.fb set to 0.3605600000000001 (was 0.3583550000000001)
[INFO] hw.stepgen: =human= stepgen sg-cmd-pos=0.600000 rev sg-fb-pos=0.360560 rev sg-vel=2.200000 rps sg-acc=-10.000000 rps2

=human= stepgen sg-cmd-pos=0.600000 rev sg-fb-pos=0.360560 rev sg-vel=2.200000 rps sg-acc=-10.000000 rps2

[INFO] hw.pins: Pin step.fb set to 0.3627550000000001 (was 0.3605600000000001)
Pin step.fb set to 0.3627550000000001 (was 0.3605600000000001)
[INFO] hw.stepgen: =human= stepgen sg-cmd-pos=0.600000 rev sg-fb-pos=0.362755 rev sg-vel=2.190000 rps sg-acc=-10.000000 rps2

=human= stepgen sg-cmd-pos=0.600000 rev sg-fb-pos=0.362755 rev sg-vel=2.190000 rps sg-acc=-10.000000 rps2

[INFO] hw.pins: Pin step.fb set to 0.3649400000000001 (was 0.3627550000000001)
Pin step.fb set to 0.3649400000000001 (was 0.3627550000000001)
[INFO] hw.stepgen: =human= stepgen sg-cmd-pos=0.600000 rev sg-fb-pos=0.364940 rev sg-vel=2.180000 rps sg-acc=-10.000000 rps2

=human= stepgen sg-cmd-pos=0.600000 rev sg-fb-pos=0.364940 rev sg-vel=2.180000 rps sg-acc=-10.000000 rps2

[INFO] hw.pins: Pin step.fb set to 0.3671150000000001 (was 0.3649400000000001)
Pin step.fb set to 0.3671150000000001 (was 0.3649400000000001)
[INFO] hw.stepgen: =human= stepgen sg-cmd-pos=0.600000 rev sg-fb-pos=0.367115 rev sg-vel=2.170000 rps sg-acc=-10.000000 rps2

=human= stepgen sg-cmd-pos=0.600000 rev sg-fb-pos=0.367115 rev sg-vel=2.170000 rps sg-acc=-10.000000 rps2

[INFO] hw.pins: Pin step.fb set to 0.36928000000000005 (was 0.3671150000000001)
Pin step.fb set to 0.36928000000000005 (was 0.3671150000000001)
[INFO] hw.stepgen: =human= stepgen sg-cmd-pos=0.600000 rev sg-fb-pos=0.369280 rev sg-vel=2.160000 rps sg-acc=-10.000000 rps2

=human= stepgen sg-cmd-pos=0.600000 rev sg-fb-pos=0.369280 rev sg-vel=2.160000 rps sg-acc=-10.000000 rps2

[INFO] hw.pins: Pin step.fb set to 0.37143500000000007 (was 0.36928000000000005)
Pin step.fb set to 0.37143500000000007 (was 0.36928000000000005)
[INFO] hw.stepgen: =human= stepgen sg-cmd-pos=0.600000 rev sg-fb-pos=0.371435 rev sg-vel=2.150000 rps sg-acc=-10.000000 rps2

=human= stepgen sg-cmd-pos=0.600000 rev sg-fb-pos=0.371435 rev sg-vel=2.150000 rps sg-acc=-10.000000 rps2

[INFO] hw.pins: Pin step.fb set to 0.3735800000000001 (was 0.37143500000000007)
Pin step.fb set to 0.3735800000000001 (was 0.37143500000000007)
[INFO] hw.stepgen: =human= stepgen sg-cmd-pos=0.600000 rev sg-fb-pos=0.373580 rev sg-vel=2.140000 rps sg-acc=-10.000000 rps2

=human= stepgen sg-cmd-pos=0.600000 rev sg-fb-pos=0.373580 rev sg-vel=2.140000 rps sg-acc=-10.000000 rps2

[INFO] hw.pins: Pin step.fb set to 0.3757150000000001 (was 0.3735800000000001)
Pin step.fb set to 0.3757150000000001 (was 0.3735800000000001)
[INFO] hw.stepgen: =human= stepgen sg-cmd-pos=0.600000 rev sg-fb-pos=0.375715 rev sg-vel=2.130000 rps sg-acc=-10.000000 rps2

=human= stepgen sg-cmd-pos=0.600000 rev sg-fb-pos=0.375715 rev sg-vel=2.130000 rps sg-acc=-10.000000 rps2

[INFO] hw.pins: Pin step.fb set to 0.37784000000000006 (was 0.3757150000000001)
Pin step.fb set to 0.37784000000000006 (was 0.3757150000000001)
[INFO] hw.stepgen: =human= stepgen sg-cmd-pos=0.600000 rev sg-fb-pos=0.377840 rev sg-vel=2.120000 rps sg-acc=-10.000000 rps2

=human= stepgen sg-cmd-pos=0.600000 rev sg-fb-pos=0.377840 rev sg-vel=2.120000 rps sg-acc=-10.000000 rps2

[INFO] hw.pins: Pin step.fb set to 0.37995500000000004 (was 0.37784000000000006)
Pin step.fb set to 0.37995500000000004 (was 0.37784000000000006)
[INFO] hw.stepgen: =human= stepgen sg-cmd-pos=0.600000 rev sg-fb-pos=0.379955 rev sg-vel=2.110000 rps sg-acc=-10.000000 rps2

=human= stepgen sg-cmd-pos=0.600000 rev sg-fb-pos=0.379955 rev sg-vel=2.110000 rps sg-acc=-10.000000 rps2

[INFO] hw.pins: Pin step.fb set to 0.38206000000000007 (was 0.37995500000000004)
Pin step.fb set to 0.38206000000000007 (was 0.37995500000000004)
[INFO] hw.stepgen: =human= stepgen sg-cmd-pos=0.600000 rev sg-fb-pos=0.382060 rev sg-vel=2.100000 rps sg-acc=-10.000000 rps2

=human= stepgen sg-cmd-pos=0.600000 rev sg-fb-pos=0.382060 rev sg-vel=2.100000 rps sg-acc=-10.000000 rps2

[INFO] hw.pins: Pin step.fb set to 0.3841550000000001 (was 0.38206000000000007)
Pin step.fb set to 0.3841550000000001 (was 0.38206000000000007)
[INFO] hw.stepgen: =human= stepgen sg-cmd-pos=0.600000 rev sg-fb-pos=0.384155 rev sg-vel=2.090000 rps sg-acc=-10.000000 rps2

=human= stepgen sg-cmd-pos=0.600000 rev sg-fb-pos=0.384155 rev sg-vel=2.090000 rps sg-acc=-10.000000 rps2

[INFO] hw.pins: Pin step.fb set to 0.3862400000000001 (was 0.3841550000000001)
Pin step.fb set to 0.3862400000000001 (was 0.3841550000000001)
[INFO] hw.stepgen: =human= stepgen sg-cmd-pos=0.600000 rev sg-fb-pos=0.386240 rev sg-vel=2.080000 rps sg-acc=-10.000000 rps2

=human= stepgen sg-cmd-pos=0.600000 rev sg-fb-pos=0.386240 rev sg-vel=2.080000 rps sg-acc=-10.000000 rps2

[INFO] hw.pins: Pin step.fb set to 0.3883150000000001 (was 0.3862400000000001)
Pin step.fb set to 0.3883150000000001 (was 0.3862400000000001)
[INFO] hw.stepgen: =human= stepgen sg-cmd-pos=0.600000 rev sg-fb-pos=0.388315 rev sg-vel=2.070000 rps sg-acc=-10.000000 rps2

=human= stepgen sg-cmd-pos=0.600000 rev sg-fb-pos=0.388315 rev sg-vel=2.070000 rps sg-acc=-10.000000 rps2

[INFO] hw.pins: Pin step.fb set to 0.39038000000000006 (was 0.3883150000000001)
Pin step.fb set to 0.39038000000000006 (was 0.3883150000000001)
[INFO] hw.stepgen: =human= stepgen sg-cmd-pos=0.600000 rev sg-fb-pos=0.390380 rev sg-vel=2.060000 rps sg-acc=-10.000000 rps2

=human= stepgen sg-cmd-pos=0.600000 rev sg-fb-pos=0.390380 rev sg-vel=2.060000 rps sg-acc=-10.000000 rps2

[INFO] hw.pins: Pin step.fb set to 0.39243500000000003 (was 0.39038000000000006)
Pin step.fb set to 0.39243500000000003 (was 0.39038000000000006)
[INFO] hw.stepgen: =human= stepgen sg-cmd-pos=0.600000 rev sg-fb-pos=0.392435 rev sg-vel=2.050000 rps sg-acc=-10.000000 rps2

=human= stepgen sg-cmd-pos=0.600000 rev sg-fb-pos=0.392435 rev sg-vel=2.050000 rps sg-acc=-10.000000 rps2

[INFO] hw.pins: Pin step.fb set to 0.39448000000000005 (was 0.39243500000000003)
Pin step.fb set to 0.39448000000000005 (was 0.39243500000000003)
[INFO] hw.stepgen: =human= stepgen sg-cmd-pos=0.600000 rev sg-fb-pos=0.394480 rev sg-vel=2.040000 rps sg-acc=-10.000000 rps2

=human= stepgen sg-cmd-pos=0.600000 rev sg-fb-pos=0.394480 rev sg-vel=2.040000 rps sg-acc=-10.000000 rps2

[INFO] hw.pins: Pin step.fb set to 0.39651500000000006 (was 0.39448000000000005)
Pin step.fb set to 0.39651500000000006 (was 0.39448000000000005)
[INFO] hw.stepgen: =human= stepgen sg-cmd-pos=0.600000 rev sg-fb-pos=0.396515 rev sg-vel=2.030000 rps sg-acc=-10.000000 rps2

=human= stepgen sg-cmd-pos=0.600000 rev sg-fb-pos=0.396515 rev sg-vel=2.030000 rps sg-acc=-10.000000 rps2

[INFO] hw.pins: Pin step.fb set to 0.39854000000000006 (was 0.39651500000000006)
Pin step.fb set to 0.39854000000000006 (was 0.39651500000000006)
[INFO] hw.stepgen: =human= stepgen sg-cmd-pos=0.600000 rev sg-fb-pos=0.398540 rev sg-vel=2.020000 rps sg-acc=-10.000000 rps2

=human= stepgen sg-cmd-pos=0.600000 rev sg-fb-pos=0.398540 rev sg-vel=2.020000 rps sg-acc=-10.000000 rps2

[INFO] hw.pins: Pin step.fb set to 0.40055500000000005 (was 0.39854000000000006)
Pin step.fb set to 0.40055500000000005 (was 0.39854000000000006)
[INFO] hw.stepgen: =human= stepgen sg-cmd-pos=0.600000 rev sg-fb-pos=0.400555 rev sg-vel=2.010000 rps sg-acc=-10.000000 rps2

=human= stepgen sg-cmd-pos=0.600000 rev sg-fb-pos=0.400555 rev sg-vel=2.010000 rps sg-acc=-10.000000 rps2

[INFO] hw.pins: Pin step.fb set to 0.40256000000000003 (was 0.40055500000000005)
Pin step.fb set to 0.40256000000000003 (was 0.40055500000000005)
[INFO] hw.stepgen: =human= stepgen sg-cmd-pos=0.600000 rev sg-fb-pos=0.402560 rev sg-vel=2.000000 rps sg-acc=-10.000000 rps2

=human= stepgen sg-cmd-pos=0.600000 rev sg-fb-pos=0.402560 rev sg-vel=2.000000 rps sg-acc=-10.000000 rps2

[INFO] hw.pins: Pin step.fb set to 0.40455500000000005 (was 0.40256000000000003)
Pin step.fb set to 0.40455500000000005 (was 0.40256000000000003)
[INFO] hw.stepgen: =human= stepgen sg-cmd-pos=0.600000 rev sg-fb-pos=0.404555 rev sg-vel=1.990000 rps sg-acc=-10.000000 rps2

=human= stepgen sg-cmd-pos=0.600000 rev sg-fb-pos=0.404555 rev sg-vel=1.990000 rps sg-acc=-10.000000 rps2

[INFO] hw.pins: Pin step.fb set to 0.40654000000000007 (was 0.40455500000000005)
Pin step.fb set to 0.40654000000000007 (was 0.40455500000000005)
[INFO] hw.stepgen: =human= stepgen sg-cmd-pos=0.600000 rev sg-fb-pos=0.406540 rev sg-vel=1.980000 rps sg-acc=-10.000000 rps2

=human= stepgen sg-cmd-pos=0.600000 rev sg-fb-pos=0.406540 rev sg-vel=1.980000 rps sg-acc=-10.000000 rps2

[INFO] hw.pins: Pin step.fb set to 0.4085150000000001 (was 0.40654000000000007)
Pin step.fb set to 0.4085150000000001 (was 0.40654000000000007)
[INFO] hw.stepgen: =human= stepgen sg-cmd-pos=0.600000 rev sg-fb-pos=0.408515 rev sg-vel=1.970000 rps sg-acc=-10.000000 rps2

=human= stepgen sg-cmd-pos=0.600000 rev sg-fb-pos=0.408515 rev sg-vel=1.970000 rps sg-acc=-10.000000 rps2

[INFO] hw.pins: Pin step.fb set to 0.41048000000000007 (was 0.4085150000000001)
Pin step.fb set to 0.41048000000000007 (was 0.4085150000000001)
[INFO] hw.stepgen: =human= stepgen sg-cmd-pos=0.600000 rev sg-fb-pos=0.410480 rev sg-vel=1.960000 rps sg-acc=-10.000000 rps2

=human= stepgen sg-cmd-pos=0.600000 rev sg-fb-pos=0.410480 rev sg-vel=1.960000 rps sg-acc=-10.000000 rps2

[INFO] hw.pins: Pin step.cmd set to 0.7 (was 0.6)
Pin step.cmd set to 0.7 (was 0.6)
[INFO] hw.pins: Pin step.fb set to 0.41244500000000006 (was 0.41048000000000007)
Pin step.fb set to 0.41244500000000006 (was 0.41048000000000007)
[INFO] hw.stepgen: =human= stepgen sg-cmd-pos=0.700000 rev sg-fb-pos=0.412445 rev sg-vel=1.970000 rps sg-acc=10.000000 rps2

=human= stepgen sg-cmd-pos=0.700000 rev sg-fb-pos=0.412445 rev sg-vel=1.970000 rps sg-acc=10.000000 rps2

[INFO] hw.stepgen: =human= stepgen event=reaim sg-cmd-pos=0.700000 rev sg-fb-pos=0.412445 rev sg-vel=1.970000 rps

=human= stepgen event=reaim sg-cmd-pos=0.700000 rev sg-fb-pos=0.412445 rev sg-vel=1.970000 rps

[INFO] hw.pins: Pin step.fb set to 0.41442000000000007 (was 0.41244500000000006)
Pin step.fb set to 0.41442000000000007 (was 0.41244500000000006)
[INFO] hw.stepgen: =human= stepgen sg-cmd-pos=0.700000 rev sg-fb-pos=0.414420 rev sg-vel=1.980000 rps sg-acc=10.000000 rps2

=human= stepgen sg-cmd-pos=0.700000 rev sg-fb-pos=0.414420 rev sg-vel=1.980000 rps sg-acc=10.000000 rps2

[INFO] hw.pins: Pin step.fb set to 0.4164050000000001 (was 0.41442000000000007)
Pin step.fb set to 0.4164050000000001 (was 0.41442000000000007)
[INFO] hw.stepgen: =human= stepgen sg-cmd-pos=0.700000 rev sg-fb-pos=0.416405 rev sg-vel=1.990000 rps sg-acc=10.000000 rps2

=human= stepgen sg-cmd-pos=0.700000 rev sg-fb-pos=0.416405 rev sg-vel=1.990000 rps sg-acc=10.000000 rps2

[INFO] hw.pins: Pin step.fb set to 0.4184000000000001 (was 0.4164050000000001)
Pin step.fb set to 0.4184000000000001 (was 0.4164050000000001)
[INFO] hw.stepgen: =human= stepgen sg-cmd-pos=0.700000 rev sg-fb-pos=0.418400 rev sg-vel=2.000000 rps sg-acc=10.000000 rps2

=human= stepgen sg-cmd-pos=0.700000 rev sg-fb-pos=0.418400 rev sg-vel=2.000000 rps sg-acc=10.000000 rps2

[INFO] hw.pins: Pin step.fb set to 0.4204050000000001 (was 0.4184000000000001)
Pin step.fb set to 0.4204050000000001 (was 0.4184000000000001)
[INFO] hw.stepgen: =human= stepgen sg-cmd-pos=0.700000 rev sg-fb-pos=0.420405 rev sg-vel=2.010000 rps sg-acc=10.000000 rps2

=human= stepgen sg-cmd-pos=0.700000 rev sg-fb-pos=0.420405 rev sg-vel=2.010000 rps sg-acc=10.000000 rps2

[INFO] hw.pins: Pin step.fb set to 0.4224200000000001 (was 0.4204050000000001)
Pin step.fb set to 0.4224200000000001 (was 0.4204050000000001)
[INFO] hw.stepgen: =human= stepgen sg-cmd-pos=0.700000 rev sg-fb-pos=0.422420 rev sg-vel=2.020000 rps sg-acc=10.000000 rps2

=human= stepgen sg-cmd-pos=0.700000 rev sg-fb-pos=0.422420 rev sg-vel=2.020000 rps sg-acc=10.000000 rps2

[INFO] hw.pins: Pin step.fb set to 0.42444500000000007 (was 0.4224200000000001)
Pin step.fb set to 0.42444500000000007 (was 0.4224200000000001)
[INFO] hw.stepgen: =human= stepgen sg-cmd-pos=0.700000 rev sg-fb-pos=0.424445 rev sg-vel=2.030000 rps sg-acc=10.000000 rps2

=human= stepgen sg-cmd-pos=0.700000 rev sg-fb-pos=0.424445 rev sg-vel=2.030000 rps sg-acc=10.000000 rps2

[INFO] hw.pins: Pin step.fb set to 0.4264800000000001 (was 0.42444500000000007)
Pin step.fb set to 0.4264800000000001 (was 0.42444500000000007)
[INFO] hw.stepgen: =human= stepgen sg-cmd-pos=0.700000 rev sg-fb-pos=0.426480 rev sg-vel=2.040000 rps sg-acc=10.000000 rps2

=human= stepgen sg-cmd-pos=0.700000 rev sg-fb-pos=0.426480 rev sg-vel=2.040000 rps sg-acc=10.000000 rps2

[INFO] hw.pins: Pin step.fb set to 0.4285250000000001 (was 0.4264800000000001)
Pin step.fb set to 0.4285250000000001 (was 0.4264800000000001)
[INFO] hw.stepgen: =human= stepgen sg-cmd-pos=0.700000 rev sg-fb-pos=0.428525 rev sg-vel=2.050000 rps sg-acc=10.000000 rps2

=human= stepgen sg-cmd-pos=0.700000 rev sg-fb-pos=0.428525 rev sg-vel=2.050000 rps sg-acc=10.000000 rps2

[INFO] hw.pins: Pin step.fb set to 0.4305800000000001 (was 0.4285250000000001)
Pin step.fb set to 0.4305800000000001 (was 0.4285250000000001)
[INFO] hw.stepgen: =human= stepgen sg-cmd-pos=0.700000 rev sg-fb-pos=0.430580 rev sg-vel=2.060000 rps sg-acc=10.000000 rps2

=human= stepgen sg-cmd-pos=0.700000 rev sg-fb-pos=0.430580 rev sg-vel=2.060000 rps sg-acc=10.000000 rps2

[INFO] hw.pins: Pin step.fb set to 0.43264500000000006 (was 0.4305800000000001)
Pin step.fb set to 0.43264500000000006 (was 0.4305800000000001)
[INFO] hw.stepgen: =human= stepgen sg-cmd-pos=0.700000 rev sg-fb-pos=0.432645 rev sg-vel=2.070000 rps sg-acc=10.000000 rps2

=human= stepgen sg-cmd-pos=0.700000 rev sg-fb-pos=0.432645 rev sg-vel=2.070000 rps sg-acc=10.000000 rps2

[INFO] hw.pins: Pin step.fb set to 0.43472000000000005 (was 0.43264500000000006)
Pin step.fb set to 0.43472000000000005 (was 0.43264500000000006)
[INFO] hw.stepgen: =human= stepgen sg-cmd-pos=0.700000 rev sg-fb-pos=0.434720 rev sg-vel=2.080000 rps sg-acc=10.000000 rps2

=human= stepgen sg-cmd-pos=0.700000 rev sg-fb-pos=0.434720 rev sg-vel=2.080000 rps sg-acc=10.000000 rps2

[INFO] hw.pins: Pin step.fb set to 0.43680500000000005 (was 0.43472000000000005)
Pin step.fb set to 0.43680500000000005 (was 0.43472000000000005)
[INFO] hw.stepgen: =human= stepgen sg-cmd-pos=0.700000 rev sg-fb-pos=0.436805 rev sg-vel=2.090000 rps sg-acc=10.000000 rps2

=human= stepgen sg-cmd-pos=0.700000 rev sg-fb-pos=0.436805 rev sg-vel=2.090000 rps sg-acc=10.000000 rps2

[INFO] hw.pins: Pin step.fb set to 0.43890000000000007 (was 0.43680500000000005)
Pin step.fb set to 0.43890000000000007 (was 0.43680500000000005)
[INFO] hw.stepgen: =human= stepgen sg-cmd-pos=0.700000 rev sg-fb-pos=0.438900 rev sg-vel=2.100000 rps sg-acc=10.000000 rps2

=human= stepgen sg-cmd-pos=0.700000 rev sg-fb-pos=0.438900 rev sg-vel=2.100000 rps sg-acc=10.000000 rps2

[INFO] hw.pins: Pin step.fb set to 0.4410050000000001 (was 0.43890000000000007)
Pin step.fb set to 0.4410050000000001 (was 0.43890000000000007)
[INFO] hw.stepgen: =human= stepgen sg-cmd-pos=0.700000 rev sg-fb-pos=0.441005 rev sg-vel=2.110000 rps sg-acc=10.000000 rps2

=human= stepgen sg-cmd-pos=0.700000 rev sg-fb-pos=0.441005 rev sg-vel=2.110000 rps sg-acc=10.000000 rps2

[INFO] hw.pins: Pin step.fb set to 0.44312000000000007 (was 0.4410050000000001)
Pin step.fb set to 0.44312000000000007 (was 0.4410050000000001)
[INFO] hw.stepgen: =human= stepgen sg-cmd-pos=0.700000 rev sg-fb-pos=0.443120 rev sg-vel=2.120000 rps sg-acc=10.000000 rps2

=human= stepgen sg-cmd-pos=0.700000 rev sg-fb-pos=0.443120 rev sg-vel=2.120000 rps sg-acc=10.000000 rps2

[INFO] hw.pins: Pin step.fb set to 0.44524500000000006 (was 0.44312000000000007)
Pin step.fb set to 0.44524500000000006 (was 0.44312000000000007)
[INFO] hw.stepgen: =human= stepgen sg-cmd-pos=0.700000 rev sg-fb-pos=0.445245 rev sg-vel=2.130000 rps sg-acc=10.000000 rps2

=human= stepgen sg-cmd-pos=0.700000 rev sg-fb-pos=0.445245 rev sg-vel=2.130000 rps sg-acc=10.000000 rps2

[INFO] hw.pins: Pin step.fb set to 0.44738000000000006 (was 0.44524500000000006)
Pin step.fb set to 0.44738000000000006 (was 0.44524500000000006)
[INFO] hw.stepgen: =human= stepgen sg-cmd-pos=0.700000 rev sg-fb-pos=0.447380 rev sg-vel=2.140000 rps sg-acc=10.000000 rps2

=human= stepgen sg-cmd-pos=0.700000 rev sg-fb-pos=0.447380 rev sg-vel=2.140000 rps sg-acc=10.000000 rps2

[INFO] hw.pins: Pin step.fb set to 0.44952500000000006 (was 0.44738000000000006)
Pin step.fb set to 0.44952500000000006 (was 0.44738000000000006)
[INFO] hw.stepgen: =human= stepgen sg-cmd-pos=0.700000 rev sg-fb-pos=0.449525 rev sg-vel=2.150000 rps sg-acc=10.000000 rps2

=human= stepgen sg-cmd-pos=0.700000 rev sg-fb-pos=0.449525 rev sg-vel=2.150000 rps sg-acc=10.000000 rps2

[INFO] hw.pins: Pin step.fb set to 0.4516800000000001 (was 0.44952500000000006)
Pin step.fb set to 0.4516800000000001 (was 0.44952500000000006)
[INFO] hw.stepgen: =human= stepgen sg-cmd-pos=0.700000 rev sg-fb-pos=0.451680 rev sg-vel=2.160000 rps sg-acc=10.000000 rps2

=human= stepgen sg-cmd-pos=0.700000 rev sg-fb-pos=0.451680 rev sg-vel=2.160000 rps sg-acc=10.000000 rps2

[INFO] hw.pins: Pin step.fb set to 0.45384500000000005 (was 0.4516800000000001)
Pin step.fb set to 0.45384500000000005 (was 0.4516800000000001)
[INFO] hw.stepgen: =human= stepgen sg-cmd-pos=0.700000 rev sg-fb-pos=0.453845 rev sg-vel=2.170000 rps sg-acc=10.000000 rps2

=human= stepgen sg-cmd-pos=0.700000 rev sg-fb-pos=0.453845 rev sg-vel=2.170000 rps sg-acc=10.000000 rps2

[INFO] hw.pins: Pin step.fb set to 0.45602000000000004 (was 0.45384500000000005)
Pin step.fb set to 0.45602000000000004 (was 0.45384500000000005)
[INFO] hw.stepgen: =human= stepgen sg-cmd-pos=0.700000 rev sg-fb-pos=0.456020 rev sg-vel=2.180000 rps sg-acc=10.000000 rps2

=human= stepgen sg-cmd-pos=0.700000 rev sg-fb-pos=0.456020 rev sg-vel=2.180000 rps sg-acc=10.000000 rps2

[INFO] hw.pins: Pin step.fb set to 0.45820500000000003 (was 0.45602000000000004)
Pin step.fb set to 0.45820500000000003 (was 0.45602000000000004)
[INFO] hw.stepgen: =human= stepgen sg-cmd-pos=0.700000 rev sg-fb-pos=0.458205 rev sg-vel=2.190000 rps sg-acc=10.000000 rps2

=human= stepgen sg-cmd-pos=0.700000 rev sg-fb-pos=0.458205 rev sg-vel=2.190000 rps sg-acc=10.000000 rps2

[INFO] hw.pins: Pin step.fb set to 0.46040000000000003 (was 0.45820500000000003)
Pin step.fb set to 0.46040000000000003 (was 0.45820500000000003)
[INFO] hw.stepgen: =human= stepgen sg-cmd-pos=0.700000 rev sg-fb-pos=0.460400 rev sg-vel=2.200000 rps sg-acc=10.000000 rps2

=human= stepgen sg-cmd-pos=0.700000 rev sg-fb-pos=0.460400 rev sg-vel=2.200000 rps sg-acc=10.000000 rps2

[INFO] hw.pins: Pin step.fb set to 0.46259500000000003 (was 0.46040000000000003)
Pin step.fb set to 0.46259500000000003 (was 0.46040000000000003)
[INFO] hw.stepgen: =human= stepgen sg-cmd-pos=0.700000 rev sg-fb-pos=0.462595 rev sg-vel=2.190000 rps sg-acc=-10.000000 rps2

=human= stepgen sg-cmd-pos=0.700000 rev sg-fb-pos=0.462595 rev sg-vel=2.190000 rps sg-acc=-10.000000 rps2

[INFO] hw.pins: Pin step.fb set to 0.46478 (was 0.46259500000000003)
Pin step.fb set to 0.46478 (was 0.46259500000000003)
[INFO] hw.stepgen: =human= stepgen sg-cmd-pos=0.700000 rev sg-fb-pos=0.464780 rev sg-vel=2.180000 rps sg-acc=-10.000000 rps2

=human= stepgen sg-cmd-pos=0.700000 rev sg-fb-pos=0.464780 rev sg-vel=2.180000 rps sg-acc=-10.000000 rps2

[INFO] hw.pins: Pin step.fb set to 0.466955 (was 0.46478)
Pin step.fb set to 0.466955 (was 0.46478)
[INFO] hw.stepgen: =human= stepgen sg-cmd-pos=0.700000 rev sg-fb-pos=0.466955 rev sg-vel=2.170000 rps sg-acc=-10.000000 rps2

=human= stepgen sg-cmd-pos=0.700000 rev sg-fb-pos=0.466955 rev sg-vel=2.170000 rps sg-acc=-10.000000 rps2

[INFO] hw.pins: Pin step.fb set to 0.46912 (was 0.466955)
Pin step.fb set to 0.46912 (was 0.466955)
[INFO] hw.stepgen: =human= stepgen sg-cmd-pos=0.700000 rev sg-fb-pos=0.469120 rev sg-vel=2.160000 rps sg-acc=-10.000000 rps2

=human= stepgen sg-cmd-pos=0.700000 rev sg-fb-pos=0.469120 rev sg-vel=2.160000 rps sg-acc=-10.000000 rps2

[INFO] hw.pins: Pin step.fb set to 0.471275 (was 0.46912)
Pin step.fb set to 0.471275 (was 0.46912)
[INFO] hw.stepgen: =human= stepgen sg-cmd-pos=0.700000 rev sg-fb-pos=0.471275 rev sg-vel=2.150000 rps sg-acc=-10.000000 rps2

=human= stepgen sg-cmd-pos=0.700000 rev sg-fb-pos=0.471275 rev sg-vel=2.150000 rps sg-acc=-10.000000 rps2

[INFO] hw.pins: Pin step.fb set to 0.47342 (was 0.471275)
Pin step.fb set to 0.47342 (was 0.471275)
[INFO] hw.stepgen: =human= stepgen sg-cmd-pos=0.700000 rev sg-fb-pos=0.473420 rev sg-vel=2.140000 rps sg-acc=-10.000000 rps2

=human= stepgen sg-cmd-pos=0.700000 rev sg-fb-pos=0.473420 rev sg-vel=2.140000 rps sg-acc=-10.000000 rps2

[INFO] hw.pins: Pin step.fb set to 0.475555 (was 0.47342)
Pin step.fb set to 0.475555 (was 0.47342)
[INFO] hw.stepgen: =human= stepgen sg-cmd-pos=0.700000 rev sg-fb-pos=0.475555 rev sg-vel=2.130000 rps sg-acc=-10.000000 rps2

=human= stepgen sg-cmd-pos=0.700000 rev sg-fb-pos=0.475555 rev sg-vel=2.130000 rps sg-acc=-10.000000 rps2

[INFO] hw.pins: Pin step.fb set to 0.47768 (was 0.475555)
Pin step.fb set to 0.47768 (was 0.475555)
[INFO] hw.stepgen: =human= stepgen sg-cmd-pos=0.700000 rev sg-fb-pos=0.477680 rev sg-vel=2.120000 rps sg-acc=-10.000000 rps2

=human= stepgen sg-cmd-pos=0.700000 rev sg-fb-pos=0.477680 rev sg-vel=2.120000 rps sg-acc=-10.000000 rps2

[INFO] hw.pins: Pin step.fb set to 0.47979499999999997 (was 0.47768)
Pin step.fb set to 0.47979499999999997 (was 0.47768)
[INFO] hw.stepgen: =human= stepgen sg-cmd-pos=0.700000 rev sg-fb-pos=0.479795 rev sg-vel=2.110000 rps sg-acc=-10.000000 rps2

=human= stepgen sg-cmd-pos=0.700000 rev sg-fb-pos=0.479795 rev sg-vel=2.110000 rps sg-acc=-10.000000 rps2

[INFO] hw.pins: Pin step.fb set to 0.4819 (was 0.47979499999999997)
Pin step.fb set to 0.4819 (was 0.47979499999999997)
[INFO] hw.stepgen: =human= stepgen sg-cmd-pos=0.700000 rev sg-fb-pos=0.481900 rev sg-vel=2.100000 rps sg-acc=-10.000000 rps2

=human= stepgen sg-cmd-pos=0.700000 rev sg-fb-pos=0.481900 rev sg-vel=2.100000 rps sg-acc=-10.000000 rps2

[INFO] hw.pins: Pin step.fb set to 0.483995 (was 0.4819)
Pin step.fb set to 0.483995 (was 0.4819)
[INFO] hw.stepgen: =human= stepgen sg-cmd-pos=0.700000 rev sg-fb-pos=0.483995 rev sg-vel=2.090000 rps sg-acc=-10.000000 rps2

=human= stepgen sg-cmd-pos=0.700000 rev sg-fb-pos=0.483995 rev sg-vel=2.090000 rps sg-acc=-10.000000 rps2

[INFO] hw.pins: Pin step.fb set to 0.48608 (was 0.483995)
Pin step.fb set to 0.48608 (was 0.483995)
[INFO] hw.stepgen: =human= stepgen sg-cmd-pos=0.700000 rev sg-fb-pos=0.486080 rev sg-vel=2.080000 rps sg-acc=-10.000000 rps2

=human= stepgen sg-cmd-pos=0.700000 rev sg-fb-pos=0.486080 rev sg-vel=2.080000 rps sg-acc=-10.000000 rps2

[INFO] hw.pins: Pin step.fb set to 0.488155 (was 0.48608)
Pin step.fb set to 0.488155 (was 0.48608)
[INFO] hw.stepgen: =human= stepgen sg-cmd-pos=0.700000 rev sg-fb-pos=0.488155 rev sg-vel=2.070000 rps sg-acc=-10.000000 rps2

=human= stepgen sg-cmd-pos=0.700000 rev sg-fb-pos=0.488155 rev sg-vel=2.070000 rps sg-acc=-10.000000 rps2

[INFO] hw.pins: Pin step.fb set to 0.49022 (was 0.488155)
Pin step.fb set to 0.49022 (was 0.488155)
[INFO] hw.stepgen: =human= stepgen sg-cmd-pos=0.700000 rev sg-fb-pos=0.490220 rev sg-vel=2.060000 rps sg-acc=-10.000000 rps2

=human= stepgen sg-cmd-pos=0.700000 rev sg-fb-pos=0.490220 rev sg-vel=2.060000 rps sg-acc=-10.000000 rps2

[INFO] hw.pins: Pin step.fb set to 0.49227499999999996 (was 0.49022)
Pin step.fb set to 0.49227499999999996 (was 0.49022)
[INFO] hw.stepgen: =human= stepgen sg-cmd-pos=0.700000 rev sg-fb-pos=0.492275 rev sg-vel=2.050000 rps sg-acc=-10.000000 rps2

=human= stepgen sg-cmd-pos=0.700000 rev sg-fb-pos=0.492275 rev sg-vel=2.050000 rps sg-acc=-10.000000 rps2

[INFO] hw.pins: Pin step.fb set to 0.49432 (was 0.49227499999999996)
Pin step.fb set to 0.49432 (was 0.49227499999999996)
[INFO] hw.stepgen: =human= stepgen sg-cmd-pos=0.700000 rev sg-fb-pos=0.494320 rev sg-vel=2.040000 rps sg-acc=-10.000000 rps2

=human= stepgen sg-cmd-pos=0.700000 rev sg-fb-pos=0.494320 rev sg-vel=2.040000 rps sg-acc=-10.000000 rps2

[INFO] hw.pins: Pin step.fb set to 0.496355 (was 0.49432)
Pin step.fb set to 0.496355 (was 0.49432)
[INFO] hw.stepgen: =human= stepgen sg-cmd-pos=0.700000 rev sg-fb-pos=0.496355 rev sg-vel=2.030000 rps sg-acc=-10.000000 rps2

=human= stepgen sg-cmd-pos=0.700000 rev sg-fb-pos=0.496355 rev sg-vel=2.030000 rps sg-acc=-10.000000 rps2

[INFO] hw.pins: Pin step.fb set to 0.49838 (was 0.496355)
Pin step.fb set to 0.49838 (was 0.496355)
[INFO] hw.stepgen: =human= stepgen sg-cmd-pos=0.700000 rev sg-fb-pos=0.498380 rev sg-vel=2.020000 rps sg-acc=-10.000000 rps2

=human= stepgen sg-cmd-pos=0.700000 rev sg-fb-pos=0.498380 rev sg-vel=2.020000 rps sg-acc=-10.000000 rps2

[INFO] hw.pins: Pin step.fb set to 0.500395 (was 0.49838)
Pin step.fb set to 0.500395 (was 0.49838)
[INFO] hw.stepgen: =human= stepgen sg-cmd-pos=0.700000 rev sg-fb-pos=0.500395 rev sg-vel=2.010000 rps sg-acc=-10.000000 rps2

=human= stepgen sg-cmd-pos=0.700000 rev sg-fb-pos=0.500395 rev sg-vel=2.010000 rps sg-acc=-10.000000 rps2

[INFO] hw.pins: Pin step.fb set to 0.5024000000000001 (was 0.500395)
Pin step.fb set to 0.5024000000000001 (was 0.500395)
[INFO] hw.stepgen: =human= stepgen sg-cmd-pos=0.700000 rev sg-fb-pos=0.502400 rev sg-vel=2.000000 rps sg-acc=-10.000000 rps2

=human= stepgen sg-cmd-pos=0.700000 rev sg-fb-pos=0.502400 rev sg-vel=2.000000 rps sg-acc=-10.000000 rps2

[INFO] hw.pins: Pin step.fb set to 0.504395 (was 0.5024000000000001)
Pin step.fb set to 0.504395 (was 0.5024000000000001)
[INFO] hw.stepgen: =human= stepgen sg-cmd-pos=0.700000 rev sg-fb-pos=0.504395 rev sg-vel=1.990000 rps sg-acc=-10.000000 rps2

=human= stepgen sg-cmd-pos=0.700000 rev sg-fb-pos=0.504395 rev sg-vel=1.990000 rps sg-acc=-10.000000 rps2

[INFO] hw.pins: Pin step.fb set to 0.50638 (was 0.504395)
Pin step.fb set to 0.50638 (was 0.504395)
[INFO] hw.stepgen: =human= stepgen sg-cmd-pos=0.700000 rev sg-fb-pos=0.506380 rev sg-vel=1.980000 rps sg-acc=-10.000000 rps2

=human= stepgen sg-cmd-pos=0.700000 rev sg-fb-pos=0.506380 rev sg-vel=1.980000 rps sg-acc=-10.000000 rps2

[INFO] hw.pins: Pin step.fb set to 0.508355 (was 0.50638)
Pin step.fb set to 0.508355 (was 0.50638)
[INFO] hw.stepgen: =human= stepgen sg-cmd-pos=0.700000 rev sg-fb-pos=0.508355 rev sg-vel=1.970000 rps sg-acc=-10.000000 rps2

=human= stepgen sg-cmd-pos=0.700000 rev sg-fb-pos=0.508355 rev sg-vel=1.970000 rps sg-acc=-10.000000 rps2

[INFO] hw.pins: Pin step.fb set to 0.51032 (was 0.508355)
Pin step.fb set to 0.51032 (was 0.508355)
[INFO] hw.stepgen: =human= stepgen sg-cmd-pos=0.700000 rev sg-fb-pos=0.510320 rev sg-vel=1.960000 rps sg-acc=-10.000000 rps2

=human= stepgen sg-cmd-pos=0.700000 rev sg-fb-pos=0.510320 rev sg-vel=1.960000 rps sg-acc=-10.000000 rps2

[INFO] hw.pins: Pin step.fb set to 0.512275 (was 0.51032)
Pin step.fb set to 0.512275 (was 0.51032)
[INFO] hw.stepgen: =human= stepgen sg-cmd-pos=0.700000 rev sg-fb-pos=0.512275 rev sg-vel=1.950000 rps sg-acc=-10.000000 rps2

=human= stepgen sg-cmd-pos=0.700000 rev sg-fb-pos=0.512275 rev sg-vel=1.950000 rps sg-acc=-10.000000 rps2

[INFO] hw.pins: Pin step.fb set to 0.51422 (was 0.512275)
Pin step.fb set to 0.51422 (was 0.512275)
[INFO] hw.stepgen: =human= stepgen sg-cmd-pos=0.700000 rev sg-fb-pos=0.514220 rev sg-vel=1.940000 rps sg-acc=-10.000000 rps2

=human= stepgen sg-cmd-pos=0.700000 rev sg-fb-pos=0.514220 rev sg-vel=1.940000 rps sg-acc=-10.000000 rps2

[INFO] hw.pins: Pin step.cmd set to 0.7999999999999999 (was 0.7)
Pin step.cmd set to 0.7999999999999999 (was 0.7)
[INFO] hw.pins: Pin step.fb set to 0.516165 (was 0.51422)
Pin step.fb set to 0.516165 (was 0.51422)
[INFO] hw.stepgen: =human= stepgen sg-cmd-pos=0.800000 rev sg-fb-pos=0.516165 rev sg-vel=1.950000 rps sg-acc=10.000000 rps2

=human= stepgen sg-cmd-pos=0.800000 rev sg-fb-pos=0.516165 rev sg-vel=1.950000 rps sg-acc=10.000000 rps2

[INFO] hw.stepgen: =human= stepgen event=reaim sg-cmd-pos=0.800000 rev sg-fb-pos=0.516165 rev sg-vel=1.950000 rps

=human= stepgen event=reaim sg-cmd-pos=0.800000 rev sg-fb-pos=0.516165 rev sg-vel=1.950000 rps

[INFO] hw.pins: Pin step.fb set to 0.51812 (was 0.516165)
Pin step.fb set to 0.51812 (was 0.516165)
[INFO] hw.stepgen: =human= stepgen sg-cmd-pos=0.800000 rev sg-fb-pos=0.518120 rev sg-vel=1.960000 rps sg-acc=10.000000 rps2

=human= stepgen sg-cmd-pos=0.800000 rev sg-fb-pos=0.518120 rev sg-vel=1.960000 rps sg-acc=10.000000 rps2

[INFO] hw.pins: Pin step.fb set to 0.520085 (was 0.51812)
Pin step.fb set to 0.520085 (was 0.51812)
[INFO] hw.stepgen: =human= stepgen sg-cmd-pos=0.800000 rev sg-fb-pos=0.520085 rev sg-vel=1.970000 rps sg-acc=10.000000 rps2

=human= stepgen sg-cmd-pos=0.800000 rev sg-fb-pos=0.520085 rev sg-vel=1.970000 rps sg-acc=10.000000 rps2

[INFO] hw.pins: Pin step.fb set to 0.52206 (was 0.520085)
Pin step.fb set to 0.52206 (was 0.520085)
[INFO] hw.stepgen: =human= stepgen sg-cmd-pos=0.800000 rev sg-fb-pos=0.522060 rev sg-vel=1.980000 rps sg-acc=10.000000 rps2

=human= stepgen sg-cmd-pos=0.800000 rev sg-fb-pos=0.522060 rev sg-vel=1.980000 rps sg-acc=10.000000 rps2

[INFO] hw.pins: Pin step.fb set to 0.524045 (was 0.52206)
Pin step.fb set to 0.524045 (was 0.52206)
[INFO] hw.stepgen: =human= stepgen sg-cmd-pos=0.800000 rev sg-fb-pos=0.524045 rev sg-vel=1.990000 rps sg-acc=10.000000 rps2

=human= stepgen sg-cmd-pos=0.800000 rev sg-fb-pos=0.524045 rev sg-vel=1.990000 rps sg-acc=10.000000 rps2

[INFO] hw.pins: Pin step.fb set to 0.52604 (was 0.524045)
Pin step.fb set to 0.52604 (was 0.524045)
[INFO] hw.stepgen: =human= stepgen sg-cmd-pos=0.800000 rev sg-fb-pos=0.526040 rev sg-vel=2.000000 rps sg-acc=10.000000 rps2

=human= stepgen sg-cmd-pos=0.800000 rev sg-fb-pos=0.526040 rev sg-vel=2.000000 rps sg-acc=10.000000 rps2

[INFO] hw.pins: Pin step.fb set to 0.528045 (was 0.52604)
Pin step.fb set to 0.528045 (was 0.52604)
[INFO] hw.stepgen: =human= stepgen sg-cmd-pos=0.800000 rev sg-fb-pos=0.528045 rev sg-vel=2.010000 rps sg-acc=10.000000 rps2

=human= stepgen sg-cmd-pos=0.800000 rev sg-fb-pos=0.528045 rev sg-vel=2.010000 rps sg-acc=10.000000 rps2

[INFO] hw.pins: Pin step.fb set to 0.53006 (was 0.528045)
Pin step.fb set to 0.53006 (was 0.528045)
[INFO] hw.stepgen: =human= stepgen sg-cmd-pos=0.800000 rev sg-fb-pos=0.530060 rev sg-vel=2.020000 rps sg-acc=10.000000 rps2

=human= stepgen sg-cmd-pos=0.800000 rev sg-fb-pos=0.530060 rev sg-vel=2.020000 rps sg-acc=10.000000 rps2

[INFO] hw.pins: Pin step.fb set to 0.532085 (was 0.53006)
Pin step.fb set to 0.532085 (was 0.53006)
[INFO] hw.stepgen: =human= stepgen sg-cmd-pos=0.800000 rev sg-fb-pos=0.532085 rev sg-vel=2.030000 rps sg-acc=10.000000 rps2

=human= stepgen sg-cmd-pos=0.800000 rev sg-fb-pos=0.532085 rev sg-vel=2.030000 rps sg-acc=10.000000 rps2

[INFO] hw.pins: Pin step.fb set to 0.53412 (was 0.532085)
Pin step.fb set to 0.53412 (was 0.532085)
[INFO] hw.stepgen: =human= stepgen sg-cmd-pos=0.800000 rev sg-fb-pos=0.534120 rev sg-vel=2.040000 rps sg-acc=10.000000 rps2

=human= stepgen sg-cmd-pos=0.800000 rev sg-fb-pos=0.534120 rev sg-vel=2.040000 rps sg-acc=10.000000 rps2

[INFO] hw.pins: Pin step.fb set to 0.536165 (was 0.53412)
Pin step.fb set to 0.536165 (was 0.53412)
[INFO] hw.stepgen: =human= stepgen sg-cmd-pos=0.800000 rev sg-fb-pos=0.536165 rev sg-vel=2.050000 rps sg-acc=10.000000 rps2

=human= stepgen sg-cmd-pos=0.800000 rev sg-fb-pos=0.536165 rev sg-vel=2.050000 rps sg-acc=10.000000 rps2

[INFO] hw.pins: Pin step.fb set to 0.53822 (was 0.536165)
Pin step.fb set to 0.53822 (was 0.536165)
[INFO] hw.stepgen: =human= stepgen sg-cmd-pos=0.800000 rev sg-fb-pos=0.538220 rev sg-vel=2.060000 rps sg-acc=10.000000 rps2

=human= stepgen sg-cmd-pos=0.800000 rev sg-fb-pos=0.538220 rev sg-vel=2.060000 rps sg-acc=10.000000 rps2

[INFO] hw.pins: Pin step.fb set to 0.540285 (was 0.53822)
Pin step.fb set to 0.540285 (was 0.53822)
[INFO] hw.stepgen: =human= stepgen sg-cmd-pos=0.800000 rev sg-fb-pos=0.540285 rev sg-vel=2.070000 rps sg-acc=10.000000 rps2

=human= stepgen sg-cmd-pos=0.800000 rev sg-fb-pos=0.540285 rev sg-vel=2.070000 rps sg-acc=10.000000 rps2

[INFO] hw.pins: Pin step.fb set to 0.5423600000000001 (was 0.540285)
Pin step.fb set to 0.5423600000000001 (was 0.540285)
[INFO] hw.stepgen: =human= stepgen sg-cmd-pos=0.800000 rev sg-fb-pos=0.542360 rev sg-vel=2.080000 rps sg-acc=10.000000 rps2

=human= stepgen sg-cmd-pos=0.800000 rev sg-fb-pos=0.542360 rev sg-vel=2.080000 rps sg-acc=10.000000 rps2

[INFO] hw.pins: Pin step.fb set to 0.5444450000000001 (was 0.5423600000000001)
Pin step.fb set to 0.5444450000000001 (was 0.5423600000000001)
[INFO] hw.stepgen: =human= stepgen sg-cmd-pos=0.800000 rev sg-fb-pos=0.544445 rev sg-vel=2.090000 rps sg-acc=10.000000 rps2

=human= stepgen sg-cmd-pos=0.800000 rev sg-fb-pos=0.544445 rev sg-vel=2.090000 rps sg-acc=10.000000 rps2

[INFO] hw.pins: Pin step.fb set to 0.54654 (was 0.5444450000000001)
Pin step.fb set to 0.54654 (was 0.5444450000000001)
[INFO] hw.stepgen: =human= stepgen sg-cmd-pos=0.800000 rev sg-fb-pos=0.546540 rev sg-vel=2.100000 rps sg-acc=10.000000 rps2

=human= stepgen sg-cmd-pos=0.800000 rev sg-fb-pos=0.546540 rev sg-vel=2.100000 rps sg-acc=10.000000 rps2

[INFO] hw.pins: Pin step.fb set to 0.548645 (was 0.54654)
Pin step.fb set to 0.548645 (was 0.54654)
[INFO] hw.stepgen: =human= stepgen sg-cmd-pos=0.800000 rev sg-fb-pos=0.548645 rev sg-vel=2.110000 rps sg-acc=10.000000 rps2

=human= stepgen sg-cmd-pos=0.800000 rev sg-fb-pos=0.548645 rev sg-vel=2.110000 rps sg-acc=10.000000 rps2

[INFO] hw.pins: Pin step.fb set to 0.55076 (was 0.548645)
Pin step.fb set to 0.55076 (was 0.548645)
[INFO] hw.stepgen: =human= stepgen sg-cmd-pos=0.800000 rev sg-fb-pos=0.550760 rev sg-vel=2.120000 rps sg-acc=10.000000 rps2

=human= stepgen sg-cmd-pos=0.800000 rev sg-fb-pos=0.550760 rev sg-vel=2.120000 rps sg-acc=10.000000 rps2

[INFO] hw.pins: Pin step.fb set to 0.5528850000000001 (was 0.55076)
Pin step.fb set to 0.5528850000000001 (was 0.55076)
[INFO] hw.stepgen: =human= stepgen sg-cmd-pos=0.800000 rev sg-fb-pos=0.552885 rev sg-vel=2.130000 rps sg-acc=10.000000 rps2

=human= stepgen sg-cmd-pos=0.800000 rev sg-fb-pos=0.552885 rev sg-vel=2.130000 rps sg-acc=10.000000 rps2

[INFO] hw.pins: Pin step.fb set to 0.5550200000000001 (was 0.5528850000000001)
Pin step.fb set to 0.5550200000000001 (was 0.5528850000000001)
[INFO] hw.stepgen: =human= stepgen sg-cmd-pos=0.800000 rev sg-fb-pos=0.555020 rev sg-vel=2.140000 rps sg-acc=10.000000 rps2

=human= stepgen sg-cmd-pos=0.800000 rev sg-fb-pos=0.555020 rev sg-vel=2.140000 rps sg-acc=10.000000 rps2

[INFO] hw.pins: Pin step.fb set to 0.557165 (was 0.5550200000000001)
Pin step.fb set to 0.557165 (was 0.5550200000000001)
[INFO] hw.stepgen: =human= stepgen sg-cmd-pos=0.800000 rev sg-fb-pos=0.557165 rev sg-vel=2.150000 rps sg-acc=10.000000 rps2

=human= stepgen sg-cmd-pos=0.800000 rev sg-fb-pos=0.557165 rev sg-vel=2.150000 rps sg-acc=10.000000 rps2

[INFO] hw.pins: Pin step.fb set to 0.55932 (was 0.557165)
Pin step.fb set to 0.55932 (was 0.557165)
[INFO] hw.stepgen: =human= stepgen sg-cmd-pos=0.800000 rev sg-fb-pos=0.559320 rev sg-vel=2.160000 rps sg-acc=10.000000 rps2

=human= stepgen sg-cmd-pos=0.800000 rev sg-fb-pos=0.559320 rev sg-vel=2.160000 rps sg-acc=10.000000 rps2

[INFO] hw.pins: Pin step.fb set to 0.561485 (was 0.55932)
Pin step.fb set to 0.561485 (was 0.55932)
[INFO] hw.stepgen: =human= stepgen sg-cmd-pos=0.800000 rev sg-fb-pos=0.561485 rev sg-vel=2.170000 rps sg-acc=10.000000 rps2

=human= stepgen sg-cmd-pos=0.800000 rev sg-fb-pos=0.561485 rev sg-vel=2.170000 rps sg-acc=10.000000 rps2

[INFO] hw.pins: Pin step.fb set to 0.56366 (was 0.561485)
Pin step.fb set to 0.56366 (was 0.561485)
[INFO] hw.stepgen: =human= stepgen sg-cmd-pos=0.800000 rev sg-fb-pos=0.563660 rev sg-vel=2.180000 rps sg-acc=10.000000 rps2

=human= stepgen sg-cmd-pos=0.800000 rev sg-fb-pos=0.563660 rev sg-vel=2.180000 rps sg-acc=10.000000 rps2

[INFO] hw.pins: Pin step.fb set to 0.5658350000000001 (was 0.56366)
Pin step.fb set to 0.5658350000000001 (was 0.56366)
[INFO] hw.stepgen: =human= stepgen sg-cmd-pos=0.800000 rev sg-fb-pos=0.565835 rev sg-vel=2.170000 rps sg-acc=-10.000000 rps2

=human= stepgen sg-cmd-pos=0.800000 rev sg-fb-pos=0.565835 rev sg-vel=2.170000 rps sg-acc=-10.000000 rps2

[INFO] hw.pins: Pin step.fb set to 0.5680000000000001 (was 0.5658350000000001)
Pin step.fb set to 0.5680000000000001 (was 0.5658350000000001)
[INFO] hw.stepgen: =human= stepgen sg-cmd-pos=0.800000 rev sg-fb-pos=0.568000 rev sg-vel=2.160000 rps sg-acc=-10.000000 rps2

=human= stepgen sg-cmd-pos=0.800000 rev sg-fb-pos=0.568000 rev sg-vel=2.160000 rps sg-acc=-10.000000 rps2

[INFO] hw.pins: Pin step.fb set to 0.5701550000000001 (was 0.5680000000000001)
Pin step.fb set to 0.5701550000000001 (was 0.5680000000000001)
[INFO] hw.stepgen: =human= stepgen sg-cmd-pos=0.800000 rev sg-fb-pos=0.570155 rev sg-vel=2.150000 rps sg-acc=-10.000000 rps2

=human= stepgen sg-cmd-pos=0.800000 rev sg-fb-pos=0.570155 rev sg-vel=2.150000 rps sg-acc=-10.000000 rps2

[INFO] hw.pins: Pin step.fb set to 0.5723 (was 0.5701550000000001)
Pin step.fb set to 0.5723 (was 0.5701550000000001)
[INFO] hw.stepgen: =human= stepgen sg-cmd-pos=0.800000 rev sg-fb-pos=0.572300 rev sg-vel=2.140000 rps sg-acc=-10.000000 rps2

=human= stepgen sg-cmd-pos=0.800000 rev sg-fb-pos=0.572300 rev sg-vel=2.140000 rps sg-acc=-10.000000 rps2

[INFO] hw.pins: Pin step.fb set to 0.574435 (was 0.5723)
Pin step.fb set to 0.574435 (was 0.5723)
[INFO] hw.stepgen: =human= stepgen sg-cmd-pos=0.800000 rev sg-fb-pos=0.574435 rev sg-vel=2.130000 rps sg-acc=-10.000000 rps2

=human= stepgen sg-cmd-pos=0.800000 rev sg-fb-pos=0.574435 rev sg-vel=2.130000 rps sg-acc=-10.000000 rps2

[INFO] hw.pins: Pin step.fb set to 0.5765600000000001 (was 0.574435)
Pin step.fb set to 0.5765600000000001 (was 0.574435)
[INFO] hw.stepgen: =human= stepgen sg-cmd-pos=0.800000 rev sg-fb-pos=0.576560 rev sg-vel=2.120000 rps sg-acc=-10.000000 rps2

=human= stepgen sg-cmd-pos=0.800000 rev sg-fb-pos=0.576560 rev sg-vel=2.120000 rps sg-acc=-10.000000 rps2

[INFO] hw.pins: Pin step.fb set to 0.578675 (was 0.5765600000000001)
Pin step.fb set to 0.578675 (was 0.5765600000000001)
[INFO] hw.stepgen: =human= stepgen sg-cmd-pos=0.800000 rev sg-fb-pos=0.578675 rev sg-vel=2.110000 rps sg-acc=-10.000000 rps2

=human= stepgen sg-cmd-pos=0.800000 rev sg-fb-pos=0.578675 rev sg-vel=2.110000 rps sg-acc=-10.000000 rps2

[INFO] hw.pins: Pin step.fb set to 0.5807800000000001 (was 0.578675)
Pin step.fb set to 0.5807800000000001 (was 0.578675)
[INFO] hw.stepgen: =human= stepgen sg-cmd-pos=0.800000 rev sg-fb-pos=0.580780 rev sg-vel=2.100000 rps sg-acc=-10.000000 rps2

=human= stepgen sg-cmd-pos=0.800000 rev sg-fb-pos=0.580780 rev sg-vel=2.100000 rps sg-acc=-10.000000 rps2

[INFO] hw.pins: Pin step.fb set to 0.582875 (was 0.5807800000000001)
Pin step.fb set to 0.582875 (was 0.5807800000000001)
[INFO] hw.stepgen: =human= stepgen sg-cmd-pos=0.800000 rev sg-fb-pos=0.582875 rev sg-vel=2.090000 rps sg-acc=-10.000000 rps2

=human= stepgen sg-cmd-pos=0.800000 rev sg-fb-pos=0.582875 rev sg-vel=2.090000 rps sg-acc=-10.000000 rps2

[INFO] hw.pins: Pin step.fb set to 0.58496 (was 0.582875)
Pin step.fb set to 0.58496 (was 0.582875)
[INFO] hw.stepgen: =human= stepgen sg-cmd-pos=0.800000 rev sg-fb-pos=0.584960 rev sg-vel=2.080000 rps sg-acc=-10.000000 rps2

=human= stepgen sg-cmd-pos=0.800000 rev sg-fb-pos=0.584960 rev sg-vel=2.080000 rps sg-acc=-10.000000 rps2

[INFO] hw.pins: Pin step.fb set to 0.5870350000000001 (was 0.58496)
Pin step.fb set to 0.5870350000000001 (was 0.58496)
[INFO] hw.stepgen: =human= stepgen sg-cmd-pos=0.800000 rev sg-fb-pos=0.587035 rev sg-vel=2.070000 rps sg-acc=-10.000000 rps2

=human= stepgen sg-cmd-pos=0.800000 rev sg-fb-pos=0.587035 rev sg-vel=2.070000 rps sg-acc=-10.000000 rps2

[INFO] hw.pins: Pin step.fb set to 0.5891000000000001 (was 0.5870350000000001)
Pin step.fb set to 0.5891000000000001 (was 0.5870350000000001)
[INFO] hw.stepgen: =human= stepgen sg-cmd-pos=0.800000 rev sg-fb-pos=0.589100 rev sg-vel=2.060000 rps sg-acc=-10.000000 rps2

=human= stepgen sg-cmd-pos=0.800000 rev sg-fb-pos=0.589100 rev sg-vel=2.060000 rps sg-acc=-10.000000 rps2

[INFO] hw.pins: Pin step.fb set to 0.5911550000000001 (was 0.5891000000000001)
Pin step.fb set to 0.5911550000000001 (was 0.5891000000000001)
[INFO] hw.stepgen: =human= stepgen sg-cmd-pos=0.800000 rev sg-fb-pos=0.591155 rev sg-vel=2.050000 rps sg-acc=-10.000000 rps2

=human= stepgen sg-cmd-pos=0.800000 rev sg-fb-pos=0.591155 rev sg-vel=2.050000 rps sg-acc=-10.000000 rps2

[INFO] hw.pins: Pin step.fb set to 0.5932000000000001 (was 0.5911550000000001)
Pin step.fb set to 0.5932000000000001 (was 0.5911550000000001)
[INFO] hw.stepgen: =human= stepgen sg-cmd-pos=0.800000 rev sg-fb-pos=0.593200 rev sg-vel=2.040000 rps sg-acc=-10.000000 rps2

=human= stepgen sg-cmd-pos=0.800000 rev sg-fb-pos=0.593200 rev sg-vel=2.040000 rps sg-acc=-10.000000 rps2

[INFO] hw.pins: Pin step.fb set to 0.5952350000000001 (was 0.5932000000000001)
Pin step.fb set to 0.5952350000000001 (was 0.5932000000000001)
[INFO] hw.stepgen: =human= stepgen sg-cmd-pos=0.800000 rev sg-fb-pos=0.595235 rev sg-vel=2.030000 rps sg-acc=-10.000000 rps2

=human= stepgen sg-cmd-pos=0.800000 rev sg-fb-pos=0.595235 rev sg-vel=2.030000 rps sg-acc=-10.000000 rps2

[INFO] hw.pins: Pin step.fb set to 0.5972600000000001 (was 0.5952350000000001)
Pin step.fb set to 0.5972600000000001 (was 0.5952350000000001)
[INFO] hw.stepgen: =human= stepgen sg-cmd-pos=0.800000 rev sg-fb-pos=0.597260 rev sg-vel=2.020000 rps sg-acc=-10.000000 rps2

=human= stepgen sg-cmd-pos=0.800000 rev sg-fb-pos=0.597260 rev sg-vel=2.020000 rps sg-acc=-10.000000 rps2

[INFO] hw.pins: Pin step.fb set to 0.5992750000000001 (was 0.5972600000000001)
Pin step.fb set to 0.5992750000000001 (was 0.5972600000000001)
[INFO] hw.stepgen: =human= stepgen sg-cmd-pos=0.800000 rev sg-fb-pos=0.599275 rev sg-vel=2.010000 rps sg-acc=-10.000000 rps2

=human= stepgen sg-cmd-pos=0.800000 rev sg-fb-pos=0.599275 rev sg-vel=2.010000 rps sg-acc=-10.000000 rps2

[INFO] hw.pins: Pin step.fb set to 0.6012800000000001 (was 0.5992750000000001)
Pin step.fb set to 0.6012800000000001 (was 0.5992750000000001)
[INFO] hw.stepgen: =human= stepgen sg-cmd-pos=0.800000 rev sg-fb-pos=0.601280 rev sg-vel=2.000000 rps sg-acc=-10.000000 rps2

=human= stepgen sg-cmd-pos=0.800000 rev sg-fb-pos=0.601280 rev sg-vel=2.000000 rps sg-acc=-10.000000 rps2

[INFO] hw.pins: Pin step.fb set to 0.6032750000000001 (was 0.6012800000000001)
Pin step.fb set to 0.6032750000000001 (was 0.6012800000000001)
[INFO] hw.stepgen: =human= stepgen sg-cmd-pos=0.800000 rev sg-fb-pos=0.603275 rev sg-vel=1.990000 rps sg-acc=-10.000000 rps2

=human= stepgen sg-cmd-pos=0.800000 rev sg-fb-pos=0.603275 rev sg-vel=1.990000 rps sg-acc=-10.000000 rps2

[INFO] hw.pins: Pin step.fb set to 0.6052600000000001 (was 0.6032750000000001)
Pin step.fb set to 0.6052600000000001 (was 0.6032750000000001)
[INFO] hw.stepgen: =human= stepgen sg-cmd-pos=0.800000 rev sg-fb-pos=0.605260 rev sg-vel=1.980000 rps sg-acc=-10.000000 rps2

=human= stepgen sg-cmd-pos=0.800000 rev sg-fb-pos=0.605260 rev sg-vel=1.980000 rps sg-acc=-10.000000 rps2

[INFO] hw.pins: Pin step.fb set to 0.6072350000000001 (was 0.6052600000000001)
Pin step.fb set to 0.6072350000000001 (was 0.6052600000000001)
[INFO] hw.stepgen: =human= stepgen sg-cmd-pos=0.800000 rev sg-fb-pos=0.607235 rev sg-vel=1.970000 rps sg-acc=-10.000000 rps2

=human= stepgen sg-cmd-pos=0.800000 rev sg-fb-pos=0.607235 rev sg-vel=1.970000 rps sg-acc=-10.000000 rps2

[INFO] hw.pins: Pin step.fb set to 0.6092000000000001 (was 0.6072350000000001)
Pin step.fb set to 0.6092000000000001 (was 0.6072350000000001)
[INFO] hw.stepgen: =human= stepgen sg-cmd-pos=0.800000 rev sg-fb-pos=0.609200 rev sg-vel=1.960000 rps sg-acc=-10.000000 rps2

=human= stepgen sg-cmd-pos=0.800000 rev sg-fb-pos=0.609200 rev sg-vel=1.960000 rps sg-acc=-10.000000 rps2

[INFO] hw.pins: Pin step.fb set to 0.6111550000000001 (was 0.6092000000000001)
Pin step.fb set to 0.6111550000000001 (was 0.6092000000000001)
[INFO] hw.stepgen: =human= stepgen sg-cmd-pos=0.800000 rev sg-fb-pos=0.611155 rev sg-vel=1.950000 rps sg-acc=-10.000000 rps2

=human= stepgen sg-cmd-pos=0.800000 rev sg-fb-pos=0.611155 rev sg-vel=1.950000 rps sg-acc=-10.000000 rps2

[INFO] hw.pins: Pin step.fb set to 0.6131000000000001 (was 0.6111550000000001)
Pin step.fb set to 0.6131000000000001 (was 0.6111550000000001)
[INFO] hw.stepgen: =human= stepgen sg-cmd-pos=0.800000 rev sg-fb-pos=0.613100 rev sg-vel=1.940000 rps sg-acc=-10.000000 rps2

=human= stepgen sg-cmd-pos=0.800000 rev sg-fb-pos=0.613100 rev sg-vel=1.940000 rps sg-acc=-10.000000 rps2

[INFO] hw.pins: Pin step.fb set to 0.6150350000000001 (was 0.6131000000000001)
Pin step.fb set to 0.6150350000000001 (was 0.6131000000000001)
[INFO] hw.stepgen: =human= stepgen sg-cmd-pos=0.800000 rev sg-fb-pos=0.615035 rev sg-vel=1.930000 rps sg-acc=-10.000000 rps2

=human= stepgen sg-cmd-pos=0.800000 rev sg-fb-pos=0.615035 rev sg-vel=1.930000 rps sg-acc=-10.000000 rps2

[INFO] hw.pins: Pin step.fb set to 0.6169600000000001 (was 0.6150350000000001)
Pin step.fb set to 0.6169600000000001 (was 0.6150350000000001)
[INFO] hw.stepgen: =human= stepgen sg-cmd-pos=0.800000 rev sg-fb-pos=0.616960 rev sg-vel=1.920000 rps sg-acc=-10.000000 rps2

=human= stepgen sg-cmd-pos=0.800000 rev sg-fb-pos=0.616960 rev sg-vel=1.920000 rps sg-acc=-10.000000 rps2

[INFO] hw.pins: Pin step.cmd set to 0.8999999999999999 (was 0.7999999999999999)
Pin step.cmd set to 0.8999999999999999 (was 0.7999999999999999)
[INFO] hw.pins: Pin step.fb set to 0.618885 (was 0.6169600000000001)
Pin step.fb set to 0.618885 (was 0.6169600000000001)
[INFO] hw.stepgen: =human= stepgen sg-cmd-pos=0.900000 rev sg-fb-pos=0.618885 rev sg-vel=1.930000 rps sg-acc=10.000000 rps2

=human= stepgen sg-cmd-pos=0.900000 rev sg-fb-pos=0.618885 rev sg-vel=1.930000 rps sg-acc=10.000000 rps2

[INFO] hw.stepgen: =human= stepgen event=reaim sg-cmd-pos=0.900000 rev sg-fb-pos=0.618885 rev sg-vel=1.930000 rps

=human= stepgen event=reaim sg-cmd-pos=0.900000 rev sg-fb-pos=0.618885 rev sg-vel=1.930000 rps

[INFO] hw.pins: Pin step.fb set to 0.62082 (was 0.618885)
Pin step.fb set to 0.62082 (was 0.618885)
[INFO] hw.stepgen: =human= stepgen sg-cmd-pos=0.900000 rev sg-fb-pos=0.620820 rev sg-vel=1.940000 rps sg-acc=10.000000 rps2

=human= stepgen sg-cmd-pos=0.900000 rev sg-fb-pos=0.620820 rev sg-vel=1.940000 rps sg-acc=10.000000 rps2

[INFO] hw.pins: Pin step.fb set to 0.622765 (was 0.62082)
Pin step.fb set to 0.622765 (was 0.62082)
[INFO] hw.stepgen: =human= stepgen sg-cmd-pos=0.900000 rev sg-fb-pos=0.622765 rev sg-vel=1.950000 rps sg-acc=10.000000 rps2

=human= stepgen sg-cmd-pos=0.900000 rev sg-fb-pos=0.622765 rev sg-vel=1.950000 rps sg-acc=10.000000 rps2

[INFO] hw.pins: Pin step.fb set to 0.62472 (was 0.622765)
Pin step.fb set to 0.62472 (was 0.622765)
[INFO] hw.stepgen: =human= stepgen sg-cmd-pos=0.900000 rev sg-fb-pos=0.624720 rev sg-vel=1.960000 rps sg-acc=10.000000 rps2

=human= stepgen sg-cmd-pos=0.900000 rev sg-fb-pos=0.624720 rev sg-vel=1.960000 rps sg-acc=10.000000 rps2

[INFO] hw.pins: Pin step.fb set to 0.626685 (was 0.62472)
Pin step.fb set to 0.626685 (was 0.62472)
[INFO] hw.stepgen: =human= stepgen sg-cmd-pos=0.900000 rev sg-fb-pos=0.626685 rev sg-vel=1.970000 rps sg-acc=10.000000 rps2

=human= stepgen sg-cmd-pos=0.900000 rev sg-fb-pos=0.626685 rev sg-vel=1.970000 rps sg-acc=10.000000 rps2

[INFO] hw.pins: Pin step.fb set to 0.62866 (was 0.626685)
Pin step.fb set to 0.62866 (was 0.626685)
[INFO] hw.stepgen: =human= stepgen sg-cmd-pos=0.900000 rev sg-fb-pos=0.628660 rev sg-vel=1.980000 rps sg-acc=10.000000 rps2

=human= stepgen sg-cmd-pos=0.900000 rev sg-fb-pos=0.628660 rev sg-vel=1.980000 rps sg-acc=10.000000 rps2

[INFO] hw.pins: Pin step.fb set to 0.630645 (was 0.62866)
Pin step.fb set to 0.630645 (was 0.62866)
[INFO] hw.stepgen: =human= stepgen sg-cmd-pos=0.900000 rev sg-fb-pos=0.630645 rev sg-vel=1.990000 rps sg-acc=10.000000 rps2

=human= stepgen sg-cmd-pos=0.900000 rev sg-fb-pos=0.630645 rev sg-vel=1.990000 rps sg-acc=10.000000 rps2

[INFO] hw.pins: Pin step.fb set to 0.63264 (was 0.630645)
Pin step.fb set to 0.63264 (was 0.630645)
[INFO] hw.stepgen: =human= stepgen sg-cmd-pos=0.900000 rev sg-fb-pos=0.632640 rev sg-vel=2.000000 rps sg-acc=10.000000 rps2

=human= stepgen sg-cmd-pos=0.900000 rev sg-fb-pos=0.632640 rev sg-vel=2.000000 rps sg-acc=10.000000 rps2

[INFO] hw.pins: Pin step.fb set to 0.634645 (was 0.63264)
Pin step.fb set to 0.634645 (was 0.63264)
[INFO] hw.stepgen: =human= stepgen sg-cmd-pos=0.900000 rev sg-fb-pos=0.634645 rev sg-vel=2.010000 rps sg-acc=10.000000 rps2

=human= stepgen sg-cmd-pos=0.900000 rev sg-fb-pos=0.634645 rev sg-vel=2.010000 rps sg-acc=10.000000 rps2

[INFO] hw.pins: Pin step.fb set to 0.63666 (was 0.634645)
Pin step.fb set to 0.63666 (was 0.634645)
[INFO] hw.stepgen: =human= stepgen sg-cmd-pos=0.900000 rev sg-fb-pos=0.636660 rev sg-vel=2.020000 rps sg-acc=10.000000 rps2

=human= stepgen sg-cmd-pos=0.900000 rev sg-fb-pos=0.636660 rev sg-vel=2.020000 rps sg-acc=10.000000 rps2

[INFO] hw.pins: Pin step.fb set to 0.6386850000000001 (was 0.63666)
Pin step.fb set to 0.6386850000000001 (was 0.63666)
[INFO] hw.stepgen: =human= stepgen sg-cmd-pos=0.900000 rev sg-fb-pos=0.638685 rev sg-vel=2.030000 rps sg-acc=10.000000 rps2

=human= stepgen sg-cmd-pos=0.900000 rev sg-fb-pos=0.638685 rev sg-vel=2.030000 rps sg-acc=10.000000 rps2

[INFO] hw.pins: Pin step.fb set to 0.6407200000000001 (was 0.6386850000000001)
Pin step.fb set to 0.6407200000000001 (was 0.6386850000000001)
[INFO] hw.stepgen: =human= stepgen sg-cmd-pos=0.900000 rev sg-fb-pos=0.640720 rev sg-vel=2.040000 rps sg-acc=10.000000 rps2

=human= stepgen sg-cmd-pos=0.900000 rev sg-fb-pos=0.640720 rev sg-vel=2.040000 rps sg-acc=10.000000 rps2

[INFO] hw.pins: Pin step.fb set to 0.642765 (was 0.6407200000000001)
Pin step.fb set to 0.642765 (was 0.6407200000000001)
[INFO] hw.stepgen: =human= stepgen sg-cmd-pos=0.900000 rev sg-fb-pos=0.642765 rev sg-vel=2.050000 rps sg-acc=10.000000 rps2

=human= stepgen sg-cmd-pos=0.900000 rev sg-fb-pos=0.642765 rev sg-vel=2.050000 rps sg-acc=10.000000 rps2

[INFO] hw.pins: Pin step.fb set to 0.6448200000000001 (was 0.642765)
Pin step.fb set to 0.6448200000000001 (was 0.642765)
[INFO] hw.stepgen: =human= stepgen sg-cmd-pos=0.900000 rev sg-fb-pos=0.644820 rev sg-vel=2.060000 rps sg-acc=10.000000 rps2

=human= stepgen sg-cmd-pos=0.900000 rev sg-fb-pos=0.644820 rev sg-vel=2.060000 rps sg-acc=10.000000 rps2

[INFO] hw.pins: Pin step.fb set to 0.646885 (was 0.6448200000000001)
Pin step.fb set to 0.646885 (was 0.6448200000000001)
[INFO] hw.stepgen: =human= stepgen sg-cmd-pos=0.900000 rev sg-fb-pos=0.646885 rev sg-vel=2.070000 rps sg-acc=10.000000 rps2

=human= stepgen sg-cmd-pos=0.900000 rev sg-fb-pos=0.646885 rev sg-vel=2.070000 rps sg-acc=10.000000 rps2

[INFO] hw.pins: Pin step.fb set to 0.6489600000000001 (was 0.646885)
Pin step.fb set to 0.6489600000000001 (was 0.646885)
[INFO] hw.stepgen: =human= stepgen sg-cmd-pos=0.900000 rev sg-fb-pos=0.648960 rev sg-vel=2.080000 rps sg-acc=10.000000 rps2

=human= stepgen sg-cmd-pos=0.900000 rev sg-fb-pos=0.648960 rev sg-vel=2.080000 rps sg-acc=10.000000 rps2

[INFO] hw.pins: Pin step.fb set to 0.6510450000000001 (was 0.6489600000000001)
Pin step.fb set to 0.6510450000000001 (was 0.6489600000000001)
[INFO] hw.stepgen: =human= stepgen sg-cmd-pos=0.900000 rev sg-fb-pos=0.651045 rev sg-vel=2.090000 rps sg-acc=10.000000 rps2

=human= stepgen sg-cmd-pos=0.900000 rev sg-fb-pos=0.651045 rev sg-vel=2.090000 rps sg-acc=10.000000 rps2

[INFO] hw.pins: Pin step.fb set to 0.65314 (was 0.6510450000000001)
Pin step.fb set to 0.65314 (was 0.6510450000000001)
[INFO] hw.stepgen: =human= stepgen sg-cmd-pos=0.900000 rev sg-fb-pos=0.653140 rev sg-vel=2.100000 rps sg-acc=10.000000 rps2

=human= stepgen sg-cmd-pos=0.900000 rev sg-fb-pos=0.653140 rev sg-vel=2.100000 rps sg-acc=10.000000 rps2

[INFO] hw.pins: Pin step.fb set to 0.6552450000000001 (was 0.65314)
Pin step.fb set to 0.6552450000000001 (was 0.65314)
[INFO] hw.stepgen: =human= stepgen sg-cmd-pos=0.900000 rev sg-fb-pos=0.655245 rev sg-vel=2.110000 rps sg-acc=10.000000 rps2

=human= stepgen sg-cmd-pos=0.900000 rev sg-fb-pos=0.655245 rev sg-vel=2.110000 rps sg-acc=10.000000 rps2

[INFO] hw.pins: Pin step.fb set to 0.65736 (was 0.6552450000000001)
Pin step.fb set to 0.65736 (was 0.6552450000000001)
[INFO] hw.stepgen: =human= stepgen sg-cmd-pos=0.900000 rev sg-fb-pos=0.657360 rev sg-vel=2.120000 rps sg-acc=10.000000 rps2

=human= stepgen sg-cmd-pos=0.900000 rev sg-fb-pos=0.657360 rev sg-vel=2.120000 rps sg-acc=10.000000 rps2

[INFO] hw.pins: Pin step.fb set to 0.6594850000000001 (was 0.65736)
Pin step.fb set to 0.6594850000000001 (was 0.65736)
[INFO] hw.stepgen: =human= stepgen sg-cmd-pos=0.900000 rev sg-fb-pos=0.659485 rev sg-vel=2.130000 rps sg-acc=10.000000 rps2

=human= stepgen sg-cmd-pos=0.900000 rev sg-fb-pos=0.659485 rev sg-vel=2.130000 rps sg-acc=10.000000 rps2

[INFO] hw.pins: Pin step.fb set to 0.6616200000000001 (was 0.6594850000000001)
Pin step.fb set to 0.6616200000000001 (was 0.6594850000000001)
[INFO] hw.stepgen: =human= stepgen sg-cmd-pos=0.900000 rev sg-fb-pos=0.661620 rev sg-vel=2.140000 rps sg-acc=10.000000 rps2

=human= stepgen sg-cmd-pos=0.900000 rev sg-fb-pos=0.661620 rev sg-vel=2.140000 rps sg-acc=10.000000 rps2

[INFO] hw.pins: Pin step.fb set to 0.663765 (was 0.6616200000000001)
Pin step.fb set to 0.663765 (was 0.6616200000000001)
[INFO] hw.stepgen: =human= stepgen sg-cmd-pos=0.900000 rev sg-fb-pos=0.663765 rev sg-vel=2.150000 rps sg-acc=10.000000 rps2

=human= stepgen sg-cmd-pos=0.900000 rev sg-fb-pos=0.663765 rev sg-vel=2.150000 rps sg-acc=10.000000 rps2

[INFO] hw.pins: Pin step.fb set to 0.6659200000000001 (was 0.663765)
Pin step.fb set to 0.6659200000000001 (was 0.663765)
[INFO] hw.stepgen: =human= stepgen sg-cmd-pos=0.900000 rev sg-fb-pos=0.665920 rev sg-vel=2.160000 rps sg-acc=10.000000 rps2

=human= stepgen sg-cmd-pos=0.900000 rev sg-fb-pos=0.665920 rev sg-vel=2.160000 rps sg-acc=10.000000 rps2

[INFO] hw.pins: Pin step.fb set to 0.668085 (was 0.6659200000000001)
Pin step.fb set to 0.668085 (was 0.6659200000000001)
[INFO] hw.stepgen: =human= stepgen sg-cmd-pos=0.900000 rev sg-fb-pos=0.668085 rev sg-vel=2.170000 rps sg-acc=10.000000 rps2

=human= stepgen sg-cmd-pos=0.900000 rev sg-fb-pos=0.668085 rev sg-vel=2.170000 rps sg-acc=10.000000 rps2

[INFO] hw.pins: Pin step.fb set to 0.67025 (was 0.668085)
Pin step.fb set to 0.67025 (was 0.668085)
[INFO] hw.stepgen: =human= stepgen sg-cmd-pos=0.900000 rev sg-fb-pos=0.670250 rev sg-vel=2.160000 rps sg-acc=-10.000000 rps2

=human= stepgen sg-cmd-pos=0.900000 rev sg-fb-pos=0.670250 rev sg-vel=2.160000 rps sg-acc=-10.000000 rps2

[INFO] hw.pins: Pin step.fb set to 0.672405 (was 0.67025)
Pin step.fb set to 0.672405 (was 0.67025)
[INFO] hw.stepgen: =human= stepgen sg-cmd-pos=0.900000 rev sg-fb-pos=0.672405 rev sg-vel=2.150000 rps sg-acc=-10.000000 rps2

=human= stepgen sg-cmd-pos=0.900000 rev sg-fb-pos=0.672405 rev sg-vel=2.150000 rps sg-acc=-10.000000 rps2

[INFO] hw.pins: Pin step.fb set to 0.67455 (was 0.672405)
Pin step.fb set to 0.67455 (was 0.672405)
[INFO] hw.stepgen: =human= stepgen sg-cmd-pos=0.900000 rev sg-fb-pos=0.674550 rev sg-vel=2.140000 rps sg-acc=-10.000000 rps2

=human= stepgen sg-cmd-pos=0.900000 rev sg-fb-pos=0.674550 rev sg-vel=2.140000 rps sg-acc=-10.000000 rps2

[INFO] hw.pins: Pin step.fb set to 0.676685 (was 0.67455)
Pin step.fb set to 0.676685 (was 0.67455)
[INFO] hw.stepgen: =human= stepgen sg-cmd-pos=0.900000 rev sg-fb-pos=0.676685 rev sg-vel=2.130000 rps sg-acc=-10.000000 rps2

=human= stepgen sg-cmd-pos=0.900000 rev sg-fb-pos=0.676685 rev sg-vel=2.130000 rps sg-acc=-10.000000 rps2

[INFO] hw.pins: Pin step.fb set to 0.67881 (was 0.676685)
Pin step.fb set to 0.67881 (was 0.676685)
[INFO] hw.stepgen: =human= stepgen sg-cmd-pos=0.900000 rev sg-fb-pos=0.678810 rev sg-vel=2.120000 rps sg-acc=-10.000000 rps2

=human= stepgen sg-cmd-pos=0.900000 rev sg-fb-pos=0.678810 rev sg-vel=2.120000 rps sg-acc=-10.000000 rps2

[INFO] hw.pins: Pin step.fb set to 0.680925 (was 0.67881)
Pin step.fb set to 0.680925 (was 0.67881)
[INFO] hw.stepgen: =human= stepgen sg-cmd-pos=0.900000 rev sg-fb-pos=0.680925 rev sg-vel=2.110000 rps sg-acc=-10.000000 rps2

=human= stepgen sg-cmd-pos=0.900000 rev sg-fb-pos=0.680925 rev sg-vel=2.110000 rps sg-acc=-10.000000 rps2

[INFO] hw.pins: Pin step.fb set to 0.68303 (was 0.680925)
Pin step.fb set to 0.68303 (was 0.680925)
[INFO] hw.stepgen: =human= stepgen sg-cmd-pos=0.900000 rev sg-fb-pos=0.683030 rev sg-vel=2.100000 rps sg-acc=-10.000000 rps2

=human= stepgen sg-cmd-pos=0.900000 rev sg-fb-pos=0.683030 rev sg-vel=2.100000 rps sg-acc=-10.000000 rps2

[INFO] hw.pins: Pin step.fb set to 0.685125 (was 0.68303)
Pin step.fb set to 0.685125 (was 0.68303)
[INFO] hw.stepgen: =human= stepgen sg-cmd-pos=0.900000 rev sg-fb-pos=0.685125 rev sg-vel=2.090000 rps sg-acc=-10.000000 rps2

=human= stepgen sg-cmd-pos=0.900000 rev sg-fb-pos=0.685125 rev sg-vel=2.090000 rps sg-acc=-10.000000 rps2

[INFO] hw.pins: Pin step.fb set to 0.68721 (was 0.685125)
Pin step.fb set to 0.68721 (was 0.685125)
[INFO] hw.stepgen: =human= stepgen sg-cmd-pos=0.900000 rev sg-fb-pos=0.687210 rev sg-vel=2.080000 rps sg-acc=-10.000000 rps2

=human= stepgen sg-cmd-pos=0.900000 rev sg-fb-pos=0.687210 rev sg-vel=2.080000 rps sg-acc=-10.000000 rps2

[INFO] hw.pins: Pin step.fb set to 0.689285 (was 0.68721)
Pin step.fb set to 0.689285 (was 0.68721)
[INFO] hw.stepgen: =human= stepgen sg-cmd-pos=0.900000 rev sg-fb-pos=0.689285 rev sg-vel=2.070000 rps sg-acc=-10.000000 rps2

=human= stepgen sg-cmd-pos=0.900000 rev sg-fb-pos=0.689285 rev sg-vel=2.070000 rps sg-acc=-10.000000 rps2

[INFO] hw.pins: Pin step.fb set to 0.69135 (was 0.689285)
Pin step.fb set to 0.69135 (was 0.689285)
[INFO] hw.stepgen: =human= stepgen sg-cmd-pos=0.900000 rev sg-fb-pos=0.691350 rev sg-vel=2.060000 rps sg-acc=-10.000000 rps2

=human= stepgen sg-cmd-pos=0.900000 rev sg-fb-pos=0.691350 rev sg-vel=2.060000 rps sg-acc=-10.000000 rps2

[INFO] hw.pins: Pin step.fb set to 0.693405 (was 0.69135)
Pin step.fb set to 0.693405 (was 0.69135)
[INFO] hw.stepgen: =human= stepgen sg-cmd-pos=0.900000 rev sg-fb-pos=0.693405 rev sg-vel=2.050000 rps sg-acc=-10.000000 rps2

=human= stepgen sg-cmd-pos=0.900000 rev sg-fb-pos=0.693405 rev sg-vel=2.050000 rps sg-acc=-10.000000 rps2

[INFO] hw.pins: Pin step.fb set to 0.69545 (was 0.693405)
Pin step.fb set to 0.69545 (was 0.693405)
[INFO] hw.stepgen: =human= stepgen sg-cmd-pos=0.900000 rev sg-fb-pos=0.695450 rev sg-vel=2.040000 rps sg-acc=-10.000000 rps2

=human= stepgen sg-cmd-pos=0.900000 rev sg-fb-pos=0.695450 rev sg-vel=2.040000 rps sg-acc=-10.000000 rps2

[INFO] hw.pins: Pin step.fb set to 0.697485 (was 0.69545)
Pin step.fb set to 0.697485 (was 0.69545)
[INFO] hw.stepgen: =human= stepgen sg-cmd-pos=0.900000 rev sg-fb-pos=0.697485 rev sg-vel=2.030000 rps sg-acc=-10.000000 rps2

=human= stepgen sg-cmd-pos=0.900000 rev sg-fb-pos=0.697485 rev sg-vel=2.030000 rps sg-acc=-10.000000 rps2

[INFO] hw.pins: Pin step.fb set to 0.6995100000000001 (was 0.697485)
Pin step.fb set to 0.6995100000000001 (was 0.697485)
[INFO] hw.stepgen: =human= stepgen sg-cmd-pos=0.900000 rev sg-fb-pos=0.699510 rev sg-vel=2.020000 rps sg-acc=-10.000000 rps2

=human= stepgen sg-cmd-pos=0.900000 rev sg-fb-pos=0.699510 rev sg-vel=2.020000 rps sg-acc=-10.000000 rps2

[INFO] hw.pins: Pin step.fb set to 0.7015250000000001 (was 0.6995100000000001)
Pin step.fb set to 0.7015250000000001 (was 0.6995100000000001)
[INFO] hw.stepgen: =human= stepgen sg-cmd-pos=0.900000 rev sg-fb-pos=0.701525 rev sg-vel=2.010000 rps sg-acc=-10.000000 rps2

=human= stepgen sg-cmd-pos=0.900000 rev sg-fb-pos=0.701525 rev sg-vel=2.010000 rps sg-acc=-10.000000 rps2

[INFO] hw.pins: Pin step.fb set to 0.7035300000000001 (was 0.7015250000000001)
Pin step.fb set to 0.7035300000000001 (was 0.7015250000000001)
[INFO] hw.stepgen: =human= stepgen sg-cmd-pos=0.900000 rev sg-fb-pos=0.703530 rev sg-vel=2.000000 rps sg-acc=-10.000000 rps2

=human= stepgen sg-cmd-pos=0.900000 rev sg-fb-pos=0.703530 rev sg-vel=2.000000 rps sg-acc=-10.000000 rps2

[INFO] hw.pins: Pin step.fb set to 0.7055250000000001 (was 0.7035300000000001)
Pin step.fb set to 0.7055250000000001 (was 0.7035300000000001)
[INFO] hw.stepgen: =human= stepgen sg-cmd-pos=0.900000 rev sg-fb-pos=0.705525 rev sg-vel=1.990000 rps sg-acc=-10.000000 rps2

=human= stepgen sg-cmd-pos=0.900000 rev sg-fb-pos=0.705525 rev sg-vel=1.990000 rps sg-acc=-10.000000 rps2

[INFO] hw.pins: Pin step.fb set to 0.7075100000000001 (was 0.7055250000000001)
Pin step.fb set to 0.7075100000000001 (was 0.7055250000000001)
[INFO] hw.stepgen: =human= stepgen sg-cmd-pos=0.900000 rev sg-fb-pos=0.707510 rev sg-vel=1.980000 rps sg-acc=-10.000000 rps2

=human= stepgen sg-cmd-pos=0.900000 rev sg-fb-pos=0.707510 rev sg-vel=1.980000 rps sg-acc=-10.000000 rps2

[INFO] hw.pins: Pin step.fb set to 0.709485 (was 0.7075100000000001)
Pin step.fb set to 0.709485 (was 0.7075100000000001)
[INFO] hw.stepgen: =human= stepgen sg-cmd-pos=0.900000 rev sg-fb-pos=0.709485 rev sg-vel=1.970000 rps sg-acc=-10.000000 rps2

=human= stepgen sg-cmd-pos=0.900000 rev sg-fb-pos=0.709485 rev sg-vel=1.970000 rps sg-acc=-10.000000 rps2

[INFO] hw.pins: Pin step.fb set to 0.71145 (was 0.709485)
Pin step.fb set to 0.71145 (was 0.709485)
[INFO] hw.stepgen: =human= stepgen sg-cmd-pos=0.900000 rev sg-fb-pos=0.711450 rev sg-vel=1.960000 rps sg-acc=-10.000000 rps2

=human= stepgen sg-cmd-pos=0.900000 rev sg-fb-pos=0.711450 rev sg-vel=1.960000 rps sg-acc=-10.000000 rps2

[INFO] hw.pins: Pin step.fb set to 0.7134050000000001 (was 0.71145)
Pin step.fb set to 0.7134050000000001 (was 0.71145)
[INFO] hw.stepgen: =human= stepgen sg-cmd-pos=0.900000 rev sg-fb-pos=0.713405 rev sg-vel=1.950000 rps sg-acc=-10.000000 rps2

=human= stepgen sg-cmd-pos=0.900000 rev sg-fb-pos=0.713405 rev sg-vel=1.950000 rps sg-acc=-10.000000 rps2

[INFO] hw.pins: Pin step.fb set to 0.71535 (was 0.7134050000000001)
Pin step.fb set to 0.71535 (was 0.7134050000000001)
[INFO] hw.stepgen: =human= stepgen sg-cmd-pos=0.900000 rev sg-fb-pos=0.715350 rev sg-vel=1.940000 rps sg-acc=-10.000000 rps2

=human= stepgen sg-cmd-pos=0.900000 rev sg-fb-pos=0.715350 rev sg-vel=1.940000 rps sg-acc=-10.000000 rps2

[INFO] hw.pins: Pin step.fb set to 0.7172850000000001 (was 0.71535)
Pin step.fb set to 0.7172850000000001 (was 0.71535)
[INFO] hw.stepgen: =human= stepgen sg-cmd-pos=0.900000 rev sg-fb-pos=0.717285 rev sg-vel=1.930000 rps sg-acc=-10.000000 rps2

=human= stepgen sg-cmd-pos=0.900000 rev sg-fb-pos=0.717285 rev sg-vel=1.930000 rps sg-acc=-10.000000 rps2

[INFO] hw.pins: Pin step.fb set to 0.71921 (was 0.7172850000000001)
Pin step.fb set to 0.71921 (was 0.7172850000000001)
[INFO] hw.stepgen: =human= stepgen sg-cmd-pos=0.900000 rev sg-fb-pos=0.719210 rev sg-vel=1.920000 rps sg-acc=-10.000000 rps2

=human= stepgen sg-cmd-pos=0.900000 rev sg-fb-pos=0.719210 rev sg-vel=1.920000 rps sg-acc=-10.000000 rps2

[INFO] hw.pins: Pin step.cmd set to 0.9999999999999999 (was 0.8999999999999999)
Pin step.cmd set to 0.9999999999999999 (was 0.8999999999999999)
[INFO] hw.pins: Pin step.fb set to 0.721135 (was 0.71921)
Pin step.fb set to 0.721135 (was 0.71921)
[INFO] hw.stepgen: =human= stepgen sg-cmd-pos=1.000000 rev sg-fb-pos=0.721135 rev sg-vel=1.930000 rps sg-acc=10.000000 rps2

=human= stepgen sg-cmd-pos=1.000000 rev sg-fb-pos=0.721135 rev sg-vel=1.930000 rps sg-acc=10.000000 rps2

[INFO] hw.stepgen: =human= stepgen event=reaim sg-cmd-pos=1.000000 rev sg-fb-pos=0.721135 rev sg-vel=1.930000 rps

=human= stepgen event=reaim sg-cmd-pos=1.000000 rev sg-fb-pos=0.721135 rev sg-vel=1.930000 rps

[INFO] hw.pins: Pin step.fb set to 0.72307 (was 0.721135)
Pin step.fb set to 0.72307 (was 0.721135)
[INFO] hw.stepgen: =human= stepgen sg-cmd-pos=1.000000 rev sg-fb-pos=0.723070 rev sg-vel=1.940000 rps sg-acc=10.000000 rps2

=human= stepgen sg-cmd-pos=1.000000 rev sg-fb-pos=0.723070 rev sg-vel=1.940000 rps sg-acc=10.000000 rps2

[INFO] hw.pins: Pin step.fb set to 0.725015 (was 0.72307)
Pin step.fb set to 0.725015 (was 0.72307)
[INFO] hw.stepgen: =human= stepgen sg-cmd-pos=1.000000 rev sg-fb-pos=0.725015 rev sg-vel=1.950000 rps sg-acc=10.000000 rps2

=human= stepgen sg-cmd-pos=1.000000 rev sg-fb-pos=0.725015 rev sg-vel=1.950000 rps sg-acc=10.000000 rps2

[INFO] hw.pins: Pin step.fb set to 0.72697 (was 0.725015)
Pin step.fb set to 0.72697 (was 0.725015)
[INFO] hw.stepgen: =human= stepgen sg-cmd-pos=1.000000 rev sg-fb-pos=0.726970 rev sg-vel=1.960000 rps sg-acc=10.000000 rps2

=human= stepgen sg-cmd-pos=1.000000 rev sg-fb-pos=0.726970 rev sg-vel=1.960000 rps sg-acc=10.000000 rps2

[INFO] hw.pins: Pin step.fb set to 0.728935 (was 0.72697)
Pin step.fb set to 0.728935 (was 0.72697)
[INFO] hw.stepgen: =human= stepgen sg-cmd-pos=1.000000 rev sg-fb-pos=0.728935 rev sg-vel=1.970000 rps sg-acc=10.000000 rps2

=human= stepgen sg-cmd-pos=1.000000 rev sg-fb-pos=0.728935 rev sg-vel=1.970000 rps sg-acc=10.000000 rps2

[INFO] hw.pins: Pin step.fb set to 0.73091 (was 0.728935)
Pin step.fb set to 0.73091 (was 0.728935)
[INFO] hw.stepgen: =human= stepgen sg-cmd-pos=1.000000 rev sg-fb-pos=0.730910 rev sg-vel=1.980000 rps sg-acc=10.000000 rps2

=human= stepgen sg-cmd-pos=1.000000 rev sg-fb-pos=0.730910 rev sg-vel=1.980000 rps sg-acc=10.000000 rps2

[INFO] hw.pins: Pin step.fb set to 0.732895 (was 0.73091)
Pin step.fb set to 0.732895 (was 0.73091)
[INFO] hw.stepgen: =human= stepgen sg-cmd-pos=1.000000 rev sg-fb-pos=0.732895 rev sg-vel=1.990000 rps sg-acc=10.000000 rps2

=human= stepgen sg-cmd-pos=1.000000 rev sg-fb-pos=0.732895 rev sg-vel=1.990000 rps sg-acc=10.000000 rps2

[INFO] hw.pins: Pin step.fb set to 0.7348899999999999 (was 0.732895)
Pin step.fb set to 0.7348899999999999 (was 0.732895)
[INFO] hw.stepgen: =human= stepgen sg-cmd-pos=1.000000 rev sg-fb-pos=0.734890 rev sg-vel=2.000000 rps sg-acc=10.000000 rps2

=human= stepgen sg-cmd-pos=1.000000 rev sg-fb-pos=0.734890 rev sg-vel=2.000000 rps sg-acc=10.000000 rps2

[INFO] hw.pins: Pin step.fb set to 0.736895 (was 0.7348899999999999)
Pin step.fb set to 0.736895 (was 0.7348899999999999)
[INFO] hw.stepgen: =human= stepgen sg-cmd-pos=1.000000 rev sg-fb-pos=0.736895 rev sg-vel=2.010000 rps sg-acc=10.000000 rps2

=human= stepgen sg-cmd-pos=1.000000 rev sg-fb-pos=0.736895 rev sg-vel=2.010000 rps sg-acc=10.000000 rps2

[INFO] hw.pins: Pin step.fb set to 0.73891 (was 0.736895)
Pin step.fb set to 0.73891 (was 0.736895)
[INFO] hw.stepgen: =human= stepgen sg-cmd-pos=1.000000 rev sg-fb-pos=0.738910 rev sg-vel=2.020000 rps sg-acc=10.000000 rps2

=human= stepgen sg-cmd-pos=1.000000 rev sg-fb-pos=0.738910 rev sg-vel=2.020000 rps sg-acc=10.000000 rps2

[INFO] hw.pins: Pin step.fb set to 0.740935 (was 0.73891)
Pin step.fb set to 0.740935 (was 0.73891)
[INFO] hw.stepgen: =human= stepgen sg-cmd-pos=1.000000 rev sg-fb-pos=0.740935 rev sg-vel=2.030000 rps sg-acc=10.000000 rps2

=human= stepgen sg-cmd-pos=1.000000 rev sg-fb-pos=0.740935 rev sg-vel=2.030000 rps sg-acc=10.000000 rps2

[INFO] hw.pins: Pin step.fb set to 0.74297 (was 0.740935)
Pin step.fb set to 0.74297 (was 0.740935)
[INFO] hw.stepgen: =human= stepgen sg-cmd-pos=1.000000 rev sg-fb-pos=0.742970 rev sg-vel=2.040000 rps sg-acc=10.000000 rps2

=human= stepgen sg-cmd-pos=1.000000 rev sg-fb-pos=0.742970 rev sg-vel=2.040000 rps sg-acc=10.000000 rps2

[INFO] hw.pins: Pin step.fb set to 0.745015 (was 0.74297)
Pin step.fb set to 0.745015 (was 0.74297)
[INFO] hw.stepgen: =human= stepgen sg-cmd-pos=1.000000 rev sg-fb-pos=0.745015 rev sg-vel=2.050000 rps sg-acc=10.000000 rps2

=human= stepgen sg-cmd-pos=1.000000 rev sg-fb-pos=0.745015 rev sg-vel=2.050000 rps sg-acc=10.000000 rps2

[INFO] hw.pins: Pin step.fb set to 0.74707 (was 0.745015)
Pin step.fb set to 0.74707 (was 0.745015)
[INFO] hw.stepgen: =human= stepgen sg-cmd-pos=1.000000 rev sg-fb-pos=0.747070 rev sg-vel=2.060000 rps sg-acc=10.000000 rps2

=human= stepgen sg-cmd-pos=1.000000 rev sg-fb-pos=0.747070 rev sg-vel=2.060000 rps sg-acc=10.000000 rps2

[INFO] hw.pins: Pin step.fb set to 0.749135 (was 0.74707)
Pin step.fb set to 0.749135 (was 0.74707)
[INFO] hw.stepgen: =human= stepgen sg-cmd-pos=1.000000 rev sg-fb-pos=0.749135 rev sg-vel=2.070000 rps sg-acc=10.000000 rps2

=human= stepgen sg-cmd-pos=1.000000 rev sg-fb-pos=0.749135 rev sg-vel=2.070000 rps sg-acc=10.000000 rps2

[INFO] hw.pins: Pin step.fb set to 0.75121 (was 0.749135)
Pin step.fb set to 0.75121 (was 0.749135)
[INFO] hw.stepgen: =human= stepgen sg-cmd-pos=1.000000 rev sg-fb-pos=0.751210 rev sg-vel=2.080000 rps sg-acc=10.000000 rps2

=human= stepgen sg-cmd-pos=1.000000 rev sg-fb-pos=0.751210 rev sg-vel=2.080000 rps sg-acc=10.000000 rps2

[INFO] hw.pins: Pin step.fb set to 0.753295 (was 0.75121)
Pin step.fb set to 0.753295 (was 0.75121)
[INFO] hw.stepgen: =human= stepgen sg-cmd-pos=1.000000 rev sg-fb-pos=0.753295 rev sg-vel=2.090000 rps sg-acc=10.000000 rps2

=human= stepgen sg-cmd-pos=1.000000 rev sg-fb-pos=0.753295 rev sg-vel=2.090000 rps sg-acc=10.000000 rps2

[INFO] hw.pins: Pin step.fb set to 0.75539 (was 0.753295)
Pin step.fb set to 0.75539 (was 0.753295)
[INFO] hw.stepgen: =human= stepgen sg-cmd-pos=1.000000 rev sg-fb-pos=0.755390 rev sg-vel=2.100000 rps sg-acc=10.000000 rps2

=human= stepgen sg-cmd-pos=1.000000 rev sg-fb-pos=0.755390 rev sg-vel=2.100000 rps sg-acc=10.000000 rps2

[INFO] hw.pins: Pin step.fb set to 0.757495 (was 0.75539)
Pin step.fb set to 0.757495 (was 0.75539)
[INFO] hw.stepgen: =human= stepgen sg-cmd-pos=1.000000 rev sg-fb-pos=0.757495 rev sg-vel=2.110000 rps sg-acc=10.000000 rps2

=human= stepgen sg-cmd-pos=1.000000 rev sg-fb-pos=0.757495 rev sg-vel=2.110000 rps sg-acc=10.000000 rps2

[INFO] hw.pins: Pin step.fb set to 0.75961 (was 0.757495)
Pin step.fb set to 0.75961 (was 0.757495)
[INFO] hw.stepgen: =human= stepgen sg-cmd-pos=1.000000 rev sg-fb-pos=0.759610 rev sg-vel=2.120000 rps sg-acc=10.000000 rps2

=human= stepgen sg-cmd-pos=1.000000 rev sg-fb-pos=0.759610 rev sg-vel=2.120000 rps sg-acc=10.000000 rps2

[INFO] hw.pins: Pin step.fb set to 0.761735 (was 0.75961)
Pin step.fb set to 0.761735 (was 0.75961)
[INFO] hw.stepgen: =human= stepgen sg-cmd-pos=1.000000 rev sg-fb-pos=0.761735 rev sg-vel=2.130000 rps sg-acc=10.000000 rps2

=human= stepgen sg-cmd-pos=1.000000 rev sg-fb-pos=0.761735 rev sg-vel=2.130000 rps sg-acc=10.000000 rps2

[INFO] hw.pins: Pin step.fb set to 0.76387 (was 0.761735)
Pin step.fb set to 0.76387 (was 0.761735)
[INFO] hw.stepgen: =human= stepgen sg-cmd-pos=1.000000 rev sg-fb-pos=0.763870 rev sg-vel=2.140000 rps sg-acc=10.000000 rps2

=human= stepgen sg-cmd-pos=1.000000 rev sg-fb-pos=0.763870 rev sg-vel=2.140000 rps sg-acc=10.000000 rps2

[INFO] hw.pins: Pin step.fb set to 0.766015 (was 0.76387)
Pin step.fb set to 0.766015 (was 0.76387)
[INFO] hw.stepgen: =human= stepgen sg-cmd-pos=1.000000 rev sg-fb-pos=0.766015 rev sg-vel=2.150000 rps sg-acc=10.000000 rps2

=human= stepgen sg-cmd-pos=1.000000 rev sg-fb-pos=0.766015 rev sg-vel=2.150000 rps sg-acc=10.000000 rps2

[INFO] hw.pins: Pin step.fb set to 0.76817 (was 0.766015)
Pin step.fb set to 0.76817 (was 0.766015)
[INFO] hw.stepgen: =human= stepgen sg-cmd-pos=1.000000 rev sg-fb-pos=0.768170 rev sg-vel=2.160000 rps sg-acc=10.000000 rps2

=human= stepgen sg-cmd-pos=1.000000 rev sg-fb-pos=0.768170 rev sg-vel=2.160000 rps sg-acc=10.000000 rps2

[INFO] hw.pins: Pin step.fb set to 0.770325 (was 0.76817)
Pin step.fb set to 0.770325 (was 0.76817)
[INFO] hw.stepgen: =human= stepgen sg-cmd-pos=1.000000 rev sg-fb-pos=0.770325 rev sg-vel=2.150000 rps sg-acc=-10.000000 rps2

=human= stepgen sg-cmd-pos=1.000000 rev sg-fb-pos=0.770325 rev sg-vel=2.150000 rps sg-acc=-10.000000 rps2

[INFO] hw.pins: Pin step.fb set to 0.77247 (was 0.770325)
Pin step.fb set to 0.77247 (was 0.770325)
[INFO] hw.stepgen: =human= stepgen sg-cmd-pos=1.000000 rev sg-fb-pos=0.772470 rev sg-vel=2.140000 rps sg-acc=-10.000000 rps2

=human= stepgen sg-cmd-pos=1.000000 rev sg-fb-pos=0.772470 rev sg-vel=2.140000 rps sg-acc=-10.000000 rps2

[INFO] hw.pins: Pin step.fb set to 0.774605 (was 0.77247)
Pin step.fb set to 0.774605 (was 0.77247)
[INFO] hw.stepgen: =human= stepgen sg-cmd-pos=1.000000 rev sg-fb-pos=0.774605 rev sg-vel=2.130000 rps sg-acc=-10.000000 rps2

=human= stepgen sg-cmd-pos=1.000000 rev sg-fb-pos=0.774605 rev sg-vel=2.130000 rps sg-acc=-10.000000 rps2

[INFO] hw.pins: Pin step.fb set to 0.77673 (was 0.774605)
Pin step.fb set to 0.77673 (was 0.774605)
[INFO] hw.stepgen: =human= stepgen sg-cmd-pos=1.000000 rev sg-fb-pos=0.776730 rev sg-vel=2.120000 rps sg-acc=-10.000000 rps2

=human= stepgen sg-cmd-pos=1.000000 rev sg-fb-pos=0.776730 rev sg-vel=2.120000 rps sg-acc=-10.000000 rps2

[INFO] hw.pins: Pin step.fb set to 0.778845 (was 0.77673)
Pin step.fb set to 0.778845 (was 0.77673)
[INFO] hw.stepgen: =human= stepgen sg-cmd-pos=1.000000 rev sg-fb-pos=0.778845 rev sg-vel=2.110000 rps sg-acc=-10.000000 rps2

=human= stepgen sg-cmd-pos=1.000000 rev sg-fb-pos=0.778845 rev sg-vel=2.110000 rps sg-acc=-10.000000 rps2

[INFO] hw.pins: Pin step.fb set to 0.78095 (was 0.778845)
Pin step.fb set to 0.78095 (was 0.778845)
[INFO] hw.stepgen: =human= stepgen sg-cmd-pos=1.000000 rev sg-fb-pos=0.780950 rev sg-vel=2.100000 rps sg-acc=-10.000000 rps2

=human= stepgen sg-cmd-pos=1.000000 rev sg-fb-pos=0.780950 rev sg-vel=2.100000 rps sg-acc=-10.000000 rps2

[INFO] hw.pins: Pin step.fb set to 0.783045 (was 0.78095)
Pin step.fb set to 0.783045 (was 0.78095)
[INFO] hw.stepgen: =human= stepgen sg-cmd-pos=1.000000 rev sg-fb-pos=0.783045 rev sg-vel=2.090000 rps sg-acc=-10.000000 rps2

=human= stepgen sg-cmd-pos=1.000000 rev sg-fb-pos=0.783045 rev sg-vel=2.090000 rps sg-acc=-10.000000 rps2

[INFO] hw.pins: Pin step.fb set to 0.78513 (was 0.783045)
Pin step.fb set to 0.78513 (was 0.783045)
[INFO] hw.stepgen: =human= stepgen sg-cmd-pos=1.000000 rev sg-fb-pos=0.785130 rev sg-vel=2.080000 rps sg-acc=-10.000000 rps2

=human= stepgen sg-cmd-pos=1.000000 rev sg-fb-pos=0.785130 rev sg-vel=2.080000 rps sg-acc=-10.000000 rps2

[INFO] hw.pins: Pin step.fb set to 0.787205 (was 0.78513)
Pin step.fb set to 0.787205 (was 0.78513)
[INFO] hw.stepgen: =human= stepgen sg-cmd-pos=1.000000 rev sg-fb-pos=0.787205 rev sg-vel=2.070000 rps sg-acc=-10.000000 rps2

=human= stepgen sg-cmd-pos=1.000000 rev sg-fb-pos=0.787205 rev sg-vel=2.070000 rps sg-acc=-10.000000 rps2

[INFO] hw.pins: Pin step.fb set to 0.78927 (was 0.787205)
Pin step.fb set to 0.78927 (was 0.787205)
[INFO] hw.stepgen: =human= stepgen sg-cmd-pos=1.000000 rev sg-fb-pos=0.789270 rev sg-vel=2.060000 rps sg-acc=-10.000000 rps2

=human= stepgen sg-cmd-pos=1.000000 rev sg-fb-pos=0.789270 rev sg-vel=2.060000 rps sg-acc=-10.000000 rps2

[INFO] hw.pins: Pin step.fb set to 0.7913250000000001 (was 0.78927)
Pin step.fb set to 0.7913250000000001 (was 0.78927)
[INFO] hw.stepgen: =human= stepgen sg-cmd-pos=1.000000 rev sg-fb-pos=0.791325 rev sg-vel=2.050000 rps sg-acc=-10.000000 rps2

=human= stepgen sg-cmd-pos=1.000000 rev sg-fb-pos=0.791325 rev sg-vel=2.050000 rps sg-acc=-10.000000 rps2

[INFO] hw.pins: Pin step.fb set to 0.79337 (was 0.7913250000000001)
Pin step.fb set to 0.79337 (was 0.7913250000000001)
[INFO] hw.stepgen: =human= stepgen sg-cmd-pos=1.000000 rev sg-fb-pos=0.793370 rev sg-vel=2.040000 rps sg-acc=-10.000000 rps2

=human= stepgen sg-cmd-pos=1.000000 rev sg-fb-pos=0.793370 rev sg-vel=2.040000 rps sg-acc=-10.000000 rps2

[INFO] hw.pins: Pin step.fb set to 0.795405 (was 0.79337)
Pin step.fb set to 0.795405 (was 0.79337)
[INFO] hw.stepgen: =human= stepgen sg-cmd-pos=1.000000 rev sg-fb-pos=0.795405 rev sg-vel=2.030000 rps sg-acc=-10.000000 rps2

=human= stepgen sg-cmd-pos=1.000000 rev sg-fb-pos=0.795405 rev sg-vel=2.030000 rps sg-acc=-10.000000 rps2

[INFO] hw.pins: Pin step.fb set to 0.7974300000000001 (was 0.795405)
Pin step.fb set to 0.7974300000000001 (was 0.795405)
[INFO] hw.stepgen: =human= stepgen sg-cmd-pos=1.000000 rev sg-fb-pos=0.797430 rev sg-vel=2.020000 rps sg-acc=-10.000000 rps2

=human= stepgen sg-cmd-pos=1.000000 rev sg-fb-pos=0.797430 rev sg-vel=2.020000 rps sg-acc=-10.000000 rps2

[INFO] hw.pins: Pin step.fb set to 0.7994450000000001 (was 0.7974300000000001)
Pin step.fb set to 0.7994450000000001 (was 0.7974300000000001)
[INFO] hw.stepgen: =human= stepgen sg-cmd-pos=1.000000 rev sg-fb-pos=0.799445 rev sg-vel=2.010000 rps sg-acc=-10.000000 rps2

=human= stepgen sg-cmd-pos=1.000000 rev sg-fb-pos=0.799445 rev sg-vel=2.010000 rps sg-acc=-10.000000 rps2

[INFO] hw.pins: Pin step.fb set to 0.8014500000000001 (was 0.7994450000000001)
Pin step.fb set to 0.8014500000000001 (was 0.7994450000000001)
[INFO] hw.stepgen: =human= stepgen sg-cmd-pos=1.000000 rev sg-fb-pos=0.801450 rev sg-vel=2.000000 rps sg-acc=-10.000000 rps2

=human= stepgen sg-cmd-pos=1.000000 rev sg-fb-pos=0.801450 rev sg-vel=2.000000 rps sg-acc=-10.000000 rps2

[INFO] hw.pins: Pin step.fb set to 0.8034450000000001 (was 0.8014500000000001)
Pin step.fb set to 0.8034450000000001 (was 0.8014500000000001)
[INFO] hw.stepgen: =human= stepgen sg-cmd-pos=1.000000 rev sg-fb-pos=0.803445 rev sg-vel=1.990000 rps sg-acc=-10.000000 rps2

=human= stepgen sg-cmd-pos=1.000000 rev sg-fb-pos=0.803445 rev sg-vel=1.990000 rps sg-acc=-10.000000 rps2

[INFO] hw.pins: Pin step.fb set to 0.8054300000000001 (was 0.8034450000000001)
Pin step.fb set to 0.8054300000000001 (was 0.8034450000000001)
[INFO] hw.stepgen: =human= stepgen sg-cmd-pos=1.000000 rev sg-fb-pos=0.805430 rev sg-vel=1.980000 rps sg-acc=-10.000000 rps2

=human= stepgen sg-cmd-pos=1.000000 rev sg-fb-pos=0.805430 rev sg-vel=1.980000 rps sg-acc=-10.000000 rps2

[INFO] hw.pins: Pin step.fb set to 0.807405 (was 0.8054300000000001)
Pin step.fb set to 0.807405 (was 0.8054300000000001)
[INFO] hw.stepgen: =human= stepgen sg-cmd-pos=1.000000 rev sg-fb-pos=0.807405 rev sg-vel=1.970000 rps sg-acc=-10.000000 rps2

=human= stepgen sg-cmd-pos=1.000000 rev sg-fb-pos=0.807405 rev sg-vel=1.970000 rps sg-acc=-10.000000 rps2

[INFO] hw.pins: Pin step.fb set to 0.80937 (was 0.807405)
Pin step.fb set to 0.80937 (was 0.807405)
[INFO] hw.stepgen: =human= stepgen sg-cmd-pos=1.000000 rev sg-fb-pos=0.809370 rev sg-vel=1.960000 rps sg-acc=-10.000000 rps2

=human= stepgen sg-cmd-pos=1.000000 rev sg-fb-pos=0.809370 rev sg-vel=1.960000 rps sg-acc=-10.000000 rps2

[INFO] hw.pins: Pin step.fb set to 0.8113250000000001 (was 0.80937)
Pin step.fb set to 0.8113250000000001 (was 0.80937)
[INFO] hw.stepgen: =human= stepgen sg-cmd-pos=1.000000 rev sg-fb-pos=0.811325 rev sg-vel=1.950000 rps sg-acc=-10.000000 rps2

=human= stepgen sg-cmd-pos=1.000000 rev sg-fb-pos=0.811325 rev sg-vel=1.950000 rps sg-acc=-10.000000 rps2

[INFO] hw.pins: Pin step.fb set to 0.81327 (was 0.8113250000000001)
Pin step.fb set to 0.81327 (was 0.8113250000000001)
[INFO] hw.stepgen: =human= stepgen sg-cmd-pos=1.000000 rev sg-fb-pos=0.813270 rev sg-vel=1.940000 rps sg-acc=-10.000000 rps2

=human= stepgen sg-cmd-pos=1.000000 rev sg-fb-pos=0.813270 rev sg-vel=1.940000 rps sg-acc=-10.000000 rps2

[INFO] hw.pins: Pin step.fb set to 0.8152050000000001 (was 0.81327)
Pin step.fb set to 0.8152050000000001 (was 0.81327)
[INFO] hw.stepgen: =human= stepgen sg-cmd-pos=1.000000 rev sg-fb-pos=0.815205 rev sg-vel=1.930000 rps sg-acc=-10.000000 rps2

=human= stepgen sg-cmd-pos=1.000000 rev sg-fb-pos=0.815205 rev sg-vel=1.930000 rps sg-acc=-10.000000 rps2

[INFO] hw.pins: Pin step.fb set to 0.81713 (was 0.8152050000000001)
Pin step.fb set to 0.81713 (was 0.8152050000000001)
[INFO] hw.stepgen: =human= stepgen sg-cmd-pos=1.000000 rev sg-fb-pos=0.817130 rev sg-vel=1.920000 rps sg-acc=-10.000000 rps2

=human= stepgen sg-cmd-pos=1.000000 rev sg-fb-pos=0.817130 rev sg-vel=1.920000 rps sg-acc=-10.000000 rps2

[INFO] hw.pins: Pin step.fb set to 0.819045 (was 0.81713)
Pin step.fb set to 0.819045 (was 0.81713)
[INFO] hw.stepgen: =human= stepgen sg-cmd-pos=1.000000 rev sg-fb-pos=0.819045 rev sg-vel=1.910000 rps sg-acc=-10.000000 rps2

=human= stepgen sg-cmd-pos=1.000000 rev sg-fb-pos=0.819045 rev sg-vel=1.910000 rps sg-acc=-10.000000 rps2

[INFO] hw.pins: Pin step.fb set to 0.8209500000000001 (was 0.819045)
Pin step.fb set to 0.8209500000000001 (was 0.819045)
[INFO] hw.stepgen: =human= stepgen sg-cmd-pos=1.000000 rev sg-fb-pos=0.820950 rev sg-vel=1.900000 rps sg-acc=-10.000000 rps2

=human= stepgen sg-cmd-pos=1.000000 rev sg-fb-pos=0.820950 rev sg-vel=1.900000 rps sg-acc=-10.000000 rps2

[INFO] hw.pins: Pin step.cmd set to 1.0999999999999999 (was 0.9999999999999999)
Pin step.cmd set to 1.0999999999999999 (was 0.9999999999999999)
[INFO] hw.pins: Pin step.fb set to 0.8228550000000001 (was 0.8209500000000001)
Pin step.fb set to 0.8228550000000001 (was 0.8209500000000001)
[INFO] hw.stepgen: =human= stepgen sg-cmd-pos=1.100000 rev sg-fb-pos=0.822855 rev sg-vel=1.910000 rps sg-acc=10.000000 rps2

=human= stepgen sg-cmd-pos=1.100000 rev sg-fb-pos=0.822855 rev sg-vel=1.910000 rps sg-acc=10.000000 rps2

[INFO] hw.stepgen: =human= stepgen event=reaim sg-cmd-pos=1.100000 rev sg-fb-pos=0.822855 rev sg-vel=1.910000 rps

=human= stepgen event=reaim sg-cmd-pos=1.100000 rev sg-fb-pos=0.822855 rev sg-vel=1.910000 rps

[INFO] hw.pins: Pin step.fb set to 0.8247700000000001 (was 0.8228550000000001)
Pin step.fb set to 0.8247700000000001 (was 0.8228550000000001)
[INFO] hw.stepgen: =human= stepgen sg-cmd-pos=1.100000 rev sg-fb-pos=0.824770 rev sg-vel=1.920000 rps sg-acc=10.000000 rps2

=human= stepgen sg-cmd-pos=1.100000 rev sg-fb-pos=0.824770 rev sg-vel=1.920000 rps sg-acc=10.000000 rps2

[INFO] hw.pins: Pin step.fb set to 0.8266950000000001 (was 0.8247700000000001)
Pin step.fb set to 0.8266950000000001 (was 0.8247700000000001)
[INFO] hw.stepgen: =human= stepgen sg-cmd-pos=1.100000 rev sg-fb-pos=0.826695 rev sg-vel=1.930000 rps sg-acc=10.000000 rps2

=human= stepgen sg-cmd-pos=1.100000 rev sg-fb-pos=0.826695 rev sg-vel=1.930000 rps sg-acc=10.000000 rps2

[INFO] hw.pins: Pin step.fb set to 0.8286300000000001 (was 0.8266950000000001)
Pin step.fb set to 0.8286300000000001 (was 0.8266950000000001)
[INFO] hw.stepgen: =human= stepgen sg-cmd-pos=1.100000 rev sg-fb-pos=0.828630 rev sg-vel=1.940000 rps sg-acc=10.000000 rps2

=human= stepgen sg-cmd-pos=1.100000 rev sg-fb-pos=0.828630 rev sg-vel=1.940000 rps sg-acc=10.000000 rps2

[INFO] hw.pins: Pin step.fb set to 0.8305750000000001 (was 0.8286300000000001)
Pin step.fb set to 0.8305750000000001 (was 0.8286300000000001)
[INFO] hw.stepgen: =human= stepgen sg-cmd-pos=1.100000 rev sg-fb-pos=0.830575 rev sg-vel=1.950000 rps sg-acc=10.000000 rps2

=human= stepgen sg-cmd-pos=1.100000 rev sg-fb-pos=0.830575 rev sg-vel=1.950000 rps sg-acc=10.000000 rps2

[INFO] hw.pins: Pin step.fb set to 0.8325300000000001 (was 0.8305750000000001)
Pin step.fb set to 0.8325300000000001 (was 0.8305750000000001)
[INFO] hw.stepgen: =human= stepgen sg-cmd-pos=1.100000 rev sg-fb-pos=0.832530 rev sg-vel=1.960000 rps sg-acc=10.000000 rps2

=human= stepgen sg-cmd-pos=1.100000 rev sg-fb-pos=0.832530 rev sg-vel=1.960000 rps sg-acc=10.000000 rps2

[INFO] hw.pins: Pin step.fb set to 0.8344950000000001 (was 0.8325300000000001)
Pin step.fb set to 0.8344950000000001 (was 0.8325300000000001)
[INFO] hw.stepgen: =human= stepgen sg-cmd-pos=1.100000 rev sg-fb-pos=0.834495 rev sg-vel=1.970000 rps sg-acc=10.000000 rps2

=human= stepgen sg-cmd-pos=1.100000 rev sg-fb-pos=0.834495 rev sg-vel=1.970000 rps sg-acc=10.000000 rps2

[INFO] hw.pins: Pin step.fb set to 0.83647 (was 0.8344950000000001)
Pin step.fb set to 0.83647 (was 0.8344950000000001)
[INFO] hw.stepgen: =human= stepgen sg-cmd-pos=1.100000 rev sg-fb-pos=0.836470 rev sg-vel=1.980000 rps sg-acc=10.000000 rps2

=human= stepgen sg-cmd-pos=1.100000 rev sg-fb-pos=0.836470 rev sg-vel=1.980000 rps sg-acc=10.000000 rps2

[INFO] hw.pins: Pin step.fb set to 0.8384550000000001 (was 0.83647)
Pin step.fb set to 0.8384550000000001 (was 0.83647)
[INFO] hw.stepgen: =human= stepgen sg-cmd-pos=1.100000 rev sg-fb-pos=0.838455 rev sg-vel=1.990000 rps sg-acc=10.000000 rps2

=human= stepgen sg-cmd-pos=1.100000 rev sg-fb-pos=0.838455 rev sg-vel=1.990000 rps sg-acc=10.000000 rps2

[INFO] hw.pins: Pin step.fb set to 0.84045 (was 0.8384550000000001)
Pin step.fb set to 0.84045 (was 0.8384550000000001)
[INFO] hw.stepgen: =human= stepgen sg-cmd-pos=1.100000 rev sg-fb-pos=0.840450 rev sg-vel=2.000000 rps sg-acc=10.000000 rps2

=human= stepgen sg-cmd-pos=1.100000 rev sg-fb-pos=0.840450 rev sg-vel=2.000000 rps sg-acc=10.000000 rps2

[INFO] hw.pins: Pin step.fb set to 0.8424550000000001 (was 0.84045)
Pin step.fb set to 0.8424550000000001 (was 0.84045)
[INFO] hw.stepgen: =human= stepgen sg-cmd-pos=1.100000 rev sg-fb-pos=0.842455 rev sg-vel=2.010000 rps sg-acc=10.000000 rps2

=human= stepgen sg-cmd-pos=1.100000 rev sg-fb-pos=0.842455 rev sg-vel=2.010000 rps sg-acc=10.000000 rps2

[INFO] hw.pins: Pin step.fb set to 0.84447 (was 0.8424550000000001)
Pin step.fb set to 0.84447 (was 0.8424550000000001)
[INFO] hw.stepgen: =human= stepgen sg-cmd-pos=1.100000 rev sg-fb-pos=0.844470 rev sg-vel=2.020000 rps sg-acc=10.000000 rps2

=human= stepgen sg-cmd-pos=1.100000 rev sg-fb-pos=0.844470 rev sg-vel=2.020000 rps sg-acc=10.000000 rps2

[INFO] hw.pins: Pin step.fb set to 0.8464950000000001 (was 0.84447)
Pin step.fb set to 0.8464950000000001 (was 0.84447)
[INFO] hw.stepgen: =human= stepgen sg-cmd-pos=1.100000 rev sg-fb-pos=0.846495 rev sg-vel=2.030000 rps sg-acc=10.000000 rps2

=human= stepgen sg-cmd-pos=1.100000 rev sg-fb-pos=0.846495 rev sg-vel=2.030000 rps sg-acc=10.000000 rps2

[INFO] hw.pins: Pin step.fb set to 0.8485300000000001 (was 0.8464950000000001)
Pin step.fb set to 0.8485300000000001 (was 0.8464950000000001)
[INFO] hw.stepgen: =human= stepgen sg-cmd-pos=1.100000 rev sg-fb-pos=0.848530 rev sg-vel=2.040000 rps sg-acc=10.000000 rps2

=human= stepgen sg-cmd-pos=1.100000 rev sg-fb-pos=0.848530 rev sg-vel=2.040000 rps sg-acc=10.000000 rps2

[INFO] hw.pins: Pin step.fb set to 0.8505750000000001 (was 0.8485300000000001)
Pin step.fb set to 0.8505750000000001 (was 0.8485300000000001)
[INFO] hw.stepgen: =human= stepgen sg-cmd-pos=1.100000 rev sg-fb-pos=0.850575 rev sg-vel=2.050000 rps sg-acc=10.000000 rps2

=human= stepgen sg-cmd-pos=1.100000 rev sg-fb-pos=0.850575 rev sg-vel=2.050000 rps sg-acc=10.000000 rps2

[INFO] hw.pins: Pin step.fb set to 0.8526300000000001 (was 0.8505750000000001)
Pin step.fb set to 0.8526300000000001 (was 0.8505750000000001)
[INFO] hw.stepgen: =human= stepgen sg-cmd-pos=1.100000 rev sg-fb-pos=0.852630 rev sg-vel=2.060000 rps sg-acc=10.000000 rps2

=human= stepgen sg-cmd-pos=1.100000 rev sg-fb-pos=0.852630 rev sg-vel=2.060000 rps sg-acc=10.000000 rps2

[INFO] hw.pins: Pin step.fb set to 0.8546950000000001 (was 0.8526300000000001)
Pin step.fb set to 0.8546950000000001 (was 0.8526300000000001)
[INFO] hw.stepgen: =human= stepgen sg-cmd-pos=1.100000 rev sg-fb-pos=0.854695 rev sg-vel=2.070000 rps sg-acc=10.000000 rps2

=human= stepgen sg-cmd-pos=1.100000 rev sg-fb-pos=0.854695 rev sg-vel=2.070000 rps sg-acc=10.000000 rps2

[INFO] hw.pins: Pin step.fb set to 0.8567700000000001 (was 0.8546950000000001)
Pin step.fb set to 0.8567700000000001 (was 0.8546950000000001)
[INFO] hw.stepgen: =human= stepgen sg-cmd-pos=1.100000 rev sg-fb-pos=0.856770 rev sg-vel=2.080000 rps sg-acc=10.000000 rps2

=human= stepgen sg-cmd-pos=1.100000 rev sg-fb-pos=0.856770 rev sg-vel=2.080000 rps sg-acc=10.000000 rps2

[INFO] hw.pins: Pin step.fb set to 0.8588550000000001 (was 0.8567700000000001)
Pin step.fb set to 0.8588550000000001 (was 0.8567700000000001)
[INFO] hw.stepgen: =human= stepgen sg-cmd-pos=1.100000 rev sg-fb-pos=0.858855 rev sg-vel=2.090000 rps sg-acc=10.000000 rps2

=human= stepgen sg-cmd-pos=1.100000 rev sg-fb-pos=0.858855 rev sg-vel=2.090000 rps sg-acc=10.000000 rps2

[INFO] hw.pins: Pin step.fb set to 0.8609500000000001 (was 0.8588550000000001)
Pin step.fb set to 0.8609500000000001 (was 0.8588550000000001)
[INFO] hw.stepgen: =human= stepgen sg-cmd-pos=1.100000 rev sg-fb-pos=0.860950 rev sg-vel=2.100000 rps sg-acc=10.000000 rps2

=human= stepgen sg-cmd-pos=1.100000 rev sg-fb-pos=0.860950 rev sg-vel=2.100000 rps sg-acc=10.000000 rps2

[INFO] hw.pins: Pin step.fb set to 0.8630550000000001 (was 0.8609500000000001)
Pin step.fb set to 0.8630550000000001 (was 0.8609500000000001)
[INFO] hw.stepgen: =human= stepgen sg-cmd-pos=1.100000 rev sg-fb-pos=0.863055 rev sg-vel=2.110000 rps sg-acc=10.000000 rps2

=human= stepgen sg-cmd-pos=1.100000 rev sg-fb-pos=0.863055 rev sg-vel=2.110000 rps sg-acc=10.000000 rps2

[INFO] hw.pins: Pin step.fb set to 0.8651700000000001 (was 0.8630550000000001)
Pin step.fb set to 0.8651700000000001 (was 0.8630550000000001)
[INFO] hw.stepgen: =human= stepgen sg-cmd-pos=1.100000 rev sg-fb-pos=0.865170 rev sg-vel=2.120000 rps sg-acc=10.000000 rps2

=human= stepgen sg-cmd-pos=1.100000 rev sg-fb-pos=0.865170 rev sg-vel=2.120000 rps sg-acc=10.000000 rps2

[INFO] hw.pins: Pin step.fb set to 0.8672950000000001 (was 0.8651700000000001)
Pin step.fb set to 0.8672950000000001 (was 0.8651700000000001)
[INFO] hw.stepgen: =human= stepgen sg-cmd-pos=1.100000 rev sg-fb-pos=0.867295 rev sg-vel=2.130000 rps sg-acc=10.000000 rps2

=human= stepgen sg-cmd-pos=1.100000 rev sg-fb-pos=0.867295 rev sg-vel=2.130000 rps sg-acc=10.000000 rps2

[INFO] hw.pins: Pin step.fb set to 0.8694300000000001 (was 0.8672950000000001)
Pin step.fb set to 0.8694300000000001 (was 0.8672950000000001)
[INFO] hw.stepgen: =human= stepgen sg-cmd-pos=1.100000 rev sg-fb-pos=0.869430 rev sg-vel=2.140000 rps sg-acc=10.000000 rps2

=human= stepgen sg-cmd-pos=1.100000 rev sg-fb-pos=0.869430 rev sg-vel=2.140000 rps sg-acc=10.000000 rps2

[INFO] hw.pins: Pin step.fb set to 0.8715750000000001 (was 0.8694300000000001)
Pin step.fb set to 0.8715750000000001 (was 0.8694300000000001)
[INFO] hw.stepgen: =human= stepgen sg-cmd-pos=1.100000 rev sg-fb-pos=0.871575 rev sg-vel=2.150000 rps sg-acc=10.000000 rps2

=human= stepgen sg-cmd-pos=1.100000 rev sg-fb-pos=0.871575 rev sg-vel=2.150000 rps sg-acc=10.000000 rps2

[INFO] hw.pins: Pin step.fb set to 0.87372 (was 0.8715750000000001)
Pin step.fb set to 0.87372 (was 0.8715750000000001)
[INFO] hw.stepgen: =human= stepgen sg-cmd-pos=1.100000 rev sg-fb-pos=0.873720 rev sg-vel=2.140000 rps sg-acc=-10.000000 rps2

=human= stepgen sg-cmd-pos=1.100000 rev sg-fb-pos=0.873720 rev sg-vel=2.140000 rps sg-acc=-10.000000 rps2

[INFO] hw.pins: Pin step.fb set to 0.875855 (was 0.87372)
Pin step.fb set to 0.875855 (was 0.87372)
[INFO] hw.stepgen: =human= stepgen sg-cmd-pos=1.100000 rev sg-fb-pos=0.875855 rev sg-vel=2.130000 rps sg-acc=-10.000000 rps2

=human= stepgen sg-cmd-pos=1.100000 rev sg-fb-pos=0.875855 rev sg-vel=2.130000 rps sg-acc=-10.000000 rps2

[INFO] hw.pins: Pin step.fb set to 0.8779800000000001 (was 0.875855)
Pin step.fb set to 0.8779800000000001 (was 0.875855)
[INFO] hw.stepgen: =human= stepgen sg-cmd-pos=1.100000 rev sg-fb-pos=0.877980 rev sg-vel=2.120000 rps sg-acc=-10.000000 rps2

=human= stepgen sg-cmd-pos=1.100000 rev sg-fb-pos=0.877980 rev sg-vel=2.120000 rps sg-acc=-10.000000 rps2

[INFO] hw.pins: Pin step.fb set to 0.8800950000000001 (was 0.8779800000000001)
Pin step.fb set to 0.8800950000000001 (was 0.8779800000000001)
[INFO] hw.stepgen: =human= stepgen sg-cmd-pos=1.100000 rev sg-fb-pos=0.880095 rev sg-vel=2.110000 rps sg-acc=-10.000000 rps2

=human= stepgen sg-cmd-pos=1.100000 rev sg-fb-pos=0.880095 rev sg-vel=2.110000 rps sg-acc=-10.000000 rps2

[INFO] hw.pins: Pin step.fb set to 0.8822000000000001 (was 0.8800950000000001)
Pin step.fb set to 0.8822000000000001 (was 0.8800950000000001)
[INFO] hw.stepgen: =human= stepgen sg-cmd-pos=1.100000 rev sg-fb-pos=0.882200 rev sg-vel=2.100000 rps sg-acc=-10.000000 rps2

=human= stepgen sg-cmd-pos=1.100000 rev sg-fb-pos=0.882200 rev sg-vel=2.100000 rps sg-acc=-10.000000 rps2

[INFO] hw.pins: Pin step.fb set to 0.884295 (was 0.8822000000000001)
Pin step.fb set to 0.884295 (was 0.8822000000000001)
[INFO] hw.stepgen: =human= stepgen sg-cmd-pos=1.100000 rev sg-fb-pos=0.884295 rev sg-vel=2.090000 rps sg-acc=-10.000000 rps2

=human= stepgen sg-cmd-pos=1.100000 rev sg-fb-pos=0.884295 rev sg-vel=2.090000 rps sg-acc=-10.000000 rps2

[INFO] hw.pins: Pin step.fb set to 0.8863800000000001 (was 0.884295)
Pin step.fb set to 0.8863800000000001 (was 0.884295)
[INFO] hw.stepgen: =human= stepgen sg-cmd-pos=1.100000 rev sg-fb-pos=0.886380 rev sg-vel=2.080000 rps sg-acc=-10.000000 rps2

=human= stepgen sg-cmd-pos=1.100000 rev sg-fb-pos=0.886380 rev sg-vel=2.080000 rps sg-acc=-10.000000 rps2

[INFO] hw.pins: Pin step.fb set to 0.8884550000000001 (was 0.8863800000000001)
Pin step.fb set to 0.8884550000000001 (was 0.8863800000000001)
[INFO] hw.stepgen: =human= stepgen sg-cmd-pos=1.100000 rev sg-fb-pos=0.888455 rev sg-vel=2.070000 rps sg-acc=-10.000000 rps2

=human= stepgen sg-cmd-pos=1.100000 rev sg-fb-pos=0.888455 rev sg-vel=2.070000 rps sg-acc=-10.000000 rps2

[INFO] hw.pins: Pin step.fb set to 0.8905200000000001 (was 0.8884550000000001)
Pin step.fb set to 0.8905200000000001 (was 0.8884550000000001)
[INFO] hw.stepgen: =human= stepgen sg-cmd-pos=1.100000 rev sg-fb-pos=0.890520 rev sg-vel=2.060000 rps sg-acc=-10.000000 rps2

=human= stepgen sg-cmd-pos=1.100000 rev sg-fb-pos=0.890520 rev sg-vel=2.060000 rps sg-acc=-10.000000 rps2

[INFO] hw.pins: Pin step.fb set to 0.8925750000000001 (was 0.8905200000000001)
Pin step.fb set to 0.8925750000000001 (was 0.8905200000000001)
[INFO] hw.stepgen: =human= stepgen sg-cmd-pos=1.100000 rev sg-fb-pos=0.892575 rev sg-vel=2.050000 rps sg-acc=-10.000000 rps2

=human= stepgen sg-cmd-pos=1.100000 rev sg-fb-pos=0.892575 rev sg-vel=2.050000 rps sg-acc=-10.000000 rps2

[INFO] hw.pins: Pin step.fb set to 0.8946200000000001 (was 0.8925750000000001)
Pin step.fb set to 0.8946200000000001 (was 0.8925750000000001)
[INFO] hw.stepgen: =human= stepgen sg-cmd-pos=1.100000 rev sg-fb-pos=0.894620 rev sg-vel=2.040000 rps sg-acc=-10.000000 rps2

=human= stepgen sg-cmd-pos=1.100000 rev sg-fb-pos=0.894620 rev sg-vel=2.040000 rps sg-acc=-10.000000 rps2

[INFO] hw.pins: Pin step.fb set to 0.8966550000000001 (was 0.8946200000000001)
Pin step.fb set to 0.8966550000000001 (was 0.8946200000000001)
[INFO] hw.stepgen: =human= stepgen sg-cmd-pos=1.100000 rev sg-fb-pos=0.896655 rev sg-vel=2.030000 rps sg-acc=-10.000000 rps2

=human= stepgen sg-cmd-pos=1.100000 rev sg-fb-pos=0.896655 rev sg-vel=2.030000 rps sg-acc=-10.000000 rps2

[INFO] hw.pins: Pin step.fb set to 0.8986800000000001 (was 0.8966550000000001)
Pin step.fb set to 0.8986800000000001 (was 0.8966550000000001)
[INFO] hw.stepgen: =human= stepgen sg-cmd-pos=1.100000 rev sg-fb-pos=0.898680 rev sg-vel=2.020000 rps sg-acc=-10.000000 rps2

=human= stepgen sg-cmd-pos=1.100000 rev sg-fb-pos=0.898680 rev sg-vel=2.020000 rps sg-acc=-10.000000 rps2

[INFO] hw.pins: Pin step.fb set to 0.9006950000000001 (was 0.8986800000000001)
Pin step.fb set to 0.9006950000000001 (was 0.8986800000000001)
[INFO] hw.stepgen: =human= stepgen sg-cmd-pos=1.100000 rev sg-fb-pos=0.900695 rev sg-vel=2.010000 rps sg-acc=-10.000000 rps2

=human= stepgen sg-cmd-pos=1.100000 rev sg-fb-pos=0.900695 rev sg-vel=2.010000 rps sg-acc=-10.000000 rps2

[INFO] hw.pins: Pin step.fb set to 0.9027000000000002 (was 0.9006950000000001)
Pin step.fb set to 0.9027000000000002 (was 0.9006950000000001)
[INFO] hw.stepgen: =human= stepgen sg-cmd-pos=1.100000 rev sg-fb-pos=0.902700 rev sg-vel=2.000000 rps sg-acc=-10.000000 rps2

=human= stepgen sg-cmd-pos=1.100000 rev sg-fb-pos=0.902700 rev sg-vel=2.000000 rps sg-acc=-10.000000 rps2

[INFO] hw.pins: Pin step.fb set to 0.9046950000000001 (was 0.9027000000000002)
Pin step.fb set to 0.9046950000000001 (was 0.9027000000000002)
[INFO] hw.stepgen: =human= stepgen sg-cmd-pos=1.100000 rev sg-fb-pos=0.904695 rev sg-vel=1.990000 rps sg-acc=-10.000000 rps2

=human= stepgen sg-cmd-pos=1.100000 rev sg-fb-pos=0.904695 rev sg-vel=1.990000 rps sg-acc=-10.000000 rps2

[INFO] hw.pins: Pin step.fb set to 0.9066800000000002 (was 0.9046950000000001)
Pin step.fb set to 0.9066800000000002 (was 0.9046950000000001)
[INFO] hw.stepgen: =human= stepgen sg-cmd-pos=1.100000 rev sg-fb-pos=0.906680 rev sg-vel=1.980000 rps sg-acc=-10.000000 rps2

=human= stepgen sg-cmd-pos=1.100000 rev sg-fb-pos=0.906680 rev sg-vel=1.980000 rps sg-acc=-10.000000 rps2

[INFO] hw.pins: Pin step.fb set to 0.9086550000000001 (was 0.9066800000000002)
Pin step.fb set to 0.9086550000000001 (was 0.9066800000000002)
[INFO] hw.stepgen: =human= stepgen sg-cmd-pos=1.100000 rev sg-fb-pos=0.908655 rev sg-vel=1.970000 rps sg-acc=-10.000000 rps2

=human= stepgen sg-cmd-pos=1.100000 rev sg-fb-pos=0.908655 rev sg-vel=1.970000 rps sg-acc=-10.000000 rps2

[INFO] hw.pins: Pin step.fb set to 0.9106200000000001 (was 0.9086550000000001)
Pin step.fb set to 0.9106200000000001 (was 0.9086550000000001)
[INFO] hw.stepgen: =human= stepgen sg-cmd-pos=1.100000 rev sg-fb-pos=0.910620 rev sg-vel=1.960000 rps sg-acc=-10.000000 rps2

=human= stepgen sg-cmd-pos=1.100000 rev sg-fb-pos=0.910620 rev sg-vel=1.960000 rps sg-acc=-10.000000 rps2

[INFO] hw.pins: Pin step.fb set to 0.9125750000000001 (was 0.9106200000000001)
Pin step.fb set to 0.9125750000000001 (was 0.9106200000000001)
[INFO] hw.stepgen: =human= stepgen sg-cmd-pos=1.100000 rev sg-fb-pos=0.912575 rev sg-vel=1.950000 rps sg-acc=-10.000000 rps2

=human= stepgen sg-cmd-pos=1.100000 rev sg-fb-pos=0.912575 rev sg-vel=1.950000 rps sg-acc=-10.000000 rps2

[INFO] hw.pins: Pin step.fb set to 0.9145200000000001 (was 0.9125750000000001)
Pin step.fb set to 0.9145200000000001 (was 0.9125750000000001)
[INFO] hw.stepgen: =human= stepgen sg-cmd-pos=1.100000 rev sg-fb-pos=0.914520 rev sg-vel=1.940000 rps sg-acc=-10.000000 rps2

=human= stepgen sg-cmd-pos=1.100000 rev sg-fb-pos=0.914520 rev sg-vel=1.940000 rps sg-acc=-10.000000 rps2

[INFO] hw.pins: Pin step.fb set to 0.9164550000000001 (was 0.9145200000000001)
Pin step.fb set to 0.9164550000000001 (was 0.9145200000000001)
[INFO] hw.stepgen: =human= stepgen sg-cmd-pos=1.100000 rev sg-fb-pos=0.916455 rev sg-vel=1.930000 rps sg-acc=-10.000000 rps2

=human= stepgen sg-cmd-pos=1.100000 rev sg-fb-pos=0.916455 rev sg-vel=1.930000 rps sg-acc=-10.000000 rps2

[INFO] hw.pins: Pin step.fb set to 0.9183800000000001 (was 0.9164550000000001)
Pin step.fb set to 0.9183800000000001 (was 0.9164550000000001)
[INFO] hw.stepgen: =human= stepgen sg-cmd-pos=1.100000 rev sg-fb-pos=0.918380 rev sg-vel=1.920000 rps sg-acc=-10.000000 rps2

=human= stepgen sg-cmd-pos=1.100000 rev sg-fb-pos=0.918380 rev sg-vel=1.920000 rps sg-acc=-10.000000 rps2

[INFO] hw.pins: Pin step.fb set to 0.9202950000000001 (was 0.9183800000000001)
Pin step.fb set to 0.9202950000000001 (was 0.9183800000000001)
[INFO] hw.stepgen: =human= stepgen sg-cmd-pos=1.100000 rev sg-fb-pos=0.920295 rev sg-vel=1.910000 rps sg-acc=-10.000000 rps2

=human= stepgen sg-cmd-pos=1.100000 rev sg-fb-pos=0.920295 rev sg-vel=1.910000 rps sg-acc=-10.000000 rps2

[INFO] hw.pins: Pin step.fb set to 0.9222000000000001 (was 0.9202950000000001)
Pin step.fb set to 0.9222000000000001 (was 0.9202950000000001)
[INFO] hw.stepgen: =human= stepgen sg-cmd-pos=1.100000 rev sg-fb-pos=0.922200 rev sg-vel=1.900000 rps sg-acc=-10.000000 rps2

=human= stepgen sg-cmd-pos=1.100000 rev sg-fb-pos=0.922200 rev sg-vel=1.900000 rps sg-acc=-10.000000 rps2

[INFO] hw.pins: Pin step.cmd set to 1.2 (was 1.0999999999999999)
Pin step.cmd set to 1.2 (was 1.0999999999999999)
[INFO] hw.pins: Pin step.fb set to 0.9241050000000002 (was 0.9222000000000001)
Pin step.fb set to 0.9241050000000002 (was 0.9222000000000001)
[INFO] hw.stepgen: =human= stepgen sg-cmd-pos=1.200000 rev sg-fb-pos=0.924105 rev sg-vel=1.910000 rps sg-acc=10.000000 rps2

=human= stepgen sg-cmd-pos=1.200000 rev sg-fb-pos=0.924105 rev sg-vel=1.910000 rps sg-acc=10.000000 rps2

[INFO] hw.stepgen: =human= stepgen event=reaim sg-cmd-pos=1.200000 rev sg-fb-pos=0.924105 rev sg-vel=1.910000 rps

=human= stepgen event=reaim sg-cmd-pos=1.200000 rev sg-fb-pos=0.924105 rev sg-vel=1.910000 rps

[INFO] hw.pins: Pin step.fb set to 0.9260200000000002 (was 0.9241050000000002)
Pin step.fb set to 0.9260200000000002 (was 0.9241050000000002)
[INFO] hw.stepgen: =human= stepgen sg-cmd-pos=1.200000 rev sg-fb-pos=0.926020 rev sg-vel=1.920000 rps sg-acc=10.000000 rps2

=human= stepgen sg-cmd-pos=1.200000 rev sg-fb-pos=0.926020 rev sg-vel=1.920000 rps sg-acc=10.000000 rps2

[INFO] hw.pins: Pin step.fb set to 0.9279450000000001 (was 0.9260200000000002)
Pin step.fb set to 0.9279450000000001 (was 0.9260200000000002)
[INFO] hw.stepgen: =human= stepgen sg-cmd-pos=1.200000 rev sg-fb-pos=0.927945 rev sg-vel=1.930000 rps sg-acc=10.000000 rps2

=human= stepgen sg-cmd-pos=1.200000 rev sg-fb-pos=0.927945 rev sg-vel=1.930000 rps sg-acc=10.000000 rps2

[INFO] hw.pins: Pin step.fb set to 0.9298800000000002 (was 0.9279450000000001)
Pin step.fb set to 0.9298800000000002 (was 0.9279450000000001)
[INFO] hw.stepgen: =human= stepgen sg-cmd-pos=1.200000 rev sg-fb-pos=0.929880 rev sg-vel=1.940000 rps sg-acc=10.000000 rps2

=human= stepgen sg-cmd-pos=1.200000 rev sg-fb-pos=0.929880 rev sg-vel=1.940000 rps sg-acc=10.000000 rps2

[INFO] hw.pins: Pin step.fb set to 0.9318250000000001 (was 0.9298800000000002)
Pin step.fb set to 0.9318250000000001 (was 0.9298800000000002)
[INFO] hw.stepgen: =human= stepgen sg-cmd-pos=1.200000 rev sg-fb-pos=0.931825 rev sg-vel=1.950000 rps sg-acc=10.000000 rps2

=human= stepgen sg-cmd-pos=1.200000 rev sg-fb-pos=0.931825 rev sg-vel=1.950000 rps sg-acc=10.000000 rps2

[INFO] hw.pins: Pin step.fb set to 0.9337800000000002 (was 0.9318250000000001)
Pin step.fb set to 0.9337800000000002 (was 0.9318250000000001)
[INFO] hw.stepgen: =human= stepgen sg-cmd-pos=1.200000 rev sg-fb-pos=0.933780 rev sg-vel=1.960000 rps sg-acc=10.000000 rps2

=human= stepgen sg-cmd-pos=1.200000 rev sg-fb-pos=0.933780 rev sg-vel=1.960000 rps sg-acc=10.000000 rps2

[INFO] hw.pins: Pin step.fb set to 0.9357450000000002 (was 0.9337800000000002)
Pin step.fb set to 0.9357450000000002 (was 0.9337800000000002)
[INFO] hw.stepgen: =human= stepgen sg-cmd-pos=1.200000 rev sg-fb-pos=0.935745 rev sg-vel=1.970000 rps sg-acc=10.000000 rps2

=human= stepgen sg-cmd-pos=1.200000 rev sg-fb-pos=0.935745 rev sg-vel=1.970000 rps sg-acc=10.000000 rps2

[INFO] hw.pins: Pin step.fb set to 0.9377200000000001 (was 0.9357450000000002)
Pin step.fb set to 0.9377200000000001 (was 0.9357450000000002)
[INFO] hw.stepgen: =human= stepgen sg-cmd-pos=1.200000 rev sg-fb-pos=0.937720 rev sg-vel=1.980000 rps sg-acc=10.000000 rps2

=human= stepgen sg-cmd-pos=1.200000 rev sg-fb-pos=0.937720 rev sg-vel=1.980000 rps sg-acc=10.000000 rps2

[INFO] hw.pins: Pin step.fb set to 0.9397050000000001 (was 0.9377200000000001)
Pin step.fb set to 0.9397050000000001 (was 0.9377200000000001)
[INFO] hw.stepgen: =human= stepgen sg-cmd-pos=1.200000 rev sg-fb-pos=0.939705 rev sg-vel=1.990000 rps sg-acc=10.000000 rps2

=human= stepgen sg-cmd-pos=1.200000 rev sg-fb-pos=0.939705 rev sg-vel=1.990000 rps sg-acc=10.000000 rps2

[INFO] hw.pins: Pin step.fb set to 0.9417000000000001 (was 0.9397050000000001)
Pin step.fb set to 0.9417000000000001 (was 0.9397050000000001)
[INFO] hw.stepgen: =human= stepgen sg-cmd-pos=1.200000 rev sg-fb-pos=0.941700 rev sg-vel=2.000000 rps sg-acc=10.000000 rps2

=human= stepgen sg-cmd-pos=1.200000 rev sg-fb-pos=0.941700 rev sg-vel=2.000000 rps sg-acc=10.000000 rps2

[INFO] hw.pins: Pin step.fb set to 0.9437050000000001 (was 0.9417000000000001)
Pin step.fb set to 0.9437050000000001 (was 0.9417000000000001)
[INFO] hw.stepgen: =human= stepgen sg-cmd-pos=1.200000 rev sg-fb-pos=0.943705 rev sg-vel=2.010000 rps sg-acc=10.000000 rps2

=human= stepgen sg-cmd-pos=1.200000 rev sg-fb-pos=0.943705 rev sg-vel=2.010000 rps sg-acc=10.000000 rps2

[INFO] hw.pins: Pin step.fb set to 0.9457200000000001 (was 0.9437050000000001)
Pin step.fb set to 0.9457200000000001 (was 0.9437050000000001)
[INFO] hw.stepgen: =human= stepgen sg-cmd-pos=1.200000 rev sg-fb-pos=0.945720 rev sg-vel=2.020000 rps sg-acc=10.000000 rps2

=human= stepgen sg-cmd-pos=1.200000 rev sg-fb-pos=0.945720 rev sg-vel=2.020000 rps sg-acc=10.000000 rps2

[INFO] hw.pins: Pin step.fb set to 0.9477450000000002 (was 0.9457200000000001)
Pin step.fb set to 0.9477450000000002 (was 0.9457200000000001)
[INFO] hw.stepgen: =human= stepgen sg-cmd-pos=1.200000 rev sg-fb-pos=0.947745 rev sg-vel=2.030000 rps sg-acc=10.000000 rps2

=human= stepgen sg-cmd-pos=1.200000 rev sg-fb-pos=0.947745 rev sg-vel=2.030000 rps sg-acc=10.000000 rps2

[INFO] hw.pins: Pin step.fb set to 0.9497800000000002 (was 0.9477450000000002)
Pin step.fb set to 0.9497800000000002 (was 0.9477450000000002)
[INFO] hw.stepgen: =human= stepgen sg-cmd-pos=1.200000 rev sg-fb-pos=0.949780 rev sg-vel=2.040000 rps sg-acc=10.000000 rps2

=human= stepgen sg-cmd-pos=1.200000 rev sg-fb-pos=0.949780 rev sg-vel=2.040000 rps sg-acc=10.000000 rps2

[INFO] hw.pins: Pin step.fb set to 0.9518250000000001 (was 0.9497800000000002)
Pin step.fb set to 0.9518250000000001 (was 0.9497800000000002)
[INFO] hw.stepgen: =human= stepgen sg-cmd-pos=1.200000 rev sg-fb-pos=0.951825 rev sg-vel=2.050000 rps sg-acc=10.000000 rps2

=human= stepgen sg-cmd-pos=1.200000 rev sg-fb-pos=0.951825 rev sg-vel=2.050000 rps sg-acc=10.000000 rps2

[INFO] hw.pins: Pin step.fb set to 0.9538800000000002 (was 0.9518250000000001)
Pin step.fb set to 0.9538800000000002 (was 0.9518250000000001)
[INFO] hw.stepgen: =human= stepgen sg-cmd-pos=1.200000 rev sg-fb-pos=0.953880 rev sg-vel=2.060000 rps sg-acc=10.000000 rps2

=human= stepgen sg-cmd-pos=1.200000 rev sg-fb-pos=0.953880 rev sg-vel=2.060000 rps sg-acc=10.000000 rps2

[INFO] hw.pins: Pin step.fb set to 0.9559450000000002 (was 0.9538800000000002)
Pin step.fb set to 0.9559450000000002 (was 0.9538800000000002)
[INFO] hw.stepgen: =human= stepgen sg-cmd-pos=1.200000 rev sg-fb-pos=0.955945 rev sg-vel=2.070000 rps sg-acc=10.000000 rps2

=human= stepgen sg-cmd-pos=1.200000 rev sg-fb-pos=0.955945 rev sg-vel=2.070000 rps sg-acc=10.000000 rps2

[INFO] hw.pins: Pin step.fb set to 0.9580200000000002 (was 0.9559450000000002)
Pin step.fb set to 0.9580200000000002 (was 0.9559450000000002)
[INFO] hw.stepgen: =human= stepgen sg-cmd-pos=1.200000 rev sg-fb-pos=0.958020 rev sg-vel=2.080000 rps sg-acc=10.000000 rps2

=human= stepgen sg-cmd-pos=1.200000 rev sg-fb-pos=0.958020 rev sg-vel=2.080000 rps sg-acc=10.000000 rps2

[INFO] hw.pins: Pin step.fb set to 0.9601050000000002 (was 0.9580200000000002)
Pin step.fb set to 0.9601050000000002 (was 0.9580200000000002)
[INFO] hw.stepgen: =human= stepgen sg-cmd-pos=1.200000 rev sg-fb-pos=0.960105 rev sg-vel=2.090000 rps sg-acc=10.000000 rps2

=human= stepgen sg-cmd-pos=1.200000 rev sg-fb-pos=0.960105 rev sg-vel=2.090000 rps sg-acc=10.000000 rps2

[INFO] hw.pins: Pin step.fb set to 0.9622000000000002 (was 0.9601050000000002)
Pin step.fb set to 0.9622000000000002 (was 0.9601050000000002)
[INFO] hw.stepgen: =human= stepgen sg-cmd-pos=1.200000 rev sg-fb-pos=0.962200 rev sg-vel=2.100000 rps sg-acc=10.000000 rps2

=human= stepgen sg-cmd-pos=1.200000 rev sg-fb-pos=0.962200 rev sg-vel=2.100000 rps sg-acc=10.000000 rps2

[INFO] hw.pins: Pin step.fb set to 0.9643050000000002 (was 0.9622000000000002)
Pin step.fb set to 0.9643050000000002 (was 0.9622000000000002)
[INFO] hw.stepgen: =human= stepgen sg-cmd-pos=1.200000 rev sg-fb-pos=0.964305 rev sg-vel=2.110000 rps sg-acc=10.000000 rps2

=human= stepgen sg-cmd-pos=1.200000 rev sg-fb-pos=0.964305 rev sg-vel=2.110000 rps sg-acc=10.000000 rps2

[INFO] hw.pins: Pin step.fb set to 0.9664200000000002 (was 0.9643050000000002)
Pin step.fb set to 0.9664200000000002 (was 0.9643050000000002)
[INFO] hw.stepgen: =human= stepgen sg-cmd-pos=1.200000 rev sg-fb-pos=0.966420 rev sg-vel=2.120000 rps sg-acc=10.000000 rps2

=human= stepgen sg-cmd-pos=1.200000 rev sg-fb-pos=0.966420 rev sg-vel=2.120000 rps sg-acc=10.000000 rps2

[INFO] hw.pins: Pin step.fb set to 0.9685450000000002 (was 0.9664200000000002)
Pin step.fb set to 0.9685450000000002 (was 0.9664200000000002)
[INFO] hw.stepgen: =human= stepgen sg-cmd-pos=1.200000 rev sg-fb-pos=0.968545 rev sg-vel=2.130000 rps sg-acc=10.000000 rps2

=human= stepgen sg-cmd-pos=1.200000 rev sg-fb-pos=0.968545 rev sg-vel=2.130000 rps sg-acc=10.000000 rps2

[INFO] hw.pins: Pin step.fb set to 0.9706800000000002 (was 0.9685450000000002)
Pin step.fb set to 0.9706800000000002 (was 0.9685450000000002)
[INFO] hw.stepgen: =human= stepgen sg-cmd-pos=1.200000 rev sg-fb-pos=0.970680 rev sg-vel=2.140000 rps sg-acc=10.000000 rps2

=human= stepgen sg-cmd-pos=1.200000 rev sg-fb-pos=0.970680 rev sg-vel=2.140000 rps sg-acc=10.000000 rps2

[INFO] hw.pins: Pin step.fb set to 0.9728250000000002 (was 0.9706800000000002)
Pin step.fb set to 0.9728250000000002 (was 0.9706800000000002)
[INFO] hw.stepgen: =human= stepgen sg-cmd-pos=1.200000 rev sg-fb-pos=0.972825 rev sg-vel=2.150000 rps sg-acc=10.000000 rps2

=human= stepgen sg-cmd-pos=1.200000 rev sg-fb-pos=0.972825 rev sg-vel=2.150000 rps sg-acc=10.000000 rps2

[INFO] hw.pins: Pin step.fb set to 0.9749700000000001 (was 0.9728250000000002)
Pin step.fb set to 0.9749700000000001 (was 0.9728250000000002)
[INFO] hw.stepgen: =human= stepgen sg-cmd-pos=1.200000 rev sg-fb-pos=0.974970 rev sg-vel=2.140000 rps sg-acc=-10.000000 rps2

=human= stepgen sg-cmd-pos=1.200000 rev sg-fb-pos=0.974970 rev sg-vel=2.140000 rps sg-acc=-10.000000 rps2

[INFO] hw.pins: Pin step.fb set to 0.9771050000000001 (was 0.9749700000000001)
Pin step.fb set to 0.9771050000000001 (was 0.9749700000000001)
[INFO] hw.stepgen: =human= stepgen sg-cmd-pos=1.200000 rev sg-fb-pos=0.977105 rev sg-vel=2.130000 rps sg-acc=-10.000000 rps2

=human= stepgen sg-cmd-pos=1.200000 rev sg-fb-pos=0.977105 rev sg-vel=2.130000 rps sg-acc=-10.000000 rps2

[INFO] hw.pins: Pin step.fb set to 0.9792300000000002 (was 0.9771050000000001)
Pin step.fb set to 0.9792300000000002 (was 0.9771050000000001)
[INFO] hw.stepgen: =human= stepgen sg-cmd-pos=1.200000 rev sg-fb-pos=0.979230 rev sg-vel=2.120000 rps sg-acc=-10.000000 rps2

=human= stepgen sg-cmd-pos=1.200000 rev sg-fb-pos=0.979230 rev sg-vel=2.120000 rps sg-acc=-10.000000 rps2

[INFO] hw.pins: Pin step.fb set to 0.9813450000000001 (was 0.9792300000000002)
Pin step.fb set to 0.9813450000000001 (was 0.9792300000000002)
[INFO] hw.stepgen: =human= stepgen sg-cmd-pos=1.200000 rev sg-fb-pos=0.981345 rev sg-vel=2.110000 rps sg-acc=-10.000000 rps2

=human= stepgen sg-cmd-pos=1.200000 rev sg-fb-pos=0.981345 rev sg-vel=2.110000 rps sg-acc=-10.000000 rps2

[INFO] hw.pins: Pin step.fb set to 0.9834500000000002 (was 0.9813450000000001)
Pin step.fb set to 0.9834500000000002 (was 0.9813450000000001)
[INFO] hw.stepgen: =human= stepgen sg-cmd-pos=1.200000 rev sg-fb-pos=0.983450 rev sg-vel=2.100000 rps sg-acc=-10.000000 rps2

=human= stepgen sg-cmd-pos=1.200000 rev sg-fb-pos=0.983450 rev sg-vel=2.100000 rps sg-acc=-10.000000 rps2

[INFO] hw.pins: Pin step.fb set to 0.9855450000000001 (was 0.9834500000000002)
Pin step.fb set to 0.9855450000000001 (was 0.9834500000000002)
[INFO] hw.stepgen: =human= stepgen sg-cmd-pos=1.200000 rev sg-fb-pos=0.985545 rev sg-vel=2.090000 rps sg-acc=-10.000000 rps2

=human= stepgen sg-cmd-pos=1.200000 rev sg-fb-pos=0.985545 rev sg-vel=2.090000 rps sg-acc=-10.000000 rps2

[INFO] hw.pins: Pin step.fb set to 0.9876300000000001 (was 0.9855450000000001)
Pin step.fb set to 0.9876300000000001 (was 0.9855450000000001)
[INFO] hw.stepgen: =human= stepgen sg-cmd-pos=1.200000 rev sg-fb-pos=0.987630 rev sg-vel=2.080000 rps sg-acc=-10.000000 rps2

=human= stepgen sg-cmd-pos=1.200000 rev sg-fb-pos=0.987630 rev sg-vel=2.080000 rps sg-acc=-10.000000 rps2

[INFO] hw.pins: Pin step.fb set to 0.9897050000000002 (was 0.9876300000000001)
Pin step.fb set to 0.9897050000000002 (was 0.9876300000000001)
[INFO] hw.stepgen: =human= stepgen sg-cmd-pos=1.200000 rev sg-fb-pos=0.989705 rev sg-vel=2.070000 rps sg-acc=-10.000000 rps2

=human= stepgen sg-cmd-pos=1.200000 rev sg-fb-pos=0.989705 rev sg-vel=2.070000 rps sg-acc=-10.000000 rps2

[INFO] hw.pins: Pin step.fb set to 0.9917700000000002 (was 0.9897050000000002)
Pin step.fb set to 0.9917700000000002 (was 0.9897050000000002)
[INFO] hw.stepgen: =human= stepgen sg-cmd-pos=1.200000 rev sg-fb-pos=0.991770 rev sg-vel=2.060000 rps sg-acc=-10.000000 rps2

=human= stepgen sg-cmd-pos=1.200000 rev sg-fb-pos=0.991770 rev sg-vel=2.060000 rps sg-acc=-10.000000 rps2

[INFO] hw.pins: Pin step.fb set to 0.9938250000000002 (was 0.9917700000000002)
Pin step.fb set to 0.9938250000000002 (was 0.9917700000000002)
[INFO] hw.stepgen: =human= stepgen sg-cmd-pos=1.200000 rev sg-fb-pos=0.993825 rev sg-vel=2.050000 rps sg-acc=-10.000000 rps2

=human= stepgen sg-cmd-pos=1.200000 rev sg-fb-pos=0.993825 rev sg-vel=2.050000 rps sg-acc=-10.000000 rps2

[INFO] hw.pins: Pin step.fb set to 0.9958700000000001 (was 0.9938250000000002)
Pin step.fb set to 0.9958700000000001 (was 0.9938250000000002)
[INFO] hw.stepgen: =human= stepgen sg-cmd-pos=1.200000 rev sg-fb-pos=0.995870 rev sg-vel=2.040000 rps sg-acc=-10.000000 rps2

=human= stepgen sg-cmd-pos=1.200000 rev sg-fb-pos=0.995870 rev sg-vel=2.040000 rps sg-acc=-10.000000 rps2

[INFO] hw.pins: Pin step.fb set to 0.9979050000000002 (was 0.9958700000000001)
Pin step.fb set to 0.9979050000000002 (was 0.9958700000000001)
[INFO] hw.stepgen: =human= stepgen sg-cmd-pos=1.200000 rev sg-fb-pos=0.997905 rev sg-vel=2.030000 rps sg-acc=-10.000000 rps2

=human= stepgen sg-cmd-pos=1.200000 rev sg-fb-pos=0.997905 rev sg-vel=2.030000 rps sg-acc=-10.000000 rps2

[INFO] hw.pins: Pin step.fb set to 0.9999300000000002 (was 0.9979050000000002)
Pin step.fb set to 0.9999300000000002 (was 0.9979050000000002)
[INFO] hw.stepgen: =human= stepgen sg-cmd-pos=1.200000 rev sg-fb-pos=0.999930 rev sg-vel=2.020000 rps sg-acc=-10.000000 rps2

=human= stepgen sg-cmd-pos=1.200000 rev sg-fb-pos=0.999930 rev sg-vel=2.020000 rps sg-acc=-10.000000 rps2

[INFO] hw.pins: Pin step.fb set to 1.0019450000000003 (was 0.9999300000000002)
Pin step.fb set to 1.0019450000000003 (was 0.9999300000000002)
[INFO] hw.stepgen: =human= stepgen sg-cmd-pos=1.200000 rev sg-fb-pos=1.001945 rev sg-vel=2.010000 rps sg-acc=-10.000000 rps2

=human= stepgen sg-cmd-pos=1.200000 rev sg-fb-pos=1.001945 rev sg-vel=2.010000 rps sg-acc=-10.000000 rps2

[INFO] hw.pins: Pin step.fb set to 1.0039500000000003 (was 1.0019450000000003)
Pin step.fb set to 1.0039500000000003 (was 1.0019450000000003)
[INFO] hw.stepgen: =human= stepgen sg-cmd-pos=1.200000 rev sg-fb-pos=1.003950 rev sg-vel=2.000000 rps sg-acc=-10.000000 rps2

=human= stepgen sg-cmd-pos=1.200000 rev sg-fb-pos=1.003950 rev sg-vel=2.000000 rps sg-acc=-10.000000 rps2

[INFO] hw.pins: Pin step.fb set to 1.0059450000000003 (was 1.0039500000000003)
Pin step.fb set to 1.0059450000000003 (was 1.0039500000000003)
[INFO] hw.stepgen: =human= stepgen sg-cmd-pos=1.200000 rev sg-fb-pos=1.005945 rev sg-vel=1.990000 rps sg-acc=-10.000000 rps2

=human= stepgen sg-cmd-pos=1.200000 rev sg-fb-pos=1.005945 rev sg-vel=1.990000 rps sg-acc=-10.000000 rps2

[INFO] hw.pins: Pin step.fb set to 1.0079300000000002 (was 1.0059450000000003)
Pin step.fb set to 1.0079300000000002 (was 1.0059450000000003)
[INFO] hw.stepgen: =human= stepgen sg-cmd-pos=1.200000 rev sg-fb-pos=1.007930 rev sg-vel=1.980000 rps sg-acc=-10.000000 rps2

=human= stepgen sg-cmd-pos=1.200000 rev sg-fb-pos=1.007930 rev sg-vel=1.980000 rps sg-acc=-10.000000 rps2

[INFO] hw.pins: Pin step.fb set to 1.0099050000000003 (was 1.0079300000000002)
Pin step.fb set to 1.0099050000000003 (was 1.0079300000000002)
[INFO] hw.stepgen: =human= stepgen sg-cmd-pos=1.200000 rev sg-fb-pos=1.009905 rev sg-vel=1.970000 rps sg-acc=-10.000000 rps2

=human= stepgen sg-cmd-pos=1.200000 rev sg-fb-pos=1.009905 rev sg-vel=1.970000 rps sg-acc=-10.000000 rps2

[INFO] hw.pins: Pin step.fb set to 1.0118700000000003 (was 1.0099050000000003)
Pin step.fb set to 1.0118700000000003 (was 1.0099050000000003)
[INFO] hw.stepgen: =human= stepgen sg-cmd-pos=1.200000 rev sg-fb-pos=1.011870 rev sg-vel=1.960000 rps sg-acc=-10.000000 rps2

=human= stepgen sg-cmd-pos=1.200000 rev sg-fb-pos=1.011870 rev sg-vel=1.960000 rps sg-acc=-10.000000 rps2

[INFO] hw.pins: Pin step.fb set to 1.0138250000000002 (was 1.0118700000000003)
Pin step.fb set to 1.0138250000000002 (was 1.0118700000000003)
[INFO] hw.stepgen: =human= stepgen sg-cmd-pos=1.200000 rev sg-fb-pos=1.013825 rev sg-vel=1.950000 rps sg-acc=-10.000000 rps2

=human= stepgen sg-cmd-pos=1.200000 rev sg-fb-pos=1.013825 rev sg-vel=1.950000 rps sg-acc=-10.000000 rps2

[INFO] hw.pins: Pin step.fb set to 1.0157700000000003 (was 1.0138250000000002)
Pin step.fb set to 1.0157700000000003 (was 1.0138250000000002)
[INFO] hw.stepgen: =human= stepgen sg-cmd-pos=1.200000 rev sg-fb-pos=1.015770 rev sg-vel=1.940000 rps sg-acc=-10.000000 rps2

=human= stepgen sg-cmd-pos=1.200000 rev sg-fb-pos=1.015770 rev sg-vel=1.940000 rps sg-acc=-10.000000 rps2

[INFO] hw.pins: Pin step.fb set to 1.0177050000000003 (was 1.0157700000000003)
Pin step.fb set to 1.0177050000000003 (was 1.0157700000000003)
[INFO] hw.stepgen: =human= stepgen sg-cmd-pos=1.200000 rev sg-fb-pos=1.017705 rev sg-vel=1.930000 rps sg-acc=-10.000000 rps2

=human= stepgen sg-cmd-pos=1.200000 rev sg-fb-pos=1.017705 rev sg-vel=1.930000 rps sg-acc=-10.000000 rps2

[INFO] hw.pins: Pin step.fb set to 1.0196300000000003 (was 1.0177050000000003)
Pin step.fb set to 1.0196300000000003 (was 1.0177050000000003)
[INFO] hw.stepgen: =human= stepgen sg-cmd-pos=1.200000 rev sg-fb-pos=1.019630 rev sg-vel=1.920000 rps sg-acc=-10.000000 rps2

=human= stepgen sg-cmd-pos=1.200000 rev sg-fb-pos=1.019630 rev sg-vel=1.920000 rps sg-acc=-10.000000 rps2

[INFO] hw.pins: Pin step.fb set to 1.0215450000000004 (was 1.0196300000000003)
Pin step.fb set to 1.0215450000000004 (was 1.0196300000000003)
[INFO] hw.stepgen: =human= stepgen sg-cmd-pos=1.200000 rev sg-fb-pos=1.021545 rev sg-vel=1.910000 rps sg-acc=-10.000000 rps2

=human= stepgen sg-cmd-pos=1.200000 rev sg-fb-pos=1.021545 rev sg-vel=1.910000 rps sg-acc=-10.000000 rps2

[INFO] hw.pins: Pin step.fb set to 1.0234500000000004 (was 1.0215450000000004)
Pin step.fb set to 1.0234500000000004 (was 1.0215450000000004)
[INFO] hw.stepgen: =human= stepgen sg-cmd-pos=1.200000 rev sg-fb-pos=1.023450 rev sg-vel=1.900000 rps sg-acc=-10.000000 rps2

=human= stepgen sg-cmd-pos=1.200000 rev sg-fb-pos=1.023450 rev sg-vel=1.900000 rps sg-acc=-10.000000 rps2

[INFO] hw.pins: Pin step.cmd set to 1.3 (was 1.2)
Pin step.cmd set to 1.3 (was 1.2)
[INFO] hw.pins: Pin step.fb set to 1.0253550000000005 (was 1.0234500000000004)
Pin step.fb set to 1.0253550000000005 (was 1.0234500000000004)
[INFO] hw.stepgen: =human= stepgen sg-cmd-pos=1.300000 rev sg-fb-pos=1.025355 rev sg-vel=1.910000 rps sg-acc=10.000000 rps2

=human= stepgen sg-cmd-pos=1.300000 rev sg-fb-pos=1.025355 rev sg-vel=1.910000 rps sg-acc=10.000000 rps2

[INFO] hw.stepgen: =human= stepgen event=reaim sg-cmd-pos=1.300000 rev sg-fb-pos=1.025355 rev sg-vel=1.910000 rps

=human= stepgen event=reaim sg-cmd-pos=1.300000 rev sg-fb-pos=1.025355 rev sg-vel=1.910000 rps

[INFO] hw.pins: Pin step.fb set to 1.0272700000000006 (was 1.0253550000000005)
Pin step.fb set to 1.0272700000000006 (was 1.0253550000000005)
[INFO] hw.stepgen: =human= stepgen sg-cmd-pos=1.300000 rev sg-fb-pos=1.027270 rev sg-vel=1.920000 rps sg-acc=10.000000 rps2

=human= stepgen sg-cmd-pos=1.300000 rev sg-fb-pos=1.027270 rev sg-vel=1.920000 rps sg-acc=10.000000 rps2

[INFO] hw.pins: Pin step.fb set to 1.0291950000000005 (was 1.0272700000000006)
Pin step.fb set to 1.0291950000000005 (was 1.0272700000000006)
[INFO] hw.stepgen: =human= stepgen sg-cmd-pos=1.300000 rev sg-fb-pos=1.029195 rev sg-vel=1.930000 rps sg-acc=10.000000 rps2

=human= stepgen sg-cmd-pos=1.300000 rev sg-fb-pos=1.029195 rev sg-vel=1.930000 rps sg-acc=10.000000 rps2

[INFO] hw.pins: Pin step.fb set to 1.0311300000000005 (was 1.0291950000000005)
Pin step.fb set to 1.0311300000000005 (was 1.0291950000000005)
[INFO] hw.stepgen: =human= stepgen sg-cmd-pos=1.300000 rev sg-fb-pos=1.031130 rev sg-vel=1.940000 rps sg-acc=10.000000 rps2

=human= stepgen sg-cmd-pos=1.300000 rev sg-fb-pos=1.031130 rev sg-vel=1.940000 rps sg-acc=10.000000 rps2

[INFO] hw.pins: Pin step.fb set to 1.0330750000000006 (was 1.0311300000000005)
Pin step.fb set to 1.0330750000000006 (was 1.0311300000000005)
[INFO] hw.stepgen: =human= stepgen sg-cmd-pos=1.300000 rev sg-fb-pos=1.033075 rev sg-vel=1.950000 rps sg-acc=10.000000 rps2

=human= stepgen sg-cmd-pos=1.300000 rev sg-fb-pos=1.033075 rev sg-vel=1.950000 rps sg-acc=10.000000 rps2

[INFO] hw.pins: Pin step.fb set to 1.0350300000000006 (was 1.0330750000000006)
Pin step.fb set to 1.0350300000000006 (was 1.0330750000000006)
[INFO] hw.stepgen: =human= stepgen sg-cmd-pos=1.300000 rev sg-fb-pos=1.035030 rev sg-vel=1.960000 rps sg-acc=10.000000 rps2

=human= stepgen sg-cmd-pos=1.300000 rev sg-fb-pos=1.035030 rev sg-vel=1.960000 rps sg-acc=10.000000 rps2

[INFO] hw.pins: Pin step.fb set to 1.0369950000000006 (was 1.0350300000000006)
Pin step.fb set to 1.0369950000000006 (was 1.0350300000000006)
[INFO] hw.stepgen: =human= stepgen sg-cmd-pos=1.300000 rev sg-fb-pos=1.036995 rev sg-vel=1.970000 rps sg-acc=10.000000 rps2

=human= stepgen sg-cmd-pos=1.300000 rev sg-fb-pos=1.036995 rev sg-vel=1.970000 rps sg-acc=10.000000 rps2

[INFO] hw.pins: Pin step.fb set to 1.0389700000000006 (was 1.0369950000000006)
Pin step.fb set to 1.0389700000000006 (was 1.0369950000000006)
[INFO] hw.stepgen: =human= stepgen sg-cmd-pos=1.300000 rev sg-fb-pos=1.038970 rev sg-vel=1.980000 rps sg-acc=10.000000 rps2

=human= stepgen sg-cmd-pos=1.300000 rev sg-fb-pos=1.038970 rev sg-vel=1.980000 rps sg-acc=10.000000 rps2

[INFO] hw.pins: Pin step.fb set to 1.0409550000000005 (was 1.0389700000000006)
Pin step.fb set to 1.0409550000000005 (was 1.0389700000000006)
[INFO] hw.stepgen: =human= stepgen sg-cmd-pos=1.300000 rev sg-fb-pos=1.040955 rev sg-vel=1.990000 rps sg-acc=10.000000 rps2

=human= stepgen sg-cmd-pos=1.300000 rev sg-fb-pos=1.040955 rev sg-vel=1.990000 rps sg-acc=10.000000 rps2

[INFO] hw.pins: Pin step.fb set to 1.0429500000000005 (was 1.0409550000000005)
Pin step.fb set to 1.0429500000000005 (was 1.0409550000000005)
[INFO] hw.stepgen: =human= stepgen sg-cmd-pos=1.300000 rev sg-fb-pos=1.042950 rev sg-vel=2.000000 rps sg-acc=10.000000 rps2

=human= stepgen sg-cmd-pos=1.300000 rev sg-fb-pos=1.042950 rev sg-vel=2.000000 rps sg-acc=10.000000 rps2

[INFO] hw.pins: Pin step.fb set to 1.0449550000000005 (was 1.0429500000000005)
Pin step.fb set to 1.0449550000000005 (was 1.0429500000000005)
[INFO] hw.stepgen: =human= stepgen sg-cmd-pos=1.300000 rev sg-fb-pos=1.044955 rev sg-vel=2.010000 rps sg-acc=10.000000 rps2

=human= stepgen sg-cmd-pos=1.300000 rev sg-fb-pos=1.044955 rev sg-vel=2.010000 rps sg-acc=10.000000 rps2

[INFO] hw.pins: Pin step.fb set to 1.0469700000000006 (was 1.0449550000000005)
Pin step.fb set to 1.0469700000000006 (was 1.0449550000000005)
[INFO] hw.stepgen: =human= stepgen sg-cmd-pos=1.300000 rev sg-fb-pos=1.046970 rev sg-vel=2.020000 rps sg-acc=10.000000 rps2

=human= stepgen sg-cmd-pos=1.300000 rev sg-fb-pos=1.046970 rev sg-vel=2.020000 rps sg-acc=10.000000 rps2

[INFO] hw.pins: Pin step.fb set to 1.0489950000000006 (was 1.0469700000000006)
Pin step.fb set to 1.0489950000000006 (was 1.0469700000000006)
[INFO] hw.stepgen: =human= stepgen sg-cmd-pos=1.300000 rev sg-fb-pos=1.048995 rev sg-vel=2.030000 rps sg-acc=10.000000 rps2

=human= stepgen sg-cmd-pos=1.300000 rev sg-fb-pos=1.048995 rev sg-vel=2.030000 rps sg-acc=10.000000 rps2

[INFO] hw.pins: Pin step.fb set to 1.0510300000000006 (was 1.0489950000000006)
Pin step.fb set to 1.0510300000000006 (was 1.0489950000000006)
[INFO] hw.stepgen: =human= stepgen sg-cmd-pos=1.300000 rev sg-fb-pos=1.051030 rev sg-vel=2.040000 rps sg-acc=10.000000 rps2

=human= stepgen sg-cmd-pos=1.300000 rev sg-fb-pos=1.051030 rev sg-vel=2.040000 rps sg-acc=10.000000 rps2

[INFO] hw.pins: Pin step.fb set to 1.0530750000000006 (was 1.0510300000000006)
Pin step.fb set to 1.0530750000000006 (was 1.0510300000000006)
[INFO] hw.stepgen: =human= stepgen sg-cmd-pos=1.300000 rev sg-fb-pos=1.053075 rev sg-vel=2.050000 rps sg-acc=10.000000 rps2

=human= stepgen sg-cmd-pos=1.300000 rev sg-fb-pos=1.053075 rev sg-vel=2.050000 rps sg-acc=10.000000 rps2

[INFO] hw.pins: Pin step.fb set to 1.0551300000000006 (was 1.0530750000000006)
Pin step.fb set to 1.0551300000000006 (was 1.0530750000000006)
[INFO] hw.stepgen: =human= stepgen sg-cmd-pos=1.300000 rev sg-fb-pos=1.055130 rev sg-vel=2.060000 rps sg-acc=10.000000 rps2

=human= stepgen sg-cmd-pos=1.300000 rev sg-fb-pos=1.055130 rev sg-vel=2.060000 rps sg-acc=10.000000 rps2

[INFO] hw.pins: Pin step.fb set to 1.0571950000000006 (was 1.0551300000000006)
Pin step.fb set to 1.0571950000000006 (was 1.0551300000000006)
[INFO] hw.stepgen: =human= stepgen sg-cmd-pos=1.300000 rev sg-fb-pos=1.057195 rev sg-vel=2.070000 rps sg-acc=10.000000 rps2

=human= stepgen sg-cmd-pos=1.300000 rev sg-fb-pos=1.057195 rev sg-vel=2.070000 rps sg-acc=10.000000 rps2

[INFO] hw.pins: Pin step.fb set to 1.0592700000000006 (was 1.0571950000000006)
Pin step.fb set to 1.0592700000000006 (was 1.0571950000000006)
[INFO] hw.stepgen: =human= stepgen sg-cmd-pos=1.300000 rev sg-fb-pos=1.059270 rev sg-vel=2.080000 rps sg-acc=10.000000 rps2

=human= stepgen sg-cmd-pos=1.300000 rev sg-fb-pos=1.059270 rev sg-vel=2.080000 rps sg-acc=10.000000 rps2

[INFO] hw.pins: Pin step.fb set to 1.0613550000000005 (was 1.0592700000000006)
Pin step.fb set to 1.0613550000000005 (was 1.0592700000000006)
[INFO] hw.stepgen: =human= stepgen sg-cmd-pos=1.300000 rev sg-fb-pos=1.061355 rev sg-vel=2.090000 rps sg-acc=10.000000 rps2

=human= stepgen sg-cmd-pos=1.300000 rev sg-fb-pos=1.061355 rev sg-vel=2.090000 rps sg-acc=10.000000 rps2

[INFO] hw.pins: Pin step.fb set to 1.0634500000000005 (was 1.0613550000000005)
Pin step.fb set to 1.0634500000000005 (was 1.0613550000000005)
[INFO] hw.stepgen: =human= stepgen sg-cmd-pos=1.300000 rev sg-fb-pos=1.063450 rev sg-vel=2.100000 rps sg-acc=10.000000 rps2

=human= stepgen sg-cmd-pos=1.300000 rev sg-fb-pos=1.063450 rev sg-vel=2.100000 rps sg-acc=10.000000 rps2

[INFO] hw.pins: Pin step.fb set to 1.0655550000000005 (was 1.0634500000000005)
Pin step.fb set to 1.0655550000000005 (was 1.0634500000000005)
[INFO] hw.stepgen: =human= stepgen sg-cmd-pos=1.300000 rev sg-fb-pos=1.065555 rev sg-vel=2.110000 rps sg-acc=10.000000 rps2

=human= stepgen sg-cmd-pos=1.300000 rev sg-fb-pos=1.065555 rev sg-vel=2.110000 rps sg-acc=10.000000 rps2

[INFO] hw.pins: Pin step.fb set to 1.0676700000000006 (was 1.0655550000000005)
Pin step.fb set to 1.0676700000000006 (was 1.0655550000000005)
[INFO] hw.stepgen: =human= stepgen sg-cmd-pos=1.300000 rev sg-fb-pos=1.067670 rev sg-vel=2.120000 rps sg-acc=10.000000 rps2

=human= stepgen sg-cmd-pos=1.300000 rev sg-fb-pos=1.067670 rev sg-vel=2.120000 rps sg-acc=10.000000 rps2

[INFO] hw.pins: Pin step.fb set to 1.0697950000000005 (was 1.0676700000000006)
Pin step.fb set to 1.0697950000000005 (was 1.0676700000000006)
[INFO] hw.stepgen: =human= stepgen sg-cmd-pos=1.300000 rev sg-fb-pos=1.069795 rev sg-vel=2.130000 rps sg-acc=10.000000 rps2

=human= stepgen sg-cmd-pos=1.300000 rev sg-fb-pos=1.069795 rev sg-vel=2.130000 rps sg-acc=10.000000 rps2

[INFO] hw.pins: Pin step.fb set to 1.0719300000000005 (was 1.0697950000000005)
Pin step.fb set to 1.0719300000000005 (was 1.0697950000000005)
[INFO] hw.stepgen: =human= stepgen sg-cmd-pos=1.300000 rev sg-fb-pos=1.071930 rev sg-vel=2.140000 rps sg-acc=10.000000 rps2

=human= stepgen sg-cmd-pos=1.300000 rev sg-fb-pos=1.071930 rev sg-vel=2.140000 rps sg-acc=10.000000 rps2

[INFO] hw.pins: Pin step.fb set to 1.0740650000000005 (was 1.0719300000000005)
Pin step.fb set to 1.0740650000000005 (was 1.0719300000000005)
[INFO] hw.stepgen: =human= stepgen sg-cmd-pos=1.300000 rev sg-fb-pos=1.074065 rev sg-vel=2.130000 rps sg-acc=-10.000000 rps2

=human= stepgen sg-cmd-pos=1.300000 rev sg-fb-pos=1.074065 rev sg-vel=2.130000 rps sg-acc=-10.000000 rps2

[INFO] hw.pins: Pin step.fb set to 1.0761900000000004 (was 1.0740650000000005)
Pin step.fb set to 1.0761900000000004 (was 1.0740650000000005)
[INFO] hw.stepgen: =human= stepgen sg-cmd-pos=1.300000 rev sg-fb-pos=1.076190 rev sg-vel=2.120000 rps sg-acc=-10.000000 rps2

=human= stepgen sg-cmd-pos=1.300000 rev sg-fb-pos=1.076190 rev sg-vel=2.120000 rps sg-acc=-10.000000 rps2

[INFO] hw.pins: Pin step.fb set to 1.0783050000000005 (was 1.0761900000000004)
Pin step.fb set to 1.0783050000000005 (was 1.0761900000000004)
[INFO] hw.stepgen: =human= stepgen sg-cmd-pos=1.300000 rev sg-fb-pos=1.078305 rev sg-vel=2.110000 rps sg-acc=-10.000000 rps2

=human= stepgen sg-cmd-pos=1.300000 rev sg-fb-pos=1.078305 rev sg-vel=2.110000 rps sg-acc=-10.000000 rps2

[INFO] hw.pins: Pin step.fb set to 1.0804100000000005 (was 1.0783050000000005)
Pin step.fb set to 1.0804100000000005 (was 1.0783050000000005)
[INFO] hw.stepgen: =human= stepgen sg-cmd-pos=1.300000 rev sg-fb-pos=1.080410 rev sg-vel=2.100000 rps sg-acc=-10.000000 rps2

=human= stepgen sg-cmd-pos=1.300000 rev sg-fb-pos=1.080410 rev sg-vel=2.100000 rps sg-acc=-10.000000 rps2

[INFO] hw.pins: Pin step.fb set to 1.0825050000000005 (was 1.0804100000000005)
Pin step.fb set to 1.0825050000000005 (was 1.0804100000000005)
[INFO] hw.stepgen: =human= stepgen sg-cmd-pos=1.300000 rev sg-fb-pos=1.082505 rev sg-vel=2.090000 rps sg-acc=-10.000000 rps2

=human= stepgen sg-cmd-pos=1.300000 rev sg-fb-pos=1.082505 rev sg-vel=2.090000 rps sg-acc=-10.000000 rps2

[INFO] hw.pins: Pin step.fb set to 1.0845900000000004 (was 1.0825050000000005)
Pin step.fb set to 1.0845900000000004 (was 1.0825050000000005)
[INFO] hw.stepgen: =human= stepgen sg-cmd-pos=1.300000 rev sg-fb-pos=1.084590 rev sg-vel=2.080000 rps sg-acc=-10.000000 rps2

=human= stepgen sg-cmd-pos=1.300000 rev sg-fb-pos=1.084590 rev sg-vel=2.080000 rps sg-acc=-10.000000 rps2

[INFO] hw.pins: Pin step.fb set to 1.0866650000000004 (was 1.0845900000000004)
Pin step.fb set to 1.0866650000000004 (was 1.0845900000000004)
[INFO] hw.stepgen: =human= stepgen sg-cmd-pos=1.300000 rev sg-fb-pos=1.086665 rev sg-vel=2.070000 rps sg-acc=-10.000000 rps2

=human= stepgen sg-cmd-pos=1.300000 rev sg-fb-pos=1.086665 rev sg-vel=2.070000 rps sg-acc=-10.000000 rps2

[INFO] hw.pins: Pin step.fb set to 1.0887300000000004 (was 1.0866650000000004)
Pin step.fb set to 1.0887300000000004 (was 1.0866650000000004)
[INFO] hw.stepgen: =human= stepgen sg-cmd-pos=1.300000 rev sg-fb-pos=1.088730 rev sg-vel=2.060000 rps sg-acc=-10.000000 rps2

=human= stepgen sg-cmd-pos=1.300000 rev sg-fb-pos=1.088730 rev sg-vel=2.060000 rps sg-acc=-10.000000 rps2

[INFO] hw.pins: Pin step.fb set to 1.0907850000000003 (was 1.0887300000000004)
Pin step.fb set to 1.0907850000000003 (was 1.0887300000000004)
[INFO] hw.stepgen: =human= stepgen sg-cmd-pos=1.300000 rev sg-fb-pos=1.090785 rev sg-vel=2.050000 rps sg-acc=-10.000000 rps2

=human= stepgen sg-cmd-pos=1.300000 rev sg-fb-pos=1.090785 rev sg-vel=2.050000 rps sg-acc=-10.000000 rps2

[INFO] hw.pins: Pin step.fb set to 1.0928300000000004 (was 1.0907850000000003)
Pin step.fb set to 1.0928300000000004 (was 1.0907850000000003)
[INFO] hw.stepgen: =human= stepgen sg-cmd-pos=1.300000 rev sg-fb-pos=1.092830 rev sg-vel=2.040000 rps sg-acc=-10.000000 rps2

=human= stepgen sg-cmd-pos=1.300000 rev sg-fb-pos=1.092830 rev sg-vel=2.040000 rps sg-acc=-10.000000 rps2

[INFO] hw.pins: Pin step.fb set to 1.0948650000000004 (was 1.0928300000000004)
Pin step.fb set to 1.0948650000000004 (was 1.0928300000000004)
[INFO] hw.stepgen: =human= stepgen sg-cmd-pos=1.300000 rev sg-fb-pos=1.094865 rev sg-vel=2.030000 rps sg-acc=-10.000000 rps2

=human= stepgen sg-cmd-pos=1.300000 rev sg-fb-pos=1.094865 rev sg-vel=2.030000 rps sg-acc=-10.000000 rps2

[INFO] hw.pins: Pin step.fb set to 1.0968900000000004 (was 1.0948650000000004)
Pin step.fb set to 1.0968900000000004 (was 1.0948650000000004)
[INFO] hw.stepgen: =human= stepgen sg-cmd-pos=1.300000 rev sg-fb-pos=1.096890 rev sg-vel=2.020000 rps sg-acc=-10.000000 rps2

=human= stepgen sg-cmd-pos=1.300000 rev sg-fb-pos=1.096890 rev sg-vel=2.020000 rps sg-acc=-10.000000 rps2

[INFO] hw.pins: Pin step.fb set to 1.0989050000000005 (was 1.0968900000000004)
Pin step.fb set to 1.0989050000000005 (was 1.0968900000000004)
[INFO] hw.stepgen: =human= stepgen sg-cmd-pos=1.300000 rev sg-fb-pos=1.098905 rev sg-vel=2.010000 rps sg-acc=-10.000000 rps2

=human= stepgen sg-cmd-pos=1.300000 rev sg-fb-pos=1.098905 rev sg-vel=2.010000 rps sg-acc=-10.000000 rps2

[INFO] hw.pins: Pin step.fb set to 1.1009100000000005 (was 1.0989050000000005)
Pin step.fb set to 1.1009100000000005 (was 1.0989050000000005)
[INFO] hw.stepgen: =human= stepgen sg-cmd-pos=1.300000 rev sg-fb-pos=1.100910 rev sg-vel=2.000000 rps sg-acc=-10.000000 rps2

=human= stepgen sg-cmd-pos=1.300000 rev sg-fb-pos=1.100910 rev sg-vel=2.000000 rps sg-acc=-10.000000 rps2

[INFO] hw.pins: Pin step.fb set to 1.1029050000000005 (was 1.1009100000000005)
Pin step.fb set to 1.1029050000000005 (was 1.1009100000000005)
[INFO] hw.stepgen: =human= stepgen sg-cmd-pos=1.300000 rev sg-fb-pos=1.102905 rev sg-vel=1.990000 rps sg-acc=-10.000000 rps2

=human= stepgen sg-cmd-pos=1.300000 rev sg-fb-pos=1.102905 rev sg-vel=1.990000 rps sg-acc=-10.000000 rps2

[INFO] hw.pins: Pin step.fb set to 1.1048900000000004 (was 1.1029050000000005)
Pin step.fb set to 1.1048900000000004 (was 1.1029050000000005)
[INFO] hw.stepgen: =human= stepgen sg-cmd-pos=1.300000 rev sg-fb-pos=1.104890 rev sg-vel=1.980000 rps sg-acc=-10.000000 rps2

=human= stepgen sg-cmd-pos=1.300000 rev sg-fb-pos=1.104890 rev sg-vel=1.980000 rps sg-acc=-10.000000 rps2

[INFO] hw.pins: Pin step.fb set to 1.1068650000000004 (was 1.1048900000000004)
Pin step.fb set to 1.1068650000000004 (was 1.1048900000000004)
[INFO] hw.stepgen: =human= stepgen sg-cmd-pos=1.300000 rev sg-fb-pos=1.106865 rev sg-vel=1.970000 rps sg-acc=-10.000000 rps2

=human= stepgen sg-cmd-pos=1.300000 rev sg-fb-pos=1.106865 rev sg-vel=1.970000 rps sg-acc=-10.000000 rps2

[INFO] hw.pins: Pin step.fb set to 1.1088300000000004 (was 1.1068650000000004)
Pin step.fb set to 1.1088300000000004 (was 1.1068650000000004)
[INFO] hw.stepgen: =human= stepgen sg-cmd-pos=1.300000 rev sg-fb-pos=1.108830 rev sg-vel=1.960000 rps sg-acc=-10.000000 rps2

=human= stepgen sg-cmd-pos=1.300000 rev sg-fb-pos=1.108830 rev sg-vel=1.960000 rps sg-acc=-10.000000 rps2

[INFO] hw.pins: Pin step.fb set to 1.1107850000000004 (was 1.1088300000000004)
Pin step.fb set to 1.1107850000000004 (was 1.1088300000000004)
[INFO] hw.stepgen: =human= stepgen sg-cmd-pos=1.300000 rev sg-fb-pos=1.110785 rev sg-vel=1.950000 rps sg-acc=-10.000000 rps2

=human= stepgen sg-cmd-pos=1.300000 rev sg-fb-pos=1.110785 rev sg-vel=1.950000 rps sg-acc=-10.000000 rps2

[INFO] hw.pins: Pin step.fb set to 1.1127300000000004 (was 1.1107850000000004)
Pin step.fb set to 1.1127300000000004 (was 1.1107850000000004)
[INFO] hw.stepgen: =human= stepgen sg-cmd-pos=1.300000 rev sg-fb-pos=1.112730 rev sg-vel=1.940000 rps sg-acc=-10.000000 rps2

=human= stepgen sg-cmd-pos=1.300000 rev sg-fb-pos=1.112730 rev sg-vel=1.940000 rps sg-acc=-10.000000 rps2

[INFO] hw.pins: Pin step.fb set to 1.1146650000000005 (was 1.1127300000000004)
Pin step.fb set to 1.1146650000000005 (was 1.1127300000000004)
[INFO] hw.stepgen: =human= stepgen sg-cmd-pos=1.300000 rev sg-fb-pos=1.114665 rev sg-vel=1.930000 rps sg-acc=-10.000000 rps2

=human= stepgen sg-cmd-pos=1.300000 rev sg-fb-pos=1.114665 rev sg-vel=1.930000 rps sg-acc=-10.000000 rps2

[INFO] hw.pins: Pin step.fb set to 1.1165900000000004 (was 1.1146650000000005)
Pin step.fb set to 1.1165900000000004 (was 1.1146650000000005)
[INFO] hw.stepgen: =human= stepgen sg-cmd-pos=1.300000 rev sg-fb-pos=1.116590 rev sg-vel=1.920000 rps sg-acc=-10.000000 rps2

=human= stepgen sg-cmd-pos=1.300000 rev sg-fb-pos=1.116590 rev sg-vel=1.920000 rps sg-acc=-10.000000 rps2

[INFO] hw.pins: Pin step.fb set to 1.1185050000000005 (was 1.1165900000000004)
Pin step.fb set to 1.1185050000000005 (was 1.1165900000000004)
[INFO] hw.stepgen: =human= stepgen sg-cmd-pos=1.300000 rev sg-fb-pos=1.118505 rev sg-vel=1.910000 rps sg-acc=-10.000000 rps2

=human= stepgen sg-cmd-pos=1.300000 rev sg-fb-pos=1.118505 rev sg-vel=1.910000 rps sg-acc=-10.000000 rps2

[INFO] hw.pins: Pin step.fb set to 1.1204100000000006 (was 1.1185050000000005)
Pin step.fb set to 1.1204100000000006 (was 1.1185050000000005)
[INFO] hw.stepgen: =human= stepgen sg-cmd-pos=1.300000 rev sg-fb-pos=1.120410 rev sg-vel=1.900000 rps sg-acc=-10.000000 rps2

=human= stepgen sg-cmd-pos=1.300000 rev sg-fb-pos=1.120410 rev sg-vel=1.900000 rps sg-acc=-10.000000 rps2

[INFO] hw.pins: Pin step.fb set to 1.1223050000000006 (was 1.1204100000000006)
Pin step.fb set to 1.1223050000000006 (was 1.1204100000000006)
[INFO] hw.stepgen: =human= stepgen sg-cmd-pos=1.300000 rev sg-fb-pos=1.122305 rev sg-vel=1.890000 rps sg-acc=-10.000000 rps2

=human= stepgen sg-cmd-pos=1.300000 rev sg-fb-pos=1.122305 rev sg-vel=1.890000 rps sg-acc=-10.000000 rps2

[INFO] hw.pins: Pin step.fb set to 1.1241900000000005 (was 1.1223050000000006)
Pin step.fb set to 1.1241900000000005 (was 1.1223050000000006)
[INFO] hw.stepgen: =human= stepgen sg-cmd-pos=1.300000 rev sg-fb-pos=1.124190 rev sg-vel=1.880000 rps sg-acc=-10.000000 rps2

=human= stepgen sg-cmd-pos=1.300000 rev sg-fb-pos=1.124190 rev sg-vel=1.880000 rps sg-acc=-10.000000 rps2

[INFO] hw.pins: Pin step.cmd set to 1.4000000000000001 (was 1.3)
Pin step.cmd set to 1.4000000000000001 (was 1.3)
[INFO] hw.pins: Pin step.fb set to 1.1260750000000004 (was 1.1241900000000005)
Pin step.fb set to 1.1260750000000004 (was 1.1241900000000005)
[INFO] hw.stepgen: =human= stepgen sg-cmd-pos=1.400000 rev sg-fb-pos=1.126075 rev sg-vel=1.890000 rps sg-acc=10.000000 rps2

=human= stepgen sg-cmd-pos=1.400000 rev sg-fb-pos=1.126075 rev sg-vel=1.890000 rps sg-acc=10.000000 rps2

[INFO] hw.stepgen: =human= stepgen event=reaim sg-cmd-pos=1.400000 rev sg-fb-pos=1.126075 rev sg-vel=1.890000 rps

=human= stepgen event=reaim sg-cmd-pos=1.400000 rev sg-fb-pos=1.126075 rev sg-vel=1.890000 rps

[INFO] hw.pins: Pin step.fb set to 1.1279700000000004 (was 1.1260750000000004)
Pin step.fb set to 1.1279700000000004 (was 1.1260750000000004)
[INFO] hw.stepgen: =human= stepgen sg-cmd-pos=1.400000 rev sg-fb-pos=1.127970 rev sg-vel=1.900000 rps sg-acc=10.000000 rps2

=human= stepgen sg-cmd-pos=1.400000 rev sg-fb-pos=1.127970 rev sg-vel=1.900000 rps sg-acc=10.000000 rps2

[INFO] hw.pins: Pin step.fb set to 1.1298750000000004 (was 1.1279700000000004)
Pin step.fb set to 1.1298750000000004 (was 1.1279700000000004)
[INFO] hw.stepgen: =human= stepgen sg-cmd-pos=1.400000 rev sg-fb-pos=1.129875 rev sg-vel=1.910000 rps sg-acc=10.000000 rps2

=human= stepgen sg-cmd-pos=1.400000 rev sg-fb-pos=1.129875 rev sg-vel=1.910000 rps sg-acc=10.000000 rps2

[INFO] hw.pins: Pin step.fb set to 1.1317900000000005 (was 1.1298750000000004)
Pin step.fb set to 1.1317900000000005 (was 1.1298750000000004)
[INFO] hw.stepgen: =human= stepgen sg-cmd-pos=1.400000 rev sg-fb-pos=1.131790 rev sg-vel=1.920000 rps sg-acc=10.000000 rps2

=human= stepgen sg-cmd-pos=1.400000 rev sg-fb-pos=1.131790 rev sg-vel=1.920000 rps sg-acc=10.000000 rps2

[INFO] hw.pins: Pin step.fb set to 1.1337150000000005 (was 1.1317900000000005)
Pin step.fb set to 1.1337150000000005 (was 1.1317900000000005)
[INFO] hw.stepgen: =human= stepgen sg-cmd-pos=1.400000 rev sg-fb-pos=1.133715 rev sg-vel=1.930000 rps sg-acc=10.000000 rps2

=human= stepgen sg-cmd-pos=1.400000 rev sg-fb-pos=1.133715 rev sg-vel=1.930000 rps sg-acc=10.000000 rps2

[INFO] hw.pins: Pin step.fb set to 1.1356500000000005 (was 1.1337150000000005)
Pin step.fb set to 1.1356500000000005 (was 1.1337150000000005)
[INFO] hw.stepgen: =human= stepgen sg-cmd-pos=1.400000 rev sg-fb-pos=1.135650 rev sg-vel=1.940000 rps sg-acc=10.000000 rps2

=human= stepgen sg-cmd-pos=1.400000 rev sg-fb-pos=1.135650 rev sg-vel=1.940000 rps sg-acc=10.000000 rps2

[INFO] hw.pins: Pin step.fb set to 1.1375950000000006 (was 1.1356500000000005)
Pin step.fb set to 1.1375950000000006 (was 1.1356500000000005)
[INFO] hw.stepgen: =human= stepgen sg-cmd-pos=1.400000 rev sg-fb-pos=1.137595 rev sg-vel=1.950000 rps sg-acc=10.000000 rps2

=human= stepgen sg-cmd-pos=1.400000 rev sg-fb-pos=1.137595 rev sg-vel=1.950000 rps sg-acc=10.000000 rps2

[INFO] hw.pins: Pin step.fb set to 1.1395500000000005 (was 1.1375950000000006)
Pin step.fb set to 1.1395500000000005 (was 1.1375950000000006)
[INFO] hw.stepgen: =human= stepgen sg-cmd-pos=1.400000 rev sg-fb-pos=1.139550 rev sg-vel=1.960000 rps sg-acc=10.000000 rps2

=human= stepgen sg-cmd-pos=1.400000 rev sg-fb-pos=1.139550 rev sg-vel=1.960000 rps sg-acc=10.000000 rps2

[INFO] hw.pins: Pin step.fb set to 1.1415150000000005 (was 1.1395500000000005)
Pin step.fb set to 1.1415150000000005 (was 1.1395500000000005)
[INFO] hw.stepgen: =human= stepgen sg-cmd-pos=1.400000 rev sg-fb-pos=1.141515 rev sg-vel=1.970000 rps sg-acc=10.000000 rps2

=human= stepgen sg-cmd-pos=1.400000 rev sg-fb-pos=1.141515 rev sg-vel=1.970000 rps sg-acc=10.000000 rps2

[INFO] hw.pins: Pin step.fb set to 1.1434900000000006 (was 1.1415150000000005)
Pin step.fb set to 1.1434900000000006 (was 1.1415150000000005)
[INFO] hw.stepgen: =human= stepgen sg-cmd-pos=1.400000 rev sg-fb-pos=1.143490 rev sg-vel=1.980000 rps sg-acc=10.000000 rps2

=human= stepgen sg-cmd-pos=1.400000 rev sg-fb-pos=1.143490 rev sg-vel=1.980000 rps sg-acc=10.000000 rps2

[INFO] hw.pins: Pin step.fb set to 1.1454750000000005 (was 1.1434900000000006)
Pin step.fb set to 1.1454750000000005 (was 1.1434900000000006)
[INFO] hw.stepgen: =human= stepgen sg-cmd-pos=1.400000 rev sg-fb-pos=1.145475 rev sg-vel=1.990000 rps sg-acc=10.000000 rps2

=human= stepgen sg-cmd-pos=1.400000 rev sg-fb-pos=1.145475 rev sg-vel=1.990000 rps sg-acc=10.000000 rps2

[INFO] hw.pins: Pin step.fb set to 1.1474700000000004 (was 1.1454750000000005)
Pin step.fb set to 1.1474700000000004 (was 1.1454750000000005)
[INFO] hw.stepgen: =human= stepgen sg-cmd-pos=1.400000 rev sg-fb-pos=1.147470 rev sg-vel=2.000000 rps sg-acc=10.000000 rps2

=human= stepgen sg-cmd-pos=1.400000 rev sg-fb-pos=1.147470 rev sg-vel=2.000000 rps sg-acc=10.000000 rps2

[INFO] hw.pins: Pin step.fb set to 1.1494750000000005 (was 1.1474700000000004)
Pin step.fb set to 1.1494750000000005 (was 1.1474700000000004)
[INFO] hw.stepgen: =human= stepgen sg-cmd-pos=1.400000 rev sg-fb-pos=1.149475 rev sg-vel=2.010000 rps sg-acc=10.000000 rps2

=human= stepgen sg-cmd-pos=1.400000 rev sg-fb-pos=1.149475 rev sg-vel=2.010000 rps sg-acc=10.000000 rps2

[INFO] hw.pins: Pin step.fb set to 1.1514900000000006 (was 1.1494750000000005)
Pin step.fb set to 1.1514900000000006 (was 1.1494750000000005)
[INFO] hw.stepgen: =human= stepgen sg-cmd-pos=1.400000 rev sg-fb-pos=1.151490 rev sg-vel=2.020000 rps sg-acc=10.000000 rps2

=human= stepgen sg-cmd-pos=1.400000 rev sg-fb-pos=1.151490 rev sg-vel=2.020000 rps sg-acc=10.000000 rps2

[INFO] hw.pins: Pin step.fb set to 1.1535150000000005 (was 1.1514900000000006)
Pin step.fb set to 1.1535150000000005 (was 1.1514900000000006)
[INFO] hw.stepgen: =human= stepgen sg-cmd-pos=1.400000 rev sg-fb-pos=1.153515 rev sg-vel=2.030000 rps sg-acc=10.000000 rps2

=human= stepgen sg-cmd-pos=1.400000 rev sg-fb-pos=1.153515 rev sg-vel=2.030000 rps sg-acc=10.000000 rps2

[INFO] hw.pins: Pin step.fb set to 1.1555500000000005 (was 1.1535150000000005)
Pin step.fb set to 1.1555500000000005 (was 1.1535150000000005)
[INFO] hw.stepgen: =human= stepgen sg-cmd-pos=1.400000 rev sg-fb-pos=1.155550 rev sg-vel=2.040000 rps sg-acc=10.000000 rps2

=human= stepgen sg-cmd-pos=1.400000 rev sg-fb-pos=1.155550 rev sg-vel=2.040000 rps sg-acc=10.000000 rps2

[INFO] hw.pins: Pin step.fb set to 1.1575950000000006 (was 1.1555500000000005)
Pin step.fb set to 1.1575950000000006 (was 1.1555500000000005)
[INFO] hw.stepgen: =human= stepgen sg-cmd-pos=1.400000 rev sg-fb-pos=1.157595 rev sg-vel=2.050000 rps sg-acc=10.000000 rps2

=human= stepgen sg-cmd-pos=1.400000 rev sg-fb-pos=1.157595 rev sg-vel=2.050000 rps sg-acc=10.000000 rps2

[INFO] hw.pins: Pin step.fb set to 1.1596500000000005 (was 1.1575950000000006)
Pin step.fb set to 1.1596500000000005 (was 1.1575950000000006)
[INFO] hw.stepgen: =human= stepgen sg-cmd-pos=1.400000 rev sg-fb-pos=1.159650 rev sg-vel=2.060000 rps sg-acc=10.000000 rps2

=human= stepgen sg-cmd-pos=1.400000 rev sg-fb-pos=1.159650 rev sg-vel=2.060000 rps sg-acc=10.000000 rps2

[INFO] hw.pins: Pin step.fb set to 1.1617150000000005 (was 1.1596500000000005)
Pin step.fb set to 1.1617150000000005 (was 1.1596500000000005)
[INFO] hw.stepgen: =human= stepgen sg-cmd-pos=1.400000 rev sg-fb-pos=1.161715 rev sg-vel=2.070000 rps sg-acc=10.000000 rps2

=human= stepgen sg-cmd-pos=1.400000 rev sg-fb-pos=1.161715 rev sg-vel=2.070000 rps sg-acc=10.000000 rps2

[INFO] hw.pins: Pin step.fb set to 1.1637900000000005 (was 1.1617150000000005)
Pin step.fb set to 1.1637900000000005 (was 1.1617150000000005)
[INFO] hw.stepgen: =human= stepgen sg-cmd-pos=1.400000 rev sg-fb-pos=1.163790 rev sg-vel=2.080000 rps sg-acc=10.000000 rps2

=human= stepgen sg-cmd-pos=1.400000 rev sg-fb-pos=1.163790 rev sg-vel=2.080000 rps sg-acc=10.000000 rps2

[INFO] hw.pins: Pin step.fb set to 1.1658750000000004 (was 1.1637900000000005)
Pin step.fb set to 1.1658750000000004 (was 1.1637900000000005)
[INFO] hw.stepgen: =human= stepgen sg-cmd-pos=1.400000 rev sg-fb-pos=1.165875 rev sg-vel=2.090000 rps sg-acc=10.000000 rps2

=human= stepgen sg-cmd-pos=1.400000 rev sg-fb-pos=1.165875 rev sg-vel=2.090000 rps sg-acc=10.000000 rps2

[INFO] hw.pins: Pin step.fb set to 1.1679700000000004 (was 1.1658750000000004)
Pin step.fb set to 1.1679700000000004 (was 1.1658750000000004)
[INFO] hw.stepgen: =human= stepgen sg-cmd-pos=1.400000 rev sg-fb-pos=1.167970 rev sg-vel=2.100000 rps sg-acc=10.000000 rps2

=human= stepgen sg-cmd-pos=1.400000 rev sg-fb-pos=1.167970 rev sg-vel=2.100000 rps sg-acc=10.000000 rps2

[INFO] hw.pins: Pin step.fb set to 1.1700750000000004 (was 1.1679700000000004)
Pin step.fb set to 1.1700750000000004 (was 1.1679700000000004)
[INFO] hw.stepgen: =human= stepgen sg-cmd-pos=1.400000 rev sg-fb-pos=1.170075 rev sg-vel=2.110000 rps sg-acc=10.000000 rps2

=human= stepgen sg-cmd-pos=1.400000 rev sg-fb-pos=1.170075 rev sg-vel=2.110000 rps sg-acc=10.000000 rps2

[INFO] hw.pins: Pin step.fb set to 1.1721900000000005 (was 1.1700750000000004)
Pin step.fb set to 1.1721900000000005 (was 1.1700750000000004)
[INFO] hw.stepgen: =human= stepgen sg-cmd-pos=1.400000 rev sg-fb-pos=1.172190 rev sg-vel=2.120000 rps sg-acc=10.000000 rps2

=human= stepgen sg-cmd-pos=1.400000 rev sg-fb-pos=1.172190 rev sg-vel=2.120000 rps sg-acc=10.000000 rps2

[INFO] hw.pins: Pin step.fb set to 1.1743150000000004 (was 1.1721900000000005)
Pin step.fb set to 1.1743150000000004 (was 1.1721900000000005)
[INFO] hw.stepgen: =human= stepgen sg-cmd-pos=1.400000 rev sg-fb-pos=1.174315 rev sg-vel=2.130000 rps sg-acc=10.000000 rps2

=human= stepgen sg-cmd-pos=1.400000 rev sg-fb-pos=1.174315 rev sg-vel=2.130000 rps sg-acc=10.000000 rps2

[INFO] hw.pins: Pin step.fb set to 1.1764400000000004 (was 1.1743150000000004)
Pin step.fb set to 1.1764400000000004 (was 1.1743150000000004)
[INFO] hw.stepgen: =human= stepgen sg-cmd-pos=1.400000 rev sg-fb-pos=1.176440 rev sg-vel=2.120000 rps sg-acc=-10.000000 rps2

=human= stepgen sg-cmd-pos=1.400000 rev sg-fb-pos=1.176440 rev sg-vel=2.120000 rps sg-acc=-10.000000 rps2

[INFO] hw.pins: Pin step.fb set to 1.1785550000000005 (was 1.1764400000000004)
Pin step.fb set to 1.1785550000000005 (was 1.1764400000000004)
[INFO] hw.stepgen: =human= stepgen sg-cmd-pos=1.400000 rev sg-fb-pos=1.178555 rev sg-vel=2.110000 rps sg-acc=-10.000000 rps2

=human= stepgen sg-cmd-pos=1.400000 rev sg-fb-pos=1.178555 rev sg-vel=2.110000 rps sg-acc=-10.000000 rps2

[INFO] hw.pins: Pin step.fb set to 1.1806600000000005 (was 1.1785550000000005)
Pin step.fb set to 1.1806600000000005 (was 1.1785550000000005)
[INFO] hw.stepgen: =human= stepgen sg-cmd-pos=1.400000 rev sg-fb-pos=1.180660 rev sg-vel=2.100000 rps sg-acc=-10.000000 rps2

=human= stepgen sg-cmd-pos=1.400000 rev sg-fb-pos=1.180660 rev sg-vel=2.100000 rps sg-acc=-10.000000 rps2

[INFO] hw.pins: Pin step.fb set to 1.1827550000000004 (was 1.1806600000000005)
Pin step.fb set to 1.1827550000000004 (was 1.1806600000000005)
[INFO] hw.stepgen: =human= stepgen sg-cmd-pos=1.400000 rev sg-fb-pos=1.182755 rev sg-vel=2.090000 rps sg-acc=-10.000000 rps2

=human= stepgen sg-cmd-pos=1.400000 rev sg-fb-pos=1.182755 rev sg-vel=2.090000 rps sg-acc=-10.000000 rps2

[INFO] hw.pins: Pin step.fb set to 1.1848400000000003 (was 1.1827550000000004)
Pin step.fb set to 1.1848400000000003 (was 1.1827550000000004)
[INFO] hw.stepgen: =human= stepgen sg-cmd-pos=1.400000 rev sg-fb-pos=1.184840 rev sg-vel=2.080000 rps sg-acc=-10.000000 rps2

=human= stepgen sg-cmd-pos=1.400000 rev sg-fb-pos=1.184840 rev sg-vel=2.080000 rps sg-acc=-10.000000 rps2

[INFO] hw.pins: Pin step.fb set to 1.1869150000000004 (was 1.1848400000000003)
Pin step.fb set to 1.1869150000000004 (was 1.1848400000000003)
[INFO] hw.stepgen: =human= stepgen sg-cmd-pos=1.400000 rev sg-fb-pos=1.186915 rev sg-vel=2.070000 rps sg-acc=-10.000000 rps2

=human= stepgen sg-cmd-pos=1.400000 rev sg-fb-pos=1.186915 rev sg-vel=2.070000 rps sg-acc=-10.000000 rps2

[INFO] hw.pins: Pin step.fb set to 1.1889800000000004 (was 1.1869150000000004)
Pin step.fb set to 1.1889800000000004 (was 1.1869150000000004)
[INFO] hw.stepgen: =human= stepgen sg-cmd-pos=1.400000 rev sg-fb-pos=1.188980 rev sg-vel=2.060000 rps sg-acc=-10.000000 rps2

=human= stepgen sg-cmd-pos=1.400000 rev sg-fb-pos=1.188980 rev sg-vel=2.060000 rps sg-acc=-10.000000 rps2

[INFO] hw.pins: Pin step.fb set to 1.1910350000000003 (was 1.1889800000000004)
Pin step.fb set to 1.1910350000000003 (was 1.1889800000000004)
[INFO] hw.stepgen: =human= stepgen sg-cmd-pos=1.400000 rev sg-fb-pos=1.191035 rev sg-vel=2.050000 rps sg-acc=-10.000000 rps2

=human= stepgen sg-cmd-pos=1.400000 rev sg-fb-pos=1.191035 rev sg-vel=2.050000 rps sg-acc=-10.000000 rps2

[INFO] hw.pins: Pin step.fb set to 1.1930800000000004 (was 1.1910350000000003)
Pin step.fb set to 1.1930800000000004 (was 1.1910350000000003)
[INFO] hw.stepgen: =human= stepgen sg-cmd-pos=1.400000 rev sg-fb-pos=1.193080 rev sg-vel=2.040000 rps sg-acc=-10.000000 rps2

=human= stepgen sg-cmd-pos=1.400000 rev sg-fb-pos=1.193080 rev sg-vel=2.040000 rps sg-acc=-10.000000 rps2

[INFO] hw.pins: Pin step.fb set to 1.1951150000000004 (was 1.1930800000000004)
Pin step.fb set to 1.1951150000000004 (was 1.1930800000000004)
[INFO] hw.stepgen: =human= stepgen sg-cmd-pos=1.400000 rev sg-fb-pos=1.195115 rev sg-vel=2.030000 rps sg-acc=-10.000000 rps2

=human= stepgen sg-cmd-pos=1.400000 rev sg-fb-pos=1.195115 rev sg-vel=2.030000 rps sg-acc=-10.000000 rps2

[INFO] hw.pins: Pin step.fb set to 1.1971400000000003 (was 1.1951150000000004)
Pin step.fb set to 1.1971400000000003 (was 1.1951150000000004)
[INFO] hw.stepgen: =human= stepgen sg-cmd-pos=1.400000 rev sg-fb-pos=1.197140 rev sg-vel=2.020000 rps sg-acc=-10.000000 rps2

=human= stepgen sg-cmd-pos=1.400000 rev sg-fb-pos=1.197140 rev sg-vel=2.020000 rps sg-acc=-10.000000 rps2

[INFO] hw.pins: Pin step.fb set to 1.1991550000000004 (was 1.1971400000000003)
Pin step.fb set to 1.1991550000000004 (was 1.1971400000000003)
[INFO] hw.stepgen: =human= stepgen sg-cmd-pos=1.400000 rev sg-fb-pos=1.199155 rev sg-vel=2.010000 rps sg-acc=-10.000000 rps2

=human= stepgen sg-cmd-pos=1.400000 rev sg-fb-pos=1.199155 rev sg-vel=2.010000 rps sg-acc=-10.000000 rps2

[INFO] hw.pins: Pin step.fb set to 1.2011600000000004 (was 1.1991550000000004)
Pin step.fb set to 1.2011600000000004 (was 1.1991550000000004)
[INFO] hw.stepgen: =human= stepgen sg-cmd-pos=1.400000 rev sg-fb-pos=1.201160 rev sg-vel=2.000000 rps sg-acc=-10.000000 rps2

=human= stepgen sg-cmd-pos=1.400000 rev sg-fb-pos=1.201160 rev sg-vel=2.000000 rps sg-acc=-10.000000 rps2

[INFO] hw.pins: Pin step.fb set to 1.2031550000000004 (was 1.2011600000000004)
Pin step.fb set to 1.2031550000000004 (was 1.2011600000000004)
[INFO] hw.stepgen: =human= stepgen sg-cmd-pos=1.400000 rev sg-fb-pos=1.203155 rev sg-vel=1.990000 rps sg-acc=-10.000000 rps2

=human= stepgen sg-cmd-pos=1.400000 rev sg-fb-pos=1.203155 rev sg-vel=1.990000 rps sg-acc=-10.000000 rps2

[INFO] hw.pins: Pin step.fb set to 1.2051400000000003 (was 1.2031550000000004)
Pin step.fb set to 1.2051400000000003 (was 1.2031550000000004)
[INFO] hw.stepgen: =human= stepgen sg-cmd-pos=1.400000 rev sg-fb-pos=1.205140 rev sg-vel=1.980000 rps sg-acc=-10.000000 rps2

=human= stepgen sg-cmd-pos=1.400000 rev sg-fb-pos=1.205140 rev sg-vel=1.980000 rps sg-acc=-10.000000 rps2

[INFO] hw.pins: Pin step.fb set to 1.2071150000000004 (was 1.2051400000000003)
Pin step.fb set to 1.2071150000000004 (was 1.2051400000000003)
[INFO] hw.stepgen: =human= stepgen sg-cmd-pos=1.400000 rev sg-fb-pos=1.207115 rev sg-vel=1.970000 rps sg-acc=-10.000000 rps2

=human= stepgen sg-cmd-pos=1.400000 rev sg-fb-pos=1.207115 rev sg-vel=1.970000 rps sg-acc=-10.000000 rps2

[INFO] hw.pins: Pin step.fb set to 1.2090800000000004 (was 1.2071150000000004)
Pin step.fb set to 1.2090800000000004 (was 1.2071150000000004)
[INFO] hw.stepgen: =human= stepgen sg-cmd-pos=1.400000 rev sg-fb-pos=1.209080 rev sg-vel=1.960000 rps sg-acc=-10.000000 rps2

=human= stepgen sg-cmd-pos=1.400000 rev sg-fb-pos=1.209080 rev sg-vel=1.960000 rps sg-acc=-10.000000 rps2

[INFO] hw.pins: Pin step.fb set to 1.2110350000000003 (was 1.2090800000000004)
Pin step.fb set to 1.2110350000000003 (was 1.2090800000000004)
[INFO] hw.stepgen: =human= stepgen sg-cmd-pos=1.400000 rev sg-fb-pos=1.211035 rev sg-vel=1.950000 rps sg-acc=-10.000000 rps2

=human= stepgen sg-cmd-pos=1.400000 rev sg-fb-pos=1.211035 rev sg-vel=1.950000 rps sg-acc=-10.000000 rps2

[INFO] hw.pins: Pin step.fb set to 1.2129800000000004 (was 1.2110350000000003)
Pin step.fb set to 1.2129800000000004 (was 1.2110350000000003)
[INFO] hw.stepgen: =human= stepgen sg-cmd-pos=1.400000 rev sg-fb-pos=1.212980 rev sg-vel=1.940000 rps sg-acc=-10.000000 rps2

=human= stepgen sg-cmd-pos=1.400000 rev sg-fb-pos=1.212980 rev sg-vel=1.940000 rps sg-acc=-10.000000 rps2

[INFO] hw.pins: Pin step.fb set to 1.2149150000000004 (was 1.2129800000000004)
Pin step.fb set to 1.2149150000000004 (was 1.2129800000000004)
[INFO] hw.stepgen: =human= stepgen sg-cmd-pos=1.400000 rev sg-fb-pos=1.214915 rev sg-vel=1.930000 rps sg-acc=-10.000000 rps2

=human= stepgen sg-cmd-pos=1.400000 rev sg-fb-pos=1.214915 rev sg-vel=1.930000 rps sg-acc=-10.000000 rps2

[INFO] hw.pins: Pin step.fb set to 1.2168400000000004 (was 1.2149150000000004)
Pin step.fb set to 1.2168400000000004 (was 1.2149150000000004)
[INFO] hw.stepgen: =human= stepgen sg-cmd-pos=1.400000 rev sg-fb-pos=1.216840 rev sg-vel=1.920000 rps sg-acc=-10.000000 rps2

=human= stepgen sg-cmd-pos=1.400000 rev sg-fb-pos=1.216840 rev sg-vel=1.920000 rps sg-acc=-10.000000 rps2

[INFO] hw.pins: Pin step.fb set to 1.2187550000000005 (was 1.2168400000000004)
Pin step.fb set to 1.2187550000000005 (was 1.2168400000000004)
[INFO] hw.stepgen: =human= stepgen sg-cmd-pos=1.400000 rev sg-fb-pos=1.218755 rev sg-vel=1.910000 rps sg-acc=-10.000000 rps2

=human= stepgen sg-cmd-pos=1.400000 rev sg-fb-pos=1.218755 rev sg-vel=1.910000 rps sg-acc=-10.000000 rps2

[INFO] hw.pins: Pin step.fb set to 1.2206600000000005 (was 1.2187550000000005)
Pin step.fb set to 1.2206600000000005 (was 1.2187550000000005)
[INFO] hw.stepgen: =human= stepgen sg-cmd-pos=1.400000 rev sg-fb-pos=1.220660 rev sg-vel=1.900000 rps sg-acc=-10.000000 rps2

=human= stepgen sg-cmd-pos=1.400000 rev sg-fb-pos=1.220660 rev sg-vel=1.900000 rps sg-acc=-10.000000 rps2

[INFO] hw.pins: Pin step.fb set to 1.2225550000000005 (was 1.2206600000000005)
Pin step.fb set to 1.2225550000000005 (was 1.2206600000000005)
[INFO] hw.stepgen: =human= stepgen sg-cmd-pos=1.400000 rev sg-fb-pos=1.222555 rev sg-vel=1.890000 rps sg-acc=-10.000000 rps2

=human= stepgen sg-cmd-pos=1.400000 rev sg-fb-pos=1.222555 rev sg-vel=1.890000 rps sg-acc=-10.000000 rps2

[INFO] hw.pins: Pin step.fb set to 1.2244400000000004 (was 1.2225550000000005)
Pin step.fb set to 1.2244400000000004 (was 1.2225550000000005)
[INFO] hw.stepgen: =human= stepgen sg-cmd-pos=1.400000 rev sg-fb-pos=1.224440 rev sg-vel=1.880000 rps sg-acc=-10.000000 rps2

=human= stepgen sg-cmd-pos=1.400000 rev sg-fb-pos=1.224440 rev sg-vel=1.880000 rps sg-acc=-10.000000 rps2

[INFO] hw.pins: Pin step.cmd set to 1.5000000000000002 (was 1.4000000000000001)
Pin step.cmd set to 1.5000000000000002 (was 1.4000000000000001)
[INFO] hw.pins: Pin step.fb set to 1.2263250000000003 (was 1.2244400000000004)
Pin step.fb set to 1.2263250000000003 (was 1.2244400000000004)
[INFO] hw.stepgen: =human= stepgen sg-cmd-pos=1.500000 rev sg-fb-pos=1.226325 rev sg-vel=1.890000 rps sg-acc=10.000000 rps2

=human= stepgen sg-cmd-pos=1.500000 rev sg-fb-pos=1.226325 rev sg-vel=1.890000 rps sg-acc=10.000000 rps2

[INFO] hw.stepgen: =human= stepgen event=reaim sg-cmd-pos=1.500000 rev sg-fb-pos=1.226325 rev sg-vel=1.890000 rps

=human= stepgen event=reaim sg-cmd-pos=1.500000 rev sg-fb-pos=1.226325 rev sg-vel=1.890000 rps

[INFO] hw.pins: Pin step.fb set to 1.2282200000000003 (was 1.2263250000000003)
Pin step.fb set to 1.2282200000000003 (was 1.2263250000000003)
[INFO] hw.stepgen: =human= stepgen sg-cmd-pos=1.500000 rev sg-fb-pos=1.228220 rev sg-vel=1.900000 rps sg-acc=10.000000 rps2

=human= stepgen sg-cmd-pos=1.500000 rev sg-fb-pos=1.228220 rev sg-vel=1.900000 rps sg-acc=10.000000 rps2

[INFO] hw.pins: Pin step.fb set to 1.2301250000000004 (was 1.2282200000000003)
Pin step.fb set to 1.2301250000000004 (was 1.2282200000000003)
[INFO] hw.stepgen: =human= stepgen sg-cmd-pos=1.500000 rev sg-fb-pos=1.230125 rev sg-vel=1.910000 rps sg-acc=10.000000 rps2

=human= stepgen sg-cmd-pos=1.500000 rev sg-fb-pos=1.230125 rev sg-vel=1.910000 rps sg-acc=10.000000 rps2

[INFO] hw.pins: Pin step.fb set to 1.2320400000000005 (was 1.2301250000000004)
Pin step.fb set to 1.2320400000000005 (was 1.2301250000000004)
[INFO] hw.stepgen: =human= stepgen sg-cmd-pos=1.500000 rev sg-fb-pos=1.232040 rev sg-vel=1.920000 rps sg-acc=10.000000 rps2

=human= stepgen sg-cmd-pos=1.500000 rev sg-fb-pos=1.232040 rev sg-vel=1.920000 rps sg-acc=10.000000 rps2

[INFO] hw.pins: Pin step.fb set to 1.2339650000000004 (was 1.2320400000000005)
Pin step.fb set to 1.2339650000000004 (was 1.2320400000000005)
[INFO] hw.stepgen: =human= stepgen sg-cmd-pos=1.500000 rev sg-fb-pos=1.233965 rev sg-vel=1.930000 rps sg-acc=10.000000 rps2

=human= stepgen sg-cmd-pos=1.500000 rev sg-fb-pos=1.233965 rev sg-vel=1.930000 rps sg-acc=10.000000 rps2

[INFO] hw.pins: Pin step.fb set to 1.2359000000000004 (was 1.2339650000000004)
Pin step.fb set to 1.2359000000000004 (was 1.2339650000000004)
[INFO] hw.stepgen: =human= stepgen sg-cmd-pos=1.500000 rev sg-fb-pos=1.235900 rev sg-vel=1.940000 rps sg-acc=10.000000 rps2

=human= stepgen sg-cmd-pos=1.500000 rev sg-fb-pos=1.235900 rev sg-vel=1.940000 rps sg-acc=10.000000 rps2

[INFO] hw.pins: Pin step.fb set to 1.2378450000000005 (was 1.2359000000000004)
Pin step.fb set to 1.2378450000000005 (was 1.2359000000000004)
[INFO] hw.stepgen: =human= stepgen sg-cmd-pos=1.500000 rev sg-fb-pos=1.237845 rev sg-vel=1.950000 rps sg-acc=10.000000 rps2

=human= stepgen sg-cmd-pos=1.500000 rev sg-fb-pos=1.237845 rev sg-vel=1.950000 rps sg-acc=10.000000 rps2

[INFO] hw.pins: Pin step.fb set to 1.2398000000000005 (was 1.2378450000000005)
Pin step.fb set to 1.2398000000000005 (was 1.2378450000000005)
[INFO] hw.stepgen: =human= stepgen sg-cmd-pos=1.500000 rev sg-fb-pos=1.239800 rev sg-vel=1.960000 rps sg-acc=10.000000 rps2

=human= stepgen sg-cmd-pos=1.500000 rev sg-fb-pos=1.239800 rev sg-vel=1.960000 rps sg-acc=10.000000 rps2

[INFO] hw.pins: Pin step.fb set to 1.2417650000000005 (was 1.2398000000000005)
Pin step.fb set to 1.2417650000000005 (was 1.2398000000000005)
[INFO] hw.stepgen: =human= stepgen sg-cmd-pos=1.500000 rev sg-fb-pos=1.241765 rev sg-vel=1.970000 rps sg-acc=10.000000 rps2

=human= stepgen sg-cmd-pos=1.500000 rev sg-fb-pos=1.241765 rev sg-vel=1.970000 rps sg-acc=10.000000 rps2

[INFO] hw.pins: Pin step.fb set to 1.2437400000000005 (was 1.2417650000000005)
Pin step.fb set to 1.2437400000000005 (was 1.2417650000000005)
[INFO] hw.stepgen: =human= stepgen sg-cmd-pos=1.500000 rev sg-fb-pos=1.243740 rev sg-vel=1.980000 rps sg-acc=10.000000 rps2

=human= stepgen sg-cmd-pos=1.500000 rev sg-fb-pos=1.243740 rev sg-vel=1.980000 rps sg-acc=10.000000 rps2

[INFO] hw.pins: Pin step.fb set to 1.2457250000000004 (was 1.2437400000000005)
Pin step.fb set to 1.2457250000000004 (was 1.2437400000000005)
[INFO] hw.stepgen: =human= stepgen sg-cmd-pos=1.500000 rev sg-fb-pos=1.245725 rev sg-vel=1.990000 rps sg-acc=10.000000 rps2

=human= stepgen sg-cmd-pos=1.500000 rev sg-fb-pos=1.245725 rev sg-vel=1.990000 rps sg-acc=10.000000 rps2

[INFO] hw.pins: Pin step.fb set to 1.2477200000000004 (was 1.2457250000000004)
Pin step.fb set to 1.2477200000000004 (was 1.2457250000000004)
[INFO] hw.stepgen: =human= stepgen sg-cmd-pos=1.500000 rev sg-fb-pos=1.247720 rev sg-vel=2.000000 rps sg-acc=10.000000 rps2

=human= stepgen sg-cmd-pos=1.500000 rev sg-fb-pos=1.247720 rev sg-vel=2.000000 rps sg-acc=10.000000 rps2

[INFO] hw.pins: Pin step.fb set to 1.2497250000000004 (was 1.2477200000000004)
Pin step.fb set to 1.2497250000000004 (was 1.2477200000000004)
[INFO] hw.stepgen: =human= stepgen sg-cmd-pos=1.500000 rev sg-fb-pos=1.249725 rev sg-vel=2.010000 rps sg-acc=10.000000 rps2

=human= stepgen sg-cmd-pos=1.500000 rev sg-fb-pos=1.249725 rev sg-vel=2.010000 rps sg-acc=10.000000 rps2

[INFO] hw.pins: Pin step.fb set to 1.2517400000000005 (was 1.2497250000000004)
Pin step.fb set to 1.2517400000000005 (was 1.2497250000000004)
[INFO] hw.stepgen: =human= stepgen sg-cmd-pos=1.500000 rev sg-fb-pos=1.251740 rev sg-vel=2.020000 rps sg-acc=10.000000 rps2

=human= stepgen sg-cmd-pos=1.500000 rev sg-fb-pos=1.251740 rev sg-vel=2.020000 rps sg-acc=10.000000 rps2

[INFO] hw.pins: Pin step.fb set to 1.2537650000000005 (was 1.2517400000000005)
Pin step.fb set to 1.2537650000000005 (was 1.2517400000000005)
[INFO] hw.stepgen: =human= stepgen sg-cmd-pos=1.500000 rev sg-fb-pos=1.253765 rev sg-vel=2.030000 rps sg-acc=10.000000 rps2

=human= stepgen sg-cmd-pos=1.500000 rev sg-fb-pos=1.253765 rev sg-vel=2.030000 rps sg-acc=10.000000 rps2

[INFO] hw.pins: Pin step.fb set to 1.2558000000000005 (was 1.2537650000000005)
Pin step.fb set to 1.2558000000000005 (was 1.2537650000000005)
[INFO] hw.stepgen: =human= stepgen sg-cmd-pos=1.500000 rev sg-fb-pos=1.255800 rev sg-vel=2.040000 rps sg-acc=10.000000 rps2

=human= stepgen sg-cmd-pos=1.500000 rev sg-fb-pos=1.255800 rev sg-vel=2.040000 rps sg-acc=10.000000 rps2

[INFO] hw.pins: Pin step.fb set to 1.2578450000000005 (was 1.2558000000000005)
Pin step.fb set to 1.2578450000000005 (was 1.2558000000000005)
[INFO] hw.stepgen: =human= stepgen sg-cmd-pos=1.500000 rev sg-fb-pos=1.257845 rev sg-vel=2.050000 rps sg-acc=10.000000 rps2

=human= stepgen sg-cmd-pos=1.500000 rev sg-fb-pos=1.257845 rev sg-vel=2.050000 rps sg-acc=10.000000 rps2

[INFO] hw.pins: Pin step.fb set to 1.2599000000000005 (was 1.2578450000000005)
Pin step.fb set to 1.2599000000000005 (was 1.2578450000000005)
[INFO] hw.stepgen: =human= stepgen sg-cmd-pos=1.500000 rev sg-fb-pos=1.259900 rev sg-vel=2.060000 rps sg-acc=10.000000 rps2

=human= stepgen sg-cmd-pos=1.500000 rev sg-fb-pos=1.259900 rev sg-vel=2.060000 rps sg-acc=10.000000 rps2

[INFO] hw.pins: Pin step.fb set to 1.2619650000000004 (was 1.2599000000000005)
Pin step.fb set to 1.2619650000000004 (was 1.2599000000000005)
[INFO] hw.stepgen: =human= stepgen sg-cmd-pos=1.500000 rev sg-fb-pos=1.261965 rev sg-vel=2.070000 rps sg-acc=10.000000 rps2

=human= stepgen sg-cmd-pos=1.500000 rev sg-fb-pos=1.261965 rev sg-vel=2.070000 rps sg-acc=10.000000 rps2

[INFO] hw.pins: Pin step.fb set to 1.2640400000000005 (was 1.2619650000000004)
Pin step.fb set to 1.2640400000000005 (was 1.2619650000000004)
[INFO] hw.stepgen: =human= stepgen sg-cmd-pos=1.500000 rev sg-fb-pos=1.264040 rev sg-vel=2.080000 rps sg-acc=10.000000 rps2

=human= stepgen sg-cmd-pos=1.500000 rev sg-fb-pos=1.264040 rev sg-vel=2.080000 rps sg-acc=10.000000 rps2

[INFO] hw.pins: Pin step.fb set to 1.2661250000000004 (was 1.2640400000000005)
Pin step.fb set to 1.2661250000000004 (was 1.2640400000000005)
[INFO] hw.stepgen: =human= stepgen sg-cmd-pos=1.500000 rev sg-fb-pos=1.266125 rev sg-vel=2.090000 rps sg-acc=10.000000 rps2

=human= stepgen sg-cmd-pos=1.500000 rev sg-fb-pos=1.266125 rev sg-vel=2.090000 rps sg-acc=10.000000 rps2

[INFO] hw.pins: Pin step.fb set to 1.2682200000000003 (was 1.2661250000000004)
Pin step.fb set to 1.2682200000000003 (was 1.2661250000000004)
[INFO] hw.stepgen: =human= stepgen sg-cmd-pos=1.500000 rev sg-fb-pos=1.268220 rev sg-vel=2.100000 rps sg-acc=10.000000 rps2

=human= stepgen sg-cmd-pos=1.500000 rev sg-fb-pos=1.268220 rev sg-vel=2.100000 rps sg-acc=10.000000 rps2

[INFO] hw.pins: Pin step.fb set to 1.2703250000000004 (was 1.2682200000000003)
Pin step.fb set to 1.2703250000000004 (was 1.2682200000000003)
[INFO] hw.stepgen: =human= stepgen sg-cmd-pos=1.500000 rev sg-fb-pos=1.270325 rev sg-vel=2.110000 rps sg-acc=10.000000 rps2

=human= stepgen sg-cmd-pos=1.500000 rev sg-fb-pos=1.270325 rev sg-vel=2.110000 rps sg-acc=10.000000 rps2

[INFO] hw.pins: Pin step.fb set to 1.2724400000000005 (was 1.2703250000000004)
Pin step.fb set to 1.2724400000000005 (was 1.2703250000000004)
[INFO] hw.stepgen: =human= stepgen sg-cmd-pos=1.500000 rev sg-fb-pos=1.272440 rev sg-vel=2.120000 rps sg-acc=10.000000 rps2

=human= stepgen sg-cmd-pos=1.500000 rev sg-fb-pos=1.272440 rev sg-vel=2.120000 rps sg-acc=10.000000 rps2

[INFO] hw.pins: Pin step.fb set to 1.2745650000000004 (was 1.2724400000000005)
Pin step.fb set to 1.2745650000000004 (was 1.2724400000000005)
[INFO] hw.stepgen: =human= stepgen sg-cmd-pos=1.500000 rev sg-fb-pos=1.274565 rev sg-vel=2.130000 rps sg-acc=10.000000 rps2

=human= stepgen sg-cmd-pos=1.500000 rev sg-fb-pos=1.274565 rev sg-vel=2.130000 rps sg-acc=10.000000 rps2

[INFO] hw.pins: Pin step.fb set to 1.2766900000000003 (was 1.2745650000000004)
Pin step.fb set to 1.2766900000000003 (was 1.2745650000000004)
[INFO] hw.stepgen: =human= stepgen sg-cmd-pos=1.500000 rev sg-fb-pos=1.276690 rev sg-vel=2.120000 rps sg-acc=-10.000000 rps2

=human= stepgen sg-cmd-pos=1.500000 rev sg-fb-pos=1.276690 rev sg-vel=2.120000 rps sg-acc=-10.000000 rps2

[INFO] hw.pins: Pin step.fb set to 1.2788050000000004 (was 1.2766900000000003)
Pin step.fb set to 1.2788050000000004 (was 1.2766900000000003)
[INFO] hw.stepgen: =human= stepgen sg-cmd-pos=1.500000 rev sg-fb-pos=1.278805 rev sg-vel=2.110000 rps sg-acc=-10.000000 rps2

=human= stepgen sg-cmd-pos=1.500000 rev sg-fb-pos=1.278805 rev sg-vel=2.110000 rps sg-acc=-10.000000 rps2

[INFO] hw.pins: Pin step.fb set to 1.2809100000000004 (was 1.2788050000000004)
Pin step.fb set to 1.2809100000000004 (was 1.2788050000000004)
[INFO] hw.stepgen: =human= stepgen sg-cmd-pos=1.500000 rev sg-fb-pos=1.280910 rev sg-vel=2.100000 rps sg-acc=-10.000000 rps2

=human= stepgen sg-cmd-pos=1.500000 rev sg-fb-pos=1.280910 rev sg-vel=2.100000 rps sg-acc=-10.000000 rps2

[INFO] hw.pins: Pin step.fb set to 1.2830050000000004 (was 1.2809100000000004)
Pin step.fb set to 1.2830050000000004 (was 1.2809100000000004)
[INFO] hw.stepgen: =human= stepgen sg-cmd-pos=1.500000 rev sg-fb-pos=1.283005 rev sg-vel=2.090000 rps sg-acc=-10.000000 rps2

=human= stepgen sg-cmd-pos=1.500000 rev sg-fb-pos=1.283005 rev sg-vel=2.090000 rps sg-acc=-10.000000 rps2

[INFO] hw.pins: Pin step.fb set to 1.2850900000000003 (was 1.2830050000000004)
Pin step.fb set to 1.2850900000000003 (was 1.2830050000000004)
[INFO] hw.stepgen: =human= stepgen sg-cmd-pos=1.500000 rev sg-fb-pos=1.285090 rev sg-vel=2.080000 rps sg-acc=-10.000000 rps2

=human= stepgen sg-cmd-pos=1.500000 rev sg-fb-pos=1.285090 rev sg-vel=2.080000 rps sg-acc=-10.000000 rps2

[INFO] hw.pins: Pin step.fb set to 1.2871650000000003 (was 1.2850900000000003)
Pin step.fb set to 1.2871650000000003 (was 1.2850900000000003)
[INFO] hw.stepgen: =human= stepgen sg-cmd-pos=1.500000 rev sg-fb-pos=1.287165 rev sg-vel=2.070000 rps sg-acc=-10.000000 rps2

=human= stepgen sg-cmd-pos=1.500000 rev sg-fb-pos=1.287165 rev sg-vel=2.070000 rps sg-acc=-10.000000 rps2

[INFO] hw.pins: Pin step.fb set to 1.2892300000000003 (was 1.2871650000000003)
Pin step.fb set to 1.2892300000000003 (was 1.2871650000000003)
[INFO] hw.stepgen: =human= stepgen sg-cmd-pos=1.500000 rev sg-fb-pos=1.289230 rev sg-vel=2.060000 rps sg-acc=-10.000000 rps2

=human= stepgen sg-cmd-pos=1.500000 rev sg-fb-pos=1.289230 rev sg-vel=2.060000 rps sg-acc=-10.000000 rps2

[INFO] hw.pins: Pin step.fb set to 1.2912850000000002 (was 1.2892300000000003)
Pin step.fb set to 1.2912850000000002 (was 1.2892300000000003)
[INFO] hw.stepgen: =human= stepgen sg-cmd-pos=1.500000 rev sg-fb-pos=1.291285 rev sg-vel=2.050000 rps sg-acc=-10.000000 rps2

=human= stepgen sg-cmd-pos=1.500000 rev sg-fb-pos=1.291285 rev sg-vel=2.050000 rps sg-acc=-10.000000 rps2

[INFO] hw.pins: Pin step.fb set to 1.2933300000000003 (was 1.2912850000000002)
Pin step.fb set to 1.2933300000000003 (was 1.2912850000000002)
[INFO] hw.stepgen: =human= stepgen sg-cmd-pos=1.500000 rev sg-fb-pos=1.293330 rev sg-vel=2.040000 rps sg-acc=-10.000000 rps2

=human= stepgen sg-cmd-pos=1.500000 rev sg-fb-pos=1.293330 rev sg-vel=2.040000 rps sg-acc=-10.000000 rps2

[INFO] hw.pins: Pin step.fb set to 1.2953650000000003 (was 1.2933300000000003)
Pin step.fb set to 1.2953650000000003 (was 1.2933300000000003)
[INFO] hw.stepgen: =human= stepgen sg-cmd-pos=1.500000 rev sg-fb-pos=1.295365 rev sg-vel=2.030000 rps sg-acc=-10.000000 rps2

=human= stepgen sg-cmd-pos=1.500000 rev sg-fb-pos=1.295365 rev sg-vel=2.030000 rps sg-acc=-10.000000 rps2

[INFO] hw.pins: Pin step.fb set to 1.2973900000000003 (was 1.2953650000000003)
Pin step.fb set to 1.2973900000000003 (was 1.2953650000000003)
[INFO] hw.stepgen: =human= stepgen sg-cmd-pos=1.500000 rev sg-fb-pos=1.297390 rev sg-vel=2.020000 rps sg-acc=-10.000000 rps2

=human= stepgen sg-cmd-pos=1.500000 rev sg-fb-pos=1.297390 rev sg-vel=2.020000 rps sg-acc=-10.000000 rps2

[INFO] hw.pins: Pin step.fb set to 1.2994050000000004 (was 1.2973900000000003)
Pin step.fb set to 1.2994050000000004 (was 1.2973900000000003)
[INFO] hw.stepgen: =human= stepgen sg-cmd-pos=1.500000 rev sg-fb-pos=1.299405 rev sg-vel=2.010000 rps sg-acc=-10.000000 rps2

=human= stepgen sg-cmd-pos=1.500000 rev sg-fb-pos=1.299405 rev sg-vel=2.010000 rps sg-acc=-10.000000 rps2

[INFO] hw.pins: Pin step.fb set to 1.3014100000000004 (was 1.2994050000000004)
Pin step.fb set to 1.3014100000000004 (was 1.2994050000000004)
[INFO] hw.stepgen: =human= stepgen sg-cmd-pos=1.500000 rev sg-fb-pos=1.301410 rev sg-vel=2.000000 rps sg-acc=-10.000000 rps2

=human= stepgen sg-cmd-pos=1.500000 rev sg-fb-pos=1.301410 rev sg-vel=2.000000 rps sg-acc=-10.000000 rps2

[INFO] hw.pins: Pin step.fb set to 1.3034050000000004 (was 1.3014100000000004)
Pin step.fb set to 1.3034050000000004 (was 1.3014100000000004)
[INFO] hw.stepgen: =human= stepgen sg-cmd-pos=1.500000 rev sg-fb-pos=1.303405 rev sg-vel=1.990000 rps sg-acc=-10.000000 rps2

=human= stepgen sg-cmd-pos=1.500000 rev sg-fb-pos=1.303405 rev sg-vel=1.990000 rps sg-acc=-10.000000 rps2

[INFO] hw.pins: Pin step.fb set to 1.3053900000000003 (was 1.3034050000000004)
Pin step.fb set to 1.3053900000000003 (was 1.3034050000000004)
[INFO] hw.stepgen: =human= stepgen sg-cmd-pos=1.500000 rev sg-fb-pos=1.305390 rev sg-vel=1.980000 rps sg-acc=-10.000000 rps2

=human= stepgen sg-cmd-pos=1.500000 rev sg-fb-pos=1.305390 rev sg-vel=1.980000 rps sg-acc=-10.000000 rps2

[INFO] hw.pins: Pin step.fb set to 1.3073650000000003 (was 1.3053900000000003)
Pin step.fb set to 1.3073650000000003 (was 1.3053900000000003)
[INFO] hw.stepgen: =human= stepgen sg-cmd-pos=1.500000 rev sg-fb-pos=1.307365 rev sg-vel=1.970000 rps sg-acc=-10.000000 rps2

=human= stepgen sg-cmd-pos=1.500000 rev sg-fb-pos=1.307365 rev sg-vel=1.970000 rps sg-acc=-10.000000 rps2

[INFO] hw.pins: Pin step.fb set to 1.3093300000000003 (was 1.3073650000000003)
Pin step.fb set to 1.3093300000000003 (was 1.3073650000000003)
[INFO] hw.stepgen: =human= stepgen sg-cmd-pos=1.500000 rev sg-fb-pos=1.309330 rev sg-vel=1.960000 rps sg-acc=-10.000000 rps2

=human= stepgen sg-cmd-pos=1.500000 rev sg-fb-pos=1.309330 rev sg-vel=1.960000 rps sg-acc=-10.000000 rps2

[INFO] hw.pins: Pin step.fb set to 1.3112850000000003 (was 1.3093300000000003)
Pin step.fb set to 1.3112850000000003 (was 1.3093300000000003)
[INFO] hw.stepgen: =human= stepgen sg-cmd-pos=1.500000 rev sg-fb-pos=1.311285 rev sg-vel=1.950000 rps sg-acc=-10.000000 rps2

=human= stepgen sg-cmd-pos=1.500000 rev sg-fb-pos=1.311285 rev sg-vel=1.950000 rps sg-acc=-10.000000 rps2

[INFO] hw.pins: Pin step.fb set to 1.3132300000000003 (was 1.3112850000000003)
Pin step.fb set to 1.3132300000000003 (was 1.3112850000000003)
[INFO] hw.stepgen: =human= stepgen sg-cmd-pos=1.500000 rev sg-fb-pos=1.313230 rev sg-vel=1.940000 rps sg-acc=-10.000000 rps2

=human= stepgen sg-cmd-pos=1.500000 rev sg-fb-pos=1.313230 rev sg-vel=1.940000 rps sg-acc=-10.000000 rps2

[INFO] hw.pins: Pin step.fb set to 1.3151650000000004 (was 1.3132300000000003)
Pin step.fb set to 1.3151650000000004 (was 1.3132300000000003)
[INFO] hw.stepgen: =human= stepgen sg-cmd-pos=1.500000 rev sg-fb-pos=1.315165 rev sg-vel=1.930000 rps sg-acc=-10.000000 rps2

=human= stepgen sg-cmd-pos=1.500000 rev sg-fb-pos=1.315165 rev sg-vel=1.930000 rps sg-acc=-10.000000 rps2

[INFO] hw.pins: Pin step.fb set to 1.3170900000000003 (was 1.3151650000000004)
Pin step.fb set to 1.3170900000000003 (was 1.3151650000000004)
[INFO] hw.stepgen: =human= stepgen sg-cmd-pos=1.500000 rev sg-fb-pos=1.317090 rev sg-vel=1.920000 rps sg-acc=-10.000000 rps2

=human= stepgen sg-cmd-pos=1.500000 rev sg-fb-pos=1.317090 rev sg-vel=1.920000 rps sg-acc=-10.000000 rps2

[INFO] hw.pins: Pin step.fb set to 1.3190050000000004 (was 1.3170900000000003)
Pin step.fb set to 1.3190050000000004 (was 1.3170900000000003)
[INFO] hw.stepgen: =human= stepgen sg-cmd-pos=1.500000 rev sg-fb-pos=1.319005 rev sg-vel=1.910000 rps sg-acc=-10.000000 rps2

=human= stepgen sg-cmd-pos=1.500000 rev sg-fb-pos=1.319005 rev sg-vel=1.910000 rps sg-acc=-10.000000 rps2

[INFO] hw.pins: Pin step.fb set to 1.3209100000000005 (was 1.3190050000000004)
Pin step.fb set to 1.3209100000000005 (was 1.3190050000000004)
[INFO] hw.stepgen: =human= stepgen sg-cmd-pos=1.500000 rev sg-fb-pos=1.320910 rev sg-vel=1.900000 rps sg-acc=-10.000000 rps2

=human= stepgen sg-cmd-pos=1.500000 rev sg-fb-pos=1.320910 rev sg-vel=1.900000 rps sg-acc=-10.000000 rps2

[INFO] hw.pins: Pin step.fb set to 1.3228050000000005 (was 1.3209100000000005)
Pin step.fb set to 1.3228050000000005 (was 1.3209100000000005)
[INFO] hw.stepgen: =human= stepgen sg-cmd-pos=1.500000 rev sg-fb-pos=1.322805 rev sg-vel=1.890000 rps sg-acc=-10.000000 rps2

=human= stepgen sg-cmd-pos=1.500000 rev sg-fb-pos=1.322805 rev sg-vel=1.890000 rps sg-acc=-10.000000 rps2

[INFO] hw.pins: Pin step.fb set to 1.3246900000000004 (was 1.3228050000000005)
Pin step.fb set to 1.3246900000000004 (was 1.3228050000000005)
[INFO] hw.stepgen: =human= stepgen sg-cmd-pos=1.500000 rev sg-fb-pos=1.324690 rev sg-vel=1.880000 rps sg-acc=-10.000000 rps2

=human= stepgen sg-cmd-pos=1.500000 rev sg-fb-pos=1.324690 rev sg-vel=1.880000 rps sg-acc=-10.000000 rps2

[INFO] hw.pins: Pin step.cmd set to 1.6000000000000003 (was 1.5000000000000002)
Pin step.cmd set to 1.6000000000000003 (was 1.5000000000000002)
[INFO] hw.pins: Pin step.fb set to 1.3265750000000003 (was 1.3246900000000004)
Pin step.fb set to 1.3265750000000003 (was 1.3246900000000004)
[INFO] hw.stepgen: =human= stepgen sg-cmd-pos=1.600000 rev sg-fb-pos=1.326575 rev sg-vel=1.890000 rps sg-acc=10.000000 rps2

=human= stepgen sg-cmd-pos=1.600000 rev sg-fb-pos=1.326575 rev sg-vel=1.890000 rps sg-acc=10.000000 rps2

[INFO] hw.stepgen: =human= stepgen event=reaim sg-cmd-pos=1.600000 rev sg-fb-pos=1.326575 rev sg-vel=1.890000 rps

=human= stepgen event=reaim sg-cmd-pos=1.600000 rev sg-fb-pos=1.326575 rev sg-vel=1.890000 rps

[INFO] hw.pins: Pin step.fb set to 1.3284700000000003 (was 1.3265750000000003)
Pin step.fb set to 1.3284700000000003 (was 1.3265750000000003)
[INFO] hw.stepgen: =human= stepgen sg-cmd-pos=1.600000 rev sg-fb-pos=1.328470 rev sg-vel=1.900000 rps sg-acc=10.000000 rps2

=human= stepgen sg-cmd-pos=1.600000 rev sg-fb-pos=1.328470 rev sg-vel=1.900000 rps sg-acc=10.000000 rps2

[INFO] hw.pins: Pin step.fb set to 1.3303750000000003 (was 1.3284700000000003)
Pin step.fb set to 1.3303750000000003 (was 1.3284700000000003)
[INFO] hw.stepgen: =human= stepgen sg-cmd-pos=1.600000 rev sg-fb-pos=1.330375 rev sg-vel=1.910000 rps sg-acc=10.000000 rps2

=human= stepgen sg-cmd-pos=1.600000 rev sg-fb-pos=1.330375 rev sg-vel=1.910000 rps sg-acc=10.000000 rps2

[INFO] hw.pins: Pin step.fb set to 1.3322900000000004 (was 1.3303750000000003)
Pin step.fb set to 1.3322900000000004 (was 1.3303750000000003)
[INFO] hw.stepgen: =human= stepgen sg-cmd-pos=1.600000 rev sg-fb-pos=1.332290 rev sg-vel=1.920000 rps sg-acc=10.000000 rps2

=human= stepgen sg-cmd-pos=1.600000 rev sg-fb-pos=1.332290 rev sg-vel=1.920000 rps sg-acc=10.000000 rps2

[INFO] hw.pins: Pin step.fb set to 1.3342150000000004 (was 1.3322900000000004)
Pin step.fb set to 1.3342150000000004 (was 1.3322900000000004)
[INFO] hw.stepgen: =human= stepgen sg-cmd-pos=1.600000 rev sg-fb-pos=1.334215 rev sg-vel=1.930000 rps sg-acc=10.000000 rps2

=human= stepgen sg-cmd-pos=1.600000 rev sg-fb-pos=1.334215 rev sg-vel=1.930000 rps sg-acc=10.000000 rps2

[INFO] hw.pins: Pin step.fb set to 1.3361500000000004 (was 1.3342150000000004)
Pin step.fb set to 1.3361500000000004 (was 1.3342150000000004)
[INFO] hw.stepgen: =human= stepgen sg-cmd-pos=1.600000 rev sg-fb-pos=1.336150 rev sg-vel=1.940000 rps sg-acc=10.000000 rps2

=human= stepgen sg-cmd-pos=1.600000 rev sg-fb-pos=1.336150 rev sg-vel=1.940000 rps sg-acc=10.000000 rps2

[INFO] hw.pins: Pin step.fb set to 1.3380950000000005 (was 1.3361500000000004)
Pin step.fb set to 1.3380950000000005 (was 1.3361500000000004)
[INFO] hw.stepgen: =human= stepgen sg-cmd-pos=1.600000 rev sg-fb-pos=1.338095 rev sg-vel=1.950000 rps sg-acc=10.000000 rps2

=human= stepgen sg-cmd-pos=1.600000 rev sg-fb-pos=1.338095 rev sg-vel=1.950000 rps sg-acc=10.000000 rps2

[INFO] hw.pins: Pin step.fb set to 1.3400500000000004 (was 1.3380950000000005)
Pin step.fb set to 1.3400500000000004 (was 1.3380950000000005)
[INFO] hw.stepgen: =human= stepgen sg-cmd-pos=1.600000 rev sg-fb-pos=1.340050 rev sg-vel=1.960000 rps sg-acc=10.000000 rps2

=human= stepgen sg-cmd-pos=1.600000 rev sg-fb-pos=1.340050 rev sg-vel=1.960000 rps sg-acc=10.000000 rps2

[INFO] hw.pins: Pin step.fb set to 1.3420150000000004 (was 1.3400500000000004)
Pin step.fb set to 1.3420150000000004 (was 1.3400500000000004)
[INFO] hw.stepgen: =human= stepgen sg-cmd-pos=1.600000 rev sg-fb-pos=1.342015 rev sg-vel=1.970000 rps sg-acc=10.000000 rps2

=human= stepgen sg-cmd-pos=1.600000 rev sg-fb-pos=1.342015 rev sg-vel=1.970000 rps sg-acc=10.000000 rps2

[INFO] hw.pins: Pin step.fb set to 1.3439900000000005 (was 1.3420150000000004)
Pin step.fb set to 1.3439900000000005 (was 1.3420150000000004)
[INFO] hw.stepgen: =human= stepgen sg-cmd-pos=1.600000 rev sg-fb-pos=1.343990 rev sg-vel=1.980000 rps sg-acc=10.000000 rps2

=human= stepgen sg-cmd-pos=1.600000 rev sg-fb-pos=1.343990 rev sg-vel=1.980000 rps sg-acc=10.000000 rps2

[INFO] hw.pins: Pin step.fb set to 1.3459750000000004 (was 1.3439900000000005)
Pin step.fb set to 1.3459750000000004 (was 1.3439900000000005)
[INFO] hw.stepgen: =human= stepgen sg-cmd-pos=1.600000 rev sg-fb-pos=1.345975 rev sg-vel=1.990000 rps sg-acc=10.000000 rps2

=human= stepgen sg-cmd-pos=1.600000 rev sg-fb-pos=1.345975 rev sg-vel=1.990000 rps sg-acc=10.000000 rps2

[INFO] hw.pins: Pin step.fb set to 1.3479700000000003 (was 1.3459750000000004)
Pin step.fb set to 1.3479700000000003 (was 1.3459750000000004)
[INFO] hw.stepgen: =human= stepgen sg-cmd-pos=1.600000 rev sg-fb-pos=1.347970 rev sg-vel=2.000000 rps sg-acc=10.000000 rps2

=human= stepgen sg-cmd-pos=1.600000 rev sg-fb-pos=1.347970 rev sg-vel=2.000000 rps sg-acc=10.000000 rps2

[INFO] hw.pins: Pin step.fb set to 1.3499750000000004 (was 1.3479700000000003)
Pin step.fb set to 1.3499750000000004 (was 1.3479700000000003)
[INFO] hw.stepgen: =human= stepgen sg-cmd-pos=1.600000 rev sg-fb-pos=1.349975 rev sg-vel=2.010000 rps sg-acc=10.000000 rps2

=human= stepgen sg-cmd-pos=1.600000 rev sg-fb-pos=1.349975 rev sg-vel=2.010000 rps sg-acc=10.000000 rps2

[INFO] hw.pins: Pin step.fb set to 1.3519900000000005 (was 1.3499750000000004)
Pin step.fb set to 1.3519900000000005 (was 1.3499750000000004)
[INFO] hw.stepgen: =human= stepgen sg-cmd-pos=1.600000 rev sg-fb-pos=1.351990 rev sg-vel=2.020000 rps sg-acc=10.000000 rps2

=human= stepgen sg-cmd-pos=1.600000 rev sg-fb-pos=1.351990 rev sg-vel=2.020000 rps sg-acc=10.000000 rps2

[INFO] hw.pins: Pin step.fb set to 1.3540150000000004 (was 1.3519900000000005)
Pin step.fb set to 1.3540150000000004 (was 1.3519900000000005)
[INFO] hw.stepgen: =human= stepgen sg-cmd-pos=1.600000 rev sg-fb-pos=1.354015 rev sg-vel=2.030000 rps sg-acc=10.000000 rps2

=human= stepgen sg-cmd-pos=1.600000 rev sg-fb-pos=1.354015 rev sg-vel=2.030000 rps sg-acc=10.000000 rps2

[INFO] hw.pins: Pin step.fb set to 1.3560500000000004 (was 1.3540150000000004)
Pin step.fb set to 1.3560500000000004 (was 1.3540150000000004)
[INFO] hw.stepgen: =human= stepgen sg-cmd-pos=1.600000 rev sg-fb-pos=1.356050 rev sg-vel=2.040000 rps sg-acc=10.000000 rps2

=human= stepgen sg-cmd-pos=1.600000 rev sg-fb-pos=1.356050 rev sg-vel=2.040000 rps sg-acc=10.000000 rps2

[INFO] hw.pins: Pin step.fb set to 1.3580950000000005 (was 1.3560500000000004)
Pin step.fb set to 1.3580950000000005 (was 1.3560500000000004)
[INFO] hw.stepgen: =human= stepgen sg-cmd-pos=1.600000 rev sg-fb-pos=1.358095 rev sg-vel=2.050000 rps sg-acc=10.000000 rps2

=human= stepgen sg-cmd-pos=1.600000 rev sg-fb-pos=1.358095 rev sg-vel=2.050000 rps sg-acc=10.000000 rps2

[INFO] hw.pins: Pin step.fb set to 1.3601500000000004 (was 1.3580950000000005)
Pin step.fb set to 1.3601500000000004 (was 1.3580950000000005)
[INFO] hw.stepgen: =human= stepgen sg-cmd-pos=1.600000 rev sg-fb-pos=1.360150 rev sg-vel=2.060000 rps sg-acc=10.000000 rps2

=human= stepgen sg-cmd-pos=1.600000 rev sg-fb-pos=1.360150 rev sg-vel=2.060000 rps sg-acc=10.000000 rps2

[INFO] hw.pins: Pin step.fb set to 1.3622150000000004 (was 1.3601500000000004)
Pin step.fb set to 1.3622150000000004 (was 1.3601500000000004)
[INFO] hw.stepgen: =human= stepgen sg-cmd-pos=1.600000 rev sg-fb-pos=1.362215 rev sg-vel=2.070000 rps sg-acc=10.000000 rps2

=human= stepgen sg-cmd-pos=1.600000 rev sg-fb-pos=1.362215 rev sg-vel=2.070000 rps sg-acc=10.000000 rps2

[INFO] hw.pins: Pin step.fb set to 1.3642900000000004 (was 1.3622150000000004)
Pin step.fb set to 1.3642900000000004 (was 1.3622150000000004)
[INFO] hw.stepgen: =human= stepgen sg-cmd-pos=1.600000 rev sg-fb-pos=1.364290 rev sg-vel=2.080000 rps sg-acc=10.000000 rps2

=human= stepgen sg-cmd-pos=1.600000 rev sg-fb-pos=1.364290 rev sg-vel=2.080000 rps sg-acc=10.000000 rps2

[INFO] hw.pins: Pin step.fb set to 1.3663750000000003 (was 1.3642900000000004)
Pin step.fb set to 1.3663750000000003 (was 1.3642900000000004)
[INFO] hw.stepgen: =human= stepgen sg-cmd-pos=1.600000 rev sg-fb-pos=1.366375 rev sg-vel=2.090000 rps sg-acc=10.000000 rps2

=human= stepgen sg-cmd-pos=1.600000 rev sg-fb-pos=1.366375 rev sg-vel=2.090000 rps sg-acc=10.000000 rps2

[INFO] hw.pins: Pin step.fb set to 1.3684700000000003 (was 1.3663750000000003)
Pin step.fb set to 1.3684700000000003 (was 1.3663750000000003)
[INFO] hw.stepgen: =human= stepgen sg-cmd-pos=1.600000 rev sg-fb-pos=1.368470 rev sg-vel=2.100000 rps sg-acc=10.000000 rps2

=human= stepgen sg-cmd-pos=1.600000 rev sg-fb-pos=1.368470 rev sg-vel=2.100000 rps sg-acc=10.000000 rps2

[INFO] hw.pins: Pin step.fb set to 1.3705750000000003 (was 1.3684700000000003)
Pin step.fb set to 1.3705750000000003 (was 1.3684700000000003)
[INFO] hw.stepgen: =human= stepgen sg-cmd-pos=1.600000 rev sg-fb-pos=1.370575 rev sg-vel=2.110000 rps sg-acc=10.000000 rps2

=human= stepgen sg-cmd-pos=1.600000 rev sg-fb-pos=1.370575 rev sg-vel=2.110000 rps sg-acc=10.000000 rps2

[INFO] hw.pins: Pin step.fb set to 1.3726900000000004 (was 1.3705750000000003)
Pin step.fb set to 1.3726900000000004 (was 1.3705750000000003)
[INFO] hw.stepgen: =human= stepgen sg-cmd-pos=1.600000 rev sg-fb-pos=1.372690 rev sg-vel=2.120000 rps sg-acc=10.000000 rps2

=human= stepgen sg-cmd-pos=1.600000 rev sg-fb-pos=1.372690 rev sg-vel=2.120000 rps sg-acc=10.000000 rps2

[INFO] hw.pins: Pin step.fb set to 1.3748150000000003 (was 1.3726900000000004)
Pin step.fb set to 1.3748150000000003 (was 1.3726900000000004)
[INFO] hw.stepgen: =human= stepgen sg-cmd-pos=1.600000 rev sg-fb-pos=1.374815 rev sg-vel=2.130000 rps sg-acc=10.000000 rps2

=human= stepgen sg-cmd-pos=1.600000 rev sg-fb-pos=1.374815 rev sg-vel=2.130000 rps sg-acc=10.000000 rps2

[INFO] hw.pins: Pin step.fb set to 1.3769400000000003 (was 1.3748150000000003)
Pin step.fb set to 1.3769400000000003 (was 1.3748150000000003)
[INFO] hw.stepgen: =human= stepgen sg-cmd-pos=1.600000 rev sg-fb-pos=1.376940 rev sg-vel=2.120000 rps sg-acc=-10.000000 rps2

=human= stepgen sg-cmd-pos=1.600000 rev sg-fb-pos=1.376940 rev sg-vel=2.120000 rps sg-acc=-10.000000 rps2

[INFO] hw.pins: Pin step.fb set to 1.3790550000000004 (was 1.3769400000000003)
Pin step.fb set to 1.3790550000000004 (was 1.3769400000000003)
[INFO] hw.stepgen: =human= stepgen sg-cmd-pos=1.600000 rev sg-fb-pos=1.379055 rev sg-vel=2.110000 rps sg-acc=-10.000000 rps2

=human= stepgen sg-cmd-pos=1.600000 rev sg-fb-pos=1.379055 rev sg-vel=2.110000 rps sg-acc=-10.000000 rps2

[INFO] hw.pins: Pin step.fb set to 1.3811600000000004 (was 1.3790550000000004)
Pin step.fb set to 1.3811600000000004 (was 1.3790550000000004)
[INFO] hw.stepgen: =human= stepgen sg-cmd-pos=1.600000 rev sg-fb-pos=1.381160 rev sg-vel=2.100000 rps sg-acc=-10.000000 rps2

=human= stepgen sg-cmd-pos=1.600000 rev sg-fb-pos=1.381160 rev sg-vel=2.100000 rps sg-acc=-10.000000 rps2

[INFO] hw.pins: Pin step.fb set to 1.3832550000000003 (was 1.3811600000000004)
Pin step.fb set to 1.3832550000000003 (was 1.3811600000000004)
[INFO] hw.stepgen: =human= stepgen sg-cmd-pos=1.600000 rev sg-fb-pos=1.383255 rev sg-vel=2.090000 rps sg-acc=-10.000000 rps2

=human= stepgen sg-cmd-pos=1.600000 rev sg-fb-pos=1.383255 rev sg-vel=2.090000 rps sg-acc=-10.000000 rps2

[INFO] hw.pins: Pin step.fb set to 1.3853400000000002 (was 1.3832550000000003)
Pin step.fb set to 1.3853400000000002 (was 1.3832550000000003)
[INFO] hw.stepgen: =human= stepgen sg-cmd-pos=1.600000 rev sg-fb-pos=1.385340 rev sg-vel=2.080000 rps sg-acc=-10.000000 rps2

=human= stepgen sg-cmd-pos=1.600000 rev sg-fb-pos=1.385340 rev sg-vel=2.080000 rps sg-acc=-10.000000 rps2

[INFO] hw.pins: Pin step.fb set to 1.3874150000000003 (was 1.3853400000000002)
Pin step.fb set to 1.3874150000000003 (was 1.3853400000000002)
[INFO] hw.stepgen: =human= stepgen sg-cmd-pos=1.600000 rev sg-fb-pos=1.387415 rev sg-vel=2.070000 rps sg-acc=-10.000000 rps2

=human= stepgen sg-cmd-pos=1.600000 rev sg-fb-pos=1.387415 rev sg-vel=2.070000 rps sg-acc=-10.000000 rps2

[INFO] hw.pins: Pin step.fb set to 1.3894800000000003 (was 1.3874150000000003)
Pin step.fb set to 1.3894800000000003 (was 1.3874150000000003)
[INFO] hw.stepgen: =human= stepgen sg-cmd-pos=1.600000 rev sg-fb-pos=1.389480 rev sg-vel=2.060000 rps sg-acc=-10.000000 rps2

=human= stepgen sg-cmd-pos=1.600000 rev sg-fb-pos=1.389480 rev sg-vel=2.060000 rps sg-acc=-10.000000 rps2

[INFO] hw.pins: Pin step.fb set to 1.3915350000000002 (was 1.3894800000000003)
Pin step.fb set to 1.3915350000000002 (was 1.3894800000000003)
[INFO] hw.stepgen: =human= stepgen sg-cmd-pos=1.600000 rev sg-fb-pos=1.391535 rev sg-vel=2.050000 rps sg-acc=-10.000000 rps2

=human= stepgen sg-cmd-pos=1.600000 rev sg-fb-pos=1.391535 rev sg-vel=2.050000 rps sg-acc=-10.000000 rps2

[INFO] hw.pins: Pin step.fb set to 1.3935800000000003 (was 1.3915350000000002)
Pin step.fb set to 1.3935800000000003 (was 1.3915350000000002)
[INFO] hw.stepgen: =human= stepgen sg-cmd-pos=1.600000 rev sg-fb-pos=1.393580 rev sg-vel=2.040000 rps sg-acc=-10.000000 rps2

=human= stepgen sg-cmd-pos=1.600000 rev sg-fb-pos=1.393580 rev sg-vel=2.040000 rps sg-acc=-10.000000 rps2

[INFO] hw.pins: Pin step.fb set to 1.3956150000000003 (was 1.3935800000000003)
Pin step.fb set to 1.3956150000000003 (was 1.3935800000000003)
[INFO] hw.stepgen: =human= stepgen sg-cmd-pos=1.600000 rev sg-fb-pos=1.395615 rev sg-vel=2.030000 rps sg-acc=-10.000000 rps2

=human= stepgen sg-cmd-pos=1.600000 rev sg-fb-pos=1.395615 rev sg-vel=2.030000 rps sg-acc=-10.000000 rps2

[INFO] hw.pins: Pin step.fb set to 1.3976400000000002 (was 1.3956150000000003)
Pin step.fb set to 1.3976400000000002 (was 1.3956150000000003)
[INFO] hw.stepgen: =human= stepgen sg-cmd-pos=1.600000 rev sg-fb-pos=1.397640 rev sg-vel=2.020000 rps sg-acc=-10.000000 rps2

=human= stepgen sg-cmd-pos=1.600000 rev sg-fb-pos=1.397640 rev sg-vel=2.020000 rps sg-acc=-10.000000 rps2

[INFO] hw.pins: Pin step.fb set to 1.3996550000000003 (was 1.3976400000000002)
Pin step.fb set to 1.3996550000000003 (was 1.3976400000000002)
[INFO] hw.stepgen: =human= stepgen sg-cmd-pos=1.600000 rev sg-fb-pos=1.399655 rev sg-vel=2.010000 rps sg-acc=-10.000000 rps2

=human= stepgen sg-cmd-pos=1.600000 rev sg-fb-pos=1.399655 rev sg-vel=2.010000 rps sg-acc=-10.000000 rps2

[INFO] hw.pins: Pin step.fb set to 1.4016600000000004 (was 1.3996550000000003)
Pin step.fb set to 1.4016600000000004 (was 1.3996550000000003)
[INFO] hw.stepgen: =human= stepgen sg-cmd-pos=1.600000 rev sg-fb-pos=1.401660 rev sg-vel=2.000000 rps sg-acc=-10.000000 rps2

=human= stepgen sg-cmd-pos=1.600000 rev sg-fb-pos=1.401660 rev sg-vel=2.000000 rps sg-acc=-10.000000 rps2

[INFO] hw.pins: Pin step.fb set to 1.4036550000000003 (was 1.4016600000000004)
Pin step.fb set to 1.4036550000000003 (was 1.4016600000000004)
[INFO] hw.stepgen: =human= stepgen sg-cmd-pos=1.600000 rev sg-fb-pos=1.403655 rev sg-vel=1.990000 rps sg-acc=-10.000000 rps2

=human= stepgen sg-cmd-pos=1.600000 rev sg-fb-pos=1.403655 rev sg-vel=1.990000 rps sg-acc=-10.000000 rps2

[INFO] hw.pins: Pin step.fb set to 1.4056400000000002 (was 1.4036550000000003)
Pin step.fb set to 1.4056400000000002 (was 1.4036550000000003)
[INFO] hw.stepgen: =human= stepgen sg-cmd-pos=1.600000 rev sg-fb-pos=1.405640 rev sg-vel=1.980000 rps sg-acc=-10.000000 rps2

=human= stepgen sg-cmd-pos=1.600000 rev sg-fb-pos=1.405640 rev sg-vel=1.980000 rps sg-acc=-10.000000 rps2

[INFO] hw.pins: Pin step.fb set to 1.4076150000000003 (was 1.4056400000000002)
Pin step.fb set to 1.4076150000000003 (was 1.4056400000000002)
[INFO] hw.stepgen: =human= stepgen sg-cmd-pos=1.600000 rev sg-fb-pos=1.407615 rev sg-vel=1.970000 rps sg-acc=-10.000000 rps2

=human= stepgen sg-cmd-pos=1.600000 rev sg-fb-pos=1.407615 rev sg-vel=1.970000 rps sg-acc=-10.000000 rps2

[INFO] hw.pins: Pin step.fb set to 1.4095800000000003 (was 1.4076150000000003)
Pin step.fb set to 1.4095800000000003 (was 1.4076150000000003)
[INFO] hw.stepgen: =human= stepgen sg-cmd-pos=1.600000 rev sg-fb-pos=1.409580 rev sg-vel=1.960000 rps sg-acc=-10.000000 rps2

=human= stepgen sg-cmd-pos=1.600000 rev sg-fb-pos=1.409580 rev sg-vel=1.960000 rps sg-acc=-10.000000 rps2

[INFO] hw.pins: Pin step.fb set to 1.4115350000000002 (was 1.4095800000000003)
Pin step.fb set to 1.4115350000000002 (was 1.4095800000000003)
[INFO] hw.stepgen: =human= stepgen sg-cmd-pos=1.600000 rev sg-fb-pos=1.411535 rev sg-vel=1.950000 rps sg-acc=-10.000000 rps2

=human= stepgen sg-cmd-pos=1.600000 rev sg-fb-pos=1.411535 rev sg-vel=1.950000 rps sg-acc=-10.000000 rps2

[INFO] hw.pins: Pin step.fb set to 1.4134800000000003 (was 1.4115350000000002)
Pin step.fb set to 1.4134800000000003 (was 1.4115350000000002)
[INFO] hw.stepgen: =human= stepgen sg-cmd-pos=1.600000 rev sg-fb-pos=1.413480 rev sg-vel=1.940000 rps sg-acc=-10.000000 rps2

=human= stepgen sg-cmd-pos=1.600000 rev sg-fb-pos=1.413480 rev sg-vel=1.940000 rps sg-acc=-10.000000 rps2

[INFO] hw.pins: Pin step.fb set to 1.4154150000000003 (was 1.4134800000000003)
Pin step.fb set to 1.4154150000000003 (was 1.4134800000000003)
[INFO] hw.stepgen: =human= stepgen sg-cmd-pos=1.600000 rev sg-fb-pos=1.415415 rev sg-vel=1.930000 rps sg-acc=-10.000000 rps2

=human= stepgen sg-cmd-pos=1.600000 rev sg-fb-pos=1.415415 rev sg-vel=1.930000 rps sg-acc=-10.000000 rps2

[INFO] hw.pins: Pin step.fb set to 1.4173400000000003 (was 1.4154150000000003)
Pin step.fb set to 1.4173400000000003 (was 1.4154150000000003)
[INFO] hw.stepgen: =human= stepgen sg-cmd-pos=1.600000 rev sg-fb-pos=1.417340 rev sg-vel=1.920000 rps sg-acc=-10.000000 rps2

=human= stepgen sg-cmd-pos=1.600000 rev sg-fb-pos=1.417340 rev sg-vel=1.920000 rps sg-acc=-10.000000 rps2

[INFO] hw.pins: Pin step.fb set to 1.4192550000000004 (was 1.4173400000000003)
Pin step.fb set to 1.4192550000000004 (was 1.4173400000000003)
[INFO] hw.stepgen: =human= stepgen sg-cmd-pos=1.600000 rev sg-fb-pos=1.419255 rev sg-vel=1.910000 rps sg-acc=-10.000000 rps2

=human= stepgen sg-cmd-pos=1.600000 rev sg-fb-pos=1.419255 rev sg-vel=1.910000 rps sg-acc=-10.000000 rps2

[INFO] hw.pins: Pin step.fb set to 1.4211600000000004 (was 1.4192550000000004)
Pin step.fb set to 1.4211600000000004 (was 1.4192550000000004)
[INFO] hw.stepgen: =human= stepgen sg-cmd-pos=1.600000 rev sg-fb-pos=1.421160 rev sg-vel=1.900000 rps sg-acc=-10.000000 rps2

=human= stepgen sg-cmd-pos=1.600000 rev sg-fb-pos=1.421160 rev sg-vel=1.900000 rps sg-acc=-10.000000 rps2

[INFO] hw.pins: Pin step.fb set to 1.4230550000000004 (was 1.4211600000000004)
Pin step.fb set to 1.4230550000000004 (was 1.4211600000000004)
[INFO] hw.stepgen: =human= stepgen sg-cmd-pos=1.600000 rev sg-fb-pos=1.423055 rev sg-vel=1.890000 rps sg-acc=-10.000000 rps2

=human= stepgen sg-cmd-pos=1.600000 rev sg-fb-pos=1.423055 rev sg-vel=1.890000 rps sg-acc=-10.000000 rps2

[INFO] hw.pins: Pin step.fb set to 1.4249400000000003 (was 1.4230550000000004)
Pin step.fb set to 1.4249400000000003 (was 1.4230550000000004)
[INFO] hw.stepgen: =human= stepgen sg-cmd-pos=1.600000 rev sg-fb-pos=1.424940 rev sg-vel=1.880000 rps sg-acc=-10.000000 rps2

=human= stepgen sg-cmd-pos=1.600000 rev sg-fb-pos=1.424940 rev sg-vel=1.880000 rps sg-acc=-10.000000 rps2

[INFO] hw.pins: Pin step.cmd set to 1.7000000000000004 (was 1.6000000000000003)
Pin step.cmd set to 1.7000000000000004 (was 1.6000000000000003)
[INFO] hw.pins: Pin step.fb set to 1.4268250000000002 (was 1.4249400000000003)
Pin step.fb set to 1.4268250000000002 (was 1.4249400000000003)
[INFO] hw.stepgen: =human= stepgen sg-cmd-pos=1.700000 rev sg-fb-pos=1.426825 rev sg-vel=1.890000 rps sg-acc=10.000000 rps2

=human= stepgen sg-cmd-pos=1.700000 rev sg-fb-pos=1.426825 rev sg-vel=1.890000 rps sg-acc=10.000000 rps2

[INFO] hw.stepgen: =human= stepgen event=reaim sg-cmd-pos=1.700000 rev sg-fb-pos=1.426825 rev sg-vel=1.890000 rps

=human= stepgen event=reaim sg-cmd-pos=1.700000 rev sg-fb-pos=1.426825 rev sg-vel=1.890000 rps

[INFO] hw.pins: Pin step.fb set to 1.4287200000000002 (was 1.4268250000000002)
Pin step.fb set to 1.4287200000000002 (was 1.4268250000000002)
[INFO] hw.stepgen: =human= stepgen sg-cmd-pos=1.700000 rev sg-fb-pos=1.428720 rev sg-vel=1.900000 rps sg-acc=10.000000 rps2

=human= stepgen sg-cmd-pos=1.700000 rev sg-fb-pos=1.428720 rev sg-vel=1.900000 rps sg-acc=10.000000 rps2

[INFO] hw.pins: Pin step.fb set to 1.4306250000000003 (was 1.4287200000000002)
Pin step.fb set to 1.4306250000000003 (was 1.4287200000000002)
[INFO] hw.stepgen: =human= stepgen sg-cmd-pos=1.700000 rev sg-fb-pos=1.430625 rev sg-vel=1.910000 rps sg-acc=10.000000 rps2

=human= stepgen sg-cmd-pos=1.700000 rev sg-fb-pos=1.430625 rev sg-vel=1.910000 rps sg-acc=10.000000 rps2

[INFO] hw.pins: Pin step.fb set to 1.4325400000000004 (was 1.4306250000000003)
Pin step.fb set to 1.4325400000000004 (was 1.4306250000000003)
[INFO] hw.stepgen: =human= stepgen sg-cmd-pos=1.700000 rev sg-fb-pos=1.432540 rev sg-vel=1.920000 rps sg-acc=10.000000 rps2

=human= stepgen sg-cmd-pos=1.700000 rev sg-fb-pos=1.432540 rev sg-vel=1.920000 rps sg-acc=10.000000 rps2

[INFO] hw.pins: Pin step.fb set to 1.4344650000000003 (was 1.4325400000000004)
Pin step.fb set to 1.4344650000000003 (was 1.4325400000000004)
[INFO] hw.stepgen: =human= stepgen sg-cmd-pos=1.700000 rev sg-fb-pos=1.434465 rev sg-vel=1.930000 rps sg-acc=10.000000 rps2

=human= stepgen sg-cmd-pos=1.700000 rev sg-fb-pos=1.434465 rev sg-vel=1.930000 rps sg-acc=10.000000 rps2

[INFO] hw.pins: Pin step.fb set to 1.4364000000000003 (was 1.4344650000000003)
Pin step.fb set to 1.4364000000000003 (was 1.4344650000000003)
[INFO] hw.stepgen: =human= stepgen sg-cmd-pos=1.700000 rev sg-fb-pos=1.436400 rev sg-vel=1.940000 rps sg-acc=10.000000 rps2

=human= stepgen sg-cmd-pos=1.700000 rev sg-fb-pos=1.436400 rev sg-vel=1.940000 rps sg-acc=10.000000 rps2

[INFO] hw.pins: Pin step.fb set to 1.4383450000000004 (was 1.4364000000000003)
Pin step.fb set to 1.4383450000000004 (was 1.4364000000000003)
[INFO] hw.stepgen: =human= stepgen sg-cmd-pos=1.700000 rev sg-fb-pos=1.438345 rev sg-vel=1.950000 rps sg-acc=10.000000 rps2

=human= stepgen sg-cmd-pos=1.700000 rev sg-fb-pos=1.438345 rev sg-vel=1.950000 rps sg-acc=10.000000 rps2

[INFO] hw.pins: Pin step.fb set to 1.4403000000000004 (was 1.4383450000000004)
Pin step.fb set to 1.4403000000000004 (was 1.4383450000000004)
[INFO] hw.stepgen: =human= stepgen sg-cmd-pos=1.700000 rev sg-fb-pos=1.440300 rev sg-vel=1.960000 rps sg-acc=10.000000 rps2

=human= stepgen sg-cmd-pos=1.700000 rev sg-fb-pos=1.440300 rev sg-vel=1.960000 rps sg-acc=10.000000 rps2

[INFO] hw.pins: Pin step.fb set to 1.4422650000000004 (was 1.4403000000000004)
Pin step.fb set to 1.4422650000000004 (was 1.4403000000000004)
[INFO] hw.stepgen: =human= stepgen sg-cmd-pos=1.700000 rev sg-fb-pos=1.442265 rev sg-vel=1.970000 rps sg-acc=10.000000 rps2

=human= stepgen sg-cmd-pos=1.700000 rev sg-fb-pos=1.442265 rev sg-vel=1.970000 rps sg-acc=10.000000 rps2

[INFO] hw.pins: Pin step.fb set to 1.4442400000000004 (was 1.4422650000000004)
Pin step.fb set to 1.4442400000000004 (was 1.4422650000000004)
[INFO] hw.stepgen: =human= stepgen sg-cmd-pos=1.700000 rev sg-fb-pos=1.444240 rev sg-vel=1.980000 rps sg-acc=10.000000 rps2

=human= stepgen sg-cmd-pos=1.700000 rev sg-fb-pos=1.444240 rev sg-vel=1.980000 rps sg-acc=10.000000 rps2

[INFO] hw.pins: Pin step.fb set to 1.4462250000000003 (was 1.4442400000000004)
Pin step.fb set to 1.4462250000000003 (was 1.4442400000000004)
[INFO] hw.stepgen: =human= stepgen sg-cmd-pos=1.700000 rev sg-fb-pos=1.446225 rev sg-vel=1.990000 rps sg-acc=10.000000 rps2

=human= stepgen sg-cmd-pos=1.700000 rev sg-fb-pos=1.446225 rev sg-vel=1.990000 rps sg-acc=10.000000 rps2

[INFO] hw.pins: Pin step.fb set to 1.4482200000000003 (was 1.4462250000000003)
Pin step.fb set to 1.4482200000000003 (was 1.4462250000000003)
[INFO] hw.stepgen: =human= stepgen sg-cmd-pos=1.700000 rev sg-fb-pos=1.448220 rev sg-vel=2.000000 rps sg-acc=10.000000 rps2

=human= stepgen sg-cmd-pos=1.700000 rev sg-fb-pos=1.448220 rev sg-vel=2.000000 rps sg-acc=10.000000 rps2

[INFO] hw.pins: Pin step.fb set to 1.4502250000000003 (was 1.4482200000000003)
Pin step.fb set to 1.4502250000000003 (was 1.4482200000000003)
[INFO] hw.stepgen: =human= stepgen sg-cmd-pos=1.700000 rev sg-fb-pos=1.450225 rev sg-vel=2.010000 rps sg-acc=10.000000 rps2

=human= stepgen sg-cmd-pos=1.700000 rev sg-fb-pos=1.450225 rev sg-vel=2.010000 rps sg-acc=10.000000 rps2

[INFO] hw.pins: Pin step.fb set to 1.4522400000000004 (was 1.4502250000000003)
Pin step.fb set to 1.4522400000000004 (was 1.4502250000000003)
[INFO] hw.stepgen: =human= stepgen sg-cmd-pos=1.700000 rev sg-fb-pos=1.452240 rev sg-vel=2.020000 rps sg-acc=10.000000 rps2

=human= stepgen sg-cmd-pos=1.700000 rev sg-fb-pos=1.452240 rev sg-vel=2.020000 rps sg-acc=10.000000 rps2

[INFO] hw.pins: Pin step.fb set to 1.4542650000000004 (was 1.4522400000000004)
Pin step.fb set to 1.4542650000000004 (was 1.4522400000000004)
[INFO] hw.stepgen: =human= stepgen sg-cmd-pos=1.700000 rev sg-fb-pos=1.454265 rev sg-vel=2.030000 rps sg-acc=10.000000 rps2

=human= stepgen sg-cmd-pos=1.700000 rev sg-fb-pos=1.454265 rev sg-vel=2.030000 rps sg-acc=10.000000 rps2

[INFO] hw.pins: Pin step.fb set to 1.4563000000000004 (was 1.4542650000000004)
Pin step.fb set to 1.4563000000000004 (was 1.4542650000000004)
[INFO] hw.stepgen: =human= stepgen sg-cmd-pos=1.700000 rev sg-fb-pos=1.456300 rev sg-vel=2.040000 rps sg-acc=10.000000 rps2

=human= stepgen sg-cmd-pos=1.700000 rev sg-fb-pos=1.456300 rev sg-vel=2.040000 rps sg-acc=10.000000 rps2

[INFO] hw.pins: Pin step.fb set to 1.4583450000000004 (was 1.4563000000000004)
Pin step.fb set to 1.4583450000000004 (was 1.4563000000000004)
[INFO] hw.stepgen: =human= stepgen sg-cmd-pos=1.700000 rev sg-fb-pos=1.458345 rev sg-vel=2.050000 rps sg-acc=10.000000 rps2

=human= stepgen sg-cmd-pos=1.700000 rev sg-fb-pos=1.458345 rev sg-vel=2.050000 rps sg-acc=10.000000 rps2

[INFO] hw.pins: Pin step.fb set to 1.4604000000000004 (was 1.4583450000000004)
Pin step.fb set to 1.4604000000000004 (was 1.4583450000000004)
[INFO] hw.stepgen: =human= stepgen sg-cmd-pos=1.700000 rev sg-fb-pos=1.460400 rev sg-vel=2.060000 rps sg-acc=10.000000 rps2

=human= stepgen sg-cmd-pos=1.700000 rev sg-fb-pos=1.460400 rev sg-vel=2.060000 rps sg-acc=10.000000 rps2

[INFO] hw.pins: Pin step.fb set to 1.4624650000000003 (was 1.4604000000000004)
Pin step.fb set to 1.4624650000000003 (was 1.4604000000000004)
[INFO] hw.stepgen: =human= stepgen sg-cmd-pos=1.700000 rev sg-fb-pos=1.462465 rev sg-vel=2.070000 rps sg-acc=10.000000 rps2

=human= stepgen sg-cmd-pos=1.700000 rev sg-fb-pos=1.462465 rev sg-vel=2.070000 rps sg-acc=10.000000 rps2

[INFO] hw.pins: Pin step.fb set to 1.4645400000000004 (was 1.4624650000000003)
Pin step.fb set to 1.4645400000000004 (was 1.4624650000000003)
[INFO] hw.stepgen: =human= stepgen sg-cmd-pos=1.700000 rev sg-fb-pos=1.464540 rev sg-vel=2.080000 rps sg-acc=10.000000 rps2

=human= stepgen sg-cmd-pos=1.700000 rev sg-fb-pos=1.464540 rev sg-vel=2.080000 rps sg-acc=10.000000 rps2

[INFO] hw.pins: Pin step.fb set to 1.4666250000000003 (was 1.4645400000000004)
Pin step.fb set to 1.4666250000000003 (was 1.4645400000000004)
[INFO] hw.stepgen: =human= stepgen sg-cmd-pos=1.700000 rev sg-fb-pos=1.466625 rev sg-vel=2.090000 rps sg-acc=10.000000 rps2

=human= stepgen sg-cmd-pos=1.700000 rev sg-fb-pos=1.466625 rev sg-vel=2.090000 rps sg-acc=10.000000 rps2

[INFO] hw.pins: Pin step.fb set to 1.4687200000000002 (was 1.4666250000000003)
Pin step.fb set to 1.4687200000000002 (was 1.4666250000000003)
[INFO] hw.stepgen: =human= stepgen sg-cmd-pos=1.700000 rev sg-fb-pos=1.468720 rev sg-vel=2.100000 rps sg-acc=10.000000 rps2

=human= stepgen sg-cmd-pos=1.700000 rev sg-fb-pos=1.468720 rev sg-vel=2.100000 rps sg-acc=10.000000 rps2

[INFO] hw.pins: Pin step.fb set to 1.4708250000000003 (was 1.4687200000000002)
Pin step.fb set to 1.4708250000000003 (was 1.4687200000000002)
[INFO] hw.stepgen: =human= stepgen sg-cmd-pos=1.700000 rev sg-fb-pos=1.470825 rev sg-vel=2.110000 rps sg-acc=10.000000 rps2

=human= stepgen sg-cmd-pos=1.700000 rev sg-fb-pos=1.470825 rev sg-vel=2.110000 rps sg-acc=10.000000 rps2

[INFO] hw.pins: Pin step.fb set to 1.4729400000000004 (was 1.4708250000000003)
Pin step.fb set to 1.4729400000000004 (was 1.4708250000000003)
[INFO] hw.stepgen: =human= stepgen sg-cmd-pos=1.700000 rev sg-fb-pos=1.472940 rev sg-vel=2.120000 rps sg-acc=10.000000 rps2

=human= stepgen sg-cmd-pos=1.700000 rev sg-fb-pos=1.472940 rev sg-vel=2.120000 rps sg-acc=10.000000 rps2

[INFO] hw.pins: Pin step.fb set to 1.4750650000000003 (was 1.4729400000000004)
Pin step.fb set to 1.4750650000000003 (was 1.4729400000000004)
[INFO] hw.stepgen: =human= stepgen sg-cmd-pos=1.700000 rev sg-fb-pos=1.475065 rev sg-vel=2.130000 rps sg-acc=10.000000 rps2

=human= stepgen sg-cmd-pos=1.700000 rev sg-fb-pos=1.475065 rev sg-vel=2.130000 rps sg-acc=10.000000 rps2

[INFO] hw.pins: Pin step.fb set to 1.4771900000000002 (was 1.4750650000000003)
Pin step.fb set to 1.4771900000000002 (was 1.4750650000000003)
[INFO] hw.stepgen: =human= stepgen sg-cmd-pos=1.700000 rev sg-fb-pos=1.477190 rev sg-vel=2.120000 rps sg-acc=-10.000000 rps2

=human= stepgen sg-cmd-pos=1.700000 rev sg-fb-pos=1.477190 rev sg-vel=2.120000 rps sg-acc=-10.000000 rps2

[INFO] hw.pins: Pin step.fb set to 1.4793050000000003 (was 1.4771900000000002)
Pin step.fb set to 1.4793050000000003 (was 1.4771900000000002)
[INFO] hw.stepgen: =human= stepgen sg-cmd-pos=1.700000 rev sg-fb-pos=1.479305 rev sg-vel=2.110000 rps sg-acc=-10.000000 rps2

=human= stepgen sg-cmd-pos=1.700000 rev sg-fb-pos=1.479305 rev sg-vel=2.110000 rps sg-acc=-10.000000 rps2

[INFO] hw.pins: Pin step.fb set to 1.4814100000000003 (was 1.4793050000000003)
Pin step.fb set to 1.4814100000000003 (was 1.4793050000000003)
[INFO] hw.stepgen: =human= stepgen sg-cmd-pos=1.700000 rev sg-fb-pos=1.481410 rev sg-vel=2.100000 rps sg-acc=-10.000000 rps2

=human= stepgen sg-cmd-pos=1.700000 rev sg-fb-pos=1.481410 rev sg-vel=2.100000 rps sg-acc=-10.000000 rps2

[INFO] hw.pins: Pin step.fb set to 1.4835050000000003 (was 1.4814100000000003)
Pin step.fb set to 1.4835050000000003 (was 1.4814100000000003)
[INFO] hw.stepgen: =human= stepgen sg-cmd-pos=1.700000 rev sg-fb-pos=1.483505 rev sg-vel=2.090000 rps sg-acc=-10.000000 rps2

=human= stepgen sg-cmd-pos=1.700000 rev sg-fb-pos=1.483505 rev sg-vel=2.090000 rps sg-acc=-10.000000 rps2

[INFO] hw.pins: Pin step.fb set to 1.4855900000000002 (was 1.4835050000000003)
Pin step.fb set to 1.4855900000000002 (was 1.4835050000000003)
[INFO] hw.stepgen: =human= stepgen sg-cmd-pos=1.700000 rev sg-fb-pos=1.485590 rev sg-vel=2.080000 rps sg-acc=-10.000000 rps2

=human= stepgen sg-cmd-pos=1.700000 rev sg-fb-pos=1.485590 rev sg-vel=2.080000 rps sg-acc=-10.000000 rps2

[INFO] hw.pins: Pin step.fb set to 1.4876650000000002 (was 1.4855900000000002)
Pin step.fb set to 1.4876650000000002 (was 1.4855900000000002)
[INFO] hw.stepgen: =human= stepgen sg-cmd-pos=1.700000 rev sg-fb-pos=1.487665 rev sg-vel=2.070000 rps sg-acc=-10.000000 rps2

=human= stepgen sg-cmd-pos=1.700000 rev sg-fb-pos=1.487665 rev sg-vel=2.070000 rps sg-acc=-10.000000 rps2

[INFO] hw.pins: Pin step.fb set to 1.4897300000000002 (was 1.4876650000000002)
Pin step.fb set to 1.4897300000000002 (was 1.4876650000000002)
[INFO] hw.stepgen: =human= stepgen sg-cmd-pos=1.700000 rev sg-fb-pos=1.489730 rev sg-vel=2.060000 rps sg-acc=-10.000000 rps2

=human= stepgen sg-cmd-pos=1.700000 rev sg-fb-pos=1.489730 rev sg-vel=2.060000 rps sg-acc=-10.000000 rps2

[INFO] hw.pins: Pin step.fb set to 1.4917850000000001 (was 1.4897300000000002)
Pin step.fb set to 1.4917850000000001 (was 1.4897300000000002)
[INFO] hw.stepgen: =human= stepgen sg-cmd-pos=1.700000 rev sg-fb-pos=1.491785 rev sg-vel=2.050000 rps sg-acc=-10.000000 rps2

=human= stepgen sg-cmd-pos=1.700000 rev sg-fb-pos=1.491785 rev sg-vel=2.050000 rps sg-acc=-10.000000 rps2

[INFO] hw.pins: Pin step.fb set to 1.4938300000000002 (was 1.4917850000000001)
Pin step.fb set to 1.4938300000000002 (was 1.4917850000000001)
[INFO] hw.stepgen: =human= stepgen sg-cmd-pos=1.700000 rev sg-fb-pos=1.493830 rev sg-vel=2.040000 rps sg-acc=-10.000000 rps2

=human= stepgen sg-cmd-pos=1.700000 rev sg-fb-pos=1.493830 rev sg-vel=2.040000 rps sg-acc=-10.000000 rps2

[INFO] hw.pins: Pin step.fb set to 1.4958650000000002 (was 1.4938300000000002)
Pin step.fb set to 1.4958650000000002 (was 1.4938300000000002)
[INFO] hw.stepgen: =human= stepgen sg-cmd-pos=1.700000 rev sg-fb-pos=1.495865 rev sg-vel=2.030000 rps sg-acc=-10.000000 rps2

=human= stepgen sg-cmd-pos=1.700000 rev sg-fb-pos=1.495865 rev sg-vel=2.030000 rps sg-acc=-10.000000 rps2

[INFO] hw.pins: Pin step.fb set to 1.4978900000000002 (was 1.4958650000000002)
Pin step.fb set to 1.4978900000000002 (was 1.4958650000000002)
[INFO] hw.stepgen: =human= stepgen sg-cmd-pos=1.700000 rev sg-fb-pos=1.497890 rev sg-vel=2.020000 rps sg-acc=-10.000000 rps2

=human= stepgen sg-cmd-pos=1.700000 rev sg-fb-pos=1.497890 rev sg-vel=2.020000 rps sg-acc=-10.000000 rps2

[INFO] hw.pins: Pin step.fb set to 1.4999050000000003 (was 1.4978900000000002)
Pin step.fb set to 1.4999050000000003 (was 1.4978900000000002)
[INFO] hw.stepgen: =human= stepgen sg-cmd-pos=1.700000 rev sg-fb-pos=1.499905 rev sg-vel=2.010000 rps sg-acc=-10.000000 rps2

=human= stepgen sg-cmd-pos=1.700000 rev sg-fb-pos=1.499905 rev sg-vel=2.010000 rps sg-acc=-10.000000 rps2

[INFO] hw.pins: Pin step.fb set to 1.5019100000000003 (was 1.4999050000000003)
Pin step.fb set to 1.5019100000000003 (was 1.4999050000000003)
[INFO] hw.stepgen: =human= stepgen sg-cmd-pos=1.700000 rev sg-fb-pos=1.501910 rev sg-vel=2.000000 rps sg-acc=-10.000000 rps2

=human= stepgen sg-cmd-pos=1.700000 rev sg-fb-pos=1.501910 rev sg-vel=2.000000 rps sg-acc=-10.000000 rps2

[INFO] hw.pins: Pin step.fb set to 1.5039050000000003 (was 1.5019100000000003)
Pin step.fb set to 1.5039050000000003 (was 1.5019100000000003)
[INFO] hw.stepgen: =human= stepgen sg-cmd-pos=1.700000 rev sg-fb-pos=1.503905 rev sg-vel=1.990000 rps sg-acc=-10.000000 rps2

=human= stepgen sg-cmd-pos=1.700000 rev sg-fb-pos=1.503905 rev sg-vel=1.990000 rps sg-acc=-10.000000 rps2

[INFO] hw.pins: Pin step.fb set to 1.5058900000000002 (was 1.5039050000000003)
Pin step.fb set to 1.5058900000000002 (was 1.5039050000000003)
[INFO] hw.stepgen: =human= stepgen sg-cmd-pos=1.700000 rev sg-fb-pos=1.505890 rev sg-vel=1.980000 rps sg-acc=-10.000000 rps2

=human= stepgen sg-cmd-pos=1.700000 rev sg-fb-pos=1.505890 rev sg-vel=1.980000 rps sg-acc=-10.000000 rps2

[INFO] hw.pins: Pin step.fb set to 1.5078650000000002 (was 1.5058900000000002)
Pin step.fb set to 1.5078650000000002 (was 1.5058900000000002)
[INFO] hw.stepgen: =human= stepgen sg-cmd-pos=1.700000 rev sg-fb-pos=1.507865 rev sg-vel=1.970000 rps sg-acc=-10.000000 rps2

=human= stepgen sg-cmd-pos=1.700000 rev sg-fb-pos=1.507865 rev sg-vel=1.970000 rps sg-acc=-10.000000 rps2

[INFO] hw.pins: Pin step.fb set to 1.5098300000000002 (was 1.5078650000000002)
Pin step.fb set to 1.5098300000000002 (was 1.5078650000000002)
[INFO] hw.stepgen: =human= stepgen sg-cmd-pos=1.700000 rev sg-fb-pos=1.509830 rev sg-vel=1.960000 rps sg-acc=-10.000000 rps2

=human= stepgen sg-cmd-pos=1.700000 rev sg-fb-pos=1.509830 rev sg-vel=1.960000 rps sg-acc=-10.000000 rps2

[INFO] hw.pins: Pin step.fb set to 1.5117850000000002 (was 1.5098300000000002)
Pin step.fb set to 1.5117850000000002 (was 1.5098300000000002)
[INFO] hw.stepgen: =human= stepgen sg-cmd-pos=1.700000 rev sg-fb-pos=1.511785 rev sg-vel=1.950000 rps sg-acc=-10.000000 rps2

=human= stepgen sg-cmd-pos=1.700000 rev sg-fb-pos=1.511785 rev sg-vel=1.950000 rps sg-acc=-10.000000 rps2

[INFO] hw.pins: Pin step.fb set to 1.5137300000000002 (was 1.5117850000000002)
Pin step.fb set to 1.5137300000000002 (was 1.5117850000000002)
[INFO] hw.stepgen: =human= stepgen sg-cmd-pos=1.700000 rev sg-fb-pos=1.513730 rev sg-vel=1.940000 rps sg-acc=-10.000000 rps2

=human= stepgen sg-cmd-pos=1.700000 rev sg-fb-pos=1.513730 rev sg-vel=1.940000 rps sg-acc=-10.000000 rps2

[INFO] hw.pins: Pin step.fb set to 1.5156650000000003 (was 1.5137300000000002)
Pin step.fb set to 1.5156650000000003 (was 1.5137300000000002)
[INFO] hw.stepgen: =human= stepgen sg-cmd-pos=1.700000 rev sg-fb-pos=1.515665 rev sg-vel=1.930000 rps sg-acc=-10.000000 rps2

=human= stepgen sg-cmd-pos=1.700000 rev sg-fb-pos=1.515665 rev sg-vel=1.930000 rps sg-acc=-10.000000 rps2

[INFO] hw.pins: Pin step.fb set to 1.5175900000000002 (was 1.5156650000000003)
Pin step.fb set to 1.5175900000000002 (was 1.5156650000000003)
[INFO] hw.stepgen: =human= stepgen sg-cmd-pos=1.700000 rev sg-fb-pos=1.517590 rev sg-vel=1.920000 rps sg-acc=-10.000000 rps2

=human= stepgen sg-cmd-pos=1.700000 rev sg-fb-pos=1.517590 rev sg-vel=1.920000 rps sg-acc=-10.000000 rps2

[INFO] hw.pins: Pin step.fb set to 1.5195050000000003 (was 1.5175900000000002)
Pin step.fb set to 1.5195050000000003 (was 1.5175900000000002)
[INFO] hw.stepgen: =human= stepgen sg-cmd-pos=1.700000 rev sg-fb-pos=1.519505 rev sg-vel=1.910000 rps sg-acc=-10.000000 rps2

=human= stepgen sg-cmd-pos=1.700000 rev sg-fb-pos=1.519505 rev sg-vel=1.910000 rps sg-acc=-10.000000 rps2

[INFO] hw.pins: Pin step.fb set to 1.5214100000000004 (was 1.5195050000000003)
Pin step.fb set to 1.5214100000000004 (was 1.5195050000000003)
[INFO] hw.stepgen: =human= stepgen sg-cmd-pos=1.700000 rev sg-fb-pos=1.521410 rev sg-vel=1.900000 rps sg-acc=-10.000000 rps2

=human= stepgen sg-cmd-pos=1.700000 rev sg-fb-pos=1.521410 rev sg-vel=1.900000 rps sg-acc=-10.000000 rps2

[INFO] hw.pins: Pin step.fb set to 1.5233050000000004 (was 1.5214100000000004)
Pin step.fb set to 1.5233050000000004 (was 1.5214100000000004)
[INFO] hw.stepgen: =human= stepgen sg-cmd-pos=1.700000 rev sg-fb-pos=1.523305 rev sg-vel=1.890000 rps sg-acc=-10.000000 rps2

=human= stepgen sg-cmd-pos=1.700000 rev sg-fb-pos=1.523305 rev sg-vel=1.890000 rps sg-acc=-10.000000 rps2

[INFO] hw.pins: Pin step.fb set to 1.5251900000000003 (was 1.5233050000000004)
Pin step.fb set to 1.5251900000000003 (was 1.5233050000000004)
[INFO] hw.stepgen: =human= stepgen sg-cmd-pos=1.700000 rev sg-fb-pos=1.525190 rev sg-vel=1.880000 rps sg-acc=-10.000000 rps2

=human= stepgen sg-cmd-pos=1.700000 rev sg-fb-pos=1.525190 rev sg-vel=1.880000 rps sg-acc=-10.000000 rps2

[INFO] hw.pins: Pin step.cmd set to 1.8000000000000005 (was 1.7000000000000004)
Pin step.cmd set to 1.8000000000000005 (was 1.7000000000000004)
[INFO] hw.pins: Pin step.fb set to 1.5270750000000002 (was 1.5251900000000003)
Pin step.fb set to 1.5270750000000002 (was 1.5251900000000003)
[INFO] hw.stepgen: =human= stepgen sg-cmd-pos=1.800000 rev sg-fb-pos=1.527075 rev sg-vel=1.890000 rps sg-acc=10.000000 rps2

=human= stepgen sg-cmd-pos=1.800000 rev sg-fb-pos=1.527075 rev sg-vel=1.890000 rps sg-acc=10.000000 rps2

[INFO] hw.stepgen: =human= stepgen event=reaim sg-cmd-pos=1.800000 rev sg-fb-pos=1.527075 rev sg-vel=1.890000 rps

=human= stepgen event=reaim sg-cmd-pos=1.800000 rev sg-fb-pos=1.527075 rev sg-vel=1.890000 rps

[INFO] hw.pins: Pin step.fb set to 1.5289700000000002 (was 1.5270750000000002)
Pin step.fb set to 1.5289700000000002 (was 1.5270750000000002)
[INFO] hw.stepgen: =human= stepgen sg-cmd-pos=1.800000 rev sg-fb-pos=1.528970 rev sg-vel=1.900000 rps sg-acc=10.000000 rps2

=human= stepgen sg-cmd-pos=1.800000 rev sg-fb-pos=1.528970 rev sg-vel=1.900000 rps sg-acc=10.000000 rps2

[INFO] hw.pins: Pin step.fb set to 1.5308750000000002 (was 1.5289700000000002)
Pin step.fb set to 1.5308750000000002 (was 1.5289700000000002)
[INFO] hw.stepgen: =human= stepgen sg-cmd-pos=1.800000 rev sg-fb-pos=1.530875 rev sg-vel=1.910000 rps sg-acc=10.000000 rps2

=human= stepgen sg-cmd-pos=1.800000 rev sg-fb-pos=1.530875 rev sg-vel=1.910000 rps sg-acc=10.000000 rps2

[INFO] hw.pins: Pin step.fb set to 1.5327900000000003 (was 1.5308750000000002)
Pin step.fb set to 1.5327900000000003 (was 1.5308750000000002)
[INFO] hw.stepgen: =human= stepgen sg-cmd-pos=1.800000 rev sg-fb-pos=1.532790 rev sg-vel=1.920000 rps sg-acc=10.000000 rps2

=human= stepgen sg-cmd-pos=1.800000 rev sg-fb-pos=1.532790 rev sg-vel=1.920000 rps sg-acc=10.000000 rps2

[INFO] hw.pins: Pin step.fb set to 1.5347150000000003 (was 1.5327900000000003)
Pin step.fb set to 1.5347150000000003 (was 1.5327900000000003)
[INFO] hw.stepgen: =human= stepgen sg-cmd-pos=1.800000 rev sg-fb-pos=1.534715 rev sg-vel=1.930000 rps sg-acc=10.000000 rps2

=human= stepgen sg-cmd-pos=1.800000 rev sg-fb-pos=1.534715 rev sg-vel=1.930000 rps sg-acc=10.000000 rps2

[INFO] hw.pins: Pin step.fb set to 1.5366500000000003 (was 1.5347150000000003)
Pin step.fb set to 1.5366500000000003 (was 1.5347150000000003)
[INFO] hw.stepgen: =human= stepgen sg-cmd-pos=1.800000 rev sg-fb-pos=1.536650 rev sg-vel=1.940000 rps sg-acc=10.000000 rps2

=human= stepgen sg-cmd-pos=1.800000 rev sg-fb-pos=1.536650 rev sg-vel=1.940000 rps sg-acc=10.000000 rps2

[INFO] hw.pins: Pin step.fb set to 1.5385950000000004 (was 1.5366500000000003)
Pin step.fb set to 1.5385950000000004 (was 1.5366500000000003)
[INFO] hw.stepgen: =human= stepgen sg-cmd-pos=1.800000 rev sg-fb-pos=1.538595 rev sg-vel=1.950000 rps sg-acc=10.000000 rps2

=human= stepgen sg-cmd-pos=1.800000 rev sg-fb-pos=1.538595 rev sg-vel=1.950000 rps sg-acc=10.000000 rps2

[INFO] hw.pins: Pin step.fb set to 1.5405500000000003 (was 1.5385950000000004)
Pin step.fb set to 1.5405500000000003 (was 1.5385950000000004)
[INFO] hw.stepgen: =human= stepgen sg-cmd-pos=1.800000 rev sg-fb-pos=1.540550 rev sg-vel=1.960000 rps sg-acc=10.000000 rps2

=human= stepgen sg-cmd-pos=1.800000 rev sg-fb-pos=1.540550 rev sg-vel=1.960000 rps sg-acc=10.000000 rps2

[INFO] hw.pins: Pin step.fb set to 1.5425150000000003 (was 1.5405500000000003)
Pin step.fb set to 1.5425150000000003 (was 1.5405500000000003)
[INFO] hw.stepgen: =human= stepgen sg-cmd-pos=1.800000 rev sg-fb-pos=1.542515 rev sg-vel=1.970000 rps sg-acc=10.000000 rps2

=human= stepgen sg-cmd-pos=1.800000 rev sg-fb-pos=1.542515 rev sg-vel=1.970000 rps sg-acc=10.000000 rps2

[INFO] hw.pins: Pin step.fb set to 1.5444900000000004 (was 1.5425150000000003)
Pin step.fb set to 1.5444900000000004 (was 1.5425150000000003)
[INFO] hw.stepgen: =human= stepgen sg-cmd-pos=1.800000 rev sg-fb-pos=1.544490 rev sg-vel=1.980000 rps sg-acc=10.000000 rps2

=human= stepgen sg-cmd-pos=1.800000 rev sg-fb-pos=1.544490 rev sg-vel=1.980000 rps sg-acc=10.000000 rps2

[INFO] hw.pins: Pin step.fb set to 1.5464750000000003 (was 1.5444900000000004)
Pin step.fb set to 1.5464750000000003 (was 1.5444900000000004)
[INFO] hw.stepgen: =human= stepgen sg-cmd-pos=1.800000 rev sg-fb-pos=1.546475 rev sg-vel=1.990000 rps sg-acc=10.000000 rps2

=human= stepgen sg-cmd-pos=1.800000 rev sg-fb-pos=1.546475 rev sg-vel=1.990000 rps sg-acc=10.000000 rps2

[INFO] hw.pins: Pin step.fb set to 1.5484700000000002 (was 1.5464750000000003)
Pin step.fb set to 1.5484700000000002 (was 1.5464750000000003)
[INFO] hw.stepgen: =human= stepgen sg-cmd-pos=1.800000 rev sg-fb-pos=1.548470 rev sg-vel=2.000000 rps sg-acc=10.000000 rps2

=human= stepgen sg-cmd-pos=1.800000 rev sg-fb-pos=1.548470 rev sg-vel=2.000000 rps sg-acc=10.000000 rps2

[INFO] hw.pins: Pin step.fb set to 1.5504750000000003 (was 1.5484700000000002)
Pin step.fb set to 1.5504750000000003 (was 1.5484700000000002)
[INFO] hw.stepgen: =human= stepgen sg-cmd-pos=1.800000 rev sg-fb-pos=1.550475 rev sg-vel=2.010000 rps sg-acc=10.000000 rps2

=human= stepgen sg-cmd-pos=1.800000 rev sg-fb-pos=1.550475 rev sg-vel=2.010000 rps sg-acc=10.000000 rps2

[INFO] hw.pins: Pin step.fb set to 1.5524900000000004 (was 1.5504750000000003)
Pin step.fb set to 1.5524900000000004 (was 1.5504750000000003)
[INFO] hw.stepgen: =human= stepgen sg-cmd-pos=1.800000 rev sg-fb-pos=1.552490 rev sg-vel=2.020000 rps sg-acc=10.000000 rps2

=human= stepgen sg-cmd-pos=1.800000 rev sg-fb-pos=1.552490 rev sg-vel=2.020000 rps sg-acc=10.000000 rps2

[INFO] hw.pins: Pin step.fb set to 1.5545150000000003 (was 1.5524900000000004)
Pin step.fb set to 1.5545150000000003 (was 1.5524900000000004)
[INFO] hw.stepgen: =human= stepgen sg-cmd-pos=1.800000 rev sg-fb-pos=1.554515 rev sg-vel=2.030000 rps sg-acc=10.000000 rps2

=human= stepgen sg-cmd-pos=1.800000 rev sg-fb-pos=1.554515 rev sg-vel=2.030000 rps sg-acc=10.000000 rps2

[INFO] hw.pins: Pin step.fb set to 1.5565500000000003 (was 1.5545150000000003)
Pin step.fb set to 1.5565500000000003 (was 1.5545150000000003)
[INFO] hw.stepgen: =human= stepgen sg-cmd-pos=1.800000 rev sg-fb-pos=1.556550 rev sg-vel=2.040000 rps sg-acc=10.000000 rps2

=human= stepgen sg-cmd-pos=1.800000 rev sg-fb-pos=1.556550 rev sg-vel=2.040000 rps sg-acc=10.000000 rps2

[INFO] hw.pins: Pin step.fb set to 1.5585950000000004 (was 1.5565500000000003)
Pin step.fb set to 1.5585950000000004 (was 1.5565500000000003)
[INFO] hw.stepgen: =human= stepgen sg-cmd-pos=1.800000 rev sg-fb-pos=1.558595 rev sg-vel=2.050000 rps sg-acc=10.000000 rps2

=human= stepgen sg-cmd-pos=1.800000 rev sg-fb-pos=1.558595 rev sg-vel=2.050000 rps sg-acc=10.000000 rps2

[INFO] hw.pins: Pin step.fb set to 1.5606500000000003 (was 1.5585950000000004)
Pin step.fb set to 1.5606500000000003 (was 1.5585950000000004)
[INFO] hw.stepgen: =human= stepgen sg-cmd-pos=1.800000 rev sg-fb-pos=1.560650 rev sg-vel=2.060000 rps sg-acc=10.000000 rps2

=human= stepgen sg-cmd-pos=1.800000 rev sg-fb-pos=1.560650 rev sg-vel=2.060000 rps sg-acc=10.000000 rps2

[INFO] hw.pins: Pin step.fb set to 1.5627150000000003 (was 1.5606500000000003)
Pin step.fb set to 1.5627150000000003 (was 1.5606500000000003)
[INFO] hw.stepgen: =human= stepgen sg-cmd-pos=1.800000 rev sg-fb-pos=1.562715 rev sg-vel=2.070000 rps sg-acc=10.000000 rps2

=human= stepgen sg-cmd-pos=1.800000 rev sg-fb-pos=1.562715 rev sg-vel=2.070000 rps sg-acc=10.000000 rps2

[INFO] hw.pins: Pin step.fb set to 1.5647900000000003 (was 1.5627150000000003)
Pin step.fb set to 1.5647900000000003 (was 1.5627150000000003)
[INFO] hw.stepgen: =human= stepgen sg-cmd-pos=1.800000 rev sg-fb-pos=1.564790 rev sg-vel=2.080000 rps sg-acc=10.000000 rps2

=human= stepgen sg-cmd-pos=1.800000 rev sg-fb-pos=1.564790 rev sg-vel=2.080000 rps sg-acc=10.000000 rps2

[INFO] hw.pins: Pin step.fb set to 1.5668750000000002 (was 1.5647900000000003)
Pin step.fb set to 1.5668750000000002 (was 1.5647900000000003)
[INFO] hw.stepgen: =human= stepgen sg-cmd-pos=1.800000 rev sg-fb-pos=1.566875 rev sg-vel=2.090000 rps sg-acc=10.000000 rps2

=human= stepgen sg-cmd-pos=1.800000 rev sg-fb-pos=1.566875 rev sg-vel=2.090000 rps sg-acc=10.000000 rps2

[INFO] hw.pins: Pin step.fb set to 1.5689700000000002 (was 1.5668750000000002)
Pin step.fb set to 1.5689700000000002 (was 1.5668750000000002)
[INFO] hw.stepgen: =human= stepgen sg-cmd-pos=1.800000 rev sg-fb-pos=1.568970 rev sg-vel=2.100000 rps sg-acc=10.000000 rps2

=human= stepgen sg-cmd-pos=1.800000 rev sg-fb-pos=1.568970 rev sg-vel=2.100000 rps sg-acc=10.000000 rps2

[INFO] hw.pins: Pin step.fb set to 1.5710750000000002 (was 1.5689700000000002)
Pin step.fb set to 1.5710750000000002 (was 1.5689700000000002)
[INFO] hw.stepgen: =human= stepgen sg-cmd-pos=1.800000 rev sg-fb-pos=1.571075 rev sg-vel=2.110000 rps sg-acc=10.000000 rps2

=human= stepgen sg-cmd-pos=1.800000 rev sg-fb-pos=1.571075 rev sg-vel=2.110000 rps sg-acc=10.000000 rps2

[INFO] hw.pins: Pin step.fb set to 1.5731900000000003 (was 1.5710750000000002)
Pin step.fb set to 1.5731900000000003 (was 1.5710750000000002)
[INFO] hw.stepgen: =human= stepgen sg-cmd-pos=1.800000 rev sg-fb-pos=1.573190 rev sg-vel=2.120000 rps sg-acc=10.000000 rps2

=human= stepgen sg-cmd-pos=1.800000 rev sg-fb-pos=1.573190 rev sg-vel=2.120000 rps sg-acc=10.000000 rps2

[INFO] hw.pins: Pin step.fb set to 1.5753150000000002 (was 1.5731900000000003)
Pin step.fb set to 1.5753150000000002 (was 1.5731900000000003)
[INFO] hw.stepgen: =human= stepgen sg-cmd-pos=1.800000 rev sg-fb-pos=1.575315 rev sg-vel=2.130000 rps sg-acc=10.000000 rps2

=human= stepgen sg-cmd-pos=1.800000 rev sg-fb-pos=1.575315 rev sg-vel=2.130000 rps sg-acc=10.000000 rps2

[INFO] hw.pins: Pin step.fb set to 1.5774400000000002 (was 1.5753150000000002)
Pin step.fb set to 1.5774400000000002 (was 1.5753150000000002)
[INFO] hw.stepgen: =human= stepgen sg-cmd-pos=1.800000 rev sg-fb-pos=1.577440 rev sg-vel=2.120000 rps sg-acc=-10.000000 rps2

=human= stepgen sg-cmd-pos=1.800000 rev sg-fb-pos=1.577440 rev sg-vel=2.120000 rps sg-acc=-10.000000 rps2

[INFO] hw.pins: Pin step.fb set to 1.5795550000000003 (was 1.5774400000000002)
Pin step.fb set to 1.5795550000000003 (was 1.5774400000000002)
[INFO] hw.stepgen: =human= stepgen sg-cmd-pos=1.800000 rev sg-fb-pos=1.579555 rev sg-vel=2.110000 rps sg-acc=-10.000000 rps2

=human= stepgen sg-cmd-pos=1.800000 rev sg-fb-pos=1.579555 rev sg-vel=2.110000 rps sg-acc=-10.000000 rps2

[INFO] hw.pins: Pin step.fb set to 1.5816600000000003 (was 1.5795550000000003)
Pin step.fb set to 1.5816600000000003 (was 1.5795550000000003)
[INFO] hw.stepgen: =human= stepgen sg-cmd-pos=1.800000 rev sg-fb-pos=1.581660 rev sg-vel=2.100000 rps sg-acc=-10.000000 rps2

=human= stepgen sg-cmd-pos=1.800000 rev sg-fb-pos=1.581660 rev sg-vel=2.100000 rps sg-acc=-10.000000 rps2

[INFO] hw.pins: Pin step.fb set to 1.5837550000000002 (was 1.5816600000000003)
Pin step.fb set to 1.5837550000000002 (was 1.5816600000000003)
[INFO] hw.stepgen: =human= stepgen sg-cmd-pos=1.800000 rev sg-fb-pos=1.583755 rev sg-vel=2.090000 rps sg-acc=-10.000000 rps2

=human= stepgen sg-cmd-pos=1.800000 rev sg-fb-pos=1.583755 rev sg-vel=2.090000 rps sg-acc=-10.000000 rps2

[INFO] hw.pins: Pin step.fb set to 1.5858400000000001 (was 1.5837550000000002)
Pin step.fb set to 1.5858400000000001 (was 1.5837550000000002)
[INFO] hw.stepgen: =human= stepgen sg-cmd-pos=1.800000 rev sg-fb-pos=1.585840 rev sg-vel=2.080000 rps sg-acc=-10.000000 rps2

=human= stepgen sg-cmd-pos=1.800000 rev sg-fb-pos=1.585840 rev sg-vel=2.080000 rps sg-acc=-10.000000 rps2

[INFO] hw.pins: Pin step.fb set to 1.5879150000000002 (was 1.5858400000000001)
Pin step.fb set to 1.5879150000000002 (was 1.5858400000000001)
[INFO] hw.stepgen: =human= stepgen sg-cmd-pos=1.800000 rev sg-fb-pos=1.587915 rev sg-vel=2.070000 rps sg-acc=-10.000000 rps2

=human= stepgen sg-cmd-pos=1.800000 rev sg-fb-pos=1.587915 rev sg-vel=2.070000 rps sg-acc=-10.000000 rps2

[INFO] hw.pins: Pin step.fb set to 1.5899800000000002 (was 1.5879150000000002)
Pin step.fb set to 1.5899800000000002 (was 1.5879150000000002)
[INFO] hw.stepgen: =human= stepgen sg-cmd-pos=1.800000 rev sg-fb-pos=1.589980 rev sg-vel=2.060000 rps sg-acc=-10.000000 rps2

=human= stepgen sg-cmd-pos=1.800000 rev sg-fb-pos=1.589980 rev sg-vel=2.060000 rps sg-acc=-10.000000 rps2

[INFO] hw.pins: Pin step.fb set to 1.592035 (was 1.5899800000000002)
Pin step.fb set to 1.592035 (was 1.5899800000000002)
[INFO] hw.stepgen: =human= stepgen sg-cmd-pos=1.800000 rev sg-fb-pos=1.592035 rev sg-vel=2.050000 rps sg-acc=-10.000000 rps2

=human= stepgen sg-cmd-pos=1.800000 rev sg-fb-pos=1.592035 rev sg-vel=2.050000 rps sg-acc=-10.000000 rps2

[INFO] hw.pins: Pin step.fb set to 1.5940800000000002 (was 1.592035)
Pin step.fb set to 1.5940800000000002 (was 1.592035)
[INFO] hw.stepgen: =human= stepgen sg-cmd-pos=1.800000 rev sg-fb-pos=1.594080 rev sg-vel=2.040000 rps sg-acc=-10.000000 rps2

=human= stepgen sg-cmd-pos=1.800000 rev sg-fb-pos=1.594080 rev sg-vel=2.040000 rps sg-acc=-10.000000 rps2

[INFO] hw.pins: Pin step.fb set to 1.5961150000000002 (was 1.5940800000000002)
Pin step.fb set to 1.5961150000000002 (was 1.5940800000000002)
[INFO] hw.stepgen: =human= stepgen sg-cmd-pos=1.800000 rev sg-fb-pos=1.596115 rev sg-vel=2.030000 rps sg-acc=-10.000000 rps2

=human= stepgen sg-cmd-pos=1.800000 rev sg-fb-pos=1.596115 rev sg-vel=2.030000 rps sg-acc=-10.000000 rps2

[INFO] hw.pins: Pin step.fb set to 1.5981400000000001 (was 1.5961150000000002)
Pin step.fb set to 1.5981400000000001 (was 1.5961150000000002)
[INFO] hw.stepgen: =human= stepgen sg-cmd-pos=1.800000 rev sg-fb-pos=1.598140 rev sg-vel=2.020000 rps sg-acc=-10.000000 rps2

=human= stepgen sg-cmd-pos=1.800000 rev sg-fb-pos=1.598140 rev sg-vel=2.020000 rps sg-acc=-10.000000 rps2

[INFO] hw.pins: Pin step.fb set to 1.6001550000000002 (was 1.5981400000000001)
Pin step.fb set to 1.6001550000000002 (was 1.5981400000000001)
[INFO] hw.stepgen: =human= stepgen sg-cmd-pos=1.800000 rev sg-fb-pos=1.600155 rev sg-vel=2.010000 rps sg-acc=-10.000000 rps2

=human= stepgen sg-cmd-pos=1.800000 rev sg-fb-pos=1.600155 rev sg-vel=2.010000 rps sg-acc=-10.000000 rps2

[INFO] hw.pins: Pin step.fb set to 1.6021600000000003 (was 1.6001550000000002)
Pin step.fb set to 1.6021600000000003 (was 1.6001550000000002)
[INFO] hw.stepgen: =human= stepgen sg-cmd-pos=1.800000 rev sg-fb-pos=1.602160 rev sg-vel=2.000000 rps sg-acc=-10.000000 rps2

=human= stepgen sg-cmd-pos=1.800000 rev sg-fb-pos=1.602160 rev sg-vel=2.000000 rps sg-acc=-10.000000 rps2

[INFO] hw.pins: Pin step.fb set to 1.6041550000000002 (was 1.6021600000000003)
Pin step.fb set to 1.6041550000000002 (was 1.6021600000000003)
[INFO] hw.stepgen: =human= stepgen sg-cmd-pos=1.800000 rev sg-fb-pos=1.604155 rev sg-vel=1.990000 rps sg-acc=-10.000000 rps2

=human= stepgen sg-cmd-pos=1.800000 rev sg-fb-pos=1.604155 rev sg-vel=1.990000 rps sg-acc=-10.000000 rps2

[INFO] hw.pins: Pin step.fb set to 1.6061400000000001 (was 1.6041550000000002)
Pin step.fb set to 1.6061400000000001 (was 1.6041550000000002)
[INFO] hw.stepgen: =human= stepgen sg-cmd-pos=1.800000 rev sg-fb-pos=1.606140 rev sg-vel=1.980000 rps sg-acc=-10.000000 rps2

=human= stepgen sg-cmd-pos=1.800000 rev sg-fb-pos=1.606140 rev sg-vel=1.980000 rps sg-acc=-10.000000 rps2

[INFO] hw.pins: Pin step.fb set to 1.6081150000000002 (was 1.6061400000000001)
Pin step.fb set to 1.6081150000000002 (was 1.6061400000000001)
[INFO] hw.stepgen: =human= stepgen sg-cmd-pos=1.800000 rev sg-fb-pos=1.608115 rev sg-vel=1.970000 rps sg-acc=-10.000000 rps2

=human= stepgen sg-cmd-pos=1.800000 rev sg-fb-pos=1.608115 rev sg-vel=1.970000 rps sg-acc=-10.000000 rps2

[INFO] hw.pins: Pin step.fb set to 1.6100800000000002 (was 1.6081150000000002)
Pin step.fb set to 1.6100800000000002 (was 1.6081150000000002)
[INFO] hw.stepgen: =human= stepgen sg-cmd-pos=1.800000 rev sg-fb-pos=1.610080 rev sg-vel=1.960000 rps sg-acc=-10.000000 rps2

=human= stepgen sg-cmd-pos=1.800000 rev sg-fb-pos=1.610080 rev sg-vel=1.960000 rps sg-acc=-10.000000 rps2

[INFO] hw.pins: Pin step.fb set to 1.612035 (was 1.6100800000000002)
Pin step.fb set to 1.612035 (was 1.6100800000000002)
[INFO] hw.stepgen: =human= stepgen sg-cmd-pos=1.800000 rev sg-fb-pos=1.612035 rev sg-vel=1.950000 rps sg-acc=-10.000000 rps2

=human= stepgen sg-cmd-pos=1.800000 rev sg-fb-pos=1.612035 rev sg-vel=1.950000 rps sg-acc=-10.000000 rps2

[INFO] hw.pins: Pin step.fb set to 1.6139800000000002 (was 1.612035)
Pin step.fb set to 1.6139800000000002 (was 1.612035)
[INFO] hw.stepgen: =human= stepgen sg-cmd-pos=1.800000 rev sg-fb-pos=1.613980 rev sg-vel=1.940000 rps sg-acc=-10.000000 rps2

=human= stepgen sg-cmd-pos=1.800000 rev sg-fb-pos=1.613980 rev sg-vel=1.940000 rps sg-acc=-10.000000 rps2

[INFO] hw.pins: Pin step.fb set to 1.6159150000000002 (was 1.6139800000000002)
Pin step.fb set to 1.6159150000000002 (was 1.6139800000000002)
[INFO] hw.stepgen: =human= stepgen sg-cmd-pos=1.800000 rev sg-fb-pos=1.615915 rev sg-vel=1.930000 rps sg-acc=-10.000000 rps2

=human= stepgen sg-cmd-pos=1.800000 rev sg-fb-pos=1.615915 rev sg-vel=1.930000 rps sg-acc=-10.000000 rps2

[INFO] hw.pins: Pin step.fb set to 1.6178400000000002 (was 1.6159150000000002)
Pin step.fb set to 1.6178400000000002 (was 1.6159150000000002)
[INFO] hw.stepgen: =human= stepgen sg-cmd-pos=1.800000 rev sg-fb-pos=1.617840 rev sg-vel=1.920000 rps sg-acc=-10.000000 rps2

=human= stepgen sg-cmd-pos=1.800000 rev sg-fb-pos=1.617840 rev sg-vel=1.920000 rps sg-acc=-10.000000 rps2

[INFO] hw.pins: Pin step.fb set to 1.6197550000000003 (was 1.6178400000000002)
Pin step.fb set to 1.6197550000000003 (was 1.6178400000000002)
[INFO] hw.stepgen: =human= stepgen sg-cmd-pos=1.800000 rev sg-fb-pos=1.619755 rev sg-vel=1.910000 rps sg-acc=-10.000000 rps2

=human= stepgen sg-cmd-pos=1.800000 rev sg-fb-pos=1.619755 rev sg-vel=1.910000 rps sg-acc=-10.000000 rps2

[INFO] hw.pins: Pin step.fb set to 1.6216600000000003 (was 1.6197550000000003)
Pin step.fb set to 1.6216600000000003 (was 1.6197550000000003)
[INFO] hw.stepgen: =human= stepgen sg-cmd-pos=1.800000 rev sg-fb-pos=1.621660 rev sg-vel=1.900000 rps sg-acc=-10.000000 rps2

=human= stepgen sg-cmd-pos=1.800000 rev sg-fb-pos=1.621660 rev sg-vel=1.900000 rps sg-acc=-10.000000 rps2

[INFO] hw.pins: Pin step.fb set to 1.6235550000000003 (was 1.6216600000000003)
Pin step.fb set to 1.6235550000000003 (was 1.6216600000000003)
[INFO] hw.stepgen: =human= stepgen sg-cmd-pos=1.800000 rev sg-fb-pos=1.623555 rev sg-vel=1.890000 rps sg-acc=-10.000000 rps2

=human= stepgen sg-cmd-pos=1.800000 rev sg-fb-pos=1.623555 rev sg-vel=1.890000 rps sg-acc=-10.000000 rps2

[INFO] hw.pins: Pin step.fb set to 1.6254400000000002 (was 1.6235550000000003)
Pin step.fb set to 1.6254400000000002 (was 1.6235550000000003)
[INFO] hw.stepgen: =human= stepgen sg-cmd-pos=1.800000 rev sg-fb-pos=1.625440 rev sg-vel=1.880000 rps sg-acc=-10.000000 rps2

=human= stepgen sg-cmd-pos=1.800000 rev sg-fb-pos=1.625440 rev sg-vel=1.880000 rps sg-acc=-10.000000 rps2

[INFO] hw.pins: Pin step.cmd set to 1.9000000000000006 (was 1.8000000000000005)
Pin step.cmd set to 1.9000000000000006 (was 1.8000000000000005)
[INFO] hw.pins: Pin step.fb set to 1.6273250000000001 (was 1.6254400000000002)
Pin step.fb set to 1.6273250000000001 (was 1.6254400000000002)
[INFO] hw.stepgen: =human= stepgen sg-cmd-pos=1.900000 rev sg-fb-pos=1.627325 rev sg-vel=1.890000 rps sg-acc=10.000000 rps2

=human= stepgen sg-cmd-pos=1.900000 rev sg-fb-pos=1.627325 rev sg-vel=1.890000 rps sg-acc=10.000000 rps2

[INFO] hw.stepgen: =human= stepgen event=reaim sg-cmd-pos=1.900000 rev sg-fb-pos=1.627325 rev sg-vel=1.890000 rps

=human= stepgen event=reaim sg-cmd-pos=1.900000 rev sg-fb-pos=1.627325 rev sg-vel=1.890000 rps

[INFO] hw.pins: Pin step.fb set to 1.6292200000000001 (was 1.6273250000000001)
Pin step.fb set to 1.6292200000000001 (was 1.6273250000000001)
[INFO] hw.stepgen: =human= stepgen sg-cmd-pos=1.900000 rev sg-fb-pos=1.629220 rev sg-vel=1.900000 rps sg-acc=10.000000 rps2

=human= stepgen sg-cmd-pos=1.900000 rev sg-fb-pos=1.629220 rev sg-vel=1.900000 rps sg-acc=10.000000 rps2

[INFO] hw.pins: Pin step.fb set to 1.6311250000000002 (was 1.6292200000000001)
Pin step.fb set to 1.6311250000000002 (was 1.6292200000000001)
[INFO] hw.stepgen: =human= stepgen sg-cmd-pos=1.900000 rev sg-fb-pos=1.631125 rev sg-vel=1.910000 rps sg-acc=10.000000 rps2

=human= stepgen sg-cmd-pos=1.900000 rev sg-fb-pos=1.631125 rev sg-vel=1.910000 rps sg-acc=10.000000 rps2

[INFO] hw.pins: Pin step.fb set to 1.6330400000000003 (was 1.6311250000000002)
Pin step.fb set to 1.6330400000000003 (was 1.6311250000000002)
[INFO] hw.stepgen: =human= stepgen sg-cmd-pos=1.900000 rev sg-fb-pos=1.633040 rev sg-vel=1.920000 rps sg-acc=10.000000 rps2

=human= stepgen sg-cmd-pos=1.900000 rev sg-fb-pos=1.633040 rev sg-vel=1.920000 rps sg-acc=10.000000 rps2

[INFO] hw.pins: Pin step.fb set to 1.6349650000000002 (was 1.6330400000000003)
Pin step.fb set to 1.6349650000000002 (was 1.6330400000000003)
[INFO] hw.stepgen: =human= stepgen sg-cmd-pos=1.900000 rev sg-fb-pos=1.634965 rev sg-vel=1.930000 rps sg-acc=10.000000 rps2

=human= stepgen sg-cmd-pos=1.900000 rev sg-fb-pos=1.634965 rev sg-vel=1.930000 rps sg-acc=10.000000 rps2

[INFO] hw.pins: Pin step.fb set to 1.6369000000000002 (was 1.6349650000000002)
Pin step.fb set to 1.6369000000000002 (was 1.6349650000000002)
[INFO] hw.stepgen: =human= stepgen sg-cmd-pos=1.900000 rev sg-fb-pos=1.636900 rev sg-vel=1.940000 rps sg-acc=10.000000 rps2

=human= stepgen sg-cmd-pos=1.900000 rev sg-fb-pos=1.636900 rev sg-vel=1.940000 rps sg-acc=10.000000 rps2

[INFO] hw.pins: Pin step.fb set to 1.6388450000000003 (was 1.6369000000000002)
Pin step.fb set to 1.6388450000000003 (was 1.6369000000000002)
[INFO] hw.stepgen: =human= stepgen sg-cmd-pos=1.900000 rev sg-fb-pos=1.638845 rev sg-vel=1.950000 rps sg-acc=10.000000 rps2

=human= stepgen sg-cmd-pos=1.900000 rev sg-fb-pos=1.638845 rev sg-vel=1.950000 rps sg-acc=10.000000 rps2

[INFO] hw.pins: Pin step.fb set to 1.6408000000000003 (was 1.6388450000000003)
Pin step.fb set to 1.6408000000000003 (was 1.6388450000000003)
[INFO] hw.stepgen: =human= stepgen sg-cmd-pos=1.900000 rev sg-fb-pos=1.640800 rev sg-vel=1.960000 rps sg-acc=10.000000 rps2

=human= stepgen sg-cmd-pos=1.900000 rev sg-fb-pos=1.640800 rev sg-vel=1.960000 rps sg-acc=10.000000 rps2

[INFO] hw.pins: Pin step.fb set to 1.6427650000000003 (was 1.6408000000000003)
Pin step.fb set to 1.6427650000000003 (was 1.6408000000000003)
[INFO] hw.stepgen: =human= stepgen sg-cmd-pos=1.900000 rev sg-fb-pos=1.642765 rev sg-vel=1.970000 rps sg-acc=10.000000 rps2

=human= stepgen sg-cmd-pos=1.900000 rev sg-fb-pos=1.642765 rev sg-vel=1.970000 rps sg-acc=10.000000 rps2

[INFO] hw.pins: Pin step.fb set to 1.6447400000000003 (was 1.6427650000000003)
Pin step.fb set to 1.6447400000000003 (was 1.6427650000000003)
[INFO] hw.stepgen: =human= stepgen sg-cmd-pos=1.900000 rev sg-fb-pos=1.644740 rev sg-vel=1.980000 rps sg-acc=10.000000 rps2

=human= stepgen sg-cmd-pos=1.900000 rev sg-fb-pos=1.644740 rev sg-vel=1.980000 rps sg-acc=10.000000 rps2

[INFO] hw.pins: Pin step.fb set to 1.6467250000000002 (was 1.6447400000000003)
Pin step.fb set to 1.6467250000000002 (was 1.6447400000000003)
[INFO] hw.stepgen: =human= stepgen sg-cmd-pos=1.900000 rev sg-fb-pos=1.646725 rev sg-vel=1.990000 rps sg-acc=10.000000 rps2

=human= stepgen sg-cmd-pos=1.900000 rev sg-fb-pos=1.646725 rev sg-vel=1.990000 rps sg-acc=10.000000 rps2

[INFO] hw.pins: Pin step.fb set to 1.6487200000000002 (was 1.6467250000000002)
Pin step.fb set to 1.6487200000000002 (was 1.6467250000000002)
[INFO] hw.stepgen: =human= stepgen sg-cmd-pos=1.900000 rev sg-fb-pos=1.648720 rev sg-vel=2.000000 rps sg-acc=10.000000 rps2

=human= stepgen sg-cmd-pos=1.900000 rev sg-fb-pos=1.648720 rev sg-vel=2.000000 rps sg-acc=10.000000 rps2

[INFO] hw.pins: Pin step.fb set to 1.6507250000000002 (was 1.6487200000000002)
Pin step.fb set to 1.6507250000000002 (was 1.6487200000000002)
[INFO] hw.stepgen: =human= stepgen sg-cmd-pos=1.900000 rev sg-fb-pos=1.650725 rev sg-vel=2.010000 rps sg-acc=10.000000 rps2

=human= stepgen sg-cmd-pos=1.900000 rev sg-fb-pos=1.650725 rev sg-vel=2.010000 rps sg-acc=10.000000 rps2

[INFO] hw.pins: Pin step.fb set to 1.6527400000000003 (was 1.6507250000000002)
Pin step.fb set to 1.6527400000000003 (was 1.6507250000000002)
[INFO] hw.stepgen: =human= stepgen sg-cmd-pos=1.900000 rev sg-fb-pos=1.652740 rev sg-vel=2.020000 rps sg-acc=10.000000 rps2

=human= stepgen sg-cmd-pos=1.900000 rev sg-fb-pos=1.652740 rev sg-vel=2.020000 rps sg-acc=10.000000 rps2

[INFO] hw.pins: Pin step.fb set to 1.6547650000000003 (was 1.6527400000000003)
Pin step.fb set to 1.6547650000000003 (was 1.6527400000000003)
[INFO] hw.stepgen: =human= stepgen sg-cmd-pos=1.900000 rev sg-fb-pos=1.654765 rev sg-vel=2.030000 rps sg-acc=10.000000 rps2

=human= stepgen sg-cmd-pos=1.900000 rev sg-fb-pos=1.654765 rev sg-vel=2.030000 rps sg-acc=10.000000 rps2

[INFO] hw.pins: Pin step.fb set to 1.6568000000000003 (was 1.6547650000000003)
Pin step.fb set to 1.6568000000000003 (was 1.6547650000000003)
[INFO] hw.stepgen: =human= stepgen sg-cmd-pos=1.900000 rev sg-fb-pos=1.656800 rev sg-vel=2.040000 rps sg-acc=10.000000 rps2

=human= stepgen sg-cmd-pos=1.900000 rev sg-fb-pos=1.656800 rev sg-vel=2.040000 rps sg-acc=10.000000 rps2

[INFO] hw.pins: Pin step.fb set to 1.6588450000000003 (was 1.6568000000000003)
Pin step.fb set to 1.6588450000000003 (was 1.6568000000000003)
[INFO] hw.stepgen: =human= stepgen sg-cmd-pos=1.900000 rev sg-fb-pos=1.658845 rev sg-vel=2.050000 rps sg-acc=10.000000 rps2

=human= stepgen sg-cmd-pos=1.900000 rev sg-fb-pos=1.658845 rev sg-vel=2.050000 rps sg-acc=10.000000 rps2

[INFO] hw.pins: Pin step.fb set to 1.6609000000000003 (was 1.6588450000000003)
Pin step.fb set to 1.6609000000000003 (was 1.6588450000000003)
[INFO] hw.stepgen: =human= stepgen sg-cmd-pos=1.900000 rev sg-fb-pos=1.660900 rev sg-vel=2.060000 rps sg-acc=10.000000 rps2

=human= stepgen sg-cmd-pos=1.900000 rev sg-fb-pos=1.660900 rev sg-vel=2.060000 rps sg-acc=10.000000 rps2

[INFO] hw.pins: Pin step.fb set to 1.6629650000000002 (was 1.6609000000000003)
Pin step.fb set to 1.6629650000000002 (was 1.6609000000000003)
[INFO] hw.stepgen: =human= stepgen sg-cmd-pos=1.900000 rev sg-fb-pos=1.662965 rev sg-vel=2.070000 rps sg-acc=10.000000 rps2

=human= stepgen sg-cmd-pos=1.900000 rev sg-fb-pos=1.662965 rev sg-vel=2.070000 rps sg-acc=10.000000 rps2

[INFO] hw.pins: Pin step.fb set to 1.6650400000000003 (was 1.6629650000000002)
Pin step.fb set to 1.6650400000000003 (was 1.6629650000000002)
[INFO] hw.stepgen: =human= stepgen sg-cmd-pos=1.900000 rev sg-fb-pos=1.665040 rev sg-vel=2.080000 rps sg-acc=10.000000 rps2

=human= stepgen sg-cmd-pos=1.900000 rev sg-fb-pos=1.665040 rev sg-vel=2.080000 rps sg-acc=10.000000 rps2

[INFO] hw.pins: Pin step.fb set to 1.6671250000000002 (was 1.6650400000000003)
Pin step.fb set to 1.6671250000000002 (was 1.6650400000000003)
[INFO] hw.stepgen: =human= stepgen sg-cmd-pos=1.900000 rev sg-fb-pos=1.667125 rev sg-vel=2.090000 rps sg-acc=10.000000 rps2

=human= stepgen sg-cmd-pos=1.900000 rev sg-fb-pos=1.667125 rev sg-vel=2.090000 rps sg-acc=10.000000 rps2

[INFO] hw.pins: Pin step.fb set to 1.6692200000000001 (was 1.6671250000000002)
Pin step.fb set to 1.6692200000000001 (was 1.6671250000000002)
[INFO] hw.stepgen: =human= stepgen sg-cmd-pos=1.900000 rev sg-fb-pos=1.669220 rev sg-vel=2.100000 rps sg-acc=10.000000 rps2

=human= stepgen sg-cmd-pos=1.900000 rev sg-fb-pos=1.669220 rev sg-vel=2.100000 rps sg-acc=10.000000 rps2

[INFO] hw.pins: Pin step.fb set to 1.6713250000000002 (was 1.6692200000000001)
Pin step.fb set to 1.6713250000000002 (was 1.6692200000000001)
[INFO] hw.stepgen: =human= stepgen sg-cmd-pos=1.900000 rev sg-fb-pos=1.671325 rev sg-vel=2.110000 rps sg-acc=10.000000 rps2

=human= stepgen sg-cmd-pos=1.900000 rev sg-fb-pos=1.671325 rev sg-vel=2.110000 rps sg-acc=10.000000 rps2

[INFO] hw.pins: Pin step.fb set to 1.6734400000000003 (was 1.6713250000000002)
Pin step.fb set to 1.6734400000000003 (was 1.6713250000000002)
[INFO] hw.stepgen: =human= stepgen sg-cmd-pos=1.900000 rev sg-fb-pos=1.673440 rev sg-vel=2.120000 rps sg-acc=10.000000 rps2

=human= stepgen sg-cmd-pos=1.900000 rev sg-fb-pos=1.673440 rev sg-vel=2.120000 rps sg-acc=10.000000 rps2

[INFO] hw.pins: Pin step.fb set to 1.6755650000000002 (was 1.6734400000000003)
Pin step.fb set to 1.6755650000000002 (was 1.6734400000000003)
[INFO] hw.stepgen: =human= stepgen sg-cmd-pos=1.900000 rev sg-fb-pos=1.675565 rev sg-vel=2.130000 rps sg-acc=10.000000 rps2

=human= stepgen sg-cmd-pos=1.900000 rev sg-fb-pos=1.675565 rev sg-vel=2.130000 rps sg-acc=10.000000 rps2

[INFO] hw.pins: Pin step.fb set to 1.6776900000000001 (was 1.6755650000000002)
Pin step.fb set to 1.6776900000000001 (was 1.6755650000000002)
[INFO] hw.stepgen: =human= stepgen sg-cmd-pos=1.900000 rev sg-fb-pos=1.677690 rev sg-vel=2.120000 rps sg-acc=-10.000000 rps2

=human= stepgen sg-cmd-pos=1.900000 rev sg-fb-pos=1.677690 rev sg-vel=2.120000 rps sg-acc=-10.000000 rps2

[INFO] hw.pins: Pin step.fb set to 1.6798050000000002 (was 1.6776900000000001)
Pin step.fb set to 1.6798050000000002 (was 1.6776900000000001)
[INFO] hw.stepgen: =human= stepgen sg-cmd-pos=1.900000 rev sg-fb-pos=1.679805 rev sg-vel=2.110000 rps sg-acc=-10.000000 rps2

=human= stepgen sg-cmd-pos=1.900000 rev sg-fb-pos=1.679805 rev sg-vel=2.110000 rps sg-acc=-10.000000 rps2

[INFO] hw.pins: Pin step.fb set to 1.6819100000000002 (was 1.6798050000000002)
Pin step.fb set to 1.6819100000000002 (was 1.6798050000000002)
[INFO] hw.stepgen: =human= stepgen sg-cmd-pos=1.900000 rev sg-fb-pos=1.681910 rev sg-vel=2.100000 rps sg-acc=-10.000000 rps2

=human= stepgen sg-cmd-pos=1.900000 rev sg-fb-pos=1.681910 rev sg-vel=2.100000 rps sg-acc=-10.000000 rps2

[INFO] hw.pins: Pin step.fb set to 1.6840050000000002 (was 1.6819100000000002)
Pin step.fb set to 1.6840050000000002 (was 1.6819100000000002)
[INFO] hw.stepgen: =human= stepgen sg-cmd-pos=1.900000 rev sg-fb-pos=1.684005 rev sg-vel=2.090000 rps sg-acc=-10.000000 rps2

=human= stepgen sg-cmd-pos=1.900000 rev sg-fb-pos=1.684005 rev sg-vel=2.090000 rps sg-acc=-10.000000 rps2

[INFO] hw.pins: Pin step.fb set to 1.68609 (was 1.6840050000000002)
Pin step.fb set to 1.68609 (was 1.6840050000000002)
[INFO] hw.stepgen: =human= stepgen sg-cmd-pos=1.900000 rev sg-fb-pos=1.686090 rev sg-vel=2.080000 rps sg-acc=-10.000000 rps2

=human= stepgen sg-cmd-pos=1.900000 rev sg-fb-pos=1.686090 rev sg-vel=2.080000 rps sg-acc=-10.000000 rps2

[INFO] hw.pins: Pin step.fb set to 1.6881650000000001 (was 1.68609)
Pin step.fb set to 1.6881650000000001 (was 1.68609)
[INFO] hw.stepgen: =human= stepgen sg-cmd-pos=1.900000 rev sg-fb-pos=1.688165 rev sg-vel=2.070000 rps sg-acc=-10.000000 rps2

=human= stepgen sg-cmd-pos=1.900000 rev sg-fb-pos=1.688165 rev sg-vel=2.070000 rps sg-acc=-10.000000 rps2

[INFO] hw.pins: Pin step.fb set to 1.6902300000000001 (was 1.6881650000000001)
Pin step.fb set to 1.6902300000000001 (was 1.6881650000000001)
[INFO] hw.stepgen: =human= stepgen sg-cmd-pos=1.900000 rev sg-fb-pos=1.690230 rev sg-vel=2.060000 rps sg-acc=-10.000000 rps2

=human= stepgen sg-cmd-pos=1.900000 rev sg-fb-pos=1.690230 rev sg-vel=2.060000 rps sg-acc=-10.000000 rps2

[INFO] hw.pins: Pin step.fb set to 1.692285 (was 1.6902300000000001)
Pin step.fb set to 1.692285 (was 1.6902300000000001)
[INFO] hw.stepgen: =human= stepgen sg-cmd-pos=1.900000 rev sg-fb-pos=1.692285 rev sg-vel=2.050000 rps sg-acc=-10.000000 rps2

=human= stepgen sg-cmd-pos=1.900000 rev sg-fb-pos=1.692285 rev sg-vel=2.050000 rps sg-acc=-10.000000 rps2

[INFO] hw.pins: Pin step.fb set to 1.6943300000000001 (was 1.692285)
Pin step.fb set to 1.6943300000000001 (was 1.692285)
[INFO] hw.stepgen: =human= stepgen sg-cmd-pos=1.900000 rev sg-fb-pos=1.694330 rev sg-vel=2.040000 rps sg-acc=-10.000000 rps2

=human= stepgen sg-cmd-pos=1.900000 rev sg-fb-pos=1.694330 rev sg-vel=2.040000 rps sg-acc=-10.000000 rps2

[INFO] hw.pins: Pin step.fb set to 1.6963650000000001 (was 1.6943300000000001)
Pin step.fb set to 1.6963650000000001 (was 1.6943300000000001)
[INFO] hw.stepgen: =human= stepgen sg-cmd-pos=1.900000 rev sg-fb-pos=1.696365 rev sg-vel=2.030000 rps sg-acc=-10.000000 rps2

=human= stepgen sg-cmd-pos=1.900000 rev sg-fb-pos=1.696365 rev sg-vel=2.030000 rps sg-acc=-10.000000 rps2

[INFO] hw.pins: Pin step.fb set to 1.69839 (was 1.6963650000000001)
Pin step.fb set to 1.69839 (was 1.6963650000000001)
[INFO] hw.stepgen: =human= stepgen sg-cmd-pos=1.900000 rev sg-fb-pos=1.698390 rev sg-vel=2.020000 rps sg-acc=-10.000000 rps2

=human= stepgen sg-cmd-pos=1.900000 rev sg-fb-pos=1.698390 rev sg-vel=2.020000 rps sg-acc=-10.000000 rps2

[INFO] hw.pins: Pin step.fb set to 1.7004050000000002 (was 1.69839)
Pin step.fb set to 1.7004050000000002 (was 1.69839)
[INFO] hw.stepgen: =human= stepgen sg-cmd-pos=1.900000 rev sg-fb-pos=1.700405 rev sg-vel=2.010000 rps sg-acc=-10.000000 rps2

=human= stepgen sg-cmd-pos=1.900000 rev sg-fb-pos=1.700405 rev sg-vel=2.010000 rps sg-acc=-10.000000 rps2

[INFO] hw.pins: Pin step.fb set to 1.7024100000000002 (was 1.7004050000000002)
Pin step.fb set to 1.7024100000000002 (was 1.7004050000000002)
[INFO] hw.stepgen: =human= stepgen sg-cmd-pos=1.900000 rev sg-fb-pos=1.702410 rev sg-vel=2.000000 rps sg-acc=-10.000000 rps2

=human= stepgen sg-cmd-pos=1.900000 rev sg-fb-pos=1.702410 rev sg-vel=2.000000 rps sg-acc=-10.000000 rps2

[INFO] hw.pins: Pin step.fb set to 1.7044050000000002 (was 1.7024100000000002)
Pin step.fb set to 1.7044050000000002 (was 1.7024100000000002)
[INFO] hw.stepgen: =human= stepgen sg-cmd-pos=1.900000 rev sg-fb-pos=1.704405 rev sg-vel=1.990000 rps sg-acc=-10.000000 rps2

=human= stepgen sg-cmd-pos=1.900000 rev sg-fb-pos=1.704405 rev sg-vel=1.990000 rps sg-acc=-10.000000 rps2

[INFO] hw.pins: Pin step.fb set to 1.70639 (was 1.7044050000000002)
Pin step.fb set to 1.70639 (was 1.7044050000000002)
[INFO] hw.stepgen: =human= stepgen sg-cmd-pos=1.900000 rev sg-fb-pos=1.706390 rev sg-vel=1.980000 rps sg-acc=-10.000000 rps2

=human= stepgen sg-cmd-pos=1.900000 rev sg-fb-pos=1.706390 rev sg-vel=1.980000 rps sg-acc=-10.000000 rps2

[INFO] hw.pins: Pin step.fb set to 1.7083650000000001 (was 1.70639)
Pin step.fb set to 1.7083650000000001 (was 1.70639)
[INFO] hw.stepgen: =human= stepgen sg-cmd-pos=1.900000 rev sg-fb-pos=1.708365 rev sg-vel=1.970000 rps sg-acc=-10.000000 rps2

=human= stepgen sg-cmd-pos=1.900000 rev sg-fb-pos=1.708365 rev sg-vel=1.970000 rps sg-acc=-10.000000 rps2

[INFO] hw.pins: Pin step.fb set to 1.7103300000000001 (was 1.7083650000000001)
Pin step.fb set to 1.7103300000000001 (was 1.7083650000000001)
[INFO] hw.stepgen: =human= stepgen sg-cmd-pos=1.900000 rev sg-fb-pos=1.710330 rev sg-vel=1.960000 rps sg-acc=-10.000000 rps2

=human= stepgen sg-cmd-pos=1.900000 rev sg-fb-pos=1.710330 rev sg-vel=1.960000 rps sg-acc=-10.000000 rps2

[INFO] hw.pins: Pin step.fb set to 1.712285 (was 1.7103300000000001)
Pin step.fb set to 1.712285 (was 1.7103300000000001)
[INFO] hw.stepgen: =human= stepgen sg-cmd-pos=1.900000 rev sg-fb-pos=1.712285 rev sg-vel=1.950000 rps sg-acc=-10.000000 rps2

=human= stepgen sg-cmd-pos=1.900000 rev sg-fb-pos=1.712285 rev sg-vel=1.950000 rps sg-acc=-10.000000 rps2

[INFO] hw.pins: Pin step.fb set to 1.7142300000000001 (was 1.712285)
Pin step.fb set to 1.7142300000000001 (was 1.712285)
[INFO] hw.stepgen: =human= stepgen sg-cmd-pos=1.900000 rev sg-fb-pos=1.714230 rev sg-vel=1.940000 rps sg-acc=-10.000000 rps2

=human= stepgen sg-cmd-pos=1.900000 rev sg-fb-pos=1.714230 rev sg-vel=1.940000 rps sg-acc=-10.000000 rps2

[INFO] hw.pins: Pin step.fb set to 1.7161650000000002 (was 1.7142300000000001)
Pin step.fb set to 1.7161650000000002 (was 1.7142300000000001)
[INFO] hw.stepgen: =human= stepgen sg-cmd-pos=1.900000 rev sg-fb-pos=1.716165 rev sg-vel=1.930000 rps sg-acc=-10.000000 rps2

=human= stepgen sg-cmd-pos=1.900000 rev sg-fb-pos=1.716165 rev sg-vel=1.930000 rps sg-acc=-10.000000 rps2

[INFO] hw.pins: Pin step.fb set to 1.7180900000000001 (was 1.7161650000000002)
Pin step.fb set to 1.7180900000000001 (was 1.7161650000000002)
[INFO] hw.stepgen: =human= stepgen sg-cmd-pos=1.900000 rev sg-fb-pos=1.718090 rev sg-vel=1.920000 rps sg-acc=-10.000000 rps2

=human= stepgen sg-cmd-pos=1.900000 rev sg-fb-pos=1.718090 rev sg-vel=1.920000 rps sg-acc=-10.000000 rps2

[INFO] hw.pins: Pin step.fb set to 1.7200050000000002 (was 1.7180900000000001)
Pin step.fb set to 1.7200050000000002 (was 1.7180900000000001)
[INFO] hw.stepgen: =human= stepgen sg-cmd-pos=1.900000 rev sg-fb-pos=1.720005 rev sg-vel=1.910000 rps sg-acc=-10.000000 rps2

=human= stepgen sg-cmd-pos=1.900000 rev sg-fb-pos=1.720005 rev sg-vel=1.910000 rps sg-acc=-10.000000 rps2

[INFO] hw.pins: Pin step.fb set to 1.7219100000000003 (was 1.7200050000000002)
Pin step.fb set to 1.7219100000000003 (was 1.7200050000000002)
[INFO] hw.stepgen: =human= stepgen sg-cmd-pos=1.900000 rev sg-fb-pos=1.721910 rev sg-vel=1.900000 rps sg-acc=-10.000000 rps2

=human= stepgen sg-cmd-pos=1.900000 rev sg-fb-pos=1.721910 rev sg-vel=1.900000 rps sg-acc=-10.000000 rps2

[INFO] hw.pins: Pin step.fb set to 1.7238050000000003 (was 1.7219100000000003)
Pin step.fb set to 1.7238050000000003 (was 1.7219100000000003)
[INFO] hw.stepgen: =human= stepgen sg-cmd-pos=1.900000 rev sg-fb-pos=1.723805 rev sg-vel=1.890000 rps sg-acc=-10.000000 rps2

=human= stepgen sg-cmd-pos=1.900000 rev sg-fb-pos=1.723805 rev sg-vel=1.890000 rps sg-acc=-10.000000 rps2

[INFO] hw.pins: Pin step.fb set to 1.7256900000000002 (was 1.7238050000000003)
Pin step.fb set to 1.7256900000000002 (was 1.7238050000000003)
[INFO] hw.stepgen: =human= stepgen sg-cmd-pos=1.900000 rev sg-fb-pos=1.725690 rev sg-vel=1.880000 rps sg-acc=-10.000000 rps2

=human= stepgen sg-cmd-pos=1.900000 rev sg-fb-pos=1.725690 rev sg-vel=1.880000 rps sg-acc=-10.000000 rps2

[INFO] hw.pins: Pin step.cmd set to 2.0000000000000004 (was 1.9000000000000006)
Pin step.cmd set to 2.0000000000000004 (was 1.9000000000000006)
[INFO] hw.pins: Pin step.fb set to 1.727575 (was 1.7256900000000002)
Pin step.fb set to 1.727575 (was 1.7256900000000002)
[INFO] hw.stepgen: =human= stepgen sg-cmd-pos=2.000000 rev sg-fb-pos=1.727575 rev sg-vel=1.890000 rps sg-acc=10.000000 rps2

=human= stepgen sg-cmd-pos=2.000000 rev sg-fb-pos=1.727575 rev sg-vel=1.890000 rps sg-acc=10.000000 rps2

[INFO] hw.stepgen: =human= stepgen event=reaim sg-cmd-pos=2.000000 rev sg-fb-pos=1.727575 rev sg-vel=1.890000 rps

=human= stepgen event=reaim sg-cmd-pos=2.000000 rev sg-fb-pos=1.727575 rev sg-vel=1.890000 rps

[INFO] hw.pins: Pin step.fb set to 1.72947 (was 1.727575)
Pin step.fb set to 1.72947 (was 1.727575)
[INFO] hw.stepgen: =human= stepgen sg-cmd-pos=2.000000 rev sg-fb-pos=1.729470 rev sg-vel=1.900000 rps sg-acc=10.000000 rps2

=human= stepgen sg-cmd-pos=2.000000 rev sg-fb-pos=1.729470 rev sg-vel=1.900000 rps sg-acc=10.000000 rps2

[INFO] hw.pins: Pin step.fb set to 1.731375 (was 1.72947)
Pin step.fb set to 1.731375 (was 1.72947)
[INFO] hw.stepgen: =human= stepgen sg-cmd-pos=2.000000 rev sg-fb-pos=1.731375 rev sg-vel=1.910000 rps sg-acc=10.000000 rps2

=human= stepgen sg-cmd-pos=2.000000 rev sg-fb-pos=1.731375 rev sg-vel=1.910000 rps sg-acc=10.000000 rps2

[INFO] hw.pins: Pin step.fb set to 1.7332900000000002 (was 1.731375)
Pin step.fb set to 1.7332900000000002 (was 1.731375)
[INFO] hw.stepgen: =human= stepgen sg-cmd-pos=2.000000 rev sg-fb-pos=1.733290 rev sg-vel=1.920000 rps sg-acc=10.000000 rps2

=human= stepgen sg-cmd-pos=2.000000 rev sg-fb-pos=1.733290 rev sg-vel=1.920000 rps sg-acc=10.000000 rps2

[INFO] hw.pins: Pin step.fb set to 1.7352150000000002 (was 1.7332900000000002)
Pin step.fb set to 1.7352150000000002 (was 1.7332900000000002)
[INFO] hw.stepgen: =human= stepgen sg-cmd-pos=2.000000 rev sg-fb-pos=1.735215 rev sg-vel=1.930000 rps sg-acc=10.000000 rps2

=human= stepgen sg-cmd-pos=2.000000 rev sg-fb-pos=1.735215 rev sg-vel=1.930000 rps sg-acc=10.000000 rps2

[INFO] hw.pins: Pin step.fb set to 1.7371500000000002 (was 1.7352150000000002)
Pin step.fb set to 1.7371500000000002 (was 1.7352150000000002)
[INFO] hw.stepgen: =human= stepgen sg-cmd-pos=2.000000 rev sg-fb-pos=1.737150 rev sg-vel=1.940000 rps sg-acc=10.000000 rps2

=human= stepgen sg-cmd-pos=2.000000 rev sg-fb-pos=1.737150 rev sg-vel=1.940000 rps sg-acc=10.000000 rps2

[INFO] hw.pins: Pin step.fb set to 1.7390950000000003 (was 1.7371500000000002)
Pin step.fb set to 1.7390950000000003 (was 1.7371500000000002)
[INFO] hw.stepgen: =human= stepgen sg-cmd-pos=2.000000 rev sg-fb-pos=1.739095 rev sg-vel=1.950000 rps sg-acc=10.000000 rps2

=human= stepgen sg-cmd-pos=2.000000 rev sg-fb-pos=1.739095 rev sg-vel=1.950000 rps sg-acc=10.000000 rps2

[INFO] hw.pins: Pin step.fb set to 1.7410500000000002 (was 1.7390950000000003)
Pin step.fb set to 1.7410500000000002 (was 1.7390950000000003)
[INFO] hw.stepgen: =human= stepgen sg-cmd-pos=2.000000 rev sg-fb-pos=1.741050 rev sg-vel=1.960000 rps sg-acc=10.000000 rps2

=human= stepgen sg-cmd-pos=2.000000 rev sg-fb-pos=1.741050 rev sg-vel=1.960000 rps sg-acc=10.000000 rps2

[INFO] hw.pins: Pin step.fb set to 1.7430150000000002 (was 1.7410500000000002)
Pin step.fb set to 1.7430150000000002 (was 1.7410500000000002)
[INFO] hw.stepgen: =human= stepgen sg-cmd-pos=2.000000 rev sg-fb-pos=1.743015 rev sg-vel=1.970000 rps sg-acc=10.000000 rps2

=human= stepgen sg-cmd-pos=2.000000 rev sg-fb-pos=1.743015 rev sg-vel=1.970000 rps sg-acc=10.000000 rps2

[INFO] hw.pins: Pin step.fb set to 1.7449900000000003 (was 1.7430150000000002)
Pin step.fb set to 1.7449900000000003 (was 1.7430150000000002)
[INFO] hw.stepgen: =human= stepgen sg-cmd-pos=2.000000 rev sg-fb-pos=1.744990 rev sg-vel=1.980000 rps sg-acc=10.000000 rps2

=human= stepgen sg-cmd-pos=2.000000 rev sg-fb-pos=1.744990 rev sg-vel=1.980000 rps sg-acc=10.000000 rps2

[INFO] hw.pins: Pin step.fb set to 1.7469750000000002 (was 1.7449900000000003)
Pin step.fb set to 1.7469750000000002 (was 1.7449900000000003)
[INFO] hw.stepgen: =human= stepgen sg-cmd-pos=2.000000 rev sg-fb-pos=1.746975 rev sg-vel=1.990000 rps sg-acc=10.000000 rps2

=human= stepgen sg-cmd-pos=2.000000 rev sg-fb-pos=1.746975 rev sg-vel=1.990000 rps sg-acc=10.000000 rps2

[INFO] hw.pins: Pin step.fb set to 1.7489700000000001 (was 1.7469750000000002)
Pin step.fb set to 1.7489700000000001 (was 1.7469750000000002)
[INFO] hw.stepgen: =human= stepgen sg-cmd-pos=2.000000 rev sg-fb-pos=1.748970 rev sg-vel=2.000000 rps sg-acc=10.000000 rps2

=human= stepgen sg-cmd-pos=2.000000 rev sg-fb-pos=1.748970 rev sg-vel=2.000000 rps sg-acc=10.000000 rps2

[INFO] hw.pins: Pin step.fb set to 1.7509750000000002 (was 1.7489700000000001)
Pin step.fb set to 1.7509750000000002 (was 1.7489700000000001)
[INFO] hw.stepgen: =human= stepgen sg-cmd-pos=2.000000 rev sg-fb-pos=1.750975 rev sg-vel=2.010000 rps sg-acc=10.000000 rps2

=human= stepgen sg-cmd-pos=2.000000 rev sg-fb-pos=1.750975 rev sg-vel=2.010000 rps sg-acc=10.000000 rps2

[INFO] hw.pins: Pin step.fb set to 1.7529900000000003 (was 1.7509750000000002)
Pin step.fb set to 1.7529900000000003 (was 1.7509750000000002)
[INFO] hw.stepgen: =human= stepgen sg-cmd-pos=2.000000 rev sg-fb-pos=1.752990 rev sg-vel=2.020000 rps sg-acc=10.000000 rps2

=human= stepgen sg-cmd-pos=2.000000 rev sg-fb-pos=1.752990 rev sg-vel=2.020000 rps sg-acc=10.000000 rps2

[INFO] hw.pins: Pin step.fb set to 1.7550150000000002 (was 1.7529900000000003)
Pin step.fb set to 1.7550150000000002 (was 1.7529900000000003)
[INFO] hw.stepgen: =human= stepgen sg-cmd-pos=2.000000 rev sg-fb-pos=1.755015 rev sg-vel=2.030000 rps sg-acc=10.000000 rps2

=human= stepgen sg-cmd-pos=2.000000 rev sg-fb-pos=1.755015 rev sg-vel=2.030000 rps sg-acc=10.000000 rps2

[INFO] hw.pins: Pin step.fb set to 1.7570500000000002 (was 1.7550150000000002)
Pin step.fb set to 1.7570500000000002 (was 1.7550150000000002)
[INFO] hw.stepgen: =human= stepgen sg-cmd-pos=2.000000 rev sg-fb-pos=1.757050 rev sg-vel=2.040000 rps sg-acc=10.000000 rps2

=human= stepgen sg-cmd-pos=2.000000 rev sg-fb-pos=1.757050 rev sg-vel=2.040000 rps sg-acc=10.000000 rps2

[INFO] hw.pins: Pin step.fb set to 1.7590950000000003 (was 1.7570500000000002)
Pin step.fb set to 1.7590950000000003 (was 1.7570500000000002)
[INFO] hw.stepgen: =human= stepgen sg-cmd-pos=2.000000 rev sg-fb-pos=1.759095 rev sg-vel=2.050000 rps sg-acc=10.000000 rps2

=human= stepgen sg-cmd-pos=2.000000 rev sg-fb-pos=1.759095 rev sg-vel=2.050000 rps sg-acc=10.000000 rps2

[INFO] hw.pins: Pin step.fb set to 1.7611500000000002 (was 1.7590950000000003)
Pin step.fb set to 1.7611500000000002 (was 1.7590950000000003)
[INFO] hw.stepgen: =human= stepgen sg-cmd-pos=2.000000 rev sg-fb-pos=1.761150 rev sg-vel=2.060000 rps sg-acc=10.000000 rps2

=human= stepgen sg-cmd-pos=2.000000 rev sg-fb-pos=1.761150 rev sg-vel=2.060000 rps sg-acc=10.000000 rps2

[INFO] hw.pins: Pin step.fb set to 1.7632150000000002 (was 1.7611500000000002)
Pin step.fb set to 1.7632150000000002 (was 1.7611500000000002)
[INFO] hw.stepgen: =human= stepgen sg-cmd-pos=2.000000 rev sg-fb-pos=1.763215 rev sg-vel=2.070000 rps sg-acc=10.000000 rps2

=human= stepgen sg-cmd-pos=2.000000 rev sg-fb-pos=1.763215 rev sg-vel=2.070000 rps sg-acc=10.000000 rps2

[INFO] hw.pins: Pin step.fb set to 1.7652900000000002 (was 1.7632150000000002)
Pin step.fb set to 1.7652900000000002 (was 1.7632150000000002)
[INFO] hw.stepgen: =human= stepgen sg-cmd-pos=2.000000 rev sg-fb-pos=1.765290 rev sg-vel=2.080000 rps sg-acc=10.000000 rps2

=human= stepgen sg-cmd-pos=2.000000 rev sg-fb-pos=1.765290 rev sg-vel=2.080000 rps sg-acc=10.000000 rps2

[INFO] hw.pins: Pin step.fb set to 1.7673750000000001 (was 1.7652900000000002)
Pin step.fb set to 1.7673750000000001 (was 1.7652900000000002)
[INFO] hw.stepgen: =human= stepgen sg-cmd-pos=2.000000 rev sg-fb-pos=1.767375 rev sg-vel=2.090000 rps sg-acc=10.000000 rps2

=human= stepgen sg-cmd-pos=2.000000 rev sg-fb-pos=1.767375 rev sg-vel=2.090000 rps sg-acc=10.000000 rps2

[INFO] hw.pins: Pin step.fb set to 1.76947 (was 1.7673750000000001)
Pin step.fb set to 1.76947 (was 1.7673750000000001)
[INFO] hw.stepgen: =human= stepgen sg-cmd-pos=2.000000 rev sg-fb-pos=1.769470 rev sg-vel=2.100000 rps sg-acc=10.000000 rps2

=human= stepgen sg-cmd-pos=2.000000 rev sg-fb-pos=1.769470 rev sg-vel=2.100000 rps sg-acc=10.000000 rps2

[INFO] hw.pins: Pin step.fb set to 1.7715750000000001 (was 1.76947)
Pin step.fb set to 1.7715750000000001 (was 1.76947)
[INFO] hw.stepgen: =human= stepgen sg-cmd-pos=2.000000 rev sg-fb-pos=1.771575 rev sg-vel=2.110000 rps sg-acc=10.000000 rps2

=human= stepgen sg-cmd-pos=2.000000 rev sg-fb-pos=1.771575 rev sg-vel=2.110000 rps sg-acc=10.000000 rps2

[INFO] hw.pins: Pin step.fb set to 1.7736900000000002 (was 1.7715750000000001)
Pin step.fb set to 1.7736900000000002 (was 1.7715750000000001)
[INFO] hw.stepgen: =human= stepgen sg-cmd-pos=2.000000 rev sg-fb-pos=1.773690 rev sg-vel=2.120000 rps sg-acc=10.000000 rps2

=human= stepgen sg-cmd-pos=2.000000 rev sg-fb-pos=1.773690 rev sg-vel=2.120000 rps sg-acc=10.000000 rps2

[INFO] hw.pins: Pin step.fb set to 1.7758150000000001 (was 1.7736900000000002)
Pin step.fb set to 1.7758150000000001 (was 1.7736900000000002)
[INFO] hw.stepgen: =human= stepgen sg-cmd-pos=2.000000 rev sg-fb-pos=1.775815 rev sg-vel=2.130000 rps sg-acc=10.000000 rps2

=human= stepgen sg-cmd-pos=2.000000 rev sg-fb-pos=1.775815 rev sg-vel=2.130000 rps sg-acc=10.000000 rps2

[INFO] hw.pins: Pin step.fb set to 1.77794 (was 1.7758150000000001)
Pin step.fb set to 1.77794 (was 1.7758150000000001)
[INFO] hw.stepgen: =human= stepgen sg-cmd-pos=2.000000 rev sg-fb-pos=1.777940 rev sg-vel=2.120000 rps sg-acc=-10.000000 rps2

=human= stepgen sg-cmd-pos=2.000000 rev sg-fb-pos=1.777940 rev sg-vel=2.120000 rps sg-acc=-10.000000 rps2

[INFO] hw.pins: Pin step.fb set to 1.7800550000000002 (was 1.77794)
Pin step.fb set to 1.7800550000000002 (was 1.77794)
[INFO] hw.stepgen: =human= stepgen sg-cmd-pos=2.000000 rev sg-fb-pos=1.780055 rev sg-vel=2.110000 rps sg-acc=-10.000000 rps2

=human= stepgen sg-cmd-pos=2.000000 rev sg-fb-pos=1.780055 rev sg-vel=2.110000 rps sg-acc=-10.000000 rps2

[INFO] hw.pins: Pin step.fb set to 1.7821600000000002 (was 1.7800550000000002)
Pin step.fb set to 1.7821600000000002 (was 1.7800550000000002)
[INFO] hw.stepgen: =human= stepgen sg-cmd-pos=2.000000 rev sg-fb-pos=1.782160 rev sg-vel=2.100000 rps sg-acc=-10.000000 rps2

=human= stepgen sg-cmd-pos=2.000000 rev sg-fb-pos=1.782160 rev sg-vel=2.100000 rps sg-acc=-10.000000 rps2

[INFO] hw.pins: Pin step.fb set to 1.7842550000000001 (was 1.7821600000000002)
Pin step.fb set to 1.7842550000000001 (was 1.7821600000000002)
[INFO] hw.stepgen: =human= stepgen sg-cmd-pos=2.000000 rev sg-fb-pos=1.784255 rev sg-vel=2.090000 rps sg-acc=-10.000000 rps2

=human= stepgen sg-cmd-pos=2.000000 rev sg-fb-pos=1.784255 rev sg-vel=2.090000 rps sg-acc=-10.000000 rps2

[INFO] hw.pins: Pin step.fb set to 1.78634 (was 1.7842550000000001)
Pin step.fb set to 1.78634 (was 1.7842550000000001)
[INFO] hw.stepgen: =human= stepgen sg-cmd-pos=2.000000 rev sg-fb-pos=1.786340 rev sg-vel=2.080000 rps sg-acc=-10.000000 rps2

=human= stepgen sg-cmd-pos=2.000000 rev sg-fb-pos=1.786340 rev sg-vel=2.080000 rps sg-acc=-10.000000 rps2

[INFO] hw.pins: Pin step.fb set to 1.788415 (was 1.78634)
Pin step.fb set to 1.788415 (was 1.78634)
[INFO] hw.stepgen: =human= stepgen sg-cmd-pos=2.000000 rev sg-fb-pos=1.788415 rev sg-vel=2.070000 rps sg-acc=-10.000000 rps2

=human= stepgen sg-cmd-pos=2.000000 rev sg-fb-pos=1.788415 rev sg-vel=2.070000 rps sg-acc=-10.000000 rps2

[INFO] hw.pins: Pin step.fb set to 1.79048 (was 1.788415)
Pin step.fb set to 1.79048 (was 1.788415)
[INFO] hw.stepgen: =human= stepgen sg-cmd-pos=2.000000 rev sg-fb-pos=1.790480 rev sg-vel=2.060000 rps sg-acc=-10.000000 rps2

=human= stepgen sg-cmd-pos=2.000000 rev sg-fb-pos=1.790480 rev sg-vel=2.060000 rps sg-acc=-10.000000 rps2

[INFO] hw.pins: Pin step.fb set to 1.792535 (was 1.79048)
Pin step.fb set to 1.792535 (was 1.79048)
[INFO] hw.stepgen: =human= stepgen sg-cmd-pos=2.000000 rev sg-fb-pos=1.792535 rev sg-vel=2.050000 rps sg-acc=-10.000000 rps2

=human= stepgen sg-cmd-pos=2.000000 rev sg-fb-pos=1.792535 rev sg-vel=2.050000 rps sg-acc=-10.000000 rps2

[INFO] hw.pins: Pin step.fb set to 1.79458 (was 1.792535)
Pin step.fb set to 1.79458 (was 1.792535)
[INFO] hw.stepgen: =human= stepgen sg-cmd-pos=2.000000 rev sg-fb-pos=1.794580 rev sg-vel=2.040000 rps sg-acc=-10.000000 rps2

=human= stepgen sg-cmd-pos=2.000000 rev sg-fb-pos=1.794580 rev sg-vel=2.040000 rps sg-acc=-10.000000 rps2

[INFO] hw.pins: Pin step.fb set to 1.796615 (was 1.79458)
Pin step.fb set to 1.796615 (was 1.79458)
[INFO] hw.stepgen: =human= stepgen sg-cmd-pos=2.000000 rev sg-fb-pos=1.796615 rev sg-vel=2.030000 rps sg-acc=-10.000000 rps2

=human= stepgen sg-cmd-pos=2.000000 rev sg-fb-pos=1.796615 rev sg-vel=2.030000 rps sg-acc=-10.000000 rps2

[INFO] hw.pins: Pin step.fb set to 1.79864 (was 1.796615)
Pin step.fb set to 1.79864 (was 1.796615)
[INFO] hw.stepgen: =human= stepgen sg-cmd-pos=2.000000 rev sg-fb-pos=1.798640 rev sg-vel=2.020000 rps sg-acc=-10.000000 rps2

=human= stepgen sg-cmd-pos=2.000000 rev sg-fb-pos=1.798640 rev sg-vel=2.020000 rps sg-acc=-10.000000 rps2

[INFO] hw.pins: Pin step.fb set to 1.8006550000000001 (was 1.79864)
Pin step.fb set to 1.8006550000000001 (was 1.79864)
[INFO] hw.stepgen: =human= stepgen sg-cmd-pos=2.000000 rev sg-fb-pos=1.800655 rev sg-vel=2.010000 rps sg-acc=-10.000000 rps2

=human= stepgen sg-cmd-pos=2.000000 rev sg-fb-pos=1.800655 rev sg-vel=2.010000 rps sg-acc=-10.000000 rps2

[INFO] hw.pins: Pin step.fb set to 1.8026600000000002 (was 1.8006550000000001)
Pin step.fb set to 1.8026600000000002 (was 1.8006550000000001)
[INFO] hw.stepgen: =human= stepgen sg-cmd-pos=2.000000 rev sg-fb-pos=1.802660 rev sg-vel=2.000000 rps sg-acc=-10.000000 rps2

=human= stepgen sg-cmd-pos=2.000000 rev sg-fb-pos=1.802660 rev sg-vel=2.000000 rps sg-acc=-10.000000 rps2

[INFO] hw.pins: Pin step.fb set to 1.8046550000000001 (was 1.8026600000000002)
Pin step.fb set to 1.8046550000000001 (was 1.8026600000000002)
[INFO] hw.stepgen: =human= stepgen sg-cmd-pos=2.000000 rev sg-fb-pos=1.804655 rev sg-vel=1.990000 rps sg-acc=-10.000000 rps2

=human= stepgen sg-cmd-pos=2.000000 rev sg-fb-pos=1.804655 rev sg-vel=1.990000 rps sg-acc=-10.000000 rps2

[INFO] hw.pins: Pin step.fb set to 1.80664 (was 1.8046550000000001)
Pin step.fb set to 1.80664 (was 1.8046550000000001)
[INFO] hw.stepgen: =human= stepgen sg-cmd-pos=2.000000 rev sg-fb-pos=1.806640 rev sg-vel=1.980000 rps sg-acc=-10.000000 rps2

=human= stepgen sg-cmd-pos=2.000000 rev sg-fb-pos=1.806640 rev sg-vel=1.980000 rps sg-acc=-10.000000 rps2

[INFO] hw.pins: Pin step.fb set to 1.808615 (was 1.80664)
Pin step.fb set to 1.808615 (was 1.80664)
[INFO] hw.stepgen: =human= stepgen sg-cmd-pos=2.000000 rev sg-fb-pos=1.808615 rev sg-vel=1.970000 rps sg-acc=-10.000000 rps2

=human= stepgen sg-cmd-pos=2.000000 rev sg-fb-pos=1.808615 rev sg-vel=1.970000 rps sg-acc=-10.000000 rps2

[INFO] hw.pins: Pin step.fb set to 1.81058 (was 1.808615)
Pin step.fb set to 1.81058 (was 1.808615)
[INFO] hw.stepgen: =human= stepgen sg-cmd-pos=2.000000 rev sg-fb-pos=1.810580 rev sg-vel=1.960000 rps sg-acc=-10.000000 rps2

=human= stepgen sg-cmd-pos=2.000000 rev sg-fb-pos=1.810580 rev sg-vel=1.960000 rps sg-acc=-10.000000 rps2

[INFO] hw.pins: Pin step.fb set to 1.812535 (was 1.81058)
Pin step.fb set to 1.812535 (was 1.81058)
[INFO] hw.stepgen: =human= stepgen sg-cmd-pos=2.000000 rev sg-fb-pos=1.812535 rev sg-vel=1.950000 rps sg-acc=-10.000000 rps2

=human= stepgen sg-cmd-pos=2.000000 rev sg-fb-pos=1.812535 rev sg-vel=1.950000 rps sg-acc=-10.000000 rps2

[INFO] hw.pins: Pin step.fb set to 1.81448 (was 1.812535)
Pin step.fb set to 1.81448 (was 1.812535)
[INFO] hw.stepgen: =human= stepgen sg-cmd-pos=2.000000 rev sg-fb-pos=1.814480 rev sg-vel=1.940000 rps sg-acc=-10.000000 rps2

=human= stepgen sg-cmd-pos=2.000000 rev sg-fb-pos=1.814480 rev sg-vel=1.940000 rps sg-acc=-10.000000 rps2

[INFO] hw.pins: Pin step.fb set to 1.8164150000000001 (was 1.81448)
Pin step.fb set to 1.8164150000000001 (was 1.81448)
[INFO] hw.stepgen: =human= stepgen sg-cmd-pos=2.000000 rev sg-fb-pos=1.816415 rev sg-vel=1.930000 rps sg-acc=-10.000000 rps2

=human= stepgen sg-cmd-pos=2.000000 rev sg-fb-pos=1.816415 rev sg-vel=1.930000 rps sg-acc=-10.000000 rps2

[INFO] hw.pins: Pin step.fb set to 1.81834 (was 1.8164150000000001)
Pin step.fb set to 1.81834 (was 1.8164150000000001)
[INFO] hw.stepgen: =human= stepgen sg-cmd-pos=2.000000 rev sg-fb-pos=1.818340 rev sg-vel=1.920000 rps sg-acc=-10.000000 rps2

=human= stepgen sg-cmd-pos=2.000000 rev sg-fb-pos=1.818340 rev sg-vel=1.920000 rps sg-acc=-10.000000 rps2

[INFO] hw.pins: Pin step.fb set to 1.8202550000000002 (was 1.81834)
Pin step.fb set to 1.8202550000000002 (was 1.81834)
[INFO] hw.stepgen: =human= stepgen sg-cmd-pos=2.000000 rev sg-fb-pos=1.820255 rev sg-vel=1.910000 rps sg-acc=-10.000000 rps2

=human= stepgen sg-cmd-pos=2.000000 rev sg-fb-pos=1.820255 rev sg-vel=1.910000 rps sg-acc=-10.000000 rps2

[INFO] hw.pins: Pin step.fb set to 1.8221600000000002 (was 1.8202550000000002)
Pin step.fb set to 1.8221600000000002 (was 1.8202550000000002)
[INFO] hw.stepgen: =human= stepgen sg-cmd-pos=2.000000 rev sg-fb-pos=1.822160 rev sg-vel=1.900000 rps sg-acc=-10.000000 rps2

=human= stepgen sg-cmd-pos=2.000000 rev sg-fb-pos=1.822160 rev sg-vel=1.900000 rps sg-acc=-10.000000 rps2

[INFO] hw.pins: Pin step.fb set to 1.8240550000000002 (was 1.8221600000000002)
Pin step.fb set to 1.8240550000000002 (was 1.8221600000000002)
[INFO] hw.stepgen: =human= stepgen sg-cmd-pos=2.000000 rev sg-fb-pos=1.824055 rev sg-vel=1.890000 rps sg-acc=-10.000000 rps2

=human= stepgen sg-cmd-pos=2.000000 rev sg-fb-pos=1.824055 rev sg-vel=1.890000 rps sg-acc=-10.000000 rps2

[INFO] hw.pins: Pin step.fb set to 1.8259400000000001 (was 1.8240550000000002)
Pin step.fb set to 1.8259400000000001 (was 1.8240550000000002)
[INFO] hw.stepgen: =human= stepgen sg-cmd-pos=2.000000 rev sg-fb-pos=1.825940 rev sg-vel=1.880000 rps sg-acc=-10.000000 rps2

=human= stepgen sg-cmd-pos=2.000000 rev sg-fb-pos=1.825940 rev sg-vel=1.880000 rps sg-acc=-10.000000 rps2

[INFO] hw.pins: Pin step.cmd set to 2.1000000000000005 (was 2.0000000000000004)
Pin step.cmd set to 2.1000000000000005 (was 2.0000000000000004)
[INFO] hw.pins: Pin step.fb set to 1.827825 (was 1.8259400000000001)
Pin step.fb set to 1.827825 (was 1.8259400000000001)
[INFO] hw.stepgen: =human= stepgen sg-cmd-pos=2.100000 rev sg-fb-pos=1.827825 rev sg-vel=1.890000 rps sg-acc=10.000000 rps2

=human= stepgen sg-cmd-pos=2.100000 rev sg-fb-pos=1.827825 rev sg-vel=1.890000 rps sg-acc=10.000000 rps2

[INFO] hw.stepgen: =human= stepgen event=reaim sg-cmd-pos=2.100000 rev sg-fb-pos=1.827825 rev sg-vel=1.890000 rps

=human= stepgen event=reaim sg-cmd-pos=2.100000 rev sg-fb-pos=1.827825 rev sg-vel=1.890000 rps

[INFO] hw.pins: Pin step.fb set to 1.82972 (was 1.827825)
Pin step.fb set to 1.82972 (was 1.827825)
[INFO] hw.stepgen: =human= stepgen sg-cmd-pos=2.100000 rev sg-fb-pos=1.829720 rev sg-vel=1.900000 rps sg-acc=10.000000 rps2

=human= stepgen sg-cmd-pos=2.100000 rev sg-fb-pos=1.829720 rev sg-vel=1.900000 rps sg-acc=10.000000 rps2

[INFO] hw.pins: Pin step.fb set to 1.831625 (was 1.82972)
Pin step.fb set to 1.831625 (was 1.82972)
[INFO] hw.stepgen: =human= stepgen sg-cmd-pos=2.100000 rev sg-fb-pos=1.831625 rev sg-vel=1.910000 rps sg-acc=10.000000 rps2

=human= stepgen sg-cmd-pos=2.100000 rev sg-fb-pos=1.831625 rev sg-vel=1.910000 rps sg-acc=10.000000 rps2

[INFO] hw.pins: Pin step.fb set to 1.8335400000000002 (was 1.831625)
Pin step.fb set to 1.8335400000000002 (was 1.831625)
[INFO] hw.stepgen: =human= stepgen sg-cmd-pos=2.100000 rev sg-fb-pos=1.833540 rev sg-vel=1.920000 rps sg-acc=10.000000 rps2

=human= stepgen sg-cmd-pos=2.100000 rev sg-fb-pos=1.833540 rev sg-vel=1.920000 rps sg-acc=10.000000 rps2

[INFO] hw.pins: Pin step.fb set to 1.8354650000000001 (was 1.8335400000000002)
Pin step.fb set to 1.8354650000000001 (was 1.8335400000000002)
[INFO] hw.stepgen: =human= stepgen sg-cmd-pos=2.100000 rev sg-fb-pos=1.835465 rev sg-vel=1.930000 rps sg-acc=10.000000 rps2

=human= stepgen sg-cmd-pos=2.100000 rev sg-fb-pos=1.835465 rev sg-vel=1.930000 rps sg-acc=10.000000 rps2

[INFO] hw.pins: Pin step.fb set to 1.8374000000000001 (was 1.8354650000000001)
Pin step.fb set to 1.8374000000000001 (was 1.8354650000000001)
[INFO] hw.stepgen: =human= stepgen sg-cmd-pos=2.100000 rev sg-fb-pos=1.837400 rev sg-vel=1.940000 rps sg-acc=10.000000 rps2

=human= stepgen sg-cmd-pos=2.100000 rev sg-fb-pos=1.837400 rev sg-vel=1.940000 rps sg-acc=10.000000 rps2

[INFO] hw.pins: Pin step.fb set to 1.8393450000000002 (was 1.8374000000000001)
Pin step.fb set to 1.8393450000000002 (was 1.8374000000000001)
[INFO] hw.stepgen: =human= stepgen sg-cmd-pos=2.100000 rev sg-fb-pos=1.839345 rev sg-vel=1.950000 rps sg-acc=10.000000 rps2

=human= stepgen sg-cmd-pos=2.100000 rev sg-fb-pos=1.839345 rev sg-vel=1.950000 rps sg-acc=10.000000 rps2

[INFO] hw.pins: Pin step.fb set to 1.8413000000000002 (was 1.8393450000000002)
Pin step.fb set to 1.8413000000000002 (was 1.8393450000000002)
[INFO] hw.stepgen: =human= stepgen sg-cmd-pos=2.100000 rev sg-fb-pos=1.841300 rev sg-vel=1.960000 rps sg-acc=10.000000 rps2

=human= stepgen sg-cmd-pos=2.100000 rev sg-fb-pos=1.841300 rev sg-vel=1.960000 rps sg-acc=10.000000 rps2

[INFO] hw.pins: Pin step.fb set to 1.8432650000000002 (was 1.8413000000000002)
Pin step.fb set to 1.8432650000000002 (was 1.8413000000000002)
[INFO] hw.stepgen: =human= stepgen sg-cmd-pos=2.100000 rev sg-fb-pos=1.843265 rev sg-vel=1.970000 rps sg-acc=10.000000 rps2

=human= stepgen sg-cmd-pos=2.100000 rev sg-fb-pos=1.843265 rev sg-vel=1.970000 rps sg-acc=10.000000 rps2

[INFO] hw.pins: Pin step.fb set to 1.8452400000000002 (was 1.8432650000000002)
Pin step.fb set to 1.8452400000000002 (was 1.8432650000000002)
[INFO] hw.stepgen: =human= stepgen sg-cmd-pos=2.100000 rev sg-fb-pos=1.845240 rev sg-vel=1.980000 rps sg-acc=10.000000 rps2

=human= stepgen sg-cmd-pos=2.100000 rev sg-fb-pos=1.845240 rev sg-vel=1.980000 rps sg-acc=10.000000 rps2

[INFO] hw.pins: Pin step.fb set to 1.8472250000000001 (was 1.8452400000000002)
Pin step.fb set to 1.8472250000000001 (was 1.8452400000000002)
[INFO] hw.stepgen: =human= stepgen sg-cmd-pos=2.100000 rev sg-fb-pos=1.847225 rev sg-vel=1.990000 rps sg-acc=10.000000 rps2

=human= stepgen sg-cmd-pos=2.100000 rev sg-fb-pos=1.847225 rev sg-vel=1.990000 rps sg-acc=10.000000 rps2

[INFO] hw.pins: Pin step.fb set to 1.84922 (was 1.8472250000000001)
Pin step.fb set to 1.84922 (was 1.8472250000000001)
[INFO] hw.stepgen: =human= stepgen sg-cmd-pos=2.100000 rev sg-fb-pos=1.849220 rev sg-vel=2.000000 rps sg-acc=10.000000 rps2

=human= stepgen sg-cmd-pos=2.100000 rev sg-fb-pos=1.849220 rev sg-vel=2.000000 rps sg-acc=10.000000 rps2

[INFO] hw.pins: Pin step.fb set to 1.8512250000000001 (was 1.84922)
Pin step.fb set to 1.8512250000000001 (was 1.84922)
[INFO] hw.stepgen: =human= stepgen sg-cmd-pos=2.100000 rev sg-fb-pos=1.851225 rev sg-vel=2.010000 rps sg-acc=10.000000 rps2

=human= stepgen sg-cmd-pos=2.100000 rev sg-fb-pos=1.851225 rev sg-vel=2.010000 rps sg-acc=10.000000 rps2

[INFO] hw.pins: Pin step.fb set to 1.8532400000000002 (was 1.8512250000000001)
Pin step.fb set to 1.8532400000000002 (was 1.8512250000000001)
[INFO] hw.stepgen: =human= stepgen sg-cmd-pos=2.100000 rev sg-fb-pos=1.853240 rev sg-vel=2.020000 rps sg-acc=10.000000 rps2

=human= stepgen sg-cmd-pos=2.100000 rev sg-fb-pos=1.853240 rev sg-vel=2.020000 rps sg-acc=10.000000 rps2

[INFO] hw.pins: Pin step.fb set to 1.8552650000000002 (was 1.8532400000000002)
Pin step.fb set to 1.8552650000000002 (was 1.8532400000000002)
[INFO] hw.stepgen: =human= stepgen sg-cmd-pos=2.100000 rev sg-fb-pos=1.855265 rev sg-vel=2.030000 rps sg-acc=10.000000 rps2

=human= stepgen sg-cmd-pos=2.100000 rev sg-fb-pos=1.855265 rev sg-vel=2.030000 rps sg-acc=10.000000 rps2

[INFO] hw.pins: Pin step.fb set to 1.8573000000000002 (was 1.8552650000000002)
Pin step.fb set to 1.8573000000000002 (was 1.8552650000000002)
[INFO] hw.stepgen: =human= stepgen sg-cmd-pos=2.100000 rev sg-fb-pos=1.857300 rev sg-vel=2.040000 rps sg-acc=10.000000 rps2

=human= stepgen sg-cmd-pos=2.100000 rev sg-fb-pos=1.857300 rev sg-vel=2.040000 rps sg-acc=10.000000 rps2

[INFO] hw.pins: Pin step.fb set to 1.8593450000000002 (was 1.8573000000000002)
Pin step.fb set to 1.8593450000000002 (was 1.8573000000000002)
[INFO] hw.stepgen: =human= stepgen sg-cmd-pos=2.100000 rev sg-fb-pos=1.859345 rev sg-vel=2.050000 rps sg-acc=10.000000 rps2

=human= stepgen sg-cmd-pos=2.100000 rev sg-fb-pos=1.859345 rev sg-vel=2.050000 rps sg-acc=10.000000 rps2

[INFO] hw.pins: Pin step.fb set to 1.8614000000000002 (was 1.8593450000000002)
Pin step.fb set to 1.8614000000000002 (was 1.8593450000000002)
[INFO] hw.stepgen: =human= stepgen sg-cmd-pos=2.100000 rev sg-fb-pos=1.861400 rev sg-vel=2.060000 rps sg-acc=10.000000 rps2

=human= stepgen sg-cmd-pos=2.100000 rev sg-fb-pos=1.861400 rev sg-vel=2.060000 rps sg-acc=10.000000 rps2

[INFO] hw.pins: Pin step.fb set to 1.8634650000000001 (was 1.8614000000000002)
Pin step.fb set to 1.8634650000000001 (was 1.8614000000000002)
[INFO] hw.stepgen: =human= stepgen sg-cmd-pos=2.100000 rev sg-fb-pos=1.863465 rev sg-vel=2.070000 rps sg-acc=10.000000 rps2

=human= stepgen sg-cmd-pos=2.100000 rev sg-fb-pos=1.863465 rev sg-vel=2.070000 rps sg-acc=10.000000 rps2

[INFO] hw.pins: Pin step.fb set to 1.8655400000000002 (was 1.8634650000000001)
Pin step.fb set to 1.8655400000000002 (was 1.8634650000000001)
[INFO] hw.stepgen: =human= stepgen sg-cmd-pos=2.100000 rev sg-fb-pos=1.865540 rev sg-vel=2.080000 rps sg-acc=10.000000 rps2

=human= stepgen sg-cmd-pos=2.100000 rev sg-fb-pos=1.865540 rev sg-vel=2.080000 rps sg-acc=10.000000 rps2

[INFO] hw.pins: Pin step.fb set to 1.867625 (was 1.8655400000000002)
Pin step.fb set to 1.867625 (was 1.8655400000000002)
[INFO] hw.stepgen: =human= stepgen sg-cmd-pos=2.100000 rev sg-fb-pos=1.867625 rev sg-vel=2.090000 rps sg-acc=10.000000 rps2

=human= stepgen sg-cmd-pos=2.100000 rev sg-fb-pos=1.867625 rev sg-vel=2.090000 rps sg-acc=10.000000 rps2

[INFO] hw.pins: Pin step.fb set to 1.86972 (was 1.867625)
Pin step.fb set to 1.86972 (was 1.867625)
[INFO] hw.stepgen: =human= stepgen sg-cmd-pos=2.100000 rev sg-fb-pos=1.869720 rev sg-vel=2.100000 rps sg-acc=10.000000 rps2

=human= stepgen sg-cmd-pos=2.100000 rev sg-fb-pos=1.869720 rev sg-vel=2.100000 rps sg-acc=10.000000 rps2

[INFO] hw.pins: Pin step.fb set to 1.871825 (was 1.86972)
Pin step.fb set to 1.871825 (was 1.86972)
[INFO] hw.stepgen: =human= stepgen sg-cmd-pos=2.100000 rev sg-fb-pos=1.871825 rev sg-vel=2.110000 rps sg-acc=10.000000 rps2

=human= stepgen sg-cmd-pos=2.100000 rev sg-fb-pos=1.871825 rev sg-vel=2.110000 rps sg-acc=10.000000 rps2

[INFO] hw.pins: Pin step.fb set to 1.8739400000000002 (was 1.871825)
Pin step.fb set to 1.8739400000000002 (was 1.871825)
[INFO] hw.stepgen: =human= stepgen sg-cmd-pos=2.100000 rev sg-fb-pos=1.873940 rev sg-vel=2.120000 rps sg-acc=10.000000 rps2

=human= stepgen sg-cmd-pos=2.100000 rev sg-fb-pos=1.873940 rev sg-vel=2.120000 rps sg-acc=10.000000 rps2

[INFO] hw.pins: Pin step.fb set to 1.876065 (was 1.8739400000000002)
Pin step.fb set to 1.876065 (was 1.8739400000000002)
[INFO] hw.stepgen: =human= stepgen sg-cmd-pos=2.100000 rev sg-fb-pos=1.876065 rev sg-vel=2.130000 rps sg-acc=10.000000 rps2

=human= stepgen sg-cmd-pos=2.100000 rev sg-fb-pos=1.876065 rev sg-vel=2.130000 rps sg-acc=10.000000 rps2

[INFO] hw.pins: Pin step.fb set to 1.87819 (was 1.876065)
Pin step.fb set to 1.87819 (was 1.876065)
[INFO] hw.stepgen: =human= stepgen sg-cmd-pos=2.100000 rev sg-fb-pos=1.878190 rev sg-vel=2.120000 rps sg-acc=-10.000000 rps2

=human= stepgen sg-cmd-pos=2.100000 rev sg-fb-pos=1.878190 rev sg-vel=2.120000 rps sg-acc=-10.000000 rps2

[INFO] hw.pins: Pin step.fb set to 1.8803050000000001 (was 1.87819)
Pin step.fb set to 1.8803050000000001 (was 1.87819)
[INFO] hw.stepgen: =human= stepgen sg-cmd-pos=2.100000 rev sg-fb-pos=1.880305 rev sg-vel=2.110000 rps sg-acc=-10.000000 rps2

=human= stepgen sg-cmd-pos=2.100000 rev sg-fb-pos=1.880305 rev sg-vel=2.110000 rps sg-acc=-10.000000 rps2

[INFO] hw.pins: Pin step.fb set to 1.8824100000000001 (was 1.8803050000000001)
Pin step.fb set to 1.8824100000000001 (was 1.8803050000000001)
[INFO] hw.stepgen: =human= stepgen sg-cmd-pos=2.100000 rev sg-fb-pos=1.882410 rev sg-vel=2.100000 rps sg-acc=-10.000000 rps2

=human= stepgen sg-cmd-pos=2.100000 rev sg-fb-pos=1.882410 rev sg-vel=2.100000 rps sg-acc=-10.000000 rps2

[INFO] hw.pins: Pin step.fb set to 1.884505 (was 1.8824100000000001)
Pin step.fb set to 1.884505 (was 1.8824100000000001)
[INFO] hw.stepgen: =human= stepgen sg-cmd-pos=2.100000 rev sg-fb-pos=1.884505 rev sg-vel=2.090000 rps sg-acc=-10.000000 rps2

=human= stepgen sg-cmd-pos=2.100000 rev sg-fb-pos=1.884505 rev sg-vel=2.090000 rps sg-acc=-10.000000 rps2

[INFO] hw.pins: Pin step.fb set to 1.88659 (was 1.884505)
Pin step.fb set to 1.88659 (was 1.884505)
[INFO] hw.stepgen: =human= stepgen sg-cmd-pos=2.100000 rev sg-fb-pos=1.886590 rev sg-vel=2.080000 rps sg-acc=-10.000000 rps2

=human= stepgen sg-cmd-pos=2.100000 rev sg-fb-pos=1.886590 rev sg-vel=2.080000 rps sg-acc=-10.000000 rps2

[INFO] hw.pins: Pin step.fb set to 1.888665 (was 1.88659)
Pin step.fb set to 1.888665 (was 1.88659)
[INFO] hw.stepgen: =human= stepgen sg-cmd-pos=2.100000 rev sg-fb-pos=1.888665 rev sg-vel=2.070000 rps sg-acc=-10.000000 rps2

=human= stepgen sg-cmd-pos=2.100000 rev sg-fb-pos=1.888665 rev sg-vel=2.070000 rps sg-acc=-10.000000 rps2

[INFO] hw.pins: Pin step.fb set to 1.89073 (was 1.888665)
Pin step.fb set to 1.89073 (was 1.888665)
[INFO] hw.stepgen: =human= stepgen sg-cmd-pos=2.100000 rev sg-fb-pos=1.890730 rev sg-vel=2.060000 rps sg-acc=-10.000000 rps2

=human= stepgen sg-cmd-pos=2.100000 rev sg-fb-pos=1.890730 rev sg-vel=2.060000 rps sg-acc=-10.000000 rps2

[INFO] hw.pins: Pin step.fb set to 1.892785 (was 1.89073)
Pin step.fb set to 1.892785 (was 1.89073)
[INFO] hw.stepgen: =human= stepgen sg-cmd-pos=2.100000 rev sg-fb-pos=1.892785 rev sg-vel=2.050000 rps sg-acc=-10.000000 rps2

=human= stepgen sg-cmd-pos=2.100000 rev sg-fb-pos=1.892785 rev sg-vel=2.050000 rps sg-acc=-10.000000 rps2

[INFO] hw.pins: Pin step.fb set to 1.89483 (was 1.892785)
Pin step.fb set to 1.89483 (was 1.892785)
[INFO] hw.stepgen: =human= stepgen sg-cmd-pos=2.100000 rev sg-fb-pos=1.894830 rev sg-vel=2.040000 rps sg-acc=-10.000000 rps2

=human= stepgen sg-cmd-pos=2.100000 rev sg-fb-pos=1.894830 rev sg-vel=2.040000 rps sg-acc=-10.000000 rps2

[INFO] hw.pins: Pin step.fb set to 1.896865 (was 1.89483)
Pin step.fb set to 1.896865 (was 1.89483)
[INFO] hw.stepgen: =human= stepgen sg-cmd-pos=2.100000 rev sg-fb-pos=1.896865 rev sg-vel=2.030000 rps sg-acc=-10.000000 rps2

=human= stepgen sg-cmd-pos=2.100000 rev sg-fb-pos=1.896865 rev sg-vel=2.030000 rps sg-acc=-10.000000 rps2

[INFO] hw.pins: Pin step.fb set to 1.89889 (was 1.896865)
Pin step.fb set to 1.89889 (was 1.896865)
[INFO] hw.stepgen: =human= stepgen sg-cmd-pos=2.100000 rev sg-fb-pos=1.898890 rev sg-vel=2.020000 rps sg-acc=-10.000000 rps2

=human= stepgen sg-cmd-pos=2.100000 rev sg-fb-pos=1.898890 rev sg-vel=2.020000 rps sg-acc=-10.000000 rps2

[INFO] hw.pins: Pin step.fb set to 1.900905 (was 1.89889)
Pin step.fb set to 1.900905 (was 1.89889)
[INFO] hw.stepgen: =human= stepgen sg-cmd-pos=2.100000 rev sg-fb-pos=1.900905 rev sg-vel=2.010000 rps sg-acc=-10.000000 rps2

=human= stepgen sg-cmd-pos=2.100000 rev sg-fb-pos=1.900905 rev sg-vel=2.010000 rps sg-acc=-10.000000 rps2

[INFO] hw.pins: Pin step.fb set to 1.90291 (was 1.900905)
Pin step.fb set to 1.90291 (was 1.900905)
[INFO] hw.stepgen: =human= stepgen sg-cmd-pos=2.100000 rev sg-fb-pos=1.902910 rev sg-vel=2.000000 rps sg-acc=-10.000000 rps2

=human= stepgen sg-cmd-pos=2.100000 rev sg-fb-pos=1.902910 rev sg-vel=2.000000 rps sg-acc=-10.000000 rps2

[INFO] hw.pins: Pin step.fb set to 1.904905 (was 1.90291)
Pin step.fb set to 1.904905 (was 1.90291)
[INFO] hw.stepgen: =human= stepgen sg-cmd-pos=2.100000 rev sg-fb-pos=1.904905 rev sg-vel=1.990000 rps sg-acc=-10.000000 rps2

=human= stepgen sg-cmd-pos=2.100000 rev sg-fb-pos=1.904905 rev sg-vel=1.990000 rps sg-acc=-10.000000 rps2

[INFO] hw.pins: Pin step.fb set to 1.90689 (was 1.904905)
Pin step.fb set to 1.90689 (was 1.904905)
[INFO] hw.stepgen: =human= stepgen sg-cmd-pos=2.100000 rev sg-fb-pos=1.906890 rev sg-vel=1.980000 rps sg-acc=-10.000000 rps2

=human= stepgen sg-cmd-pos=2.100000 rev sg-fb-pos=1.906890 rev sg-vel=1.980000 rps sg-acc=-10.000000 rps2

[INFO] hw.pins: Pin step.fb set to 1.908865 (was 1.90689)
Pin step.fb set to 1.908865 (was 1.90689)
[INFO] hw.stepgen: =human= stepgen sg-cmd-pos=2.100000 rev sg-fb-pos=1.908865 rev sg-vel=1.970000 rps sg-acc=-10.000000 rps2

=human= stepgen sg-cmd-pos=2.100000 rev sg-fb-pos=1.908865 rev sg-vel=1.970000 rps sg-acc=-10.000000 rps2

[INFO] hw.pins: Pin step.fb set to 1.91083 (was 1.908865)
Pin step.fb set to 1.91083 (was 1.908865)
[INFO] hw.stepgen: =human= stepgen sg-cmd-pos=2.100000 rev sg-fb-pos=1.910830 rev sg-vel=1.960000 rps sg-acc=-10.000000 rps2

=human= stepgen sg-cmd-pos=2.100000 rev sg-fb-pos=1.910830 rev sg-vel=1.960000 rps sg-acc=-10.000000 rps2

[INFO] hw.pins: Pin step.fb set to 1.912785 (was 1.91083)
Pin step.fb set to 1.912785 (was 1.91083)
[INFO] hw.stepgen: =human= stepgen sg-cmd-pos=2.100000 rev sg-fb-pos=1.912785 rev sg-vel=1.950000 rps sg-acc=-10.000000 rps2

=human= stepgen sg-cmd-pos=2.100000 rev sg-fb-pos=1.912785 rev sg-vel=1.950000 rps sg-acc=-10.000000 rps2

[INFO] hw.pins: Pin step.fb set to 1.91473 (was 1.912785)
Pin step.fb set to 1.91473 (was 1.912785)
[INFO] hw.stepgen: =human= stepgen sg-cmd-pos=2.100000 rev sg-fb-pos=1.914730 rev sg-vel=1.940000 rps sg-acc=-10.000000 rps2

=human= stepgen sg-cmd-pos=2.100000 rev sg-fb-pos=1.914730 rev sg-vel=1.940000 rps sg-acc=-10.000000 rps2

[INFO] hw.pins: Pin step.fb set to 1.916665 (was 1.91473)
Pin step.fb set to 1.916665 (was 1.91473)
[INFO] hw.stepgen: =human= stepgen sg-cmd-pos=2.100000 rev sg-fb-pos=1.916665 rev sg-vel=1.930000 rps sg-acc=-10.000000 rps2

=human= stepgen sg-cmd-pos=2.100000 rev sg-fb-pos=1.916665 rev sg-vel=1.930000 rps sg-acc=-10.000000 rps2

[INFO] hw.pins: Pin step.fb set to 1.91859 (was 1.916665)
Pin step.fb set to 1.91859 (was 1.916665)
[INFO] hw.stepgen: =human= stepgen sg-cmd-pos=2.100000 rev sg-fb-pos=1.918590 rev sg-vel=1.920000 rps sg-acc=-10.000000 rps2

=human= stepgen sg-cmd-pos=2.100000 rev sg-fb-pos=1.918590 rev sg-vel=1.920000 rps sg-acc=-10.000000 rps2

[INFO] hw.pins: Pin step.fb set to 1.9205050000000001 (was 1.91859)
Pin step.fb set to 1.9205050000000001 (was 1.91859)
[INFO] hw.stepgen: =human= stepgen sg-cmd-pos=2.100000 rev sg-fb-pos=1.920505 rev sg-vel=1.910000 rps sg-acc=-10.000000 rps2

=human= stepgen sg-cmd-pos=2.100000 rev sg-fb-pos=1.920505 rev sg-vel=1.910000 rps sg-acc=-10.000000 rps2

[INFO] hw.pins: Pin step.fb set to 1.9224100000000002 (was 1.9205050000000001)
Pin step.fb set to 1.9224100000000002 (was 1.9205050000000001)
[INFO] hw.stepgen: =human= stepgen sg-cmd-pos=2.100000 rev sg-fb-pos=1.922410 rev sg-vel=1.900000 rps sg-acc=-10.000000 rps2

=human= stepgen sg-cmd-pos=2.100000 rev sg-fb-pos=1.922410 rev sg-vel=1.900000 rps sg-acc=-10.000000 rps2

[INFO] hw.pins: Pin step.fb set to 1.9243050000000002 (was 1.9224100000000002)
Pin step.fb set to 1.9243050000000002 (was 1.9224100000000002)
[INFO] hw.stepgen: =human= stepgen sg-cmd-pos=2.100000 rev sg-fb-pos=1.924305 rev sg-vel=1.890000 rps sg-acc=-10.000000 rps2

=human= stepgen sg-cmd-pos=2.100000 rev sg-fb-pos=1.924305 rev sg-vel=1.890000 rps sg-acc=-10.000000 rps2

[INFO] hw.pins: Pin step.fb set to 1.92619 (was 1.9243050000000002)
Pin step.fb set to 1.92619 (was 1.9243050000000002)
[INFO] hw.stepgen: =human= stepgen sg-cmd-pos=2.100000 rev sg-fb-pos=1.926190 rev sg-vel=1.880000 rps sg-acc=-10.000000 rps2

=human= stepgen sg-cmd-pos=2.100000 rev sg-fb-pos=1.926190 rev sg-vel=1.880000 rps sg-acc=-10.000000 rps2

[INFO] hw.pins: Pin step.cmd set to 2.2000000000000006 (was 2.1000000000000005)
Pin step.cmd set to 2.2000000000000006 (was 2.1000000000000005)
[INFO] hw.pins: Pin step.fb set to 1.928075 (was 1.92619)
Pin step.fb set to 1.928075 (was 1.92619)
[INFO] hw.stepgen: =human= stepgen sg-cmd-pos=2.200000 rev sg-fb-pos=1.928075 rev sg-vel=1.890000 rps sg-acc=10.000000 rps2

=human= stepgen sg-cmd-pos=2.200000 rev sg-fb-pos=1.928075 rev sg-vel=1.890000 rps sg-acc=10.000000 rps2

[INFO] hw.stepgen: =human= stepgen event=reaim sg-cmd-pos=2.200000 rev sg-fb-pos=1.928075 rev sg-vel=1.890000 rps

=human= stepgen event=reaim sg-cmd-pos=2.200000 rev sg-fb-pos=1.928075 rev sg-vel=1.890000 rps

[INFO] hw.pins: Pin step.fb set to 1.92997 (was 1.928075)
Pin step.fb set to 1.92997 (was 1.928075)
[INFO] hw.stepgen: =human= stepgen sg-cmd-pos=2.200000 rev sg-fb-pos=1.929970 rev sg-vel=1.900000 rps sg-acc=10.000000 rps2

=human= stepgen sg-cmd-pos=2.200000 rev sg-fb-pos=1.929970 rev sg-vel=1.900000 rps sg-acc=10.000000 rps2

[INFO] hw.pins: Pin step.fb set to 1.931875 (was 1.92997)
Pin step.fb set to 1.931875 (was 1.92997)
[INFO] hw.stepgen: =human= stepgen sg-cmd-pos=2.200000 rev sg-fb-pos=1.931875 rev sg-vel=1.910000 rps sg-acc=10.000000 rps2

=human= stepgen sg-cmd-pos=2.200000 rev sg-fb-pos=1.931875 rev sg-vel=1.910000 rps sg-acc=10.000000 rps2

[INFO] hw.pins: Pin step.fb set to 1.9337900000000001 (was 1.931875)
Pin step.fb set to 1.9337900000000001 (was 1.931875)
[INFO] hw.stepgen: =human= stepgen sg-cmd-pos=2.200000 rev sg-fb-pos=1.933790 rev sg-vel=1.920000 rps sg-acc=10.000000 rps2

=human= stepgen sg-cmd-pos=2.200000 rev sg-fb-pos=1.933790 rev sg-vel=1.920000 rps sg-acc=10.000000 rps2

[INFO] hw.pins: Pin step.fb set to 1.935715 (was 1.9337900000000001)
Pin step.fb set to 1.935715 (was 1.9337900000000001)
[INFO] hw.stepgen: =human= stepgen sg-cmd-pos=2.200000 rev sg-fb-pos=1.935715 rev sg-vel=1.930000 rps sg-acc=10.000000 rps2

=human= stepgen sg-cmd-pos=2.200000 rev sg-fb-pos=1.935715 rev sg-vel=1.930000 rps sg-acc=10.000000 rps2

[INFO] hw.pins: Pin step.fb set to 1.93765 (was 1.935715)
Pin step.fb set to 1.93765 (was 1.935715)
[INFO] hw.stepgen: =human= stepgen sg-cmd-pos=2.200000 rev sg-fb-pos=1.937650 rev sg-vel=1.940000 rps sg-acc=10.000000 rps2

=human= stepgen sg-cmd-pos=2.200000 rev sg-fb-pos=1.937650 rev sg-vel=1.940000 rps sg-acc=10.000000 rps2

[INFO] hw.pins: Pin step.fb set to 1.9395950000000002 (was 1.93765)
Pin step.fb set to 1.9395950000000002 (was 1.93765)
[INFO] hw.stepgen: =human= stepgen sg-cmd-pos=2.200000 rev sg-fb-pos=1.939595 rev sg-vel=1.950000 rps sg-acc=10.000000 rps2

=human= stepgen sg-cmd-pos=2.200000 rev sg-fb-pos=1.939595 rev sg-vel=1.950000 rps sg-acc=10.000000 rps2

[INFO] hw.pins: Pin step.fb set to 1.94155 (was 1.9395950000000002)
Pin step.fb set to 1.94155 (was 1.9395950000000002)
[INFO] hw.stepgen: =human= stepgen sg-cmd-pos=2.200000 rev sg-fb-pos=1.941550 rev sg-vel=1.960000 rps sg-acc=10.000000 rps2

=human= stepgen sg-cmd-pos=2.200000 rev sg-fb-pos=1.941550 rev sg-vel=1.960000 rps sg-acc=10.000000 rps2

[INFO] hw.pins: Pin step.fb set to 1.943515 (was 1.94155)
Pin step.fb set to 1.943515 (was 1.94155)
[INFO] hw.stepgen: =human= stepgen sg-cmd-pos=2.200000 rev sg-fb-pos=1.943515 rev sg-vel=1.970000 rps sg-acc=10.000000 rps2

=human= stepgen sg-cmd-pos=2.200000 rev sg-fb-pos=1.943515 rev sg-vel=1.970000 rps sg-acc=10.000000 rps2

[INFO] hw.pins: Pin step.fb set to 1.9454900000000002 (was 1.943515)
Pin step.fb set to 1.9454900000000002 (was 1.943515)
[INFO] hw.stepgen: =human= stepgen sg-cmd-pos=2.200000 rev sg-fb-pos=1.945490 rev sg-vel=1.980000 rps sg-acc=10.000000 rps2

=human= stepgen sg-cmd-pos=2.200000 rev sg-fb-pos=1.945490 rev sg-vel=1.980000 rps sg-acc=10.000000 rps2

[INFO] hw.pins: Pin step.fb set to 1.947475 (was 1.9454900000000002)
Pin step.fb set to 1.947475 (was 1.9454900000000002)
[INFO] hw.stepgen: =human= stepgen sg-cmd-pos=2.200000 rev sg-fb-pos=1.947475 rev sg-vel=1.990000 rps sg-acc=10.000000 rps2

=human= stepgen sg-cmd-pos=2.200000 rev sg-fb-pos=1.947475 rev sg-vel=1.990000 rps sg-acc=10.000000 rps2

[INFO] hw.pins: Pin step.fb set to 1.94947 (was 1.947475)
Pin step.fb set to 1.94947 (was 1.947475)
[INFO] hw.stepgen: =human= stepgen sg-cmd-pos=2.200000 rev sg-fb-pos=1.949470 rev sg-vel=2.000000 rps sg-acc=10.000000 rps2

=human= stepgen sg-cmd-pos=2.200000 rev sg-fb-pos=1.949470 rev sg-vel=2.000000 rps sg-acc=10.000000 rps2

[INFO] hw.pins: Pin step.fb set to 1.951475 (was 1.94947)
Pin step.fb set to 1.951475 (was 1.94947)
[INFO] hw.stepgen: =human= stepgen sg-cmd-pos=2.200000 rev sg-fb-pos=1.951475 rev sg-vel=2.010000 rps sg-acc=10.000000 rps2

=human= stepgen sg-cmd-pos=2.200000 rev sg-fb-pos=1.951475 rev sg-vel=2.010000 rps sg-acc=10.000000 rps2

[INFO] hw.pins: Pin step.fb set to 1.9534900000000002 (was 1.951475)
Pin step.fb set to 1.9534900000000002 (was 1.951475)
[INFO] hw.stepgen: =human= stepgen sg-cmd-pos=2.200000 rev sg-fb-pos=1.953490 rev sg-vel=2.020000 rps sg-acc=10.000000 rps2

=human= stepgen sg-cmd-pos=2.200000 rev sg-fb-pos=1.953490 rev sg-vel=2.020000 rps sg-acc=10.000000 rps2

[INFO] hw.pins: Pin step.fb set to 1.9555150000000001 (was 1.9534900000000002)
Pin step.fb set to 1.9555150000000001 (was 1.9534900000000002)
[INFO] hw.stepgen: =human= stepgen sg-cmd-pos=2.200000 rev sg-fb-pos=1.955515 rev sg-vel=2.030000 rps sg-acc=10.000000 rps2

=human= stepgen sg-cmd-pos=2.200000 rev sg-fb-pos=1.955515 rev sg-vel=2.030000 rps sg-acc=10.000000 rps2

[INFO] hw.pins: Pin step.fb set to 1.9575500000000001 (was 1.9555150000000001)
Pin step.fb set to 1.9575500000000001 (was 1.9555150000000001)
[INFO] hw.stepgen: =human= stepgen sg-cmd-pos=2.200000 rev sg-fb-pos=1.957550 rev sg-vel=2.040000 rps sg-acc=10.000000 rps2

=human= stepgen sg-cmd-pos=2.200000 rev sg-fb-pos=1.957550 rev sg-vel=2.040000 rps sg-acc=10.000000 rps2

[INFO] hw.pins: Pin step.fb set to 1.9595950000000002 (was 1.9575500000000001)
Pin step.fb set to 1.9595950000000002 (was 1.9575500000000001)
[INFO] hw.stepgen: =human= stepgen sg-cmd-pos=2.200000 rev sg-fb-pos=1.959595 rev sg-vel=2.050000 rps sg-acc=10.000000 rps2

=human= stepgen sg-cmd-pos=2.200000 rev sg-fb-pos=1.959595 rev sg-vel=2.050000 rps sg-acc=10.000000 rps2

[INFO] hw.pins: Pin step.fb set to 1.9616500000000001 (was 1.9595950000000002)
Pin step.fb set to 1.9616500000000001 (was 1.9595950000000002)
[INFO] hw.stepgen: =human= stepgen sg-cmd-pos=2.200000 rev sg-fb-pos=1.961650 rev sg-vel=2.060000 rps sg-acc=10.000000 rps2

=human= stepgen sg-cmd-pos=2.200000 rev sg-fb-pos=1.961650 rev sg-vel=2.060000 rps sg-acc=10.000000 rps2

[INFO] hw.pins: Pin step.fb set to 1.963715 (was 1.9616500000000001)
Pin step.fb set to 1.963715 (was 1.9616500000000001)
[INFO] hw.stepgen: =human= stepgen sg-cmd-pos=2.200000 rev sg-fb-pos=1.963715 rev sg-vel=2.070000 rps sg-acc=10.000000 rps2

=human= stepgen sg-cmd-pos=2.200000 rev sg-fb-pos=1.963715 rev sg-vel=2.070000 rps sg-acc=10.000000 rps2

[INFO] hw.pins: Pin step.fb set to 1.9657900000000001 (was 1.963715)
Pin step.fb set to 1.9657900000000001 (was 1.963715)
[INFO] hw.stepgen: =human= stepgen sg-cmd-pos=2.200000 rev sg-fb-pos=1.965790 rev sg-vel=2.080000 rps sg-acc=10.000000 rps2

=human= stepgen sg-cmd-pos=2.200000 rev sg-fb-pos=1.965790 rev sg-vel=2.080000 rps sg-acc=10.000000 rps2

[INFO] hw.pins: Pin step.fb set to 1.967875 (was 1.9657900000000001)
Pin step.fb set to 1.967875 (was 1.9657900000000001)
[INFO] hw.stepgen: =human= stepgen sg-cmd-pos=2.200000 rev sg-fb-pos=1.967875 rev sg-vel=2.090000 rps sg-acc=10.000000 rps2

=human= stepgen sg-cmd-pos=2.200000 rev sg-fb-pos=1.967875 rev sg-vel=2.090000 rps sg-acc=10.000000 rps2

[INFO] hw.pins: Pin step.fb set to 1.96997 (was 1.967875)
Pin step.fb set to 1.96997 (was 1.967875)
[INFO] hw.stepgen: =human= stepgen sg-cmd-pos=2.200000 rev sg-fb-pos=1.969970 rev sg-vel=2.100000 rps sg-acc=10.000000 rps2

=human= stepgen sg-cmd-pos=2.200000 rev sg-fb-pos=1.969970 rev sg-vel=2.100000 rps sg-acc=10.000000 rps2

[INFO] hw.pins: Pin step.fb set to 1.972075 (was 1.96997)
Pin step.fb set to 1.972075 (was 1.96997)
[INFO] hw.stepgen: =human= stepgen sg-cmd-pos=2.200000 rev sg-fb-pos=1.972075 rev sg-vel=2.110000 rps sg-acc=10.000000 rps2

=human= stepgen sg-cmd-pos=2.200000 rev sg-fb-pos=1.972075 rev sg-vel=2.110000 rps sg-acc=10.000000 rps2

[INFO] hw.pins: Pin step.fb set to 1.9741900000000001 (was 1.972075)
Pin step.fb set to 1.9741900000000001 (was 1.972075)
[INFO] hw.stepgen: =human= stepgen sg-cmd-pos=2.200000 rev sg-fb-pos=1.974190 rev sg-vel=2.120000 rps sg-acc=10.000000 rps2

=human= stepgen sg-cmd-pos=2.200000 rev sg-fb-pos=1.974190 rev sg-vel=2.120000 rps sg-acc=10.000000 rps2

[INFO] hw.pins: Pin step.fb set to 1.976315 (was 1.9741900000000001)
Pin step.fb set to 1.976315 (was 1.9741900000000001)
[INFO] hw.stepgen: =human= stepgen sg-cmd-pos=2.200000 rev sg-fb-pos=1.976315 rev sg-vel=2.130000 rps sg-acc=10.000000 rps2

=human= stepgen sg-cmd-pos=2.200000 rev sg-fb-pos=1.976315 rev sg-vel=2.130000 rps sg-acc=10.000000 rps2

[INFO] hw.pins: Pin step.fb set to 1.97844 (was 1.976315)
Pin step.fb set to 1.97844 (was 1.976315)
[INFO] hw.stepgen: =human= stepgen sg-cmd-pos=2.200000 rev sg-fb-pos=1.978440 rev sg-vel=2.120000 rps sg-acc=-10.000000 rps2

=human= stepgen sg-cmd-pos=2.200000 rev sg-fb-pos=1.978440 rev sg-vel=2.120000 rps sg-acc=-10.000000 rps2

[INFO] hw.pins: Pin step.fb set to 1.980555 (was 1.97844)
Pin step.fb set to 1.980555 (was 1.97844)
[INFO] hw.stepgen: =human= stepgen sg-cmd-pos=2.200000 rev sg-fb-pos=1.980555 rev sg-vel=2.110000 rps sg-acc=-10.000000 rps2

=human= stepgen sg-cmd-pos=2.200000 rev sg-fb-pos=1.980555 rev sg-vel=2.110000 rps sg-acc=-10.000000 rps2

[INFO] hw.pins: Pin step.fb set to 1.98266 (was 1.980555)
Pin step.fb set to 1.98266 (was 1.980555)
[INFO] hw.stepgen: =human= stepgen sg-cmd-pos=2.200000 rev sg-fb-pos=1.982660 rev sg-vel=2.100000 rps sg-acc=-10.000000 rps2

=human= stepgen sg-cmd-pos=2.200000 rev sg-fb-pos=1.982660 rev sg-vel=2.100000 rps sg-acc=-10.000000 rps2

[INFO] hw.pins: Pin step.fb set to 1.984755 (was 1.98266)
Pin step.fb set to 1.984755 (was 1.98266)
[INFO] hw.stepgen: =human= stepgen sg-cmd-pos=2.200000 rev sg-fb-pos=1.984755 rev sg-vel=2.090000 rps sg-acc=-10.000000 rps2

=human= stepgen sg-cmd-pos=2.200000 rev sg-fb-pos=1.984755 rev sg-vel=2.090000 rps sg-acc=-10.000000 rps2

[INFO] hw.pins: Pin step.fb set to 1.98684 (was 1.984755)
Pin step.fb set to 1.98684 (was 1.984755)
[INFO] hw.stepgen: =human= stepgen sg-cmd-pos=2.200000 rev sg-fb-pos=1.986840 rev sg-vel=2.080000 rps sg-acc=-10.000000 rps2

=human= stepgen sg-cmd-pos=2.200000 rev sg-fb-pos=1.986840 rev sg-vel=2.080000 rps sg-acc=-10.000000 rps2

[INFO] hw.pins: Pin step.fb set to 1.988915 (was 1.98684)
Pin step.fb set to 1.988915 (was 1.98684)
[INFO] hw.stepgen: =human= stepgen sg-cmd-pos=2.200000 rev sg-fb-pos=1.988915 rev sg-vel=2.070000 rps sg-acc=-10.000000 rps2

=human= stepgen sg-cmd-pos=2.200000 rev sg-fb-pos=1.988915 rev sg-vel=2.070000 rps sg-acc=-10.000000 rps2

[INFO] hw.pins: Pin step.fb set to 1.99098 (was 1.988915)
Pin step.fb set to 1.99098 (was 1.988915)
[INFO] hw.stepgen: =human= stepgen sg-cmd-pos=2.200000 rev sg-fb-pos=1.990980 rev sg-vel=2.060000 rps sg-acc=-10.000000 rps2

=human= stepgen sg-cmd-pos=2.200000 rev sg-fb-pos=1.990980 rev sg-vel=2.060000 rps sg-acc=-10.000000 rps2

[INFO] hw.pins: Pin step.fb set to 1.993035 (was 1.99098)
Pin step.fb set to 1.993035 (was 1.99098)
[INFO] hw.stepgen: =human= stepgen sg-cmd-pos=2.200000 rev sg-fb-pos=1.993035 rev sg-vel=2.050000 rps sg-acc=-10.000000 rps2

=human= stepgen sg-cmd-pos=2.200000 rev sg-fb-pos=1.993035 rev sg-vel=2.050000 rps sg-acc=-10.000000 rps2

[INFO] hw.pins: Pin step.fb set to 1.99508 (was 1.993035)
Pin step.fb set to 1.99508 (was 1.993035)
[INFO] hw.stepgen: =human= stepgen sg-cmd-pos=2.200000 rev sg-fb-pos=1.995080 rev sg-vel=2.040000 rps sg-acc=-10.000000 rps2

=human= stepgen sg-cmd-pos=2.200000 rev sg-fb-pos=1.995080 rev sg-vel=2.040000 rps sg-acc=-10.000000 rps2

[INFO] hw.pins: Pin step.fb set to 1.997115 (was 1.99508)
Pin step.fb set to 1.997115 (was 1.99508)
[INFO] hw.stepgen: =human= stepgen sg-cmd-pos=2.200000 rev sg-fb-pos=1.997115 rev sg-vel=2.030000 rps sg-acc=-10.000000 rps2

=human= stepgen sg-cmd-pos=2.200000 rev sg-fb-pos=1.997115 rev sg-vel=2.030000 rps sg-acc=-10.000000 rps2

[INFO] hw.pins: Pin step.fb set to 1.99914 (was 1.997115)
Pin step.fb set to 1.99914 (was 1.997115)
[INFO] hw.stepgen: =human= stepgen sg-cmd-pos=2.200000 rev sg-fb-pos=1.999140 rev sg-vel=2.020000 rps sg-acc=-10.000000 rps2

=human= stepgen sg-cmd-pos=2.200000 rev sg-fb-pos=1.999140 rev sg-vel=2.020000 rps sg-acc=-10.000000 rps2

[INFO] hw.pins: Pin step.fb set to 2.001155 (was 1.99914)
Pin step.fb set to 2.001155 (was 1.99914)
[INFO] hw.stepgen: =human= stepgen sg-cmd-pos=2.200000 rev sg-fb-pos=2.001155 rev sg-vel=2.010000 rps sg-acc=-10.000000 rps2

=human= stepgen sg-cmd-pos=2.200000 rev sg-fb-pos=2.001155 rev sg-vel=2.010000 rps sg-acc=-10.000000 rps2

[INFO] hw.pins: Pin step.fb set to 2.00316 (was 2.001155)
Pin step.fb set to 2.00316 (was 2.001155)
[INFO] hw.stepgen: =human= stepgen sg-cmd-pos=2.200000 rev sg-fb-pos=2.003160 rev sg-vel=2.000000 rps sg-acc=-10.000000 rps2

=human= stepgen sg-cmd-pos=2.200000 rev sg-fb-pos=2.003160 rev sg-vel=2.000000 rps sg-acc=-10.000000 rps2

[INFO] hw.pins: Pin step.fb set to 2.005155 (was 2.00316)
Pin step.fb set to 2.005155 (was 2.00316)
[INFO] hw.stepgen: =human= stepgen sg-cmd-pos=2.200000 rev sg-fb-pos=2.005155 rev sg-vel=1.990000 rps sg-acc=-10.000000 rps2

=human= stepgen sg-cmd-pos=2.200000 rev sg-fb-pos=2.005155 rev sg-vel=1.990000 rps sg-acc=-10.000000 rps2

[INFO] hw.pins: Pin step.fb set to 2.0071399999999997 (was 2.005155)
Pin step.fb set to 2.0071399999999997 (was 2.005155)
[INFO] hw.stepgen: =human= stepgen sg-cmd-pos=2.200000 rev sg-fb-pos=2.007140 rev sg-vel=1.980000 rps sg-acc=-10.000000 rps2

=human= stepgen sg-cmd-pos=2.200000 rev sg-fb-pos=2.007140 rev sg-vel=1.980000 rps sg-acc=-10.000000 rps2

[INFO] hw.pins: Pin step.fb set to 2.0091149999999995 (was 2.0071399999999997)
Pin step.fb set to 2.0091149999999995 (was 2.0071399999999997)
[INFO] hw.stepgen: =human= stepgen sg-cmd-pos=2.200000 rev sg-fb-pos=2.009115 rev sg-vel=1.970000 rps sg-acc=-10.000000 rps2

=human= stepgen sg-cmd-pos=2.200000 rev sg-fb-pos=2.009115 rev sg-vel=1.970000 rps sg-acc=-10.000000 rps2

[INFO] hw.pins: Pin step.fb set to 2.0110799999999998 (was 2.0091149999999995)
Pin step.fb set to 2.0110799999999998 (was 2.0091149999999995)
[INFO] hw.stepgen: =human= stepgen sg-cmd-pos=2.200000 rev sg-fb-pos=2.011080 rev sg-vel=1.960000 rps sg-acc=-10.000000 rps2

=human= stepgen sg-cmd-pos=2.200000 rev sg-fb-pos=2.011080 rev sg-vel=1.960000 rps sg-acc=-10.000000 rps2

[INFO] hw.pins: Pin step.fb set to 2.013035 (was 2.0110799999999998)
Pin step.fb set to 2.013035 (was 2.0110799999999998)
[INFO] hw.stepgen: =human= stepgen sg-cmd-pos=2.200000 rev sg-fb-pos=2.013035 rev sg-vel=1.950000 rps sg-acc=-10.000000 rps2

=human= stepgen sg-cmd-pos=2.200000 rev sg-fb-pos=2.013035 rev sg-vel=1.950000 rps sg-acc=-10.000000 rps2

[INFO] hw.pins: Pin step.fb set to 2.01498 (was 2.013035)
Pin step.fb set to 2.01498 (was 2.013035)
[INFO] hw.stepgen: =human= stepgen sg-cmd-pos=2.200000 rev sg-fb-pos=2.014980 rev sg-vel=1.940000 rps sg-acc=-10.000000 rps2

=human= stepgen sg-cmd-pos=2.200000 rev sg-fb-pos=2.014980 rev sg-vel=1.940000 rps sg-acc=-10.000000 rps2

[INFO] hw.pins: Pin step.fb set to 2.016915 (was 2.01498)
Pin step.fb set to 2.016915 (was 2.01498)
[INFO] hw.stepgen: =human= stepgen sg-cmd-pos=2.200000 rev sg-fb-pos=2.016915 rev sg-vel=1.930000 rps sg-acc=-10.000000 rps2

=human= stepgen sg-cmd-pos=2.200000 rev sg-fb-pos=2.016915 rev sg-vel=1.930000 rps sg-acc=-10.000000 rps2

[INFO] hw.pins: Pin step.fb set to 2.01884 (was 2.016915)
Pin step.fb set to 2.01884 (was 2.016915)
[INFO] hw.stepgen: =human= stepgen sg-cmd-pos=2.200000 rev sg-fb-pos=2.018840 rev sg-vel=1.920000 rps sg-acc=-10.000000 rps2

=human= stepgen sg-cmd-pos=2.200000 rev sg-fb-pos=2.018840 rev sg-vel=1.920000 rps sg-acc=-10.000000 rps2

[INFO] hw.pins: Pin step.fb set to 2.020755 (was 2.01884)
Pin step.fb set to 2.020755 (was 2.01884)
[INFO] hw.stepgen: =human= stepgen sg-cmd-pos=2.200000 rev sg-fb-pos=2.020755 rev sg-vel=1.910000 rps sg-acc=-10.000000 rps2

=human= stepgen sg-cmd-pos=2.200000 rev sg-fb-pos=2.020755 rev sg-vel=1.910000 rps sg-acc=-10.000000 rps2

[INFO] hw.pins: Pin step.fb set to 2.0226599999999997 (was 2.020755)
Pin step.fb set to 2.0226599999999997 (was 2.020755)
[INFO] hw.stepgen: =human= stepgen sg-cmd-pos=2.200000 rev sg-fb-pos=2.022660 rev sg-vel=1.900000 rps sg-acc=-10.000000 rps2

=human= stepgen sg-cmd-pos=2.200000 rev sg-fb-pos=2.022660 rev sg-vel=1.900000 rps sg-acc=-10.000000 rps2

[INFO] hw.pins: Pin step.fb set to 2.024555 (was 2.0226599999999997)
Pin step.fb set to 2.024555 (was 2.0226599999999997)
[INFO] hw.stepgen: =human= stepgen sg-cmd-pos=2.200000 rev sg-fb-pos=2.024555 rev sg-vel=1.890000 rps sg-acc=-10.000000 rps2

=human= stepgen sg-cmd-pos=2.200000 rev sg-fb-pos=2.024555 rev sg-vel=1.890000 rps sg-acc=-10.000000 rps2

[INFO] hw.pins: Pin step.fb set to 2.02644 (was 2.024555)
Pin step.fb set to 2.02644 (was 2.024555)
[INFO] hw.stepgen: =human= stepgen sg-cmd-pos=2.200000 rev sg-fb-pos=2.026440 rev sg-vel=1.880000 rps sg-acc=-10.000000 rps2

=human= stepgen sg-cmd-pos=2.200000 rev sg-fb-pos=2.026440 rev sg-vel=1.880000 rps sg-acc=-10.000000 rps2

[INFO] hw.pins: Pin step.cmd set to 2.3000000000000007 (was 2.2000000000000006)
Pin step.cmd set to 2.3000000000000007 (was 2.2000000000000006)
[INFO] hw.pins: Pin step.fb set to 2.028325 (was 2.02644)
Pin step.fb set to 2.028325 (was 2.02644)
[INFO] hw.stepgen: =human= stepgen sg-cmd-pos=2.300000 rev sg-fb-pos=2.028325 rev sg-vel=1.890000 rps sg-acc=10.000000 rps2

=human= stepgen sg-cmd-pos=2.300000 rev sg-fb-pos=2.028325 rev sg-vel=1.890000 rps sg-acc=10.000000 rps2

[INFO] hw.stepgen: =human= stepgen event=reaim sg-cmd-pos=2.300000 rev sg-fb-pos=2.028325 rev sg-vel=1.890000 rps

=human= stepgen event=reaim sg-cmd-pos=2.300000 rev sg-fb-pos=2.028325 rev sg-vel=1.890000 rps

[INFO] hw.pins: Pin step.fb set to 2.0302200000000004 (was 2.028325)
Pin step.fb set to 2.0302200000000004 (was 2.028325)
[INFO] hw.stepgen: =human= stepgen sg-cmd-pos=2.300000 rev sg-fb-pos=2.030220 rev sg-vel=1.900000 rps sg-acc=10.000000 rps2

=human= stepgen sg-cmd-pos=2.300000 rev sg-fb-pos=2.030220 rev sg-vel=1.900000 rps sg-acc=10.000000 rps2

[INFO] hw.pins: Pin step.fb set to 2.032125 (was 2.0302200000000004)
Pin step.fb set to 2.032125 (was 2.0302200000000004)
[INFO] hw.stepgen: =human= stepgen sg-cmd-pos=2.300000 rev sg-fb-pos=2.032125 rev sg-vel=1.910000 rps sg-acc=10.000000 rps2

=human= stepgen sg-cmd-pos=2.300000 rev sg-fb-pos=2.032125 rev sg-vel=1.910000 rps sg-acc=10.000000 rps2

[INFO] hw.pins: Pin step.fb set to 2.03404 (was 2.032125)
Pin step.fb set to 2.03404 (was 2.032125)
[INFO] hw.stepgen: =human= stepgen sg-cmd-pos=2.300000 rev sg-fb-pos=2.034040 rev sg-vel=1.920000 rps sg-acc=10.000000 rps2

=human= stepgen sg-cmd-pos=2.300000 rev sg-fb-pos=2.034040 rev sg-vel=1.920000 rps sg-acc=10.000000 rps2

[INFO] hw.pins: Pin step.fb set to 2.035965 (was 2.03404)
Pin step.fb set to 2.035965 (was 2.03404)
[INFO] hw.stepgen: =human= stepgen sg-cmd-pos=2.300000 rev sg-fb-pos=2.035965 rev sg-vel=1.930000 rps sg-acc=10.000000 rps2

=human= stepgen sg-cmd-pos=2.300000 rev sg-fb-pos=2.035965 rev sg-vel=1.930000 rps sg-acc=10.000000 rps2

[INFO] hw.pins: Pin step.fb set to 2.0379 (was 2.035965)
Pin step.fb set to 2.0379 (was 2.035965)
[INFO] hw.stepgen: =human= stepgen sg-cmd-pos=2.300000 rev sg-fb-pos=2.037900 rev sg-vel=1.940000 rps sg-acc=10.000000 rps2

=human= stepgen sg-cmd-pos=2.300000 rev sg-fb-pos=2.037900 rev sg-vel=1.940000 rps sg-acc=10.000000 rps2

[INFO] hw.pins: Pin step.fb set to 2.039845 (was 2.0379)
Pin step.fb set to 2.039845 (was 2.0379)
[INFO] hw.stepgen: =human= stepgen sg-cmd-pos=2.300000 rev sg-fb-pos=2.039845 rev sg-vel=1.950000 rps sg-acc=10.000000 rps2

=human= stepgen sg-cmd-pos=2.300000 rev sg-fb-pos=2.039845 rev sg-vel=1.950000 rps sg-acc=10.000000 rps2

[INFO] hw.pins: Pin step.fb set to 2.0418000000000003 (was 2.039845)
Pin step.fb set to 2.0418000000000003 (was 2.039845)
[INFO] hw.stepgen: =human= stepgen sg-cmd-pos=2.300000 rev sg-fb-pos=2.041800 rev sg-vel=1.960000 rps sg-acc=10.000000 rps2

=human= stepgen sg-cmd-pos=2.300000 rev sg-fb-pos=2.041800 rev sg-vel=1.960000 rps sg-acc=10.000000 rps2

[INFO] hw.pins: Pin step.fb set to 2.0437650000000005 (was 2.0418000000000003)
Pin step.fb set to 2.0437650000000005 (was 2.0418000000000003)
[INFO] hw.stepgen: =human= stepgen sg-cmd-pos=2.300000 rev sg-fb-pos=2.043765 rev sg-vel=1.970000 rps sg-acc=10.000000 rps2

=human= stepgen sg-cmd-pos=2.300000 rev sg-fb-pos=2.043765 rev sg-vel=1.970000 rps sg-acc=10.000000 rps2

[INFO] hw.pins: Pin step.fb set to 2.0457400000000003 (was 2.0437650000000005)
Pin step.fb set to 2.0457400000000003 (was 2.0437650000000005)
[INFO] hw.stepgen: =human= stepgen sg-cmd-pos=2.300000 rev sg-fb-pos=2.045740 rev sg-vel=1.980000 rps sg-acc=10.000000 rps2

=human= stepgen sg-cmd-pos=2.300000 rev sg-fb-pos=2.045740 rev sg-vel=1.980000 rps sg-acc=10.000000 rps2

[INFO] hw.pins: Pin step.fb set to 2.0477250000000002 (was 2.0457400000000003)
Pin step.fb set to 2.0477250000000002 (was 2.0457400000000003)
[INFO] hw.stepgen: =human= stepgen sg-cmd-pos=2.300000 rev sg-fb-pos=2.047725 rev sg-vel=1.990000 rps sg-acc=10.000000 rps2

=human= stepgen sg-cmd-pos=2.300000 rev sg-fb-pos=2.047725 rev sg-vel=1.990000 rps sg-acc=10.000000 rps2

[INFO] hw.pins: Pin step.fb set to 2.04972 (was 2.0477250000000002)
Pin step.fb set to 2.04972 (was 2.0477250000000002)
[INFO] hw.stepgen: =human= stepgen sg-cmd-pos=2.300000 rev sg-fb-pos=2.049720 rev sg-vel=2.000000 rps sg-acc=10.000000 rps2

=human= stepgen sg-cmd-pos=2.300000 rev sg-fb-pos=2.049720 rev sg-vel=2.000000 rps sg-acc=10.000000 rps2

[INFO] hw.pins: Pin step.fb set to 2.0517250000000002 (was 2.04972)
Pin step.fb set to 2.0517250000000002 (was 2.04972)
[INFO] hw.stepgen: =human= stepgen sg-cmd-pos=2.300000 rev sg-fb-pos=2.051725 rev sg-vel=2.010000 rps sg-acc=10.000000 rps2

=human= stepgen sg-cmd-pos=2.300000 rev sg-fb-pos=2.051725 rev sg-vel=2.010000 rps sg-acc=10.000000 rps2

[INFO] hw.pins: Pin step.fb set to 2.0537400000000003 (was 2.0517250000000002)
Pin step.fb set to 2.0537400000000003 (was 2.0517250000000002)
[INFO] hw.stepgen: =human= stepgen sg-cmd-pos=2.300000 rev sg-fb-pos=2.053740 rev sg-vel=2.020000 rps sg-acc=10.000000 rps2

=human= stepgen sg-cmd-pos=2.300000 rev sg-fb-pos=2.053740 rev sg-vel=2.020000 rps sg-acc=10.000000 rps2

[INFO] hw.pins: Pin step.fb set to 2.0557650000000005 (was 2.0537400000000003)
Pin step.fb set to 2.0557650000000005 (was 2.0537400000000003)
[INFO] hw.stepgen: =human= stepgen sg-cmd-pos=2.300000 rev sg-fb-pos=2.055765 rev sg-vel=2.030000 rps sg-acc=10.000000 rps2

=human= stepgen sg-cmd-pos=2.300000 rev sg-fb-pos=2.055765 rev sg-vel=2.030000 rps sg-acc=10.000000 rps2

[INFO] hw.pins: Pin step.fb set to 2.0578000000000003 (was 2.0557650000000005)
Pin step.fb set to 2.0578000000000003 (was 2.0557650000000005)
[INFO] hw.stepgen: =human= stepgen sg-cmd-pos=2.300000 rev sg-fb-pos=2.057800 rev sg-vel=2.040000 rps sg-acc=10.000000 rps2

=human= stepgen sg-cmd-pos=2.300000 rev sg-fb-pos=2.057800 rev sg-vel=2.040000 rps sg-acc=10.000000 rps2

[INFO] hw.pins: Pin step.fb set to 2.059845 (was 2.0578000000000003)
Pin step.fb set to 2.059845 (was 2.0578000000000003)
[INFO] hw.stepgen: =human= stepgen sg-cmd-pos=2.300000 rev sg-fb-pos=2.059845 rev sg-vel=2.050000 rps sg-acc=10.000000 rps2

=human= stepgen sg-cmd-pos=2.300000 rev sg-fb-pos=2.059845 rev sg-vel=2.050000 rps sg-acc=10.000000 rps2

[INFO] hw.pins: Pin step.fb set to 2.0619 (was 2.059845)
Pin step.fb set to 2.0619 (was 2.059845)
[INFO] hw.stepgen: =human= stepgen sg-cmd-pos=2.300000 rev sg-fb-pos=2.061900 rev sg-vel=2.060000 rps sg-acc=10.000000 rps2

=human= stepgen sg-cmd-pos=2.300000 rev sg-fb-pos=2.061900 rev sg-vel=2.060000 rps sg-acc=10.000000 rps2

[INFO] hw.pins: Pin step.fb set to 2.063965 (was 2.0619)
Pin step.fb set to 2.063965 (was 2.0619)
[INFO] hw.stepgen: =human= stepgen sg-cmd-pos=2.300000 rev sg-fb-pos=2.063965 rev sg-vel=2.070000 rps sg-acc=10.000000 rps2

=human= stepgen sg-cmd-pos=2.300000 rev sg-fb-pos=2.063965 rev sg-vel=2.070000 rps sg-acc=10.000000 rps2

[INFO] hw.pins: Pin step.fb set to 2.06604 (was 2.063965)
Pin step.fb set to 2.06604 (was 2.063965)
[INFO] hw.stepgen: =human= stepgen sg-cmd-pos=2.300000 rev sg-fb-pos=2.066040 rev sg-vel=2.080000 rps sg-acc=10.000000 rps2

=human= stepgen sg-cmd-pos=2.300000 rev sg-fb-pos=2.066040 rev sg-vel=2.080000 rps sg-acc=10.000000 rps2

[INFO] hw.pins: Pin step.fb set to 2.068125 (was 2.06604)
Pin step.fb set to 2.068125 (was 2.06604)
[INFO] hw.stepgen: =human= stepgen sg-cmd-pos=2.300000 rev sg-fb-pos=2.068125 rev sg-vel=2.090000 rps sg-acc=10.000000 rps2

=human= stepgen sg-cmd-pos=2.300000 rev sg-fb-pos=2.068125 rev sg-vel=2.090000 rps sg-acc=10.000000 rps2

[INFO] hw.pins: Pin step.fb set to 2.0702200000000004 (was 2.068125)
Pin step.fb set to 2.0702200000000004 (was 2.068125)
[INFO] hw.stepgen: =human= stepgen sg-cmd-pos=2.300000 rev sg-fb-pos=2.070220 rev sg-vel=2.100000 rps sg-acc=10.000000 rps2

=human= stepgen sg-cmd-pos=2.300000 rev sg-fb-pos=2.070220 rev sg-vel=2.100000 rps sg-acc=10.000000 rps2

[INFO] hw.pins: Pin step.fb set to 2.072325 (was 2.0702200000000004)
Pin step.fb set to 2.072325 (was 2.0702200000000004)
[INFO] hw.stepgen: =human= stepgen sg-cmd-pos=2.300000 rev sg-fb-pos=2.072325 rev sg-vel=2.110000 rps sg-acc=10.000000 rps2

=human= stepgen sg-cmd-pos=2.300000 rev sg-fb-pos=2.072325 rev sg-vel=2.110000 rps sg-acc=10.000000 rps2

[INFO] hw.pins: Pin step.fb set to 2.07444 (was 2.072325)
Pin step.fb set to 2.07444 (was 2.072325)
[INFO] hw.stepgen: =human= stepgen sg-cmd-pos=2.300000 rev sg-fb-pos=2.074440 rev sg-vel=2.120000 rps sg-acc=10.000000 rps2

=human= stepgen sg-cmd-pos=2.300000 rev sg-fb-pos=2.074440 rev sg-vel=2.120000 rps sg-acc=10.000000 rps2

[INFO] hw.pins: Pin step.fb set to 2.076565 (was 2.07444)
Pin step.fb set to 2.076565 (was 2.07444)
[INFO] hw.stepgen: =human= stepgen sg-cmd-pos=2.300000 rev sg-fb-pos=2.076565 rev sg-vel=2.130000 rps sg-acc=10.000000 rps2

=human= stepgen sg-cmd-pos=2.300000 rev sg-fb-pos=2.076565 rev sg-vel=2.130000 rps sg-acc=10.000000 rps2

[INFO] hw.pins: Pin step.fb set to 2.07869 (was 2.076565)
Pin step.fb set to 2.07869 (was 2.076565)
[INFO] hw.stepgen: =human= stepgen sg-cmd-pos=2.300000 rev sg-fb-pos=2.078690 rev sg-vel=2.120000 rps sg-acc=-10.000000 rps2

=human= stepgen sg-cmd-pos=2.300000 rev sg-fb-pos=2.078690 rev sg-vel=2.120000 rps sg-acc=-10.000000 rps2

[INFO] hw.pins: Pin step.fb set to 2.080805 (was 2.07869)
Pin step.fb set to 2.080805 (was 2.07869)
[INFO] hw.stepgen: =human= stepgen sg-cmd-pos=2.300000 rev sg-fb-pos=2.080805 rev sg-vel=2.110000 rps sg-acc=-10.000000 rps2

=human= stepgen sg-cmd-pos=2.300000 rev sg-fb-pos=2.080805 rev sg-vel=2.110000 rps sg-acc=-10.000000 rps2

[INFO] hw.pins: Pin step.fb set to 2.0829099999999996 (was 2.080805)
Pin step.fb set to 2.0829099999999996 (was 2.080805)
[INFO] hw.stepgen: =human= stepgen sg-cmd-pos=2.300000 rev sg-fb-pos=2.082910 rev sg-vel=2.100000 rps sg-acc=-10.000000 rps2

=human= stepgen sg-cmd-pos=2.300000 rev sg-fb-pos=2.082910 rev sg-vel=2.100000 rps sg-acc=-10.000000 rps2

[INFO] hw.pins: Pin step.fb set to 2.0850049999999998 (was 2.0829099999999996)
Pin step.fb set to 2.0850049999999998 (was 2.0829099999999996)
[INFO] hw.stepgen: =human= stepgen sg-cmd-pos=2.300000 rev sg-fb-pos=2.085005 rev sg-vel=2.090000 rps sg-acc=-10.000000 rps2

=human= stepgen sg-cmd-pos=2.300000 rev sg-fb-pos=2.085005 rev sg-vel=2.090000 rps sg-acc=-10.000000 rps2

[INFO] hw.pins: Pin step.fb set to 2.08709 (was 2.0850049999999998)
Pin step.fb set to 2.08709 (was 2.0850049999999998)
[INFO] hw.stepgen: =human= stepgen sg-cmd-pos=2.300000 rev sg-fb-pos=2.087090 rev sg-vel=2.080000 rps sg-acc=-10.000000 rps2

=human= stepgen sg-cmd-pos=2.300000 rev sg-fb-pos=2.087090 rev sg-vel=2.080000 rps sg-acc=-10.000000 rps2

[INFO] hw.pins: Pin step.fb set to 2.089165 (was 2.08709)
Pin step.fb set to 2.089165 (was 2.08709)
[INFO] hw.stepgen: =human= stepgen sg-cmd-pos=2.300000 rev sg-fb-pos=2.089165 rev sg-vel=2.070000 rps sg-acc=-10.000000 rps2

=human= stepgen sg-cmd-pos=2.300000 rev sg-fb-pos=2.089165 rev sg-vel=2.070000 rps sg-acc=-10.000000 rps2

[INFO] hw.pins: Pin step.fb set to 2.09123 (was 2.089165)
Pin step.fb set to 2.09123 (was 2.089165)
[INFO] hw.stepgen: =human= stepgen sg-cmd-pos=2.300000 rev sg-fb-pos=2.091230 rev sg-vel=2.060000 rps sg-acc=-10.000000 rps2

=human= stepgen sg-cmd-pos=2.300000 rev sg-fb-pos=2.091230 rev sg-vel=2.060000 rps sg-acc=-10.000000 rps2

[INFO] hw.pins: Pin step.fb set to 2.093285 (was 2.09123)
Pin step.fb set to 2.093285 (was 2.09123)
[INFO] hw.stepgen: =human= stepgen sg-cmd-pos=2.300000 rev sg-fb-pos=2.093285 rev sg-vel=2.050000 rps sg-acc=-10.000000 rps2

=human= stepgen sg-cmd-pos=2.300000 rev sg-fb-pos=2.093285 rev sg-vel=2.050000 rps sg-acc=-10.000000 rps2

[INFO] hw.pins: Pin step.fb set to 2.0953299999999997 (was 2.093285)
Pin step.fb set to 2.0953299999999997 (was 2.093285)
[INFO] hw.stepgen: =human= stepgen sg-cmd-pos=2.300000 rev sg-fb-pos=2.095330 rev sg-vel=2.040000 rps sg-acc=-10.000000 rps2

=human= stepgen sg-cmd-pos=2.300000 rev sg-fb-pos=2.095330 rev sg-vel=2.040000 rps sg-acc=-10.000000 rps2

[INFO] hw.pins: Pin step.fb set to 2.0973649999999995 (was 2.0953299999999997)
Pin step.fb set to 2.0973649999999995 (was 2.0953299999999997)
[INFO] hw.stepgen: =human= stepgen sg-cmd-pos=2.300000 rev sg-fb-pos=2.097365 rev sg-vel=2.030000 rps sg-acc=-10.000000 rps2

=human= stepgen sg-cmd-pos=2.300000 rev sg-fb-pos=2.097365 rev sg-vel=2.030000 rps sg-acc=-10.000000 rps2

[INFO] hw.pins: Pin step.fb set to 2.0993899999999996 (was 2.0973649999999995)
Pin step.fb set to 2.0993899999999996 (was 2.0973649999999995)
[INFO] hw.stepgen: =human= stepgen sg-cmd-pos=2.300000 rev sg-fb-pos=2.099390 rev sg-vel=2.020000 rps sg-acc=-10.000000 rps2

=human= stepgen sg-cmd-pos=2.300000 rev sg-fb-pos=2.099390 rev sg-vel=2.020000 rps sg-acc=-10.000000 rps2

[INFO] hw.pins: Pin step.fb set to 2.1014049999999997 (was 2.0993899999999996)
Pin step.fb set to 2.1014049999999997 (was 2.0993899999999996)
[INFO] hw.stepgen: =human= stepgen sg-cmd-pos=2.300000 rev sg-fb-pos=2.101405 rev sg-vel=2.010000 rps sg-acc=-10.000000 rps2

=human= stepgen sg-cmd-pos=2.300000 rev sg-fb-pos=2.101405 rev sg-vel=2.010000 rps sg-acc=-10.000000 rps2

[INFO] hw.pins: Pin step.fb set to 2.10341 (was 2.1014049999999997)
Pin step.fb set to 2.10341 (was 2.1014049999999997)
[INFO] hw.stepgen: =human= stepgen sg-cmd-pos=2.300000 rev sg-fb-pos=2.103410 rev sg-vel=2.000000 rps sg-acc=-10.000000 rps2

=human= stepgen sg-cmd-pos=2.300000 rev sg-fb-pos=2.103410 rev sg-vel=2.000000 rps sg-acc=-10.000000 rps2

[INFO] hw.pins: Pin step.fb set to 2.1054049999999997 (was 2.10341)
Pin step.fb set to 2.1054049999999997 (was 2.10341)
[INFO] hw.stepgen: =human= stepgen sg-cmd-pos=2.300000 rev sg-fb-pos=2.105405 rev sg-vel=1.990000 rps sg-acc=-10.000000 rps2

=human= stepgen sg-cmd-pos=2.300000 rev sg-fb-pos=2.105405 rev sg-vel=1.990000 rps sg-acc=-10.000000 rps2

[INFO] hw.pins: Pin step.fb set to 2.1073899999999997 (was 2.1054049999999997)
Pin step.fb set to 2.1073899999999997 (was 2.1054049999999997)
[INFO] hw.stepgen: =human= stepgen sg-cmd-pos=2.300000 rev sg-fb-pos=2.107390 rev sg-vel=1.980000 rps sg-acc=-10.000000 rps2

=human= stepgen sg-cmd-pos=2.300000 rev sg-fb-pos=2.107390 rev sg-vel=1.980000 rps sg-acc=-10.000000 rps2

[INFO] hw.pins: Pin step.fb set to 2.1093649999999995 (was 2.1073899999999997)
Pin step.fb set to 2.1093649999999995 (was 2.1073899999999997)
[INFO] hw.stepgen: =human= stepgen sg-cmd-pos=2.300000 rev sg-fb-pos=2.109365 rev sg-vel=1.970000 rps sg-acc=-10.000000 rps2

=human= stepgen sg-cmd-pos=2.300000 rev sg-fb-pos=2.109365 rev sg-vel=1.970000 rps sg-acc=-10.000000 rps2

[INFO] hw.pins: Pin step.fb set to 2.1113299999999997 (was 2.1093649999999995)
Pin step.fb set to 2.1113299999999997 (was 2.1093649999999995)
[INFO] hw.stepgen: =human= stepgen sg-cmd-pos=2.300000 rev sg-fb-pos=2.111330 rev sg-vel=1.960000 rps sg-acc=-10.000000 rps2

=human= stepgen sg-cmd-pos=2.300000 rev sg-fb-pos=2.111330 rev sg-vel=1.960000 rps sg-acc=-10.000000 rps2

[INFO] hw.pins: Pin step.fb set to 2.113285 (was 2.1113299999999997)
Pin step.fb set to 2.113285 (was 2.1113299999999997)
[INFO] hw.stepgen: =human= stepgen sg-cmd-pos=2.300000 rev sg-fb-pos=2.113285 rev sg-vel=1.950000 rps sg-acc=-10.000000 rps2

=human= stepgen sg-cmd-pos=2.300000 rev sg-fb-pos=2.113285 rev sg-vel=1.950000 rps sg-acc=-10.000000 rps2

[INFO] hw.pins: Pin step.fb set to 2.11523 (was 2.113285)
Pin step.fb set to 2.11523 (was 2.113285)
[INFO] hw.stepgen: =human= stepgen sg-cmd-pos=2.300000 rev sg-fb-pos=2.115230 rev sg-vel=1.940000 rps sg-acc=-10.000000 rps2

=human= stepgen sg-cmd-pos=2.300000 rev sg-fb-pos=2.115230 rev sg-vel=1.940000 rps sg-acc=-10.000000 rps2

[INFO] hw.pins: Pin step.fb set to 2.117165 (was 2.11523)
Pin step.fb set to 2.117165 (was 2.11523)
[INFO] hw.stepgen: =human= stepgen sg-cmd-pos=2.300000 rev sg-fb-pos=2.117165 rev sg-vel=1.930000 rps sg-acc=-10.000000 rps2

=human= stepgen sg-cmd-pos=2.300000 rev sg-fb-pos=2.117165 rev sg-vel=1.930000 rps sg-acc=-10.000000 rps2

[INFO] hw.pins: Pin step.fb set to 2.11909 (was 2.117165)
Pin step.fb set to 2.11909 (was 2.117165)
[INFO] hw.stepgen: =human= stepgen sg-cmd-pos=2.300000 rev sg-fb-pos=2.119090 rev sg-vel=1.920000 rps sg-acc=-10.000000 rps2

=human= stepgen sg-cmd-pos=2.300000 rev sg-fb-pos=2.119090 rev sg-vel=1.920000 rps sg-acc=-10.000000 rps2

[INFO] hw.pins: Pin step.fb set to 2.121005 (was 2.11909)
Pin step.fb set to 2.121005 (was 2.11909)
[INFO] hw.stepgen: =human= stepgen sg-cmd-pos=2.300000 rev sg-fb-pos=2.121005 rev sg-vel=1.910000 rps sg-acc=-10.000000 rps2

=human= stepgen sg-cmd-pos=2.300000 rev sg-fb-pos=2.121005 rev sg-vel=1.910000 rps sg-acc=-10.000000 rps2

[INFO] hw.pins: Pin step.fb set to 2.1229099999999996 (was 2.121005)
Pin step.fb set to 2.1229099999999996 (was 2.121005)
[INFO] hw.stepgen: =human= stepgen sg-cmd-pos=2.300000 rev sg-fb-pos=2.122910 rev sg-vel=1.900000 rps sg-acc=-10.000000 rps2

=human= stepgen sg-cmd-pos=2.300000 rev sg-fb-pos=2.122910 rev sg-vel=1.900000 rps sg-acc=-10.000000 rps2

[INFO] hw.pins: Pin step.fb set to 2.124805 (was 2.1229099999999996)
Pin step.fb set to 2.124805 (was 2.1229099999999996)
[INFO] hw.stepgen: =human= stepgen sg-cmd-pos=2.300000 rev sg-fb-pos=2.124805 rev sg-vel=1.890000 rps sg-acc=-10.000000 rps2

=human= stepgen sg-cmd-pos=2.300000 rev sg-fb-pos=2.124805 rev sg-vel=1.890000 rps sg-acc=-10.000000 rps2

[INFO] hw.pins: Pin step.fb set to 2.12669 (was 2.124805)
Pin step.fb set to 2.12669 (was 2.124805)
[INFO] hw.stepgen: =human= stepgen sg-cmd-pos=2.300000 rev sg-fb-pos=2.126690 rev sg-vel=1.880000 rps sg-acc=-10.000000 rps2

=human= stepgen sg-cmd-pos=2.300000 rev sg-fb-pos=2.126690 rev sg-vel=1.880000 rps sg-acc=-10.000000 rps2

[INFO] hw.pins: Pin step.cmd set to 2.400000000000001 (was 2.3000000000000007)
Pin step.cmd set to 2.400000000000001 (was 2.3000000000000007)
[INFO] hw.pins: Pin step.fb set to 2.128575 (was 2.12669)
Pin step.fb set to 2.128575 (was 2.12669)
[INFO] hw.stepgen: =human= stepgen sg-cmd-pos=2.400000 rev sg-fb-pos=2.128575 rev sg-vel=1.890000 rps sg-acc=10.000000 rps2

=human= stepgen sg-cmd-pos=2.400000 rev sg-fb-pos=2.128575 rev sg-vel=1.890000 rps sg-acc=10.000000 rps2

[INFO] hw.stepgen: =human= stepgen event=reaim sg-cmd-pos=2.400000 rev sg-fb-pos=2.128575 rev sg-vel=1.890000 rps

=human= stepgen event=reaim sg-cmd-pos=2.400000 rev sg-fb-pos=2.128575 rev sg-vel=1.890000 rps

[INFO] hw.pins: Pin step.fb set to 2.1304700000000003 (was 2.128575)
Pin step.fb set to 2.1304700000000003 (was 2.128575)
[INFO] hw.stepgen: =human= stepgen sg-cmd-pos=2.400000 rev sg-fb-pos=2.130470 rev sg-vel=1.900000 rps sg-acc=10.000000 rps2

=human= stepgen sg-cmd-pos=2.400000 rev sg-fb-pos=2.130470 rev sg-vel=1.900000 rps sg-acc=10.000000 rps2

[INFO] hw.pins: Pin step.fb set to 2.132375 (was 2.1304700000000003)
Pin step.fb set to 2.132375 (was 2.1304700000000003)
[INFO] hw.stepgen: =human= stepgen sg-cmd-pos=2.400000 rev sg-fb-pos=2.132375 rev sg-vel=1.910000 rps sg-acc=10.000000 rps2

=human= stepgen sg-cmd-pos=2.400000 rev sg-fb-pos=2.132375 rev sg-vel=1.910000 rps sg-acc=10.000000 rps2

[INFO] hw.pins: Pin step.fb set to 2.13429 (was 2.132375)
Pin step.fb set to 2.13429 (was 2.132375)
[INFO] hw.stepgen: =human= stepgen sg-cmd-pos=2.400000 rev sg-fb-pos=2.134290 rev sg-vel=1.920000 rps sg-acc=10.000000 rps2

=human= stepgen sg-cmd-pos=2.400000 rev sg-fb-pos=2.134290 rev sg-vel=1.920000 rps sg-acc=10.000000 rps2

[INFO] hw.pins: Pin step.fb set to 2.136215 (was 2.13429)
Pin step.fb set to 2.136215 (was 2.13429)
[INFO] hw.stepgen: =human= stepgen sg-cmd-pos=2.400000 rev sg-fb-pos=2.136215 rev sg-vel=1.930000 rps sg-acc=10.000000 rps2

=human= stepgen sg-cmd-pos=2.400000 rev sg-fb-pos=2.136215 rev sg-vel=1.930000 rps sg-acc=10.000000 rps2

[INFO] hw.pins: Pin step.fb set to 2.13815 (was 2.136215)
Pin step.fb set to 2.13815 (was 2.136215)
[INFO] hw.stepgen: =human= stepgen sg-cmd-pos=2.400000 rev sg-fb-pos=2.138150 rev sg-vel=1.940000 rps sg-acc=10.000000 rps2

=human= stepgen sg-cmd-pos=2.400000 rev sg-fb-pos=2.138150 rev sg-vel=1.940000 rps sg-acc=10.000000 rps2

[INFO] hw.pins: Pin step.fb set to 2.140095 (was 2.13815)
Pin step.fb set to 2.140095 (was 2.13815)
[INFO] hw.stepgen: =human= stepgen sg-cmd-pos=2.400000 rev sg-fb-pos=2.140095 rev sg-vel=1.950000 rps sg-acc=10.000000 rps2

=human= stepgen sg-cmd-pos=2.400000 rev sg-fb-pos=2.140095 rev sg-vel=1.950000 rps sg-acc=10.000000 rps2

[INFO] hw.pins: Pin step.fb set to 2.1420500000000002 (was 2.140095)
Pin step.fb set to 2.1420500000000002 (was 2.140095)
[INFO] hw.stepgen: =human= stepgen sg-cmd-pos=2.400000 rev sg-fb-pos=2.142050 rev sg-vel=1.960000 rps sg-acc=10.000000 rps2

=human= stepgen sg-cmd-pos=2.400000 rev sg-fb-pos=2.142050 rev sg-vel=1.960000 rps sg-acc=10.000000 rps2

[INFO] hw.pins: Pin step.fb set to 2.1440150000000004 (was 2.1420500000000002)
Pin step.fb set to 2.1440150000000004 (was 2.1420500000000002)
[INFO] hw.stepgen: =human= stepgen sg-cmd-pos=2.400000 rev sg-fb-pos=2.144015 rev sg-vel=1.970000 rps sg-acc=10.000000 rps2

=human= stepgen sg-cmd-pos=2.400000 rev sg-fb-pos=2.144015 rev sg-vel=1.970000 rps sg-acc=10.000000 rps2

[INFO] hw.pins: Pin step.fb set to 2.1459900000000003 (was 2.1440150000000004)
Pin step.fb set to 2.1459900000000003 (was 2.1440150000000004)
[INFO] hw.stepgen: =human= stepgen sg-cmd-pos=2.400000 rev sg-fb-pos=2.145990 rev sg-vel=1.980000 rps sg-acc=10.000000 rps2

=human= stepgen sg-cmd-pos=2.400000 rev sg-fb-pos=2.145990 rev sg-vel=1.980000 rps sg-acc=10.000000 rps2

[INFO] hw.pins: Pin step.fb set to 2.147975 (was 2.1459900000000003)
Pin step.fb set to 2.147975 (was 2.1459900000000003)
[INFO] hw.stepgen: =human= stepgen sg-cmd-pos=2.400000 rev sg-fb-pos=2.147975 rev sg-vel=1.990000 rps sg-acc=10.000000 rps2

=human= stepgen sg-cmd-pos=2.400000 rev sg-fb-pos=2.147975 rev sg-vel=1.990000 rps sg-acc=10.000000 rps2

[INFO] hw.pins: Pin step.fb set to 2.14997 (was 2.147975)
Pin step.fb set to 2.14997 (was 2.147975)
[INFO] hw.stepgen: =human= stepgen sg-cmd-pos=2.400000 rev sg-fb-pos=2.149970 rev sg-vel=2.000000 rps sg-acc=10.000000 rps2

=human= stepgen sg-cmd-pos=2.400000 rev sg-fb-pos=2.149970 rev sg-vel=2.000000 rps sg-acc=10.000000 rps2

[INFO] hw.pins: Pin step.fb set to 2.151975 (was 2.14997)
Pin step.fb set to 2.151975 (was 2.14997)
[INFO] hw.stepgen: =human= stepgen sg-cmd-pos=2.400000 rev sg-fb-pos=2.151975 rev sg-vel=2.010000 rps sg-acc=10.000000 rps2

=human= stepgen sg-cmd-pos=2.400000 rev sg-fb-pos=2.151975 rev sg-vel=2.010000 rps sg-acc=10.000000 rps2

[INFO] hw.pins: Pin step.fb set to 2.1539900000000003 (was 2.151975)
Pin step.fb set to 2.1539900000000003 (was 2.151975)
[INFO] hw.stepgen: =human= stepgen sg-cmd-pos=2.400000 rev sg-fb-pos=2.153990 rev sg-vel=2.020000 rps sg-acc=10.000000 rps2

=human= stepgen sg-cmd-pos=2.400000 rev sg-fb-pos=2.153990 rev sg-vel=2.020000 rps sg-acc=10.000000 rps2

[INFO] hw.pins: Pin step.fb set to 2.1560150000000005 (was 2.1539900000000003)
Pin step.fb set to 2.1560150000000005 (was 2.1539900000000003)
[INFO] hw.stepgen: =human= stepgen sg-cmd-pos=2.400000 rev sg-fb-pos=2.156015 rev sg-vel=2.030000 rps sg-acc=10.000000 rps2

=human= stepgen sg-cmd-pos=2.400000 rev sg-fb-pos=2.156015 rev sg-vel=2.030000 rps sg-acc=10.000000 rps2

[INFO] hw.pins: Pin step.fb set to 2.1580500000000002 (was 2.1560150000000005)
Pin step.fb set to 2.1580500000000002 (was 2.1560150000000005)
[INFO] hw.stepgen: =human= stepgen sg-cmd-pos=2.400000 rev sg-fb-pos=2.158050 rev sg-vel=2.040000 rps sg-acc=10.000000 rps2

=human= stepgen sg-cmd-pos=2.400000 rev sg-fb-pos=2.158050 rev sg-vel=2.040000 rps sg-acc=10.000000 rps2

[INFO] hw.pins: Pin step.fb set to 2.160095 (was 2.1580500000000002)
Pin step.fb set to 2.160095 (was 2.1580500000000002)
[INFO] hw.stepgen: =human= stepgen sg-cmd-pos=2.400000 rev sg-fb-pos=2.160095 rev sg-vel=2.050000 rps sg-acc=10.000000 rps2

=human= stepgen sg-cmd-pos=2.400000 rev sg-fb-pos=2.160095 rev sg-vel=2.050000 rps sg-acc=10.000000 rps2

[INFO] hw.pins: Pin step.fb set to 2.16215 (was 2.160095)
Pin step.fb set to 2.16215 (was 2.160095)
[INFO] hw.stepgen: =human= stepgen sg-cmd-pos=2.400000 rev sg-fb-pos=2.162150 rev sg-vel=2.060000 rps sg-acc=10.000000 rps2

=human= stepgen sg-cmd-pos=2.400000 rev sg-fb-pos=2.162150 rev sg-vel=2.060000 rps sg-acc=10.000000 rps2

[INFO] hw.pins: Pin step.fb set to 2.164215 (was 2.16215)
Pin step.fb set to 2.164215 (was 2.16215)
[INFO] hw.stepgen: =human= stepgen sg-cmd-pos=2.400000 rev sg-fb-pos=2.164215 rev sg-vel=2.070000 rps sg-acc=10.000000 rps2

=human= stepgen sg-cmd-pos=2.400000 rev sg-fb-pos=2.164215 rev sg-vel=2.070000 rps sg-acc=10.000000 rps2

[INFO] hw.pins: Pin step.fb set to 2.16629 (was 2.164215)
Pin step.fb set to 2.16629 (was 2.164215)
[INFO] hw.stepgen: =human= stepgen sg-cmd-pos=2.400000 rev sg-fb-pos=2.166290 rev sg-vel=2.080000 rps sg-acc=10.000000 rps2

=human= stepgen sg-cmd-pos=2.400000 rev sg-fb-pos=2.166290 rev sg-vel=2.080000 rps sg-acc=10.000000 rps2

[INFO] hw.pins: Pin step.fb set to 2.168375 (was 2.16629)
Pin step.fb set to 2.168375 (was 2.16629)
[INFO] hw.stepgen: =human= stepgen sg-cmd-pos=2.400000 rev sg-fb-pos=2.168375 rev sg-vel=2.090000 rps sg-acc=10.000000 rps2

=human= stepgen sg-cmd-pos=2.400000 rev sg-fb-pos=2.168375 rev sg-vel=2.090000 rps sg-acc=10.000000 rps2

[INFO] hw.pins: Pin step.fb set to 2.1704700000000003 (was 2.168375)
Pin step.fb set to 2.1704700000000003 (was 2.168375)
[INFO] hw.stepgen: =human= stepgen sg-cmd-pos=2.400000 rev sg-fb-pos=2.170470 rev sg-vel=2.100000 rps sg-acc=10.000000 rps2

=human= stepgen sg-cmd-pos=2.400000 rev sg-fb-pos=2.170470 rev sg-vel=2.100000 rps sg-acc=10.000000 rps2

[INFO] hw.pins: Pin step.fb set to 2.172575 (was 2.1704700000000003)
Pin step.fb set to 2.172575 (was 2.1704700000000003)
[INFO] hw.stepgen: =human= stepgen sg-cmd-pos=2.400000 rev sg-fb-pos=2.172575 rev sg-vel=2.110000 rps sg-acc=10.000000 rps2

=human= stepgen sg-cmd-pos=2.400000 rev sg-fb-pos=2.172575 rev sg-vel=2.110000 rps sg-acc=10.000000 rps2

[INFO] hw.pins: Pin step.fb set to 2.17469 (was 2.172575)
Pin step.fb set to 2.17469 (was 2.172575)
[INFO] hw.stepgen: =human= stepgen sg-cmd-pos=2.400000 rev sg-fb-pos=2.174690 rev sg-vel=2.120000 rps sg-acc=10.000000 rps2

=human= stepgen sg-cmd-pos=2.400000 rev sg-fb-pos=2.174690 rev sg-vel=2.120000 rps sg-acc=10.000000 rps2

[INFO] hw.pins: Pin step.fb set to 2.176815 (was 2.17469)
Pin step.fb set to 2.176815 (was 2.17469)
[INFO] hw.stepgen: =human= stepgen sg-cmd-pos=2.400000 rev sg-fb-pos=2.176815 rev sg-vel=2.130000 rps sg-acc=10.000000 rps2

=human= stepgen sg-cmd-pos=2.400000 rev sg-fb-pos=2.176815 rev sg-vel=2.130000 rps sg-acc=10.000000 rps2

[INFO] hw.pins: Pin step.fb set to 2.17894 (was 2.176815)
Pin step.fb set to 2.17894 (was 2.176815)
[INFO] hw.stepgen: =human= stepgen sg-cmd-pos=2.400000 rev sg-fb-pos=2.178940 rev sg-vel=2.120000 rps sg-acc=-10.000000 rps2

=human= stepgen sg-cmd-pos=2.400000 rev sg-fb-pos=2.178940 rev sg-vel=2.120000 rps sg-acc=-10.000000 rps2

[INFO] hw.pins: Pin step.fb set to 2.1810549999999997 (was 2.17894)
Pin step.fb set to 2.1810549999999997 (was 2.17894)
[INFO] hw.stepgen: =human= stepgen sg-cmd-pos=2.400000 rev sg-fb-pos=2.181055 rev sg-vel=2.110000 rps sg-acc=-10.000000 rps2

=human= stepgen sg-cmd-pos=2.400000 rev sg-fb-pos=2.181055 rev sg-vel=2.110000 rps sg-acc=-10.000000 rps2

[INFO] hw.pins: Pin step.fb set to 2.1831599999999995 (was 2.1810549999999997)
Pin step.fb set to 2.1831599999999995 (was 2.1810549999999997)
[INFO] hw.stepgen: =human= stepgen sg-cmd-pos=2.400000 rev sg-fb-pos=2.183160 rev sg-vel=2.100000 rps sg-acc=-10.000000 rps2

=human= stepgen sg-cmd-pos=2.400000 rev sg-fb-pos=2.183160 rev sg-vel=2.100000 rps sg-acc=-10.000000 rps2

[INFO] hw.pins: Pin step.fb set to 2.1852549999999997 (was 2.1831599999999995)
Pin step.fb set to 2.1852549999999997 (was 2.1831599999999995)
[INFO] hw.stepgen: =human= stepgen sg-cmd-pos=2.400000 rev sg-fb-pos=2.185255 rev sg-vel=2.090000 rps sg-acc=-10.000000 rps2

=human= stepgen sg-cmd-pos=2.400000 rev sg-fb-pos=2.185255 rev sg-vel=2.090000 rps sg-acc=-10.000000 rps2

[INFO] hw.pins: Pin step.fb set to 2.18734 (was 2.1852549999999997)
Pin step.fb set to 2.18734 (was 2.1852549999999997)
[INFO] hw.stepgen: =human= stepgen sg-cmd-pos=2.400000 rev sg-fb-pos=2.187340 rev sg-vel=2.080000 rps sg-acc=-10.000000 rps2

=human= stepgen sg-cmd-pos=2.400000 rev sg-fb-pos=2.187340 rev sg-vel=2.080000 rps sg-acc=-10.000000 rps2

[INFO] hw.pins: Pin step.fb set to 2.189415 (was 2.18734)
Pin step.fb set to 2.189415 (was 2.18734)
[INFO] hw.stepgen: =human= stepgen sg-cmd-pos=2.400000 rev sg-fb-pos=2.189415 rev sg-vel=2.070000 rps sg-acc=-10.000000 rps2

=human= stepgen sg-cmd-pos=2.400000 rev sg-fb-pos=2.189415 rev sg-vel=2.070000 rps sg-acc=-10.000000 rps2

[INFO] hw.pins: Pin step.fb set to 2.19148 (was 2.189415)
Pin step.fb set to 2.19148 (was 2.189415)
[INFO] hw.stepgen: =human= stepgen sg-cmd-pos=2.400000 rev sg-fb-pos=2.191480 rev sg-vel=2.060000 rps sg-acc=-10.000000 rps2

=human= stepgen sg-cmd-pos=2.400000 rev sg-fb-pos=2.191480 rev sg-vel=2.060000 rps sg-acc=-10.000000 rps2

[INFO] hw.pins: Pin step.fb set to 2.193535 (was 2.19148)
Pin step.fb set to 2.193535 (was 2.19148)
[INFO] hw.stepgen: =human= stepgen sg-cmd-pos=2.400000 rev sg-fb-pos=2.193535 rev sg-vel=2.050000 rps sg-acc=-10.000000 rps2

=human= stepgen sg-cmd-pos=2.400000 rev sg-fb-pos=2.193535 rev sg-vel=2.050000 rps sg-acc=-10.000000 rps2

[INFO] hw.pins: Pin step.fb set to 2.1955799999999996 (was 2.193535)
Pin step.fb set to 2.1955799999999996 (was 2.193535)
[INFO] hw.stepgen: =human= stepgen sg-cmd-pos=2.400000 rev sg-fb-pos=2.195580 rev sg-vel=2.040000 rps sg-acc=-10.000000 rps2

=human= stepgen sg-cmd-pos=2.400000 rev sg-fb-pos=2.195580 rev sg-vel=2.040000 rps sg-acc=-10.000000 rps2

[INFO] hw.pins: Pin step.fb set to 2.1976149999999994 (was 2.1955799999999996)
Pin step.fb set to 2.1976149999999994 (was 2.1955799999999996)
[INFO] hw.stepgen: =human= stepgen sg-cmd-pos=2.400000 rev sg-fb-pos=2.197615 rev sg-vel=2.030000 rps sg-acc=-10.000000 rps2

=human= stepgen sg-cmd-pos=2.400000 rev sg-fb-pos=2.197615 rev sg-vel=2.030000 rps sg-acc=-10.000000 rps2

[INFO] hw.pins: Pin step.fb set to 2.1996399999999996 (was 2.1976149999999994)
Pin step.fb set to 2.1996399999999996 (was 2.1976149999999994)
[INFO] hw.stepgen: =human= stepgen sg-cmd-pos=2.400000 rev sg-fb-pos=2.199640 rev sg-vel=2.020000 rps sg-acc=-10.000000 rps2

=human= stepgen sg-cmd-pos=2.400000 rev sg-fb-pos=2.199640 rev sg-vel=2.020000 rps sg-acc=-10.000000 rps2

[INFO] hw.pins: Pin step.fb set to 2.2016549999999997 (was 2.1996399999999996)
Pin step.fb set to 2.2016549999999997 (was 2.1996399999999996)
[INFO] hw.stepgen: =human= stepgen sg-cmd-pos=2.400000 rev sg-fb-pos=2.201655 rev sg-vel=2.010000 rps sg-acc=-10.000000 rps2

=human= stepgen sg-cmd-pos=2.400000 rev sg-fb-pos=2.201655 rev sg-vel=2.010000 rps sg-acc=-10.000000 rps2

[INFO] hw.pins: Pin step.fb set to 2.2036599999999997 (was 2.2016549999999997)
Pin step.fb set to 2.2036599999999997 (was 2.2016549999999997)
[INFO] hw.stepgen: =human= stepgen sg-cmd-pos=2.400000 rev sg-fb-pos=2.203660 rev sg-vel=2.000000 rps sg-acc=-10.000000 rps2

=human= stepgen sg-cmd-pos=2.400000 rev sg-fb-pos=2.203660 rev sg-vel=2.000000 rps sg-acc=-10.000000 rps2

[INFO] hw.pins: Pin step.fb set to 2.2056549999999997 (was 2.2036599999999997)
Pin step.fb set to 2.2056549999999997 (was 2.2036599999999997)
[INFO] hw.stepgen: =human= stepgen sg-cmd-pos=2.400000 rev sg-fb-pos=2.205655 rev sg-vel=1.990000 rps sg-acc=-10.000000 rps2

=human= stepgen sg-cmd-pos=2.400000 rev sg-fb-pos=2.205655 rev sg-vel=1.990000 rps sg-acc=-10.000000 rps2

[INFO] hw.pins: Pin step.fb set to 2.2076399999999996 (was 2.2056549999999997)
Pin step.fb set to 2.2076399999999996 (was 2.2056549999999997)
[INFO] hw.stepgen: =human= stepgen sg-cmd-pos=2.400000 rev sg-fb-pos=2.207640 rev sg-vel=1.980000 rps sg-acc=-10.000000 rps2

=human= stepgen sg-cmd-pos=2.400000 rev sg-fb-pos=2.207640 rev sg-vel=1.980000 rps sg-acc=-10.000000 rps2

[INFO] hw.pins: Pin step.fb set to 2.2096149999999994 (was 2.2076399999999996)
Pin step.fb set to 2.2096149999999994 (was 2.2076399999999996)
[INFO] hw.stepgen: =human= stepgen sg-cmd-pos=2.400000 rev sg-fb-pos=2.209615 rev sg-vel=1.970000 rps sg-acc=-10.000000 rps2

=human= stepgen sg-cmd-pos=2.400000 rev sg-fb-pos=2.209615 rev sg-vel=1.970000 rps sg-acc=-10.000000 rps2

[INFO] hw.pins: Pin step.fb set to 2.2115799999999997 (was 2.2096149999999994)
Pin step.fb set to 2.2115799999999997 (was 2.2096149999999994)
[INFO] hw.stepgen: =human= stepgen sg-cmd-pos=2.400000 rev sg-fb-pos=2.211580 rev sg-vel=1.960000 rps sg-acc=-10.000000 rps2

=human= stepgen sg-cmd-pos=2.400000 rev sg-fb-pos=2.211580 rev sg-vel=1.960000 rps sg-acc=-10.000000 rps2

[INFO] hw.pins: Pin step.fb set to 2.213535 (was 2.2115799999999997)
Pin step.fb set to 2.213535 (was 2.2115799999999997)
[INFO] hw.stepgen: =human= stepgen sg-cmd-pos=2.400000 rev sg-fb-pos=2.213535 rev sg-vel=1.950000 rps sg-acc=-10.000000 rps2

=human= stepgen sg-cmd-pos=2.400000 rev sg-fb-pos=2.213535 rev sg-vel=1.950000 rps sg-acc=-10.000000 rps2

[INFO] hw.pins: Pin step.fb set to 2.21548 (was 2.213535)
Pin step.fb set to 2.21548 (was 2.213535)
[INFO] hw.stepgen: =human= stepgen sg-cmd-pos=2.400000 rev sg-fb-pos=2.215480 rev sg-vel=1.940000 rps sg-acc=-10.000000 rps2

=human= stepgen sg-cmd-pos=2.400000 rev sg-fb-pos=2.215480 rev sg-vel=1.940000 rps sg-acc=-10.000000 rps2

[INFO] hw.pins: Pin step.fb set to 2.217415 (was 2.21548)
Pin step.fb set to 2.217415 (was 2.21548)
[INFO] hw.stepgen: =human= stepgen sg-cmd-pos=2.400000 rev sg-fb-pos=2.217415 rev sg-vel=1.930000 rps sg-acc=-10.000000 rps2

=human= stepgen sg-cmd-pos=2.400000 rev sg-fb-pos=2.217415 rev sg-vel=1.930000 rps sg-acc=-10.000000 rps2

[INFO] hw.pins: Pin step.fb set to 2.21934 (was 2.217415)
Pin step.fb set to 2.21934 (was 2.217415)
[INFO] hw.stepgen: =human= stepgen sg-cmd-pos=2.400000 rev sg-fb-pos=2.219340 rev sg-vel=1.920000 rps sg-acc=-10.000000 rps2

=human= stepgen sg-cmd-pos=2.400000 rev sg-fb-pos=2.219340 rev sg-vel=1.920000 rps sg-acc=-10.000000 rps2

[INFO] hw.pins: Pin step.fb set to 2.2212549999999998 (was 2.21934)
Pin step.fb set to 2.2212549999999998 (was 2.21934)
[INFO] hw.stepgen: =human= stepgen sg-cmd-pos=2.400000 rev sg-fb-pos=2.221255 rev sg-vel=1.910000 rps sg-acc=-10.000000 rps2

=human= stepgen sg-cmd-pos=2.400000 rev sg-fb-pos=2.221255 rev sg-vel=1.910000 rps sg-acc=-10.000000 rps2

[INFO] hw.pins: Pin step.fb set to 2.2231599999999996 (was 2.2212549999999998)
Pin step.fb set to 2.2231599999999996 (was 2.2212549999999998)
[INFO] hw.stepgen: =human= stepgen sg-cmd-pos=2.400000 rev sg-fb-pos=2.223160 rev sg-vel=1.900000 rps sg-acc=-10.000000 rps2

=human= stepgen sg-cmd-pos=2.400000 rev sg-fb-pos=2.223160 rev sg-vel=1.900000 rps sg-acc=-10.000000 rps2

[INFO] hw.pins: Pin step.fb set to 2.225055 (was 2.2231599999999996)
Pin step.fb set to 2.225055 (was 2.2231599999999996)
[INFO] hw.stepgen: =human= stepgen sg-cmd-pos=2.400000 rev sg-fb-pos=2.225055 rev sg-vel=1.890000 rps sg-acc=-10.000000 rps2

=human= stepgen sg-cmd-pos=2.400000 rev sg-fb-pos=2.225055 rev sg-vel=1.890000 rps sg-acc=-10.000000 rps2

[INFO] hw.pins: Pin step.fb set to 2.22694 (was 2.225055)
Pin step.fb set to 2.22694 (was 2.225055)
[INFO] hw.stepgen: =human= stepgen sg-cmd-pos=2.400000 rev sg-fb-pos=2.226940 rev sg-vel=1.880000 rps sg-acc=-10.000000 rps2

=human= stepgen sg-cmd-pos=2.400000 rev sg-fb-pos=2.226940 rev sg-vel=1.880000 rps sg-acc=-10.000000 rps2

[INFO] hw.pins: Pin step.cmd set to 2.500000000000001 (was 2.400000000000001)
Pin step.cmd set to 2.500000000000001 (was 2.400000000000001)
[INFO] hw.pins: Pin step.fb set to 2.228825 (was 2.22694)
Pin step.fb set to 2.228825 (was 2.22694)
[INFO] hw.stepgen: =human= stepgen sg-cmd-pos=2.500000 rev sg-fb-pos=2.228825 rev sg-vel=1.890000 rps sg-acc=10.000000 rps2

=human= stepgen sg-cmd-pos=2.500000 rev sg-fb-pos=2.228825 rev sg-vel=1.890000 rps sg-acc=10.000000 rps2

[INFO] hw.stepgen: =human= stepgen event=reaim sg-cmd-pos=2.500000 rev sg-fb-pos=2.228825 rev sg-vel=1.890000 rps

=human= stepgen event=reaim sg-cmd-pos=2.500000 rev sg-fb-pos=2.228825 rev sg-vel=1.890000 rps

[INFO] hw.pins: Pin step.fb set to 2.2307200000000003 (was 2.228825)
Pin step.fb set to 2.2307200000000003 (was 2.228825)
[INFO] hw.stepgen: =human= stepgen sg-cmd-pos=2.500000 rev sg-fb-pos=2.230720 rev sg-vel=1.900000 rps sg-acc=10.000000 rps2

=human= stepgen sg-cmd-pos=2.500000 rev sg-fb-pos=2.230720 rev sg-vel=1.900000 rps sg-acc=10.000000 rps2

[INFO] hw.pins: Pin step.fb set to 2.232625 (was 2.2307200000000003)
Pin step.fb set to 2.232625 (was 2.2307200000000003)
[INFO] hw.stepgen: =human= stepgen sg-cmd-pos=2.500000 rev sg-fb-pos=2.232625 rev sg-vel=1.910000 rps sg-acc=10.000000 rps2

=human= stepgen sg-cmd-pos=2.500000 rev sg-fb-pos=2.232625 rev sg-vel=1.910000 rps sg-acc=10.000000 rps2

[INFO] hw.pins: Pin step.fb set to 2.23454 (was 2.232625)
Pin step.fb set to 2.23454 (was 2.232625)
[INFO] hw.stepgen: =human= stepgen sg-cmd-pos=2.500000 rev sg-fb-pos=2.234540 rev sg-vel=1.920000 rps sg-acc=10.000000 rps2

=human= stepgen sg-cmd-pos=2.500000 rev sg-fb-pos=2.234540 rev sg-vel=1.920000 rps sg-acc=10.000000 rps2

[INFO] hw.pins: Pin step.fb set to 2.236465 (was 2.23454)
Pin step.fb set to 2.236465 (was 2.23454)
[INFO] hw.stepgen: =human= stepgen sg-cmd-pos=2.500000 rev sg-fb-pos=2.236465 rev sg-vel=1.930000 rps sg-acc=10.000000 rps2

=human= stepgen sg-cmd-pos=2.500000 rev sg-fb-pos=2.236465 rev sg-vel=1.930000 rps sg-acc=10.000000 rps2

[INFO] hw.pins: Pin step.fb set to 2.2384 (was 2.236465)
Pin step.fb set to 2.2384 (was 2.236465)
[INFO] hw.stepgen: =human= stepgen sg-cmd-pos=2.500000 rev sg-fb-pos=2.238400 rev sg-vel=1.940000 rps sg-acc=10.000000 rps2

=human= stepgen sg-cmd-pos=2.500000 rev sg-fb-pos=2.238400 rev sg-vel=1.940000 rps sg-acc=10.000000 rps2

[INFO] hw.pins: Pin step.fb set to 2.240345 (was 2.2384)
Pin step.fb set to 2.240345 (was 2.2384)
[INFO] hw.stepgen: =human= stepgen sg-cmd-pos=2.500000 rev sg-fb-pos=2.240345 rev sg-vel=1.950000 rps sg-acc=10.000000 rps2

=human= stepgen sg-cmd-pos=2.500000 rev sg-fb-pos=2.240345 rev sg-vel=1.950000 rps sg-acc=10.000000 rps2

[INFO] hw.pins: Pin step.fb set to 2.2423 (was 2.240345)
Pin step.fb set to 2.2423 (was 2.240345)
[INFO] hw.stepgen: =human= stepgen sg-cmd-pos=2.500000 rev sg-fb-pos=2.242300 rev sg-vel=1.960000 rps sg-acc=10.000000 rps2

=human= stepgen sg-cmd-pos=2.500000 rev sg-fb-pos=2.242300 rev sg-vel=1.960000 rps sg-acc=10.000000 rps2

[INFO] hw.pins: Pin step.fb set to 2.2442650000000004 (was 2.2423)
Pin step.fb set to 2.2442650000000004 (was 2.2423)
[INFO] hw.stepgen: =human= stepgen sg-cmd-pos=2.500000 rev sg-fb-pos=2.244265 rev sg-vel=1.970000 rps sg-acc=10.000000 rps2

=human= stepgen sg-cmd-pos=2.500000 rev sg-fb-pos=2.244265 rev sg-vel=1.970000 rps sg-acc=10.000000 rps2

[INFO] hw.pins: Pin step.fb set to 2.2462400000000002 (was 2.2442650000000004)
Pin step.fb set to 2.2462400000000002 (was 2.2442650000000004)
[INFO] hw.stepgen: =human= stepgen sg-cmd-pos=2.500000 rev sg-fb-pos=2.246240 rev sg-vel=1.980000 rps sg-acc=10.000000 rps2

=human= stepgen sg-cmd-pos=2.500000 rev sg-fb-pos=2.246240 rev sg-vel=1.980000 rps sg-acc=10.000000 rps2

[INFO] hw.pins: Pin step.fb set to 2.248225 (was 2.2462400000000002)
Pin step.fb set to 2.248225 (was 2.2462400000000002)
[INFO] hw.stepgen: =human= stepgen sg-cmd-pos=2.500000 rev sg-fb-pos=2.248225 rev sg-vel=1.990000 rps sg-acc=10.000000 rps2

=human= stepgen sg-cmd-pos=2.500000 rev sg-fb-pos=2.248225 rev sg-vel=1.990000 rps sg-acc=10.000000 rps2

[INFO] hw.pins: Pin step.fb set to 2.25022 (was 2.248225)
Pin step.fb set to 2.25022 (was 2.248225)
[INFO] hw.stepgen: =human= stepgen sg-cmd-pos=2.500000 rev sg-fb-pos=2.250220 rev sg-vel=2.000000 rps sg-acc=10.000000 rps2

=human= stepgen sg-cmd-pos=2.500000 rev sg-fb-pos=2.250220 rev sg-vel=2.000000 rps sg-acc=10.000000 rps2

[INFO] hw.pins: Pin step.fb set to 2.252225 (was 2.25022)
Pin step.fb set to 2.252225 (was 2.25022)
[INFO] hw.stepgen: =human= stepgen sg-cmd-pos=2.500000 rev sg-fb-pos=2.252225 rev sg-vel=2.010000 rps sg-acc=10.000000 rps2

=human= stepgen sg-cmd-pos=2.500000 rev sg-fb-pos=2.252225 rev sg-vel=2.010000 rps sg-acc=10.000000 rps2

[INFO] hw.pins: Pin step.fb set to 2.2542400000000002 (was 2.252225)
Pin step.fb set to 2.2542400000000002 (was 2.252225)
[INFO] hw.stepgen: =human= stepgen sg-cmd-pos=2.500000 rev sg-fb-pos=2.254240 rev sg-vel=2.020000 rps sg-acc=10.000000 rps2

=human= stepgen sg-cmd-pos=2.500000 rev sg-fb-pos=2.254240 rev sg-vel=2.020000 rps sg-acc=10.000000 rps2

[INFO] hw.pins: Pin step.fb set to 2.2562650000000004 (was 2.2542400000000002)
Pin step.fb set to 2.2562650000000004 (was 2.2542400000000002)
[INFO] hw.stepgen: =human= stepgen sg-cmd-pos=2.500000 rev sg-fb-pos=2.256265 rev sg-vel=2.030000 rps sg-acc=10.000000 rps2

=human= stepgen sg-cmd-pos=2.500000 rev sg-fb-pos=2.256265 rev sg-vel=2.030000 rps sg-acc=10.000000 rps2

[INFO] hw.pins: Pin step.fb set to 2.2583 (was 2.2562650000000004)
Pin step.fb set to 2.2583 (was 2.2562650000000004)
[INFO] hw.stepgen: =human= stepgen sg-cmd-pos=2.500000 rev sg-fb-pos=2.258300 rev sg-vel=2.040000 rps sg-acc=10.000000 rps2

=human= stepgen sg-cmd-pos=2.500000 rev sg-fb-pos=2.258300 rev sg-vel=2.040000 rps sg-acc=10.000000 rps2

[INFO] hw.pins: Pin step.fb set to 2.260345 (was 2.2583)
Pin step.fb set to 2.260345 (was 2.2583)
[INFO] hw.stepgen: =human= stepgen sg-cmd-pos=2.500000 rev sg-fb-pos=2.260345 rev sg-vel=2.050000 rps sg-acc=10.000000 rps2

=human= stepgen sg-cmd-pos=2.500000 rev sg-fb-pos=2.260345 rev sg-vel=2.050000 rps sg-acc=10.000000 rps2

[INFO] hw.pins: Pin step.fb set to 2.2624 (was 2.260345)
Pin step.fb set to 2.2624 (was 2.260345)
[INFO] hw.stepgen: =human= stepgen sg-cmd-pos=2.500000 rev sg-fb-pos=2.262400 rev sg-vel=2.060000 rps sg-acc=10.000000 rps2

=human= stepgen sg-cmd-pos=2.500000 rev sg-fb-pos=2.262400 rev sg-vel=2.060000 rps sg-acc=10.000000 rps2

[INFO] hw.pins: Pin step.fb set to 2.264465 (was 2.2624)
Pin step.fb set to 2.264465 (was 2.2624)
[INFO] hw.stepgen: =human= stepgen sg-cmd-pos=2.500000 rev sg-fb-pos=2.264465 rev sg-vel=2.070000 rps sg-acc=10.000000 rps2

=human= stepgen sg-cmd-pos=2.500000 rev sg-fb-pos=2.264465 rev sg-vel=2.070000 rps sg-acc=10.000000 rps2

[INFO] hw.pins: Pin step.fb set to 2.26654 (was 2.264465)
Pin step.fb set to 2.26654 (was 2.264465)
[INFO] hw.stepgen: =human= stepgen sg-cmd-pos=2.500000 rev sg-fb-pos=2.266540 rev sg-vel=2.080000 rps sg-acc=10.000000 rps2

=human= stepgen sg-cmd-pos=2.500000 rev sg-fb-pos=2.266540 rev sg-vel=2.080000 rps sg-acc=10.000000 rps2

[INFO] hw.pins: Pin step.fb set to 2.268625 (was 2.26654)
Pin step.fb set to 2.268625 (was 2.26654)
[INFO] hw.stepgen: =human= stepgen sg-cmd-pos=2.500000 rev sg-fb-pos=2.268625 rev sg-vel=2.090000 rps sg-acc=10.000000 rps2

=human= stepgen sg-cmd-pos=2.500000 rev sg-fb-pos=2.268625 rev sg-vel=2.090000 rps sg-acc=10.000000 rps2

[INFO] hw.pins: Pin step.fb set to 2.2707200000000003 (was 2.268625)
Pin step.fb set to 2.2707200000000003 (was 2.268625)
[INFO] hw.stepgen: =human= stepgen sg-cmd-pos=2.500000 rev sg-fb-pos=2.270720 rev sg-vel=2.100000 rps sg-acc=10.000000 rps2

=human= stepgen sg-cmd-pos=2.500000 rev sg-fb-pos=2.270720 rev sg-vel=2.100000 rps sg-acc=10.000000 rps2

[INFO] hw.pins: Pin step.fb set to 2.272825 (was 2.2707200000000003)
Pin step.fb set to 2.272825 (was 2.2707200000000003)
[INFO] hw.stepgen: =human= stepgen sg-cmd-pos=2.500000 rev sg-fb-pos=2.272825 rev sg-vel=2.110000 rps sg-acc=10.000000 rps2

=human= stepgen sg-cmd-pos=2.500000 rev sg-fb-pos=2.272825 rev sg-vel=2.110000 rps sg-acc=10.000000 rps2

[INFO] hw.pins: Pin step.fb set to 2.27494 (was 2.272825)
Pin step.fb set to 2.27494 (was 2.272825)
[INFO] hw.stepgen: =human= stepgen sg-cmd-pos=2.500000 rev sg-fb-pos=2.274940 rev sg-vel=2.120000 rps sg-acc=10.000000 rps2

=human= stepgen sg-cmd-pos=2.500000 rev sg-fb-pos=2.274940 rev sg-vel=2.120000 rps sg-acc=10.000000 rps2

[INFO] hw.pins: Pin step.fb set to 2.277065 (was 2.27494)
Pin step.fb set to 2.277065 (was 2.27494)
[INFO] hw.stepgen: =human= stepgen sg-cmd-pos=2.500000 rev sg-fb-pos=2.277065 rev sg-vel=2.130000 rps sg-acc=10.000000 rps2

=human= stepgen sg-cmd-pos=2.500000 rev sg-fb-pos=2.277065 rev sg-vel=2.130000 rps sg-acc=10.000000 rps2

[INFO] hw.pins: Pin step.fb set to 2.27919 (was 2.277065)
Pin step.fb set to 2.27919 (was 2.277065)
[INFO] hw.stepgen: =human= stepgen sg-cmd-pos=2.500000 rev sg-fb-pos=2.279190 rev sg-vel=2.120000 rps sg-acc=-10.000000 rps2

=human= stepgen sg-cmd-pos=2.500000 rev sg-fb-pos=2.279190 rev sg-vel=2.120000 rps sg-acc=-10.000000 rps2

[INFO] hw.pins: Pin step.fb set to 2.2813049999999997 (was 2.27919)
Pin step.fb set to 2.2813049999999997 (was 2.27919)
[INFO] hw.stepgen: =human= stepgen sg-cmd-pos=2.500000 rev sg-fb-pos=2.281305 rev sg-vel=2.110000 rps sg-acc=-10.000000 rps2

=human= stepgen sg-cmd-pos=2.500000 rev sg-fb-pos=2.281305 rev sg-vel=2.110000 rps sg-acc=-10.000000 rps2

[INFO] hw.pins: Pin step.fb set to 2.2834099999999995 (was 2.2813049999999997)
Pin step.fb set to 2.2834099999999995 (was 2.2813049999999997)
[INFO] hw.stepgen: =human= stepgen sg-cmd-pos=2.500000 rev sg-fb-pos=2.283410 rev sg-vel=2.100000 rps sg-acc=-10.000000 rps2

=human= stepgen sg-cmd-pos=2.500000 rev sg-fb-pos=2.283410 rev sg-vel=2.100000 rps sg-acc=-10.000000 rps2

[INFO] hw.pins: Pin step.fb set to 2.2855049999999997 (was 2.2834099999999995)
Pin step.fb set to 2.2855049999999997 (was 2.2834099999999995)
[INFO] hw.stepgen: =human= stepgen sg-cmd-pos=2.500000 rev sg-fb-pos=2.285505 rev sg-vel=2.090000 rps sg-acc=-10.000000 rps2

=human= stepgen sg-cmd-pos=2.500000 rev sg-fb-pos=2.285505 rev sg-vel=2.090000 rps sg-acc=-10.000000 rps2

[INFO] hw.pins: Pin step.fb set to 2.28759 (was 2.2855049999999997)
Pin step.fb set to 2.28759 (was 2.2855049999999997)
[INFO] hw.stepgen: =human= stepgen sg-cmd-pos=2.500000 rev sg-fb-pos=2.287590 rev sg-vel=2.080000 rps sg-acc=-10.000000 rps2

=human= stepgen sg-cmd-pos=2.500000 rev sg-fb-pos=2.287590 rev sg-vel=2.080000 rps sg-acc=-10.000000 rps2

[INFO] hw.pins: Pin step.fb set to 2.289665 (was 2.28759)
Pin step.fb set to 2.289665 (was 2.28759)
[INFO] hw.stepgen: =human= stepgen sg-cmd-pos=2.500000 rev sg-fb-pos=2.289665 rev sg-vel=2.070000 rps sg-acc=-10.000000 rps2

=human= stepgen sg-cmd-pos=2.500000 rev sg-fb-pos=2.289665 rev sg-vel=2.070000 rps sg-acc=-10.000000 rps2

[INFO] hw.pins: Pin step.fb set to 2.29173 (was 2.289665)
Pin step.fb set to 2.29173 (was 2.289665)
[INFO] hw.stepgen: =human= stepgen sg-cmd-pos=2.500000 rev sg-fb-pos=2.291730 rev sg-vel=2.060000 rps sg-acc=-10.000000 rps2

=human= stepgen sg-cmd-pos=2.500000 rev sg-fb-pos=2.291730 rev sg-vel=2.060000 rps sg-acc=-10.000000 rps2

[INFO] hw.pins: Pin step.fb set to 2.2937849999999997 (was 2.29173)
Pin step.fb set to 2.2937849999999997 (was 2.29173)
[INFO] hw.stepgen: =human= stepgen sg-cmd-pos=2.500000 rev sg-fb-pos=2.293785 rev sg-vel=2.050000 rps sg-acc=-10.000000 rps2

=human= stepgen sg-cmd-pos=2.500000 rev sg-fb-pos=2.293785 rev sg-vel=2.050000 rps sg-acc=-10.000000 rps2

[INFO] hw.pins: Pin step.fb set to 2.2958299999999996 (was 2.2937849999999997)
Pin step.fb set to 2.2958299999999996 (was 2.2937849999999997)
[INFO] hw.stepgen: =human= stepgen sg-cmd-pos=2.500000 rev sg-fb-pos=2.295830 rev sg-vel=2.040000 rps sg-acc=-10.000000 rps2

=human= stepgen sg-cmd-pos=2.500000 rev sg-fb-pos=2.295830 rev sg-vel=2.040000 rps sg-acc=-10.000000 rps2

[INFO] hw.pins: Pin step.fb set to 2.2978649999999994 (was 2.2958299999999996)
Pin step.fb set to 2.2978649999999994 (was 2.2958299999999996)
[INFO] hw.stepgen: =human= stepgen sg-cmd-pos=2.500000 rev sg-fb-pos=2.297865 rev sg-vel=2.030000 rps sg-acc=-10.000000 rps2

=human= stepgen sg-cmd-pos=2.500000 rev sg-fb-pos=2.297865 rev sg-vel=2.030000 rps sg-acc=-10.000000 rps2

[INFO] hw.pins: Pin step.fb set to 2.2998899999999995 (was 2.2978649999999994)
Pin step.fb set to 2.2998899999999995 (was 2.2978649999999994)
[INFO] hw.stepgen: =human= stepgen sg-cmd-pos=2.500000 rev sg-fb-pos=2.299890 rev sg-vel=2.020000 rps sg-acc=-10.000000 rps2

=human= stepgen sg-cmd-pos=2.500000 rev sg-fb-pos=2.299890 rev sg-vel=2.020000 rps sg-acc=-10.000000 rps2

[INFO] hw.pins: Pin step.fb set to 2.3019049999999996 (was 2.2998899999999995)
Pin step.fb set to 2.3019049999999996 (was 2.2998899999999995)
[INFO] hw.stepgen: =human= stepgen sg-cmd-pos=2.500000 rev sg-fb-pos=2.301905 rev sg-vel=2.010000 rps sg-acc=-10.000000 rps2

=human= stepgen sg-cmd-pos=2.500000 rev sg-fb-pos=2.301905 rev sg-vel=2.010000 rps sg-acc=-10.000000 rps2

[INFO] hw.pins: Pin step.fb set to 2.3039099999999997 (was 2.3019049999999996)
Pin step.fb set to 2.3039099999999997 (was 2.3019049999999996)
[INFO] hw.stepgen: =human= stepgen sg-cmd-pos=2.500000 rev sg-fb-pos=2.303910 rev sg-vel=2.000000 rps sg-acc=-10.000000 rps2

=human= stepgen sg-cmd-pos=2.500000 rev sg-fb-pos=2.303910 rev sg-vel=2.000000 rps sg-acc=-10.000000 rps2

[INFO] hw.pins: Pin step.fb set to 2.3059049999999996 (was 2.3039099999999997)
Pin step.fb set to 2.3059049999999996 (was 2.3039099999999997)
[INFO] hw.stepgen: =human= stepgen sg-cmd-pos=2.500000 rev sg-fb-pos=2.305905 rev sg-vel=1.990000 rps sg-acc=-10.000000 rps2

=human= stepgen sg-cmd-pos=2.500000 rev sg-fb-pos=2.305905 rev sg-vel=1.990000 rps sg-acc=-10.000000 rps2

[INFO] hw.pins: Pin step.fb set to 2.3078899999999996 (was 2.3059049999999996)
Pin step.fb set to 2.3078899999999996 (was 2.3059049999999996)
[INFO] hw.stepgen: =human= stepgen sg-cmd-pos=2.500000 rev sg-fb-pos=2.307890 rev sg-vel=1.980000 rps sg-acc=-10.000000 rps2

=human= stepgen sg-cmd-pos=2.500000 rev sg-fb-pos=2.307890 rev sg-vel=1.980000 rps sg-acc=-10.000000 rps2

[INFO] hw.pins: Pin step.fb set to 2.3098649999999994 (was 2.3078899999999996)
Pin step.fb set to 2.3098649999999994 (was 2.3078899999999996)
[INFO] hw.stepgen: =human= stepgen sg-cmd-pos=2.500000 rev sg-fb-pos=2.309865 rev sg-vel=1.970000 rps sg-acc=-10.000000 rps2

=human= stepgen sg-cmd-pos=2.500000 rev sg-fb-pos=2.309865 rev sg-vel=1.970000 rps sg-acc=-10.000000 rps2

[INFO] hw.pins: Pin step.fb set to 2.3118299999999996 (was 2.3098649999999994)
Pin step.fb set to 2.3118299999999996 (was 2.3098649999999994)
[INFO] hw.stepgen: =human= stepgen sg-cmd-pos=2.500000 rev sg-fb-pos=2.311830 rev sg-vel=1.960000 rps sg-acc=-10.000000 rps2

=human= stepgen sg-cmd-pos=2.500000 rev sg-fb-pos=2.311830 rev sg-vel=1.960000 rps sg-acc=-10.000000 rps2

[INFO] hw.pins: Pin step.fb set to 2.3137849999999998 (was 2.3118299999999996)
Pin step.fb set to 2.3137849999999998 (was 2.3118299999999996)
[INFO] hw.stepgen: =human= stepgen sg-cmd-pos=2.500000 rev sg-fb-pos=2.313785 rev sg-vel=1.950000 rps sg-acc=-10.000000 rps2

=human= stepgen sg-cmd-pos=2.500000 rev sg-fb-pos=2.313785 rev sg-vel=1.950000 rps sg-acc=-10.000000 rps2

[INFO] hw.pins: Pin step.fb set to 2.31573 (was 2.3137849999999998)
Pin step.fb set to 2.31573 (was 2.3137849999999998)
[INFO] hw.stepgen: =human= stepgen sg-cmd-pos=2.500000 rev sg-fb-pos=2.315730 rev sg-vel=1.940000 rps sg-acc=-10.000000 rps2

=human= stepgen sg-cmd-pos=2.500000 rev sg-fb-pos=2.315730 rev sg-vel=1.940000 rps sg-acc=-10.000000 rps2

[INFO] hw.pins: Pin step.fb set to 2.317665 (was 2.31573)
Pin step.fb set to 2.317665 (was 2.31573)
[INFO] hw.stepgen: =human= stepgen sg-cmd-pos=2.500000 rev sg-fb-pos=2.317665 rev sg-vel=1.930000 rps sg-acc=-10.000000 rps2

=human= stepgen sg-cmd-pos=2.500000 rev sg-fb-pos=2.317665 rev sg-vel=1.930000 rps sg-acc=-10.000000 rps2

[INFO] hw.pins: Pin step.fb set to 2.31959 (was 2.317665)
Pin step.fb set to 2.31959 (was 2.317665)
[INFO] hw.stepgen: =human= stepgen sg-cmd-pos=2.500000 rev sg-fb-pos=2.319590 rev sg-vel=1.920000 rps sg-acc=-10.000000 rps2

=human= stepgen sg-cmd-pos=2.500000 rev sg-fb-pos=2.319590 rev sg-vel=1.920000 rps sg-acc=-10.000000 rps2

[INFO] hw.pins: Pin step.fb set to 2.3215049999999997 (was 2.31959)
Pin step.fb set to 2.3215049999999997 (was 2.31959)
[INFO] hw.stepgen: =human= stepgen sg-cmd-pos=2.500000 rev sg-fb-pos=2.321505 rev sg-vel=1.910000 rps sg-acc=-10.000000 rps2

=human= stepgen sg-cmd-pos=2.500000 rev sg-fb-pos=2.321505 rev sg-vel=1.910000 rps sg-acc=-10.000000 rps2

[INFO] hw.pins: Pin step.fb set to 2.3234099999999995 (was 2.3215049999999997)
Pin step.fb set to 2.3234099999999995 (was 2.3215049999999997)
[INFO] hw.stepgen: =human= stepgen sg-cmd-pos=2.500000 rev sg-fb-pos=2.323410 rev sg-vel=1.900000 rps sg-acc=-10.000000 rps2

=human= stepgen sg-cmd-pos=2.500000 rev sg-fb-pos=2.323410 rev sg-vel=1.900000 rps sg-acc=-10.000000 rps2

[INFO] hw.pins: Pin step.fb set to 2.3253049999999997 (was 2.3234099999999995)
Pin step.fb set to 2.3253049999999997 (was 2.3234099999999995)
[INFO] hw.stepgen: =human= stepgen sg-cmd-pos=2.500000 rev sg-fb-pos=2.325305 rev sg-vel=1.890000 rps sg-acc=-10.000000 rps2

=human= stepgen sg-cmd-pos=2.500000 rev sg-fb-pos=2.325305 rev sg-vel=1.890000 rps sg-acc=-10.000000 rps2

[INFO] hw.pins: Pin step.fb set to 2.32719 (was 2.3253049999999997)
Pin step.fb set to 2.32719 (was 2.3253049999999997)
[INFO] hw.stepgen: =human= stepgen sg-cmd-pos=2.500000 rev sg-fb-pos=2.327190 rev sg-vel=1.880000 rps sg-acc=-10.000000 rps2

=human= stepgen sg-cmd-pos=2.500000 rev sg-fb-pos=2.327190 rev sg-vel=1.880000 rps sg-acc=-10.000000 rps2

[INFO] hw.pins: Pin step.cmd set to 2.600000000000001 (was 2.500000000000001)
Pin step.cmd set to 2.600000000000001 (was 2.500000000000001)
[INFO] hw.pins: Pin step.fb set to 2.329075 (was 2.32719)
Pin step.fb set to 2.329075 (was 2.32719)
[INFO] hw.stepgen: =human= stepgen sg-cmd-pos=2.600000 rev sg-fb-pos=2.329075 rev sg-vel=1.890000 rps sg-acc=10.000000 rps2

=human= stepgen sg-cmd-pos=2.600000 rev sg-fb-pos=2.329075 rev sg-vel=1.890000 rps sg-acc=10.000000 rps2

[INFO] hw.stepgen: =human= stepgen event=reaim sg-cmd-pos=2.600000 rev sg-fb-pos=2.329075 rev sg-vel=1.890000 rps

=human= stepgen event=reaim sg-cmd-pos=2.600000 rev sg-fb-pos=2.329075 rev sg-vel=1.890000 rps

[INFO] hw.pins: Pin step.fb set to 2.33097 (was 2.329075)
Pin step.fb set to 2.33097 (was 2.329075)
[INFO] hw.stepgen: =human= stepgen sg-cmd-pos=2.600000 rev sg-fb-pos=2.330970 rev sg-vel=1.900000 rps sg-acc=10.000000 rps2

=human= stepgen sg-cmd-pos=2.600000 rev sg-fb-pos=2.330970 rev sg-vel=1.900000 rps sg-acc=10.000000 rps2

[INFO] hw.pins: Pin step.fb set to 2.332875 (was 2.33097)
Pin step.fb set to 2.332875 (was 2.33097)
[INFO] hw.stepgen: =human= stepgen sg-cmd-pos=2.600000 rev sg-fb-pos=2.332875 rev sg-vel=1.910000 rps sg-acc=10.000000 rps2

=human= stepgen sg-cmd-pos=2.600000 rev sg-fb-pos=2.332875 rev sg-vel=1.910000 rps sg-acc=10.000000 rps2

[INFO] hw.pins: Pin step.fb set to 2.33479 (was 2.332875)
Pin step.fb set to 2.33479 (was 2.332875)
[INFO] hw.stepgen: =human= stepgen sg-cmd-pos=2.600000 rev sg-fb-pos=2.334790 rev sg-vel=1.920000 rps sg-acc=10.000000 rps2

=human= stepgen sg-cmd-pos=2.600000 rev sg-fb-pos=2.334790 rev sg-vel=1.920000 rps sg-acc=10.000000 rps2

[INFO] hw.pins: Pin step.fb set to 2.336715 (was 2.33479)
Pin step.fb set to 2.336715 (was 2.33479)
[INFO] hw.stepgen: =human= stepgen sg-cmd-pos=2.600000 rev sg-fb-pos=2.336715 rev sg-vel=1.930000 rps sg-acc=10.000000 rps2

=human= stepgen sg-cmd-pos=2.600000 rev sg-fb-pos=2.336715 rev sg-vel=1.930000 rps sg-acc=10.000000 rps2

[INFO] hw.pins: Pin step.fb set to 2.33865 (was 2.336715)
Pin step.fb set to 2.33865 (was 2.336715)
[INFO] hw.stepgen: =human= stepgen sg-cmd-pos=2.600000 rev sg-fb-pos=2.338650 rev sg-vel=1.940000 rps sg-acc=10.000000 rps2

=human= stepgen sg-cmd-pos=2.600000 rev sg-fb-pos=2.338650 rev sg-vel=1.940000 rps sg-acc=10.000000 rps2

[INFO] hw.pins: Pin step.fb set to 2.340595 (was 2.33865)
Pin step.fb set to 2.340595 (was 2.33865)
[INFO] hw.stepgen: =human= stepgen sg-cmd-pos=2.600000 rev sg-fb-pos=2.340595 rev sg-vel=1.950000 rps sg-acc=10.000000 rps2

=human= stepgen sg-cmd-pos=2.600000 rev sg-fb-pos=2.340595 rev sg-vel=1.950000 rps sg-acc=10.000000 rps2

[INFO] hw.pins: Pin step.fb set to 2.34255 (was 2.340595)
Pin step.fb set to 2.34255 (was 2.340595)
[INFO] hw.stepgen: =human= stepgen sg-cmd-pos=2.600000 rev sg-fb-pos=2.342550 rev sg-vel=1.960000 rps sg-acc=10.000000 rps2

=human= stepgen sg-cmd-pos=2.600000 rev sg-fb-pos=2.342550 rev sg-vel=1.960000 rps sg-acc=10.000000 rps2

[INFO] hw.pins: Pin step.fb set to 2.3445150000000003 (was 2.34255)
Pin step.fb set to 2.3445150000000003 (was 2.34255)
[INFO] hw.stepgen: =human= stepgen sg-cmd-pos=2.600000 rev sg-fb-pos=2.344515 rev sg-vel=1.970000 rps sg-acc=10.000000 rps2

=human= stepgen sg-cmd-pos=2.600000 rev sg-fb-pos=2.344515 rev sg-vel=1.970000 rps sg-acc=10.000000 rps2

[INFO] hw.pins: Pin step.fb set to 2.34649 (was 2.3445150000000003)
Pin step.fb set to 2.34649 (was 2.3445150000000003)
[INFO] hw.stepgen: =human= stepgen sg-cmd-pos=2.600000 rev sg-fb-pos=2.346490 rev sg-vel=1.980000 rps sg-acc=10.000000 rps2

=human= stepgen sg-cmd-pos=2.600000 rev sg-fb-pos=2.346490 rev sg-vel=1.980000 rps sg-acc=10.000000 rps2

[INFO] hw.pins: Pin step.fb set to 2.348475 (was 2.34649)
Pin step.fb set to 2.348475 (was 2.34649)
[INFO] hw.stepgen: =human= stepgen sg-cmd-pos=2.600000 rev sg-fb-pos=2.348475 rev sg-vel=1.990000 rps sg-acc=10.000000 rps2

=human= stepgen sg-cmd-pos=2.600000 rev sg-fb-pos=2.348475 rev sg-vel=1.990000 rps sg-acc=10.000000 rps2

[INFO] hw.pins: Pin step.fb set to 2.35047 (was 2.348475)
Pin step.fb set to 2.35047 (was 2.348475)
[INFO] hw.stepgen: =human= stepgen sg-cmd-pos=2.600000 rev sg-fb-pos=2.350470 rev sg-vel=2.000000 rps sg-acc=10.000000 rps2

=human= stepgen sg-cmd-pos=2.600000 rev sg-fb-pos=2.350470 rev sg-vel=2.000000 rps sg-acc=10.000000 rps2

[INFO] hw.pins: Pin step.fb set to 2.352475 (was 2.35047)
Pin step.fb set to 2.352475 (was 2.35047)
[INFO] hw.stepgen: =human= stepgen sg-cmd-pos=2.600000 rev sg-fb-pos=2.352475 rev sg-vel=2.010000 rps sg-acc=10.000000 rps2

=human= stepgen sg-cmd-pos=2.600000 rev sg-fb-pos=2.352475 rev sg-vel=2.010000 rps sg-acc=10.000000 rps2

[INFO] hw.pins: Pin step.fb set to 2.35449 (was 2.352475)
Pin step.fb set to 2.35449 (was 2.352475)
[INFO] hw.stepgen: =human= stepgen sg-cmd-pos=2.600000 rev sg-fb-pos=2.354490 rev sg-vel=2.020000 rps sg-acc=10.000000 rps2

=human= stepgen sg-cmd-pos=2.600000 rev sg-fb-pos=2.354490 rev sg-vel=2.020000 rps sg-acc=10.000000 rps2

[INFO] hw.pins: Pin step.fb set to 2.3565150000000004 (was 2.35449)
Pin step.fb set to 2.3565150000000004 (was 2.35449)
[INFO] hw.stepgen: =human= stepgen sg-cmd-pos=2.600000 rev sg-fb-pos=2.356515 rev sg-vel=2.030000 rps sg-acc=10.000000 rps2

=human= stepgen sg-cmd-pos=2.600000 rev sg-fb-pos=2.356515 rev sg-vel=2.030000 rps sg-acc=10.000000 rps2

[INFO] hw.pins: Pin step.fb set to 2.35855 (was 2.3565150000000004)
Pin step.fb set to 2.35855 (was 2.3565150000000004)
[INFO] hw.stepgen: =human= stepgen sg-cmd-pos=2.600000 rev sg-fb-pos=2.358550 rev sg-vel=2.040000 rps sg-acc=10.000000 rps2

=human= stepgen sg-cmd-pos=2.600000 rev sg-fb-pos=2.358550 rev sg-vel=2.040000 rps sg-acc=10.000000 rps2

[INFO] hw.pins: Pin step.fb set to 2.360595 (was 2.35855)
Pin step.fb set to 2.360595 (was 2.35855)
[INFO] hw.stepgen: =human= stepgen sg-cmd-pos=2.600000 rev sg-fb-pos=2.360595 rev sg-vel=2.050000 rps sg-acc=10.000000 rps2

=human= stepgen sg-cmd-pos=2.600000 rev sg-fb-pos=2.360595 rev sg-vel=2.050000 rps sg-acc=10.000000 rps2

[INFO] hw.pins: Pin step.fb set to 2.36265 (was 2.360595)
Pin step.fb set to 2.36265 (was 2.360595)
[INFO] hw.stepgen: =human= stepgen sg-cmd-pos=2.600000 rev sg-fb-pos=2.362650 rev sg-vel=2.060000 rps sg-acc=10.000000 rps2

=human= stepgen sg-cmd-pos=2.600000 rev sg-fb-pos=2.362650 rev sg-vel=2.060000 rps sg-acc=10.000000 rps2

[INFO] hw.pins: Pin step.fb set to 2.364715 (was 2.36265)
Pin step.fb set to 2.364715 (was 2.36265)
[INFO] hw.stepgen: =human= stepgen sg-cmd-pos=2.600000 rev sg-fb-pos=2.364715 rev sg-vel=2.070000 rps sg-acc=10.000000 rps2

=human= stepgen sg-cmd-pos=2.600000 rev sg-fb-pos=2.364715 rev sg-vel=2.070000 rps sg-acc=10.000000 rps2

[INFO] hw.pins: Pin step.fb set to 2.36679 (was 2.364715)
Pin step.fb set to 2.36679 (was 2.364715)
[INFO] hw.stepgen: =human= stepgen sg-cmd-pos=2.600000 rev sg-fb-pos=2.366790 rev sg-vel=2.080000 rps sg-acc=10.000000 rps2

=human= stepgen sg-cmd-pos=2.600000 rev sg-fb-pos=2.366790 rev sg-vel=2.080000 rps sg-acc=10.000000 rps2

[INFO] hw.pins: Pin step.fb set to 2.368875 (was 2.36679)
Pin step.fb set to 2.368875 (was 2.36679)
[INFO] hw.stepgen: =human= stepgen sg-cmd-pos=2.600000 rev sg-fb-pos=2.368875 rev sg-vel=2.090000 rps sg-acc=10.000000 rps2

=human= stepgen sg-cmd-pos=2.600000 rev sg-fb-pos=2.368875 rev sg-vel=2.090000 rps sg-acc=10.000000 rps2

[INFO] hw.pins: Pin step.fb set to 2.3709700000000002 (was 2.368875)
Pin step.fb set to 2.3709700000000002 (was 2.368875)
[INFO] hw.stepgen: =human= stepgen sg-cmd-pos=2.600000 rev sg-fb-pos=2.370970 rev sg-vel=2.100000 rps sg-acc=10.000000 rps2

=human= stepgen sg-cmd-pos=2.600000 rev sg-fb-pos=2.370970 rev sg-vel=2.100000 rps sg-acc=10.000000 rps2

[INFO] hw.pins: Pin step.fb set to 2.373075 (was 2.3709700000000002)
Pin step.fb set to 2.373075 (was 2.3709700000000002)
[INFO] hw.stepgen: =human= stepgen sg-cmd-pos=2.600000 rev sg-fb-pos=2.373075 rev sg-vel=2.110000 rps sg-acc=10.000000 rps2

=human= stepgen sg-cmd-pos=2.600000 rev sg-fb-pos=2.373075 rev sg-vel=2.110000 rps sg-acc=10.000000 rps2

[INFO] hw.pins: Pin step.fb set to 2.37519 (was 2.373075)
Pin step.fb set to 2.37519 (was 2.373075)
[INFO] hw.stepgen: =human= stepgen sg-cmd-pos=2.600000 rev sg-fb-pos=2.375190 rev sg-vel=2.120000 rps sg-acc=10.000000 rps2

=human= stepgen sg-cmd-pos=2.600000 rev sg-fb-pos=2.375190 rev sg-vel=2.120000 rps sg-acc=10.000000 rps2

[INFO] hw.pins: Pin step.fb set to 2.377315 (was 2.37519)
Pin step.fb set to 2.377315 (was 2.37519)
[INFO] hw.stepgen: =human= stepgen sg-cmd-pos=2.600000 rev sg-fb-pos=2.377315 rev sg-vel=2.130000 rps sg-acc=10.000000 rps2

=human= stepgen sg-cmd-pos=2.600000 rev sg-fb-pos=2.377315 rev sg-vel=2.130000 rps sg-acc=10.000000 rps2

[INFO] hw.pins: Pin step.fb set to 2.3794399999999998 (was 2.377315)
Pin step.fb set to 2.3794399999999998 (was 2.377315)
[INFO] hw.stepgen: =human= stepgen sg-cmd-pos=2.600000 rev sg-fb-pos=2.379440 rev sg-vel=2.120000 rps sg-acc=-10.000000 rps2

=human= stepgen sg-cmd-pos=2.600000 rev sg-fb-pos=2.379440 rev sg-vel=2.120000 rps sg-acc=-10.000000 rps2

[INFO] hw.pins: Pin step.fb set to 2.3815549999999996 (was 2.3794399999999998)
Pin step.fb set to 2.3815549999999996 (was 2.3794399999999998)
[INFO] hw.stepgen: =human= stepgen sg-cmd-pos=2.600000 rev sg-fb-pos=2.381555 rev sg-vel=2.110000 rps sg-acc=-10.000000 rps2

=human= stepgen sg-cmd-pos=2.600000 rev sg-fb-pos=2.381555 rev sg-vel=2.110000 rps sg-acc=-10.000000 rps2

[INFO] hw.pins: Pin step.fb set to 2.3836599999999994 (was 2.3815549999999996)
Pin step.fb set to 2.3836599999999994 (was 2.3815549999999996)
[INFO] hw.stepgen: =human= stepgen sg-cmd-pos=2.600000 rev sg-fb-pos=2.383660 rev sg-vel=2.100000 rps sg-acc=-10.000000 rps2

=human= stepgen sg-cmd-pos=2.600000 rev sg-fb-pos=2.383660 rev sg-vel=2.100000 rps sg-acc=-10.000000 rps2

[INFO] hw.pins: Pin step.fb set to 2.3857549999999996 (was 2.3836599999999994)
Pin step.fb set to 2.3857549999999996 (was 2.3836599999999994)
[INFO] hw.stepgen: =human= stepgen sg-cmd-pos=2.600000 rev sg-fb-pos=2.385755 rev sg-vel=2.090000 rps sg-acc=-10.000000 rps2

=human= stepgen sg-cmd-pos=2.600000 rev sg-fb-pos=2.385755 rev sg-vel=2.090000 rps sg-acc=-10.000000 rps2

[INFO] hw.pins: Pin step.fb set to 2.3878399999999997 (was 2.3857549999999996)
Pin step.fb set to 2.3878399999999997 (was 2.3857549999999996)
[INFO] hw.stepgen: =human= stepgen sg-cmd-pos=2.600000 rev sg-fb-pos=2.387840 rev sg-vel=2.080000 rps sg-acc=-10.000000 rps2

=human= stepgen sg-cmd-pos=2.600000 rev sg-fb-pos=2.387840 rev sg-vel=2.080000 rps sg-acc=-10.000000 rps2

[INFO] hw.pins: Pin step.fb set to 2.389915 (was 2.3878399999999997)
Pin step.fb set to 2.389915 (was 2.3878399999999997)
[INFO] hw.stepgen: =human= stepgen sg-cmd-pos=2.600000 rev sg-fb-pos=2.389915 rev sg-vel=2.070000 rps sg-acc=-10.000000 rps2

=human= stepgen sg-cmd-pos=2.600000 rev sg-fb-pos=2.389915 rev sg-vel=2.070000 rps sg-acc=-10.000000 rps2

[INFO] hw.pins: Pin step.fb set to 2.3919799999999998 (was 2.389915)
Pin step.fb set to 2.3919799999999998 (was 2.389915)
[INFO] hw.stepgen: =human= stepgen sg-cmd-pos=2.600000 rev sg-fb-pos=2.391980 rev sg-vel=2.060000 rps sg-acc=-10.000000 rps2

=human= stepgen sg-cmd-pos=2.600000 rev sg-fb-pos=2.391980 rev sg-vel=2.060000 rps sg-acc=-10.000000 rps2

[INFO] hw.pins: Pin step.fb set to 2.3940349999999997 (was 2.3919799999999998)
Pin step.fb set to 2.3940349999999997 (was 2.3919799999999998)
[INFO] hw.stepgen: =human= stepgen sg-cmd-pos=2.600000 rev sg-fb-pos=2.394035 rev sg-vel=2.050000 rps sg-acc=-10.000000 rps2

=human= stepgen sg-cmd-pos=2.600000 rev sg-fb-pos=2.394035 rev sg-vel=2.050000 rps sg-acc=-10.000000 rps2

[INFO] hw.pins: Pin step.fb set to 2.3960799999999995 (was 2.3940349999999997)
Pin step.fb set to 2.3960799999999995 (was 2.3940349999999997)
[INFO] hw.stepgen: =human= stepgen sg-cmd-pos=2.600000 rev sg-fb-pos=2.396080 rev sg-vel=2.040000 rps sg-acc=-10.000000 rps2

=human= stepgen sg-cmd-pos=2.600000 rev sg-fb-pos=2.396080 rev sg-vel=2.040000 rps sg-acc=-10.000000 rps2

[INFO] hw.pins: Pin step.fb set to 2.3981149999999993 (was 2.3960799999999995)
Pin step.fb set to 2.3981149999999993 (was 2.3960799999999995)
[INFO] hw.stepgen: =human= stepgen sg-cmd-pos=2.600000 rev sg-fb-pos=2.398115 rev sg-vel=2.030000 rps sg-acc=-10.000000 rps2

=human= stepgen sg-cmd-pos=2.600000 rev sg-fb-pos=2.398115 rev sg-vel=2.030000 rps sg-acc=-10.000000 rps2

[INFO] hw.pins: Pin step.fb set to 2.4001399999999995 (was 2.3981149999999993)
Pin step.fb set to 2.4001399999999995 (was 2.3981149999999993)
[INFO] hw.stepgen: =human= stepgen sg-cmd-pos=2.600000 rev sg-fb-pos=2.400140 rev sg-vel=2.020000 rps sg-acc=-10.000000 rps2

=human= stepgen sg-cmd-pos=2.600000 rev sg-fb-pos=2.400140 rev sg-vel=2.020000 rps sg-acc=-10.000000 rps2

[INFO] hw.pins: Pin step.fb set to 2.4021549999999996 (was 2.4001399999999995)
Pin step.fb set to 2.4021549999999996 (was 2.4001399999999995)
[INFO] hw.stepgen: =human= stepgen sg-cmd-pos=2.600000 rev sg-fb-pos=2.402155 rev sg-vel=2.010000 rps sg-acc=-10.000000 rps2

=human= stepgen sg-cmd-pos=2.600000 rev sg-fb-pos=2.402155 rev sg-vel=2.010000 rps sg-acc=-10.000000 rps2

[INFO] hw.pins: Pin step.fb set to 2.4041599999999996 (was 2.4021549999999996)
Pin step.fb set to 2.4041599999999996 (was 2.4021549999999996)
[INFO] hw.stepgen: =human= stepgen sg-cmd-pos=2.600000 rev sg-fb-pos=2.404160 rev sg-vel=2.000000 rps sg-acc=-10.000000 rps2

=human= stepgen sg-cmd-pos=2.600000 rev sg-fb-pos=2.404160 rev sg-vel=2.000000 rps sg-acc=-10.000000 rps2

[INFO] hw.pins: Pin step.fb set to 2.4061549999999996 (was 2.4041599999999996)
Pin step.fb set to 2.4061549999999996 (was 2.4041599999999996)
[INFO] hw.stepgen: =human= stepgen sg-cmd-pos=2.600000 rev sg-fb-pos=2.406155 rev sg-vel=1.990000 rps sg-acc=-10.000000 rps2

=human= stepgen sg-cmd-pos=2.600000 rev sg-fb-pos=2.406155 rev sg-vel=1.990000 rps sg-acc=-10.000000 rps2

[INFO] hw.pins: Pin step.fb set to 2.4081399999999995 (was 2.4061549999999996)
Pin step.fb set to 2.4081399999999995 (was 2.4061549999999996)
[INFO] hw.stepgen: =human= stepgen sg-cmd-pos=2.600000 rev sg-fb-pos=2.408140 rev sg-vel=1.980000 rps sg-acc=-10.000000 rps2

=human= stepgen sg-cmd-pos=2.600000 rev sg-fb-pos=2.408140 rev sg-vel=1.980000 rps sg-acc=-10.000000 rps2

[INFO] hw.pins: Pin step.fb set to 2.4101149999999993 (was 2.4081399999999995)
Pin step.fb set to 2.4101149999999993 (was 2.4081399999999995)
[INFO] hw.stepgen: =human= stepgen sg-cmd-pos=2.600000 rev sg-fb-pos=2.410115 rev sg-vel=1.970000 rps sg-acc=-10.000000 rps2

=human= stepgen sg-cmd-pos=2.600000 rev sg-fb-pos=2.410115 rev sg-vel=1.970000 rps sg-acc=-10.000000 rps2

[INFO] hw.pins: Pin step.fb set to 2.4120799999999996 (was 2.4101149999999993)
Pin step.fb set to 2.4120799999999996 (was 2.4101149999999993)
[INFO] hw.stepgen: =human= stepgen sg-cmd-pos=2.600000 rev sg-fb-pos=2.412080 rev sg-vel=1.960000 rps sg-acc=-10.000000 rps2

=human= stepgen sg-cmd-pos=2.600000 rev sg-fb-pos=2.412080 rev sg-vel=1.960000 rps sg-acc=-10.000000 rps2

[INFO] hw.pins: Pin step.fb set to 2.4140349999999997 (was 2.4120799999999996)
Pin step.fb set to 2.4140349999999997 (was 2.4120799999999996)
[INFO] hw.stepgen: =human= stepgen sg-cmd-pos=2.600000 rev sg-fb-pos=2.414035 rev sg-vel=1.950000 rps sg-acc=-10.000000 rps2

=human= stepgen sg-cmd-pos=2.600000 rev sg-fb-pos=2.414035 rev sg-vel=1.950000 rps sg-acc=-10.000000 rps2

[INFO] hw.pins: Pin step.fb set to 2.41598 (was 2.4140349999999997)
Pin step.fb set to 2.41598 (was 2.4140349999999997)
[INFO] hw.stepgen: =human= stepgen sg-cmd-pos=2.600000 rev sg-fb-pos=2.415980 rev sg-vel=1.940000 rps sg-acc=-10.000000 rps2

=human= stepgen sg-cmd-pos=2.600000 rev sg-fb-pos=2.415980 rev sg-vel=1.940000 rps sg-acc=-10.000000 rps2

[INFO] hw.pins: Pin step.fb set to 2.417915 (was 2.41598)
Pin step.fb set to 2.417915 (was 2.41598)
[INFO] hw.stepgen: =human= stepgen sg-cmd-pos=2.600000 rev sg-fb-pos=2.417915 rev sg-vel=1.930000 rps sg-acc=-10.000000 rps2

=human= stepgen sg-cmd-pos=2.600000 rev sg-fb-pos=2.417915 rev sg-vel=1.930000 rps sg-acc=-10.000000 rps2

[INFO] hw.pins: Pin step.fb set to 2.4198399999999998 (was 2.417915)
Pin step.fb set to 2.4198399999999998 (was 2.417915)
[INFO] hw.stepgen: =human= stepgen sg-cmd-pos=2.600000 rev sg-fb-pos=2.419840 rev sg-vel=1.920000 rps sg-acc=-10.000000 rps2

=human= stepgen sg-cmd-pos=2.600000 rev sg-fb-pos=2.419840 rev sg-vel=1.920000 rps sg-acc=-10.000000 rps2

[INFO] hw.pins: Pin step.fb set to 2.4217549999999997 (was 2.4198399999999998)
Pin step.fb set to 2.4217549999999997 (was 2.4198399999999998)
[INFO] hw.stepgen: =human= stepgen sg-cmd-pos=2.600000 rev sg-fb-pos=2.421755 rev sg-vel=1.910000 rps sg-acc=-10.000000 rps2

=human= stepgen sg-cmd-pos=2.600000 rev sg-fb-pos=2.421755 rev sg-vel=1.910000 rps sg-acc=-10.000000 rps2

[INFO] hw.pins: Pin step.fb set to 2.4236599999999995 (was 2.4217549999999997)
Pin step.fb set to 2.4236599999999995 (was 2.4217549999999997)
[INFO] hw.stepgen: =human= stepgen sg-cmd-pos=2.600000 rev sg-fb-pos=2.423660 rev sg-vel=1.900000 rps sg-acc=-10.000000 rps2

=human= stepgen sg-cmd-pos=2.600000 rev sg-fb-pos=2.423660 rev sg-vel=1.900000 rps sg-acc=-10.000000 rps2

[INFO] hw.pins: Pin step.fb set to 2.4255549999999997 (was 2.4236599999999995)
Pin step.fb set to 2.4255549999999997 (was 2.4236599999999995)
[INFO] hw.stepgen: =human= stepgen sg-cmd-pos=2.600000 rev sg-fb-pos=2.425555 rev sg-vel=1.890000 rps sg-acc=-10.000000 rps2

=human= stepgen sg-cmd-pos=2.600000 rev sg-fb-pos=2.425555 rev sg-vel=1.890000 rps sg-acc=-10.000000 rps2

[INFO] hw.pins: Pin step.fb set to 2.42744 (was 2.4255549999999997)
Pin step.fb set to 2.42744 (was 2.4255549999999997)
[INFO] hw.stepgen: =human= stepgen sg-cmd-pos=2.600000 rev sg-fb-pos=2.427440 rev sg-vel=1.880000 rps sg-acc=-10.000000 rps2

=human= stepgen sg-cmd-pos=2.600000 rev sg-fb-pos=2.427440 rev sg-vel=1.880000 rps sg-acc=-10.000000 rps2

[INFO] hw.pins: Pin step.cmd set to 2.700000000000001 (was 2.600000000000001)
Pin step.cmd set to 2.700000000000001 (was 2.600000000000001)
[INFO] hw.pins: Pin step.fb set to 2.429325 (was 2.42744)
Pin step.fb set to 2.429325 (was 2.42744)
[INFO] hw.stepgen: =human= stepgen sg-cmd-pos=2.700000 rev sg-fb-pos=2.429325 rev sg-vel=1.890000 rps sg-acc=10.000000 rps2

=human= stepgen sg-cmd-pos=2.700000 rev sg-fb-pos=2.429325 rev sg-vel=1.890000 rps sg-acc=10.000000 rps2

[INFO] hw.stepgen: =human= stepgen event=reaim sg-cmd-pos=2.700000 rev sg-fb-pos=2.429325 rev sg-vel=1.890000 rps

=human= stepgen event=reaim sg-cmd-pos=2.700000 rev sg-fb-pos=2.429325 rev sg-vel=1.890000 rps

[INFO] hw.pins: Pin step.fb set to 2.43122 (was 2.429325)
Pin step.fb set to 2.43122 (was 2.429325)
[INFO] hw.stepgen: =human= stepgen sg-cmd-pos=2.700000 rev sg-fb-pos=2.431220 rev sg-vel=1.900000 rps sg-acc=10.000000 rps2

=human= stepgen sg-cmd-pos=2.700000 rev sg-fb-pos=2.431220 rev sg-vel=1.900000 rps sg-acc=10.000000 rps2

[INFO] hw.pins: Pin step.fb set to 2.433125 (was 2.43122)
Pin step.fb set to 2.433125 (was 2.43122)
[INFO] hw.stepgen: =human= stepgen sg-cmd-pos=2.700000 rev sg-fb-pos=2.433125 rev sg-vel=1.910000 rps sg-acc=10.000000 rps2

=human= stepgen sg-cmd-pos=2.700000 rev sg-fb-pos=2.433125 rev sg-vel=1.910000 rps sg-acc=10.000000 rps2

[INFO] hw.pins: Pin step.fb set to 2.43504 (was 2.433125)
Pin step.fb set to 2.43504 (was 2.433125)
[INFO] hw.stepgen: =human= stepgen sg-cmd-pos=2.700000 rev sg-fb-pos=2.435040 rev sg-vel=1.920000 rps sg-acc=10.000000 rps2

=human= stepgen sg-cmd-pos=2.700000 rev sg-fb-pos=2.435040 rev sg-vel=1.920000 rps sg-acc=10.000000 rps2

[INFO] hw.pins: Pin step.fb set to 2.436965 (was 2.43504)
Pin step.fb set to 2.436965 (was 2.43504)
[INFO] hw.stepgen: =human= stepgen sg-cmd-pos=2.700000 rev sg-fb-pos=2.436965 rev sg-vel=1.930000 rps sg-acc=10.000000 rps2

=human= stepgen sg-cmd-pos=2.700000 rev sg-fb-pos=2.436965 rev sg-vel=1.930000 rps sg-acc=10.000000 rps2

[INFO] hw.pins: Pin step.fb set to 2.4389 (was 2.436965)
Pin step.fb set to 2.4389 (was 2.436965)
[INFO] hw.stepgen: =human= stepgen sg-cmd-pos=2.700000 rev sg-fb-pos=2.438900 rev sg-vel=1.940000 rps sg-acc=10.000000 rps2

=human= stepgen sg-cmd-pos=2.700000 rev sg-fb-pos=2.438900 rev sg-vel=1.940000 rps sg-acc=10.000000 rps2

[INFO] hw.pins: Pin step.fb set to 2.440845 (was 2.4389)
Pin step.fb set to 2.440845 (was 2.4389)
[INFO] hw.stepgen: =human= stepgen sg-cmd-pos=2.700000 rev sg-fb-pos=2.440845 rev sg-vel=1.950000 rps sg-acc=10.000000 rps2

=human= stepgen sg-cmd-pos=2.700000 rev sg-fb-pos=2.440845 rev sg-vel=1.950000 rps sg-acc=10.000000 rps2

[INFO] hw.pins: Pin step.fb set to 2.4428 (was 2.440845)
Pin step.fb set to 2.4428 (was 2.440845)
[INFO] hw.stepgen: =human= stepgen sg-cmd-pos=2.700000 rev sg-fb-pos=2.442800 rev sg-vel=1.960000 rps sg-acc=10.000000 rps2

=human= stepgen sg-cmd-pos=2.700000 rev sg-fb-pos=2.442800 rev sg-vel=1.960000 rps sg-acc=10.000000 rps2

[INFO] hw.pins: Pin step.fb set to 2.4447650000000003 (was 2.4428)
Pin step.fb set to 2.4447650000000003 (was 2.4428)
[INFO] hw.stepgen: =human= stepgen sg-cmd-pos=2.700000 rev sg-fb-pos=2.444765 rev sg-vel=1.970000 rps sg-acc=10.000000 rps2

=human= stepgen sg-cmd-pos=2.700000 rev sg-fb-pos=2.444765 rev sg-vel=1.970000 rps sg-acc=10.000000 rps2

[INFO] hw.pins: Pin step.fb set to 2.44674 (was 2.4447650000000003)
Pin step.fb set to 2.44674 (was 2.4447650000000003)
[INFO] hw.stepgen: =human= stepgen sg-cmd-pos=2.700000 rev sg-fb-pos=2.446740 rev sg-vel=1.980000 rps sg-acc=10.000000 rps2

=human= stepgen sg-cmd-pos=2.700000 rev sg-fb-pos=2.446740 rev sg-vel=1.980000 rps sg-acc=10.000000 rps2

[INFO] hw.pins: Pin step.fb set to 2.448725 (was 2.44674)
Pin step.fb set to 2.448725 (was 2.44674)
[INFO] hw.stepgen: =human= stepgen sg-cmd-pos=2.700000 rev sg-fb-pos=2.448725 rev sg-vel=1.990000 rps sg-acc=10.000000 rps2

=human= stepgen sg-cmd-pos=2.700000 rev sg-fb-pos=2.448725 rev sg-vel=1.990000 rps sg-acc=10.000000 rps2

[INFO] hw.pins: Pin step.fb set to 2.45072 (was 2.448725)
Pin step.fb set to 2.45072 (was 2.448725)
[INFO] hw.stepgen: =human= stepgen sg-cmd-pos=2.700000 rev sg-fb-pos=2.450720 rev sg-vel=2.000000 rps sg-acc=10.000000 rps2

=human= stepgen sg-cmd-pos=2.700000 rev sg-fb-pos=2.450720 rev sg-vel=2.000000 rps sg-acc=10.000000 rps2

[INFO] hw.pins: Pin step.fb set to 2.452725 (was 2.45072)
Pin step.fb set to 2.452725 (was 2.45072)
[INFO] hw.stepgen: =human= stepgen sg-cmd-pos=2.700000 rev sg-fb-pos=2.452725 rev sg-vel=2.010000 rps sg-acc=10.000000 rps2

=human= stepgen sg-cmd-pos=2.700000 rev sg-fb-pos=2.452725 rev sg-vel=2.010000 rps sg-acc=10.000000 rps2

[INFO] hw.pins: Pin step.fb set to 2.45474 (was 2.452725)
Pin step.fb set to 2.45474 (was 2.452725)
[INFO] hw.stepgen: =human= stepgen sg-cmd-pos=2.700000 rev sg-fb-pos=2.454740 rev sg-vel=2.020000 rps sg-acc=10.000000 rps2

=human= stepgen sg-cmd-pos=2.700000 rev sg-fb-pos=2.454740 rev sg-vel=2.020000 rps sg-acc=10.000000 rps2

[INFO] hw.pins: Pin step.fb set to 2.4567650000000003 (was 2.45474)
Pin step.fb set to 2.4567650000000003 (was 2.45474)
[INFO] hw.stepgen: =human= stepgen sg-cmd-pos=2.700000 rev sg-fb-pos=2.456765 rev sg-vel=2.030000 rps sg-acc=10.000000 rps2

=human= stepgen sg-cmd-pos=2.700000 rev sg-fb-pos=2.456765 rev sg-vel=2.030000 rps sg-acc=10.000000 rps2

[INFO] hw.pins: Pin step.fb set to 2.4588 (was 2.4567650000000003)
Pin step.fb set to 2.4588 (was 2.4567650000000003)
[INFO] hw.stepgen: =human= stepgen sg-cmd-pos=2.700000 rev sg-fb-pos=2.458800 rev sg-vel=2.040000 rps sg-acc=10.000000 rps2

=human= stepgen sg-cmd-pos=2.700000 rev sg-fb-pos=2.458800 rev sg-vel=2.040000 rps sg-acc=10.000000 rps2

[INFO] hw.pins: Pin step.fb set to 2.460845 (was 2.4588)
Pin step.fb set to 2.460845 (was 2.4588)
[INFO] hw.stepgen: =human= stepgen sg-cmd-pos=2.700000 rev sg-fb-pos=2.460845 rev sg-vel=2.050000 rps sg-acc=10.000000 rps2

=human= stepgen sg-cmd-pos=2.700000 rev sg-fb-pos=2.460845 rev sg-vel=2.050000 rps sg-acc=10.000000 rps2

[INFO] hw.pins: Pin step.fb set to 2.4629 (was 2.460845)
Pin step.fb set to 2.4629 (was 2.460845)
[INFO] hw.stepgen: =human= stepgen sg-cmd-pos=2.700000 rev sg-fb-pos=2.462900 rev sg-vel=2.060000 rps sg-acc=10.000000 rps2

=human= stepgen sg-cmd-pos=2.700000 rev sg-fb-pos=2.462900 rev sg-vel=2.060000 rps sg-acc=10.000000 rps2

[INFO] hw.pins: Pin step.fb set to 2.464965 (was 2.4629)
Pin step.fb set to 2.464965 (was 2.4629)
[INFO] hw.stepgen: =human= stepgen sg-cmd-pos=2.700000 rev sg-fb-pos=2.464965 rev sg-vel=2.070000 rps sg-acc=10.000000 rps2

=human= stepgen sg-cmd-pos=2.700000 rev sg-fb-pos=2.464965 rev sg-vel=2.070000 rps sg-acc=10.000000 rps2

[INFO] hw.pins: Pin step.fb set to 2.46704 (was 2.464965)
Pin step.fb set to 2.46704 (was 2.464965)
[INFO] hw.stepgen: =human= stepgen sg-cmd-pos=2.700000 rev sg-fb-pos=2.467040 rev sg-vel=2.080000 rps sg-acc=10.000000 rps2

=human= stepgen sg-cmd-pos=2.700000 rev sg-fb-pos=2.467040 rev sg-vel=2.080000 rps sg-acc=10.000000 rps2

[INFO] hw.pins: Pin step.fb set to 2.469125 (was 2.46704)
Pin step.fb set to 2.469125 (was 2.46704)
[INFO] hw.stepgen: =human= stepgen sg-cmd-pos=2.700000 rev sg-fb-pos=2.469125 rev sg-vel=2.090000 rps sg-acc=10.000000 rps2

=human= stepgen sg-cmd-pos=2.700000 rev sg-fb-pos=2.469125 rev sg-vel=2.090000 rps sg-acc=10.000000 rps2

[INFO] hw.pins: Pin step.fb set to 2.47122 (was 2.469125)
Pin step.fb set to 2.47122 (was 2.469125)
[INFO] hw.stepgen: =human= stepgen sg-cmd-pos=2.700000 rev sg-fb-pos=2.471220 rev sg-vel=2.100000 rps sg-acc=10.000000 rps2

=human= stepgen sg-cmd-pos=2.700000 rev sg-fb-pos=2.471220 rev sg-vel=2.100000 rps sg-acc=10.000000 rps2

[INFO] hw.pins: Pin step.fb set to 2.473325 (was 2.47122)
Pin step.fb set to 2.473325 (was 2.47122)
[INFO] hw.stepgen: =human= stepgen sg-cmd-pos=2.700000 rev sg-fb-pos=2.473325 rev sg-vel=2.110000 rps sg-acc=10.000000 rps2

=human= stepgen sg-cmd-pos=2.700000 rev sg-fb-pos=2.473325 rev sg-vel=2.110000 rps sg-acc=10.000000 rps2

[INFO] hw.pins: Pin step.fb set to 2.47544 (was 2.473325)
Pin step.fb set to 2.47544 (was 2.473325)
[INFO] hw.stepgen: =human= stepgen sg-cmd-pos=2.700000 rev sg-fb-pos=2.475440 rev sg-vel=2.120000 rps sg-acc=10.000000 rps2

=human= stepgen sg-cmd-pos=2.700000 rev sg-fb-pos=2.475440 rev sg-vel=2.120000 rps sg-acc=10.000000 rps2

[INFO] hw.pins: Pin step.fb set to 2.4775549999999997 (was 2.47544)
Pin step.fb set to 2.4775549999999997 (was 2.47544)
[INFO] hw.stepgen: =human= stepgen sg-cmd-pos=2.700000 rev sg-fb-pos=2.477555 rev sg-vel=2.110000 rps sg-acc=-10.000000 rps2

=human= stepgen sg-cmd-pos=2.700000 rev sg-fb-pos=2.477555 rev sg-vel=2.110000 rps sg-acc=-10.000000 rps2

[INFO] hw.pins: Pin step.fb set to 2.4796599999999995 (was 2.4775549999999997)
Pin step.fb set to 2.4796599999999995 (was 2.4775549999999997)
[INFO] hw.stepgen: =human= stepgen sg-cmd-pos=2.700000 rev sg-fb-pos=2.479660 rev sg-vel=2.100000 rps sg-acc=-10.000000 rps2

=human= stepgen sg-cmd-pos=2.700000 rev sg-fb-pos=2.479660 rev sg-vel=2.100000 rps sg-acc=-10.000000 rps2

[INFO] hw.pins: Pin step.fb set to 2.4817549999999997 (was 2.4796599999999995)
Pin step.fb set to 2.4817549999999997 (was 2.4796599999999995)
[INFO] hw.stepgen: =human= stepgen sg-cmd-pos=2.700000 rev sg-fb-pos=2.481755 rev sg-vel=2.090000 rps sg-acc=-10.000000 rps2

=human= stepgen sg-cmd-pos=2.700000 rev sg-fb-pos=2.481755 rev sg-vel=2.090000 rps sg-acc=-10.000000 rps2

[INFO] hw.pins: Pin step.fb set to 2.48384 (was 2.4817549999999997)
Pin step.fb set to 2.48384 (was 2.4817549999999997)
[INFO] hw.stepgen: =human= stepgen sg-cmd-pos=2.700000 rev sg-fb-pos=2.483840 rev sg-vel=2.080000 rps sg-acc=-10.000000 rps2

=human= stepgen sg-cmd-pos=2.700000 rev sg-fb-pos=2.483840 rev sg-vel=2.080000 rps sg-acc=-10.000000 rps2

[INFO] hw.pins: Pin step.fb set to 2.485915 (was 2.48384)
Pin step.fb set to 2.485915 (was 2.48384)
[INFO] hw.stepgen: =human= stepgen sg-cmd-pos=2.700000 rev sg-fb-pos=2.485915 rev sg-vel=2.070000 rps sg-acc=-10.000000 rps2

=human= stepgen sg-cmd-pos=2.700000 rev sg-fb-pos=2.485915 rev sg-vel=2.070000 rps sg-acc=-10.000000 rps2

[INFO] hw.pins: Pin step.fb set to 2.48798 (was 2.485915)
Pin step.fb set to 2.48798 (was 2.485915)
[INFO] hw.stepgen: =human= stepgen sg-cmd-pos=2.700000 rev sg-fb-pos=2.487980 rev sg-vel=2.060000 rps sg-acc=-10.000000 rps2

=human= stepgen sg-cmd-pos=2.700000 rev sg-fb-pos=2.487980 rev sg-vel=2.060000 rps sg-acc=-10.000000 rps2

[INFO] hw.pins: Pin step.fb set to 2.4900349999999998 (was 2.48798)
Pin step.fb set to 2.4900349999999998 (was 2.48798)
[INFO] hw.stepgen: =human= stepgen sg-cmd-pos=2.700000 rev sg-fb-pos=2.490035 rev sg-vel=2.050000 rps sg-acc=-10.000000 rps2

=human= stepgen sg-cmd-pos=2.700000 rev sg-fb-pos=2.490035 rev sg-vel=2.050000 rps sg-acc=-10.000000 rps2

[INFO] hw.pins: Pin step.fb set to 2.4920799999999996 (was 2.4900349999999998)
Pin step.fb set to 2.4920799999999996 (was 2.4900349999999998)
[INFO] hw.stepgen: =human= stepgen sg-cmd-pos=2.700000 rev sg-fb-pos=2.492080 rev sg-vel=2.040000 rps sg-acc=-10.000000 rps2

=human= stepgen sg-cmd-pos=2.700000 rev sg-fb-pos=2.492080 rev sg-vel=2.040000 rps sg-acc=-10.000000 rps2

[INFO] hw.pins: Pin step.fb set to 2.4941149999999994 (was 2.4920799999999996)
Pin step.fb set to 2.4941149999999994 (was 2.4920799999999996)
[INFO] hw.stepgen: =human= stepgen sg-cmd-pos=2.700000 rev sg-fb-pos=2.494115 rev sg-vel=2.030000 rps sg-acc=-10.000000 rps2

=human= stepgen sg-cmd-pos=2.700000 rev sg-fb-pos=2.494115 rev sg-vel=2.030000 rps sg-acc=-10.000000 rps2

[INFO] hw.pins: Pin step.fb set to 2.4961399999999996 (was 2.4941149999999994)
Pin step.fb set to 2.4961399999999996 (was 2.4941149999999994)
[INFO] hw.stepgen: =human= stepgen sg-cmd-pos=2.700000 rev sg-fb-pos=2.496140 rev sg-vel=2.020000 rps sg-acc=-10.000000 rps2

=human= stepgen sg-cmd-pos=2.700000 rev sg-fb-pos=2.496140 rev sg-vel=2.020000 rps sg-acc=-10.000000 rps2

[INFO] hw.pins: Pin step.fb set to 2.4981549999999997 (was 2.4961399999999996)
Pin step.fb set to 2.4981549999999997 (was 2.4961399999999996)
[INFO] hw.stepgen: =human= stepgen sg-cmd-pos=2.700000 rev sg-fb-pos=2.498155 rev sg-vel=2.010000 rps sg-acc=-10.000000 rps2

=human= stepgen sg-cmd-pos=2.700000 rev sg-fb-pos=2.498155 rev sg-vel=2.010000 rps sg-acc=-10.000000 rps2

[INFO] hw.pins: Pin step.fb set to 2.5001599999999997 (was 2.4981549999999997)
Pin step.fb set to 2.5001599999999997 (was 2.4981549999999997)
[INFO] hw.stepgen: =human= stepgen sg-cmd-pos=2.700000 rev sg-fb-pos=2.500160 rev sg-vel=2.000000 rps sg-acc=-10.000000 rps2

=human= stepgen sg-cmd-pos=2.700000 rev sg-fb-pos=2.500160 rev sg-vel=2.000000 rps sg-acc=-10.000000 rps2

[INFO] hw.pins: Pin step.fb set to 2.5021549999999997 (was 2.5001599999999997)
Pin step.fb set to 2.5021549999999997 (was 2.5001599999999997)
[INFO] hw.stepgen: =human= stepgen sg-cmd-pos=2.700000 rev sg-fb-pos=2.502155 rev sg-vel=1.990000 rps sg-acc=-10.000000 rps2

=human= stepgen sg-cmd-pos=2.700000 rev sg-fb-pos=2.502155 rev sg-vel=1.990000 rps sg-acc=-10.000000 rps2

[INFO] hw.pins: Pin step.fb set to 2.5041399999999996 (was 2.5021549999999997)
Pin step.fb set to 2.5041399999999996 (was 2.5021549999999997)
[INFO] hw.stepgen: =human= stepgen sg-cmd-pos=2.700000 rev sg-fb-pos=2.504140 rev sg-vel=1.980000 rps sg-acc=-10.000000 rps2

=human= stepgen sg-cmd-pos=2.700000 rev sg-fb-pos=2.504140 rev sg-vel=1.980000 rps sg-acc=-10.000000 rps2

[INFO] hw.pins: Pin step.fb set to 2.5061149999999994 (was 2.5041399999999996)
Pin step.fb set to 2.5061149999999994 (was 2.5041399999999996)
[INFO] hw.stepgen: =human= stepgen sg-cmd-pos=2.700000 rev sg-fb-pos=2.506115 rev sg-vel=1.970000 rps sg-acc=-10.000000 rps2

=human= stepgen sg-cmd-pos=2.700000 rev sg-fb-pos=2.506115 rev sg-vel=1.970000 rps sg-acc=-10.000000 rps2

[INFO] hw.pins: Pin step.fb set to 2.5080799999999996 (was 2.5061149999999994)
Pin step.fb set to 2.5080799999999996 (was 2.5061149999999994)
[INFO] hw.stepgen: =human= stepgen sg-cmd-pos=2.700000 rev sg-fb-pos=2.508080 rev sg-vel=1.960000 rps sg-acc=-10.000000 rps2

=human= stepgen sg-cmd-pos=2.700000 rev sg-fb-pos=2.508080 rev sg-vel=1.960000 rps sg-acc=-10.000000 rps2

[INFO] hw.pins: Pin step.fb set to 2.510035 (was 2.5080799999999996)
Pin step.fb set to 2.510035 (was 2.5080799999999996)
[INFO] hw.stepgen: =human= stepgen sg-cmd-pos=2.700000 rev sg-fb-pos=2.510035 rev sg-vel=1.950000 rps sg-acc=-10.000000 rps2

=human= stepgen sg-cmd-pos=2.700000 rev sg-fb-pos=2.510035 rev sg-vel=1.950000 rps sg-acc=-10.000000 rps2

[INFO] hw.pins: Pin step.fb set to 2.51198 (was 2.510035)
Pin step.fb set to 2.51198 (was 2.510035)
[INFO] hw.stepgen: =human= stepgen sg-cmd-pos=2.700000 rev sg-fb-pos=2.511980 rev sg-vel=1.940000 rps sg-acc=-10.000000 rps2

=human= stepgen sg-cmd-pos=2.700000 rev sg-fb-pos=2.511980 rev sg-vel=1.940000 rps sg-acc=-10.000000 rps2

[INFO] hw.pins: Pin step.fb set to 2.513915 (was 2.51198)
Pin step.fb set to 2.513915 (was 2.51198)
[INFO] hw.stepgen: =human= stepgen sg-cmd-pos=2.700000 rev sg-fb-pos=2.513915 rev sg-vel=1.930000 rps sg-acc=-10.000000 rps2

=human= stepgen sg-cmd-pos=2.700000 rev sg-fb-pos=2.513915 rev sg-vel=1.930000 rps sg-acc=-10.000000 rps2

[INFO] hw.pins: Pin step.fb set to 2.51584 (was 2.513915)
Pin step.fb set to 2.51584 (was 2.513915)
[INFO] hw.stepgen: =human= stepgen sg-cmd-pos=2.700000 rev sg-fb-pos=2.515840 rev sg-vel=1.920000 rps sg-acc=-10.000000 rps2

=human= stepgen sg-cmd-pos=2.700000 rev sg-fb-pos=2.515840 rev sg-vel=1.920000 rps sg-acc=-10.000000 rps2

[INFO] hw.pins: Pin step.fb set to 2.5177549999999997 (was 2.51584)
Pin step.fb set to 2.5177549999999997 (was 2.51584)
[INFO] hw.stepgen: =human= stepgen sg-cmd-pos=2.700000 rev sg-fb-pos=2.517755 rev sg-vel=1.910000 rps sg-acc=-10.000000 rps2

=human= stepgen sg-cmd-pos=2.700000 rev sg-fb-pos=2.517755 rev sg-vel=1.910000 rps sg-acc=-10.000000 rps2

[INFO] hw.pins: Pin step.fb set to 2.5196599999999996 (was 2.5177549999999997)
Pin step.fb set to 2.5196599999999996 (was 2.5177549999999997)
[INFO] hw.stepgen: =human= stepgen sg-cmd-pos=2.700000 rev sg-fb-pos=2.519660 rev sg-vel=1.900000 rps sg-acc=-10.000000 rps2

=human= stepgen sg-cmd-pos=2.700000 rev sg-fb-pos=2.519660 rev sg-vel=1.900000 rps sg-acc=-10.000000 rps2

[INFO] hw.pins: Pin step.fb set to 2.5215549999999998 (was 2.5196599999999996)
Pin step.fb set to 2.5215549999999998 (was 2.5196599999999996)
[INFO] hw.stepgen: =human= stepgen sg-cmd-pos=2.700000 rev sg-fb-pos=2.521555 rev sg-vel=1.890000 rps sg-acc=-10.000000 rps2

=human= stepgen sg-cmd-pos=2.700000 rev sg-fb-pos=2.521555 rev sg-vel=1.890000 rps sg-acc=-10.000000 rps2

[INFO] hw.pins: Pin step.fb set to 2.52344 (was 2.5215549999999998)
Pin step.fb set to 2.52344 (was 2.5215549999999998)
[INFO] hw.stepgen: =human= stepgen sg-cmd-pos=2.700000 rev sg-fb-pos=2.523440 rev sg-vel=1.880000 rps sg-acc=-10.000000 rps2

=human= stepgen sg-cmd-pos=2.700000 rev sg-fb-pos=2.523440 rev sg-vel=1.880000 rps sg-acc=-10.000000 rps2

[INFO] hw.pins: Pin step.fb set to 2.525315 (was 2.52344)
Pin step.fb set to 2.525315 (was 2.52344)
[INFO] hw.stepgen: =human= stepgen sg-cmd-pos=2.700000 rev sg-fb-pos=2.525315 rev sg-vel=1.870000 rps sg-acc=-10.000000 rps2

=human= stepgen sg-cmd-pos=2.700000 rev sg-fb-pos=2.525315 rev sg-vel=1.870000 rps sg-acc=-10.000000 rps2

[INFO] hw.pins: Pin step.fb set to 2.52718 (was 2.525315)
Pin step.fb set to 2.52718 (was 2.525315)
[INFO] hw.stepgen: =human= stepgen sg-cmd-pos=2.700000 rev sg-fb-pos=2.527180 rev sg-vel=1.860000 rps sg-acc=-10.000000 rps2

=human= stepgen sg-cmd-pos=2.700000 rev sg-fb-pos=2.527180 rev sg-vel=1.860000 rps sg-acc=-10.000000 rps2

[INFO] hw.pins: Pin step.cmd set to 2.800000000000001 (was 2.700000000000001)
Pin step.cmd set to 2.800000000000001 (was 2.700000000000001)
[INFO] hw.pins: Pin step.fb set to 2.529045 (was 2.52718)
Pin step.fb set to 2.529045 (was 2.52718)
[INFO] hw.stepgen: =human= stepgen sg-cmd-pos=2.800000 rev sg-fb-pos=2.529045 rev sg-vel=1.870000 rps sg-acc=10.000000 rps2

=human= stepgen sg-cmd-pos=2.800000 rev sg-fb-pos=2.529045 rev sg-vel=1.870000 rps sg-acc=10.000000 rps2

[INFO] hw.stepgen: =human= stepgen event=reaim sg-cmd-pos=2.800000 rev sg-fb-pos=2.529045 rev sg-vel=1.870000 rps

=human= stepgen event=reaim sg-cmd-pos=2.800000 rev sg-fb-pos=2.529045 rev sg-vel=1.870000 rps

[INFO] hw.pins: Pin step.fb set to 2.53092 (was 2.529045)
Pin step.fb set to 2.53092 (was 2.529045)
[INFO] hw.stepgen: =human= stepgen sg-cmd-pos=2.800000 rev sg-fb-pos=2.530920 rev sg-vel=1.880000 rps sg-acc=10.000000 rps2

=human= stepgen sg-cmd-pos=2.800000 rev sg-fb-pos=2.530920 rev sg-vel=1.880000 rps sg-acc=10.000000 rps2

[INFO] hw.pins: Pin step.fb set to 2.532805 (was 2.53092)
Pin step.fb set to 2.532805 (was 2.53092)
[INFO] hw.stepgen: =human= stepgen sg-cmd-pos=2.800000 rev sg-fb-pos=2.532805 rev sg-vel=1.890000 rps sg-acc=10.000000 rps2

=human= stepgen sg-cmd-pos=2.800000 rev sg-fb-pos=2.532805 rev sg-vel=1.890000 rps sg-acc=10.000000 rps2

[INFO] hw.pins: Pin step.fb set to 2.5347000000000004 (was 2.532805)
Pin step.fb set to 2.5347000000000004 (was 2.532805)
[INFO] hw.stepgen: =human= stepgen sg-cmd-pos=2.800000 rev sg-fb-pos=2.534700 rev sg-vel=1.900000 rps sg-acc=10.000000 rps2

=human= stepgen sg-cmd-pos=2.800000 rev sg-fb-pos=2.534700 rev sg-vel=1.900000 rps sg-acc=10.000000 rps2

[INFO] hw.pins: Pin step.fb set to 2.536605 (was 2.5347000000000004)
Pin step.fb set to 2.536605 (was 2.5347000000000004)
[INFO] hw.stepgen: =human= stepgen sg-cmd-pos=2.800000 rev sg-fb-pos=2.536605 rev sg-vel=1.910000 rps sg-acc=10.000000 rps2

=human= stepgen sg-cmd-pos=2.800000 rev sg-fb-pos=2.536605 rev sg-vel=1.910000 rps sg-acc=10.000000 rps2

[INFO] hw.pins: Pin step.fb set to 2.53852 (was 2.536605)
Pin step.fb set to 2.53852 (was 2.536605)
[INFO] hw.stepgen: =human= stepgen sg-cmd-pos=2.800000 rev sg-fb-pos=2.538520 rev sg-vel=1.920000 rps sg-acc=10.000000 rps2

=human= stepgen sg-cmd-pos=2.800000 rev sg-fb-pos=2.538520 rev sg-vel=1.920000 rps sg-acc=10.000000 rps2

[INFO] hw.pins: Pin step.fb set to 2.540445 (was 2.53852)
Pin step.fb set to 2.540445 (was 2.53852)
[INFO] hw.stepgen: =human= stepgen sg-cmd-pos=2.800000 rev sg-fb-pos=2.540445 rev sg-vel=1.930000 rps sg-acc=10.000000 rps2

=human= stepgen sg-cmd-pos=2.800000 rev sg-fb-pos=2.540445 rev sg-vel=1.930000 rps sg-acc=10.000000 rps2

[INFO] hw.pins: Pin step.fb set to 2.54238 (was 2.540445)
Pin step.fb set to 2.54238 (was 2.540445)
[INFO] hw.stepgen: =human= stepgen sg-cmd-pos=2.800000 rev sg-fb-pos=2.542380 rev sg-vel=1.940000 rps sg-acc=10.000000 rps2

=human= stepgen sg-cmd-pos=2.800000 rev sg-fb-pos=2.542380 rev sg-vel=1.940000 rps sg-acc=10.000000 rps2

[INFO] hw.pins: Pin step.fb set to 2.544325 (was 2.54238)
Pin step.fb set to 2.544325 (was 2.54238)
[INFO] hw.stepgen: =human= stepgen sg-cmd-pos=2.800000 rev sg-fb-pos=2.544325 rev sg-vel=1.950000 rps sg-acc=10.000000 rps2

=human= stepgen sg-cmd-pos=2.800000 rev sg-fb-pos=2.544325 rev sg-vel=1.950000 rps sg-acc=10.000000 rps2

[INFO] hw.pins: Pin step.fb set to 2.5462800000000003 (was 2.544325)
Pin step.fb set to 2.5462800000000003 (was 2.544325)
[INFO] hw.stepgen: =human= stepgen sg-cmd-pos=2.800000 rev sg-fb-pos=2.546280 rev sg-vel=1.960000 rps sg-acc=10.000000 rps2

=human= stepgen sg-cmd-pos=2.800000 rev sg-fb-pos=2.546280 rev sg-vel=1.960000 rps sg-acc=10.000000 rps2

[INFO] hw.pins: Pin step.fb set to 2.5482450000000005 (was 2.5462800000000003)
Pin step.fb set to 2.5482450000000005 (was 2.5462800000000003)
[INFO] hw.stepgen: =human= stepgen sg-cmd-pos=2.800000 rev sg-fb-pos=2.548245 rev sg-vel=1.970000 rps sg-acc=10.000000 rps2

=human= stepgen sg-cmd-pos=2.800000 rev sg-fb-pos=2.548245 rev sg-vel=1.970000 rps sg-acc=10.000000 rps2

[INFO] hw.pins: Pin step.fb set to 2.5502200000000004 (was 2.5482450000000005)
Pin step.fb set to 2.5502200000000004 (was 2.5482450000000005)
[INFO] hw.stepgen: =human= stepgen sg-cmd-pos=2.800000 rev sg-fb-pos=2.550220 rev sg-vel=1.980000 rps sg-acc=10.000000 rps2

=human= stepgen sg-cmd-pos=2.800000 rev sg-fb-pos=2.550220 rev sg-vel=1.980000 rps sg-acc=10.000000 rps2

[INFO] hw.pins: Pin step.fb set to 2.5522050000000003 (was 2.5502200000000004)
Pin step.fb set to 2.5522050000000003 (was 2.5502200000000004)
[INFO] hw.stepgen: =human= stepgen sg-cmd-pos=2.800000 rev sg-fb-pos=2.552205 rev sg-vel=1.990000 rps sg-acc=10.000000 rps2

=human= stepgen sg-cmd-pos=2.800000 rev sg-fb-pos=2.552205 rev sg-vel=1.990000 rps sg-acc=10.000000 rps2

[INFO] hw.pins: Pin step.fb set to 2.5542000000000002 (was 2.5522050000000003)
Pin step.fb set to 2.5542000000000002 (was 2.5522050000000003)
[INFO] hw.stepgen: =human= stepgen sg-cmd-pos=2.800000 rev sg-fb-pos=2.554200 rev sg-vel=2.000000 rps sg-acc=10.000000 rps2

=human= stepgen sg-cmd-pos=2.800000 rev sg-fb-pos=2.554200 rev sg-vel=2.000000 rps sg-acc=10.000000 rps2

[INFO] hw.pins: Pin step.fb set to 2.5562050000000003 (was 2.5542000000000002)
Pin step.fb set to 2.5562050000000003 (was 2.5542000000000002)
[INFO] hw.stepgen: =human= stepgen sg-cmd-pos=2.800000 rev sg-fb-pos=2.556205 rev sg-vel=2.010000 rps sg-acc=10.000000 rps2

=human= stepgen sg-cmd-pos=2.800000 rev sg-fb-pos=2.556205 rev sg-vel=2.010000 rps sg-acc=10.000000 rps2

[INFO] hw.pins: Pin step.fb set to 2.5582200000000004 (was 2.5562050000000003)
Pin step.fb set to 2.5582200000000004 (was 2.5562050000000003)
[INFO] hw.stepgen: =human= stepgen sg-cmd-pos=2.800000 rev sg-fb-pos=2.558220 rev sg-vel=2.020000 rps sg-acc=10.000000 rps2

=human= stepgen sg-cmd-pos=2.800000 rev sg-fb-pos=2.558220 rev sg-vel=2.020000 rps sg-acc=10.000000 rps2

[INFO] hw.pins: Pin step.fb set to 2.5602450000000005 (was 2.5582200000000004)
Pin step.fb set to 2.5602450000000005 (was 2.5582200000000004)
[INFO] hw.stepgen: =human= stepgen sg-cmd-pos=2.800000 rev sg-fb-pos=2.560245 rev sg-vel=2.030000 rps sg-acc=10.000000 rps2

=human= stepgen sg-cmd-pos=2.800000 rev sg-fb-pos=2.560245 rev sg-vel=2.030000 rps sg-acc=10.000000 rps2

[INFO] hw.pins: Pin step.fb set to 2.5622800000000003 (was 2.5602450000000005)
Pin step.fb set to 2.5622800000000003 (was 2.5602450000000005)
[INFO] hw.stepgen: =human= stepgen sg-cmd-pos=2.800000 rev sg-fb-pos=2.562280 rev sg-vel=2.040000 rps sg-acc=10.000000 rps2

=human= stepgen sg-cmd-pos=2.800000 rev sg-fb-pos=2.562280 rev sg-vel=2.040000 rps sg-acc=10.000000 rps2

[INFO] hw.pins: Pin step.fb set to 2.564325 (was 2.5622800000000003)
Pin step.fb set to 2.564325 (was 2.5622800000000003)
[INFO] hw.stepgen: =human= stepgen sg-cmd-pos=2.800000 rev sg-fb-pos=2.564325 rev sg-vel=2.050000 rps sg-acc=10.000000 rps2

=human= stepgen sg-cmd-pos=2.800000 rev sg-fb-pos=2.564325 rev sg-vel=2.050000 rps sg-acc=10.000000 rps2

[INFO] hw.pins: Pin step.fb set to 2.56638 (was 2.564325)
Pin step.fb set to 2.56638 (was 2.564325)
[INFO] hw.stepgen: =human= stepgen sg-cmd-pos=2.800000 rev sg-fb-pos=2.566380 rev sg-vel=2.060000 rps sg-acc=10.000000 rps2

=human= stepgen sg-cmd-pos=2.800000 rev sg-fb-pos=2.566380 rev sg-vel=2.060000 rps sg-acc=10.000000 rps2

[INFO] hw.pins: Pin step.fb set to 2.568445 (was 2.56638)
Pin step.fb set to 2.568445 (was 2.56638)
[INFO] hw.stepgen: =human= stepgen sg-cmd-pos=2.800000 rev sg-fb-pos=2.568445 rev sg-vel=2.070000 rps sg-acc=10.000000 rps2

=human= stepgen sg-cmd-pos=2.800000 rev sg-fb-pos=2.568445 rev sg-vel=2.070000 rps sg-acc=10.000000 rps2

[INFO] hw.pins: Pin step.fb set to 2.57052 (was 2.568445)
Pin step.fb set to 2.57052 (was 2.568445)
[INFO] hw.stepgen: =human= stepgen sg-cmd-pos=2.800000 rev sg-fb-pos=2.570520 rev sg-vel=2.080000 rps sg-acc=10.000000 rps2

=human= stepgen sg-cmd-pos=2.800000 rev sg-fb-pos=2.570520 rev sg-vel=2.080000 rps sg-acc=10.000000 rps2

[INFO] hw.pins: Pin step.fb set to 2.5726050000000003 (was 2.57052)
Pin step.fb set to 2.5726050000000003 (was 2.57052)
[INFO] hw.stepgen: =human= stepgen sg-cmd-pos=2.800000 rev sg-fb-pos=2.572605 rev sg-vel=2.090000 rps sg-acc=10.000000 rps2

=human= stepgen sg-cmd-pos=2.800000 rev sg-fb-pos=2.572605 rev sg-vel=2.090000 rps sg-acc=10.000000 rps2

[INFO] hw.pins: Pin step.fb set to 2.5747000000000004 (was 2.5726050000000003)
Pin step.fb set to 2.5747000000000004 (was 2.5726050000000003)
[INFO] hw.stepgen: =human= stepgen sg-cmd-pos=2.800000 rev sg-fb-pos=2.574700 rev sg-vel=2.100000 rps sg-acc=10.000000 rps2

=human= stepgen sg-cmd-pos=2.800000 rev sg-fb-pos=2.574700 rev sg-vel=2.100000 rps sg-acc=10.000000 rps2

[INFO] hw.pins: Pin step.fb set to 2.5768050000000002 (was 2.5747000000000004)
Pin step.fb set to 2.5768050000000002 (was 2.5747000000000004)
[INFO] hw.stepgen: =human= stepgen sg-cmd-pos=2.800000 rev sg-fb-pos=2.576805 rev sg-vel=2.110000 rps sg-acc=10.000000 rps2

=human= stepgen sg-cmd-pos=2.800000 rev sg-fb-pos=2.576805 rev sg-vel=2.110000 rps sg-acc=10.000000 rps2

[INFO] hw.pins: Pin step.fb set to 2.57892 (was 2.5768050000000002)
Pin step.fb set to 2.57892 (was 2.5768050000000002)
[INFO] hw.stepgen: =human= stepgen sg-cmd-pos=2.800000 rev sg-fb-pos=2.578920 rev sg-vel=2.120000 rps sg-acc=10.000000 rps2

=human= stepgen sg-cmd-pos=2.800000 rev sg-fb-pos=2.578920 rev sg-vel=2.120000 rps sg-acc=10.000000 rps2

[INFO] hw.pins: Pin step.fb set to 2.581035 (was 2.57892)
Pin step.fb set to 2.581035 (was 2.57892)
[INFO] hw.stepgen: =human= stepgen sg-cmd-pos=2.800000 rev sg-fb-pos=2.581035 rev sg-vel=2.110000 rps sg-acc=-10.000000 rps2

=human= stepgen sg-cmd-pos=2.800000 rev sg-fb-pos=2.581035 rev sg-vel=2.110000 rps sg-acc=-10.000000 rps2

[INFO] hw.pins: Pin step.fb set to 2.5831399999999998 (was 2.581035)
Pin step.fb set to 2.5831399999999998 (was 2.581035)
[INFO] hw.stepgen: =human= stepgen sg-cmd-pos=2.800000 rev sg-fb-pos=2.583140 rev sg-vel=2.100000 rps sg-acc=-10.000000 rps2

=human= stepgen sg-cmd-pos=2.800000 rev sg-fb-pos=2.583140 rev sg-vel=2.100000 rps sg-acc=-10.000000 rps2

[INFO] hw.pins: Pin step.fb set to 2.585235 (was 2.5831399999999998)
Pin step.fb set to 2.585235 (was 2.5831399999999998)
[INFO] hw.stepgen: =human= stepgen sg-cmd-pos=2.800000 rev sg-fb-pos=2.585235 rev sg-vel=2.090000 rps sg-acc=-10.000000 rps2

=human= stepgen sg-cmd-pos=2.800000 rev sg-fb-pos=2.585235 rev sg-vel=2.090000 rps sg-acc=-10.000000 rps2

[INFO] hw.pins: Pin step.fb set to 2.58732 (was 2.585235)
Pin step.fb set to 2.58732 (was 2.585235)
[INFO] hw.stepgen: =human= stepgen sg-cmd-pos=2.800000 rev sg-fb-pos=2.587320 rev sg-vel=2.080000 rps sg-acc=-10.000000 rps2

=human= stepgen sg-cmd-pos=2.800000 rev sg-fb-pos=2.587320 rev sg-vel=2.080000 rps sg-acc=-10.000000 rps2

[INFO] hw.pins: Pin step.fb set to 2.589395 (was 2.58732)
Pin step.fb set to 2.589395 (was 2.58732)
[INFO] hw.stepgen: =human= stepgen sg-cmd-pos=2.800000 rev sg-fb-pos=2.589395 rev sg-vel=2.070000 rps sg-acc=-10.000000 rps2

=human= stepgen sg-cmd-pos=2.800000 rev sg-fb-pos=2.589395 rev sg-vel=2.070000 rps sg-acc=-10.000000 rps2

[INFO] hw.pins: Pin step.fb set to 2.59146 (was 2.589395)
Pin step.fb set to 2.59146 (was 2.589395)
[INFO] hw.stepgen: =human= stepgen sg-cmd-pos=2.800000 rev sg-fb-pos=2.591460 rev sg-vel=2.060000 rps sg-acc=-10.000000 rps2

=human= stepgen sg-cmd-pos=2.800000 rev sg-fb-pos=2.591460 rev sg-vel=2.060000 rps sg-acc=-10.000000 rps2

[INFO] hw.pins: Pin step.fb set to 2.593515 (was 2.59146)
Pin step.fb set to 2.593515 (was 2.59146)
[INFO] hw.stepgen: =human= stepgen sg-cmd-pos=2.800000 rev sg-fb-pos=2.593515 rev sg-vel=2.050000 rps sg-acc=-10.000000 rps2

=human= stepgen sg-cmd-pos=2.800000 rev sg-fb-pos=2.593515 rev sg-vel=2.050000 rps sg-acc=-10.000000 rps2

[INFO] hw.pins: Pin step.fb set to 2.59556 (was 2.593515)
Pin step.fb set to 2.59556 (was 2.593515)
[INFO] hw.stepgen: =human= stepgen sg-cmd-pos=2.800000 rev sg-fb-pos=2.595560 rev sg-vel=2.040000 rps sg-acc=-10.000000 rps2

=human= stepgen sg-cmd-pos=2.800000 rev sg-fb-pos=2.595560 rev sg-vel=2.040000 rps sg-acc=-10.000000 rps2

[INFO] hw.pins: Pin step.fb set to 2.5975949999999997 (was 2.59556)
Pin step.fb set to 2.5975949999999997 (was 2.59556)
[INFO] hw.stepgen: =human= stepgen sg-cmd-pos=2.800000 rev sg-fb-pos=2.597595 rev sg-vel=2.030000 rps sg-acc=-10.000000 rps2

=human= stepgen sg-cmd-pos=2.800000 rev sg-fb-pos=2.597595 rev sg-vel=2.030000 rps sg-acc=-10.000000 rps2

[INFO] hw.pins: Pin step.fb set to 2.59962 (was 2.5975949999999997)
Pin step.fb set to 2.59962 (was 2.5975949999999997)
[INFO] hw.stepgen: =human= stepgen sg-cmd-pos=2.800000 rev sg-fb-pos=2.599620 rev sg-vel=2.020000 rps sg-acc=-10.000000 rps2

=human= stepgen sg-cmd-pos=2.800000 rev sg-fb-pos=2.599620 rev sg-vel=2.020000 rps sg-acc=-10.000000 rps2

[INFO] hw.pins: Pin step.fb set to 2.601635 (was 2.59962)
Pin step.fb set to 2.601635 (was 2.59962)
[INFO] hw.stepgen: =human= stepgen sg-cmd-pos=2.800000 rev sg-fb-pos=2.601635 rev sg-vel=2.010000 rps sg-acc=-10.000000 rps2

=human= stepgen sg-cmd-pos=2.800000 rev sg-fb-pos=2.601635 rev sg-vel=2.010000 rps sg-acc=-10.000000 rps2

[INFO] hw.pins: Pin step.fb set to 2.60364 (was 2.601635)
Pin step.fb set to 2.60364 (was 2.601635)
[INFO] hw.stepgen: =human= stepgen sg-cmd-pos=2.800000 rev sg-fb-pos=2.603640 rev sg-vel=2.000000 rps sg-acc=-10.000000 rps2

=human= stepgen sg-cmd-pos=2.800000 rev sg-fb-pos=2.603640 rev sg-vel=2.000000 rps sg-acc=-10.000000 rps2

[INFO] hw.pins: Pin step.fb set to 2.605635 (was 2.60364)
Pin step.fb set to 2.605635 (was 2.60364)
[INFO] hw.stepgen: =human= stepgen sg-cmd-pos=2.800000 rev sg-fb-pos=2.605635 rev sg-vel=1.990000 rps sg-acc=-10.000000 rps2

=human= stepgen sg-cmd-pos=2.800000 rev sg-fb-pos=2.605635 rev sg-vel=1.990000 rps sg-acc=-10.000000 rps2

[INFO] hw.pins: Pin step.fb set to 2.60762 (was 2.605635)
Pin step.fb set to 2.60762 (was 2.605635)
[INFO] hw.stepgen: =human= stepgen sg-cmd-pos=2.800000 rev sg-fb-pos=2.607620 rev sg-vel=1.980000 rps sg-acc=-10.000000 rps2

=human= stepgen sg-cmd-pos=2.800000 rev sg-fb-pos=2.607620 rev sg-vel=1.980000 rps sg-acc=-10.000000 rps2

[INFO] hw.pins: Pin step.fb set to 2.6095949999999997 (was 2.60762)
Pin step.fb set to 2.6095949999999997 (was 2.60762)
[INFO] hw.stepgen: =human= stepgen sg-cmd-pos=2.800000 rev sg-fb-pos=2.609595 rev sg-vel=1.970000 rps sg-acc=-10.000000 rps2

=human= stepgen sg-cmd-pos=2.800000 rev sg-fb-pos=2.609595 rev sg-vel=1.970000 rps sg-acc=-10.000000 rps2

[INFO] hw.pins: Pin step.fb set to 2.61156 (was 2.6095949999999997)
Pin step.fb set to 2.61156 (was 2.6095949999999997)
[INFO] hw.stepgen: =human= stepgen sg-cmd-pos=2.800000 rev sg-fb-pos=2.611560 rev sg-vel=1.960000 rps sg-acc=-10.000000 rps2

=human= stepgen sg-cmd-pos=2.800000 rev sg-fb-pos=2.611560 rev sg-vel=1.960000 rps sg-acc=-10.000000 rps2

[INFO] hw.pins: Pin step.fb set to 2.613515 (was 2.61156)
Pin step.fb set to 2.613515 (was 2.61156)
[INFO] hw.stepgen: =human= stepgen sg-cmd-pos=2.800000 rev sg-fb-pos=2.613515 rev sg-vel=1.950000 rps sg-acc=-10.000000 rps2

=human= stepgen sg-cmd-pos=2.800000 rev sg-fb-pos=2.613515 rev sg-vel=1.950000 rps sg-acc=-10.000000 rps2

[INFO] hw.pins: Pin step.fb set to 2.61546 (was 2.613515)
Pin step.fb set to 2.61546 (was 2.613515)
[INFO] hw.stepgen: =human= stepgen sg-cmd-pos=2.800000 rev sg-fb-pos=2.615460 rev sg-vel=1.940000 rps sg-acc=-10.000000 rps2

=human= stepgen sg-cmd-pos=2.800000 rev sg-fb-pos=2.615460 rev sg-vel=1.940000 rps sg-acc=-10.000000 rps2

[INFO] hw.pins: Pin step.fb set to 2.617395 (was 2.61546)
Pin step.fb set to 2.617395 (was 2.61546)
[INFO] hw.stepgen: =human= stepgen sg-cmd-pos=2.800000 rev sg-fb-pos=2.617395 rev sg-vel=1.930000 rps sg-acc=-10.000000 rps2

=human= stepgen sg-cmd-pos=2.800000 rev sg-fb-pos=2.617395 rev sg-vel=1.930000 rps sg-acc=-10.000000 rps2

[INFO] hw.pins: Pin step.fb set to 2.61932 (was 2.617395)
Pin step.fb set to 2.61932 (was 2.617395)
[INFO] hw.stepgen: =human= stepgen sg-cmd-pos=2.800000 rev sg-fb-pos=2.619320 rev sg-vel=1.920000 rps sg-acc=-10.000000 rps2

=human= stepgen sg-cmd-pos=2.800000 rev sg-fb-pos=2.619320 rev sg-vel=1.920000 rps sg-acc=-10.000000 rps2

[INFO] hw.pins: Pin step.fb set to 2.621235 (was 2.61932)
Pin step.fb set to 2.621235 (was 2.61932)
[INFO] hw.stepgen: =human= stepgen sg-cmd-pos=2.800000 rev sg-fb-pos=2.621235 rev sg-vel=1.910000 rps sg-acc=-10.000000 rps2

=human= stepgen sg-cmd-pos=2.800000 rev sg-fb-pos=2.621235 rev sg-vel=1.910000 rps sg-acc=-10.000000 rps2

[INFO] hw.pins: Pin step.fb set to 2.62314 (was 2.621235)
Pin step.fb set to 2.62314 (was 2.621235)
[INFO] hw.stepgen: =human= stepgen sg-cmd-pos=2.800000 rev sg-fb-pos=2.623140 rev sg-vel=1.900000 rps sg-acc=-10.000000 rps2

=human= stepgen sg-cmd-pos=2.800000 rev sg-fb-pos=2.623140 rev sg-vel=1.900000 rps sg-acc=-10.000000 rps2

[INFO] hw.pins: Pin step.fb set to 2.625035 (was 2.62314)
Pin step.fb set to 2.625035 (was 2.62314)
[INFO] hw.stepgen: =human= stepgen sg-cmd-pos=2.800000 rev sg-fb-pos=2.625035 rev sg-vel=1.890000 rps sg-acc=-10.000000 rps2

=human= stepgen sg-cmd-pos=2.800000 rev sg-fb-pos=2.625035 rev sg-vel=1.890000 rps sg-acc=-10.000000 rps2

[INFO] hw.pins: Pin step.fb set to 2.62692 (was 2.625035)
Pin step.fb set to 2.62692 (was 2.625035)
[INFO] hw.stepgen: =human= stepgen sg-cmd-pos=2.800000 rev sg-fb-pos=2.626920 rev sg-vel=1.880000 rps sg-acc=-10.000000 rps2

=human= stepgen sg-cmd-pos=2.800000 rev sg-fb-pos=2.626920 rev sg-vel=1.880000 rps sg-acc=-10.000000 rps2

[INFO] hw.pins: Pin step.cmd set to 2.9000000000000012 (was 2.800000000000001)
Pin step.cmd set to 2.9000000000000012 (was 2.800000000000001)
[INFO] hw.pins: Pin step.fb set to 2.6288050000000003 (was 2.62692)
Pin step.fb set to 2.6288050000000003 (was 2.62692)
[INFO] hw.stepgen: =human= stepgen sg-cmd-pos=2.900000 rev sg-fb-pos=2.628805 rev sg-vel=1.890000 rps sg-acc=10.000000 rps2

=human= stepgen sg-cmd-pos=2.900000 rev sg-fb-pos=2.628805 rev sg-vel=1.890000 rps sg-acc=10.000000 rps2

[INFO] hw.stepgen: =human= stepgen event=reaim sg-cmd-pos=2.900000 rev sg-fb-pos=2.628805 rev sg-vel=1.890000 rps

=human= stepgen event=reaim sg-cmd-pos=2.900000 rev sg-fb-pos=2.628805 rev sg-vel=1.890000 rps

[INFO] hw.pins: Pin step.fb set to 2.6307000000000005 (was 2.6288050000000003)
Pin step.fb set to 2.6307000000000005 (was 2.6288050000000003)
[INFO] hw.stepgen: =human= stepgen sg-cmd-pos=2.900000 rev sg-fb-pos=2.630700 rev sg-vel=1.900000 rps sg-acc=10.000000 rps2

=human= stepgen sg-cmd-pos=2.900000 rev sg-fb-pos=2.630700 rev sg-vel=1.900000 rps sg-acc=10.000000 rps2

[INFO] hw.pins: Pin step.fb set to 2.6326050000000003 (was 2.6307000000000005)
Pin step.fb set to 2.6326050000000003 (was 2.6307000000000005)
[INFO] hw.stepgen: =human= stepgen sg-cmd-pos=2.900000 rev sg-fb-pos=2.632605 rev sg-vel=1.910000 rps sg-acc=10.000000 rps2

=human= stepgen sg-cmd-pos=2.900000 rev sg-fb-pos=2.632605 rev sg-vel=1.910000 rps sg-acc=10.000000 rps2

[INFO] hw.pins: Pin step.fb set to 2.63452 (was 2.6326050000000003)
Pin step.fb set to 2.63452 (was 2.6326050000000003)
[INFO] hw.stepgen: =human= stepgen sg-cmd-pos=2.900000 rev sg-fb-pos=2.634520 rev sg-vel=1.920000 rps sg-acc=10.000000 rps2

=human= stepgen sg-cmd-pos=2.900000 rev sg-fb-pos=2.634520 rev sg-vel=1.920000 rps sg-acc=10.000000 rps2

[INFO] hw.pins: Pin step.fb set to 2.636445 (was 2.63452)
Pin step.fb set to 2.636445 (was 2.63452)
[INFO] hw.stepgen: =human= stepgen sg-cmd-pos=2.900000 rev sg-fb-pos=2.636445 rev sg-vel=1.930000 rps sg-acc=10.000000 rps2

=human= stepgen sg-cmd-pos=2.900000 rev sg-fb-pos=2.636445 rev sg-vel=1.930000 rps sg-acc=10.000000 rps2

[INFO] hw.pins: Pin step.fb set to 2.63838 (was 2.636445)
Pin step.fb set to 2.63838 (was 2.636445)
[INFO] hw.stepgen: =human= stepgen sg-cmd-pos=2.900000 rev sg-fb-pos=2.638380 rev sg-vel=1.940000 rps sg-acc=10.000000 rps2

=human= stepgen sg-cmd-pos=2.900000 rev sg-fb-pos=2.638380 rev sg-vel=1.940000 rps sg-acc=10.000000 rps2

[INFO] hw.pins: Pin step.fb set to 2.6403250000000003 (was 2.63838)
Pin step.fb set to 2.6403250000000003 (was 2.63838)
[INFO] hw.stepgen: =human= stepgen sg-cmd-pos=2.900000 rev sg-fb-pos=2.640325 rev sg-vel=1.950000 rps sg-acc=10.000000 rps2

=human= stepgen sg-cmd-pos=2.900000 rev sg-fb-pos=2.640325 rev sg-vel=1.950000 rps sg-acc=10.000000 rps2

[INFO] hw.pins: Pin step.fb set to 2.6422800000000004 (was 2.6403250000000003)
Pin step.fb set to 2.6422800000000004 (was 2.6403250000000003)
[INFO] hw.stepgen: =human= stepgen sg-cmd-pos=2.900000 rev sg-fb-pos=2.642280 rev sg-vel=1.960000 rps sg-acc=10.000000 rps2

=human= stepgen sg-cmd-pos=2.900000 rev sg-fb-pos=2.642280 rev sg-vel=1.960000 rps sg-acc=10.000000 rps2

[INFO] hw.pins: Pin step.fb set to 2.6442450000000006 (was 2.6422800000000004)
Pin step.fb set to 2.6442450000000006 (was 2.6422800000000004)
[INFO] hw.stepgen: =human= stepgen sg-cmd-pos=2.900000 rev sg-fb-pos=2.644245 rev sg-vel=1.970000 rps sg-acc=10.000000 rps2

=human= stepgen sg-cmd-pos=2.900000 rev sg-fb-pos=2.644245 rev sg-vel=1.970000 rps sg-acc=10.000000 rps2

[INFO] hw.pins: Pin step.fb set to 2.6462200000000005 (was 2.6442450000000006)
Pin step.fb set to 2.6462200000000005 (was 2.6442450000000006)
[INFO] hw.stepgen: =human= stepgen sg-cmd-pos=2.900000 rev sg-fb-pos=2.646220 rev sg-vel=1.980000 rps sg-acc=10.000000 rps2

=human= stepgen sg-cmd-pos=2.900000 rev sg-fb-pos=2.646220 rev sg-vel=1.980000 rps sg-acc=10.000000 rps2

[INFO] hw.pins: Pin step.fb set to 2.6482050000000004 (was 2.6462200000000005)
Pin step.fb set to 2.6482050000000004 (was 2.6462200000000005)
[INFO] hw.stepgen: =human= stepgen sg-cmd-pos=2.900000 rev sg-fb-pos=2.648205 rev sg-vel=1.990000 rps sg-acc=10.000000 rps2

=human= stepgen sg-cmd-pos=2.900000 rev sg-fb-pos=2.648205 rev sg-vel=1.990000 rps sg-acc=10.000000 rps2

[INFO] hw.pins: Pin step.fb set to 2.6502000000000003 (was 2.6482050000000004)
Pin step.fb set to 2.6502000000000003 (was 2.6482050000000004)
[INFO] hw.stepgen: =human= stepgen sg-cmd-pos=2.900000 rev sg-fb-pos=2.650200 rev sg-vel=2.000000 rps sg-acc=10.000000 rps2

=human= stepgen sg-cmd-pos=2.900000 rev sg-fb-pos=2.650200 rev sg-vel=2.000000 rps sg-acc=10.000000 rps2

[INFO] hw.pins: Pin step.fb set to 2.6522050000000004 (was 2.6502000000000003)
Pin step.fb set to 2.6522050000000004 (was 2.6502000000000003)
[INFO] hw.stepgen: =human= stepgen sg-cmd-pos=2.900000 rev sg-fb-pos=2.652205 rev sg-vel=2.010000 rps sg-acc=10.000000 rps2

=human= stepgen sg-cmd-pos=2.900000 rev sg-fb-pos=2.652205 rev sg-vel=2.010000 rps sg-acc=10.000000 rps2

[INFO] hw.pins: Pin step.fb set to 2.6542200000000005 (was 2.6522050000000004)
Pin step.fb set to 2.6542200000000005 (was 2.6522050000000004)
[INFO] hw.stepgen: =human= stepgen sg-cmd-pos=2.900000 rev sg-fb-pos=2.654220 rev sg-vel=2.020000 rps sg-acc=10.000000 rps2

=human= stepgen sg-cmd-pos=2.900000 rev sg-fb-pos=2.654220 rev sg-vel=2.020000 rps sg-acc=10.000000 rps2

[INFO] hw.pins: Pin step.fb set to 2.6562450000000006 (was 2.6542200000000005)
Pin step.fb set to 2.6562450000000006 (was 2.6542200000000005)
[INFO] hw.stepgen: =human= stepgen sg-cmd-pos=2.900000 rev sg-fb-pos=2.656245 rev sg-vel=2.030000 rps sg-acc=10.000000 rps2

=human= stepgen sg-cmd-pos=2.900000 rev sg-fb-pos=2.656245 rev sg-vel=2.030000 rps sg-acc=10.000000 rps2

[INFO] hw.pins: Pin step.fb set to 2.6582800000000004 (was 2.6562450000000006)
Pin step.fb set to 2.6582800000000004 (was 2.6562450000000006)
[INFO] hw.stepgen: =human= stepgen sg-cmd-pos=2.900000 rev sg-fb-pos=2.658280 rev sg-vel=2.040000 rps sg-acc=10.000000 rps2

=human= stepgen sg-cmd-pos=2.900000 rev sg-fb-pos=2.658280 rev sg-vel=2.040000 rps sg-acc=10.000000 rps2

[INFO] hw.pins: Pin step.fb set to 2.6603250000000003 (was 2.6582800000000004)
Pin step.fb set to 2.6603250000000003 (was 2.6582800000000004)
[INFO] hw.stepgen: =human= stepgen sg-cmd-pos=2.900000 rev sg-fb-pos=2.660325 rev sg-vel=2.050000 rps sg-acc=10.000000 rps2

=human= stepgen sg-cmd-pos=2.900000 rev sg-fb-pos=2.660325 rev sg-vel=2.050000 rps sg-acc=10.000000 rps2

[INFO] hw.pins: Pin step.fb set to 2.66238 (was 2.6603250000000003)
Pin step.fb set to 2.66238 (was 2.6603250000000003)
[INFO] hw.stepgen: =human= stepgen sg-cmd-pos=2.900000 rev sg-fb-pos=2.662380 rev sg-vel=2.060000 rps sg-acc=10.000000 rps2

=human= stepgen sg-cmd-pos=2.900000 rev sg-fb-pos=2.662380 rev sg-vel=2.060000 rps sg-acc=10.000000 rps2

[INFO] hw.pins: Pin step.fb set to 2.664445 (was 2.66238)
Pin step.fb set to 2.664445 (was 2.66238)
[INFO] hw.stepgen: =human= stepgen sg-cmd-pos=2.900000 rev sg-fb-pos=2.664445 rev sg-vel=2.070000 rps sg-acc=10.000000 rps2

=human= stepgen sg-cmd-pos=2.900000 rev sg-fb-pos=2.664445 rev sg-vel=2.070000 rps sg-acc=10.000000 rps2

[INFO] hw.pins: Pin step.fb set to 2.6665200000000002 (was 2.664445)
Pin step.fb set to 2.6665200000000002 (was 2.664445)
[INFO] hw.stepgen: =human= stepgen sg-cmd-pos=2.900000 rev sg-fb-pos=2.666520 rev sg-vel=2.080000 rps sg-acc=10.000000 rps2

=human= stepgen sg-cmd-pos=2.900000 rev sg-fb-pos=2.666520 rev sg-vel=2.080000 rps sg-acc=10.000000 rps2

[INFO] hw.pins: Pin step.fb set to 2.6686050000000003 (was 2.6665200000000002)
Pin step.fb set to 2.6686050000000003 (was 2.6665200000000002)
[INFO] hw.stepgen: =human= stepgen sg-cmd-pos=2.900000 rev sg-fb-pos=2.668605 rev sg-vel=2.090000 rps sg-acc=10.000000 rps2

=human= stepgen sg-cmd-pos=2.900000 rev sg-fb-pos=2.668605 rev sg-vel=2.090000 rps sg-acc=10.000000 rps2

[INFO] hw.pins: Pin step.fb set to 2.6707000000000005 (was 2.6686050000000003)
Pin step.fb set to 2.6707000000000005 (was 2.6686050000000003)
[INFO] hw.stepgen: =human= stepgen sg-cmd-pos=2.900000 rev sg-fb-pos=2.670700 rev sg-vel=2.100000 rps sg-acc=10.000000 rps2

=human= stepgen sg-cmd-pos=2.900000 rev sg-fb-pos=2.670700 rev sg-vel=2.100000 rps sg-acc=10.000000 rps2

[INFO] hw.pins: Pin step.fb set to 2.6728050000000003 (was 2.6707000000000005)
Pin step.fb set to 2.6728050000000003 (was 2.6707000000000005)
[INFO] hw.stepgen: =human= stepgen sg-cmd-pos=2.900000 rev sg-fb-pos=2.672805 rev sg-vel=2.110000 rps sg-acc=10.000000 rps2

=human= stepgen sg-cmd-pos=2.900000 rev sg-fb-pos=2.672805 rev sg-vel=2.110000 rps sg-acc=10.000000 rps2

[INFO] hw.pins: Pin step.fb set to 2.67492 (was 2.6728050000000003)
Pin step.fb set to 2.67492 (was 2.6728050000000003)
[INFO] hw.stepgen: =human= stepgen sg-cmd-pos=2.900000 rev sg-fb-pos=2.674920 rev sg-vel=2.120000 rps sg-acc=10.000000 rps2

=human= stepgen sg-cmd-pos=2.900000 rev sg-fb-pos=2.674920 rev sg-vel=2.120000 rps sg-acc=10.000000 rps2

[INFO] hw.pins: Pin step.fb set to 2.677045 (was 2.67492)
Pin step.fb set to 2.677045 (was 2.67492)
[INFO] hw.stepgen: =human= stepgen sg-cmd-pos=2.900000 rev sg-fb-pos=2.677045 rev sg-vel=2.130000 rps sg-acc=10.000000 rps2

=human= stepgen sg-cmd-pos=2.900000 rev sg-fb-pos=2.677045 rev sg-vel=2.130000 rps sg-acc=10.000000 rps2

[INFO] hw.pins: Pin step.fb set to 2.67917 (was 2.677045)
Pin step.fb set to 2.67917 (was 2.677045)
[INFO] hw.stepgen: =human= stepgen sg-cmd-pos=2.900000 rev sg-fb-pos=2.679170 rev sg-vel=2.120000 rps sg-acc=-10.000000 rps2

=human= stepgen sg-cmd-pos=2.900000 rev sg-fb-pos=2.679170 rev sg-vel=2.120000 rps sg-acc=-10.000000 rps2

[INFO] hw.pins: Pin step.fb set to 2.681285 (was 2.67917)
Pin step.fb set to 2.681285 (was 2.67917)
[INFO] hw.stepgen: =human= stepgen sg-cmd-pos=2.900000 rev sg-fb-pos=2.681285 rev sg-vel=2.110000 rps sg-acc=-10.000000 rps2

=human= stepgen sg-cmd-pos=2.900000 rev sg-fb-pos=2.681285 rev sg-vel=2.110000 rps sg-acc=-10.000000 rps2

[INFO] hw.pins: Pin step.fb set to 2.6833899999999997 (was 2.681285)
Pin step.fb set to 2.6833899999999997 (was 2.681285)
[INFO] hw.stepgen: =human= stepgen sg-cmd-pos=2.900000 rev sg-fb-pos=2.683390 rev sg-vel=2.100000 rps sg-acc=-10.000000 rps2

=human= stepgen sg-cmd-pos=2.900000 rev sg-fb-pos=2.683390 rev sg-vel=2.100000 rps sg-acc=-10.000000 rps2

[INFO] hw.pins: Pin step.fb set to 2.685485 (was 2.6833899999999997)
Pin step.fb set to 2.685485 (was 2.6833899999999997)
[INFO] hw.stepgen: =human= stepgen sg-cmd-pos=2.900000 rev sg-fb-pos=2.685485 rev sg-vel=2.090000 rps sg-acc=-10.000000 rps2

=human= stepgen sg-cmd-pos=2.900000 rev sg-fb-pos=2.685485 rev sg-vel=2.090000 rps sg-acc=-10.000000 rps2

[INFO] hw.pins: Pin step.fb set to 2.68757 (was 2.685485)
Pin step.fb set to 2.68757 (was 2.685485)
[INFO] hw.stepgen: =human= stepgen sg-cmd-pos=2.900000 rev sg-fb-pos=2.687570 rev sg-vel=2.080000 rps sg-acc=-10.000000 rps2

=human= stepgen sg-cmd-pos=2.900000 rev sg-fb-pos=2.687570 rev sg-vel=2.080000 rps sg-acc=-10.000000 rps2

[INFO] hw.pins: Pin step.fb set to 2.689645 (was 2.68757)
Pin step.fb set to 2.689645 (was 2.68757)
[INFO] hw.stepgen: =human= stepgen sg-cmd-pos=2.900000 rev sg-fb-pos=2.689645 rev sg-vel=2.070000 rps sg-acc=-10.000000 rps2

=human= stepgen sg-cmd-pos=2.900000 rev sg-fb-pos=2.689645 rev sg-vel=2.070000 rps sg-acc=-10.000000 rps2

[INFO] hw.pins: Pin step.fb set to 2.69171 (was 2.689645)
Pin step.fb set to 2.69171 (was 2.689645)
[INFO] hw.stepgen: =human= stepgen sg-cmd-pos=2.900000 rev sg-fb-pos=2.691710 rev sg-vel=2.060000 rps sg-acc=-10.000000 rps2

=human= stepgen sg-cmd-pos=2.900000 rev sg-fb-pos=2.691710 rev sg-vel=2.060000 rps sg-acc=-10.000000 rps2

[INFO] hw.pins: Pin step.fb set to 2.693765 (was 2.69171)
Pin step.fb set to 2.693765 (was 2.69171)
[INFO] hw.stepgen: =human= stepgen sg-cmd-pos=2.900000 rev sg-fb-pos=2.693765 rev sg-vel=2.050000 rps sg-acc=-10.000000 rps2

=human= stepgen sg-cmd-pos=2.900000 rev sg-fb-pos=2.693765 rev sg-vel=2.050000 rps sg-acc=-10.000000 rps2

[INFO] hw.pins: Pin step.fb set to 2.69581 (was 2.693765)
Pin step.fb set to 2.69581 (was 2.693765)
[INFO] hw.stepgen: =human= stepgen sg-cmd-pos=2.900000 rev sg-fb-pos=2.695810 rev sg-vel=2.040000 rps sg-acc=-10.000000 rps2

=human= stepgen sg-cmd-pos=2.900000 rev sg-fb-pos=2.695810 rev sg-vel=2.040000 rps sg-acc=-10.000000 rps2

[INFO] hw.pins: Pin step.fb set to 2.6978449999999996 (was 2.69581)
Pin step.fb set to 2.6978449999999996 (was 2.69581)
[INFO] hw.stepgen: =human= stepgen sg-cmd-pos=2.900000 rev sg-fb-pos=2.697845 rev sg-vel=2.030000 rps sg-acc=-10.000000 rps2

=human= stepgen sg-cmd-pos=2.900000 rev sg-fb-pos=2.697845 rev sg-vel=2.030000 rps sg-acc=-10.000000 rps2

[INFO] hw.pins: Pin step.fb set to 2.6998699999999998 (was 2.6978449999999996)
Pin step.fb set to 2.6998699999999998 (was 2.6978449999999996)
[INFO] hw.stepgen: =human= stepgen sg-cmd-pos=2.900000 rev sg-fb-pos=2.699870 rev sg-vel=2.020000 rps sg-acc=-10.000000 rps2

=human= stepgen sg-cmd-pos=2.900000 rev sg-fb-pos=2.699870 rev sg-vel=2.020000 rps sg-acc=-10.000000 rps2

[INFO] hw.pins: Pin step.fb set to 2.701885 (was 2.6998699999999998)
Pin step.fb set to 2.701885 (was 2.6998699999999998)
[INFO] hw.stepgen: =human= stepgen sg-cmd-pos=2.900000 rev sg-fb-pos=2.701885 rev sg-vel=2.010000 rps sg-acc=-10.000000 rps2

=human= stepgen sg-cmd-pos=2.900000 rev sg-fb-pos=2.701885 rev sg-vel=2.010000 rps sg-acc=-10.000000 rps2

[INFO] hw.pins: Pin step.fb set to 2.70389 (was 2.701885)
Pin step.fb set to 2.70389 (was 2.701885)
[INFO] hw.stepgen: =human= stepgen sg-cmd-pos=2.900000 rev sg-fb-pos=2.703890 rev sg-vel=2.000000 rps sg-acc=-10.000000 rps2

=human= stepgen sg-cmd-pos=2.900000 rev sg-fb-pos=2.703890 rev sg-vel=2.000000 rps sg-acc=-10.000000 rps2

[INFO] hw.pins: Pin step.fb set to 2.705885 (was 2.70389)
Pin step.fb set to 2.705885 (was 2.70389)
[INFO] hw.stepgen: =human= stepgen sg-cmd-pos=2.900000 rev sg-fb-pos=2.705885 rev sg-vel=1.990000 rps sg-acc=-10.000000 rps2

=human= stepgen sg-cmd-pos=2.900000 rev sg-fb-pos=2.705885 rev sg-vel=1.990000 rps sg-acc=-10.000000 rps2

[INFO] hw.pins: Pin step.fb set to 2.7078699999999998 (was 2.705885)
Pin step.fb set to 2.7078699999999998 (was 2.705885)
[INFO] hw.stepgen: =human= stepgen sg-cmd-pos=2.900000 rev sg-fb-pos=2.707870 rev sg-vel=1.980000 rps sg-acc=-10.000000 rps2

=human= stepgen sg-cmd-pos=2.900000 rev sg-fb-pos=2.707870 rev sg-vel=1.980000 rps sg-acc=-10.000000 rps2

[INFO] hw.pins: Pin step.fb set to 2.7098449999999996 (was 2.7078699999999998)
Pin step.fb set to 2.7098449999999996 (was 2.7078699999999998)
[INFO] hw.stepgen: =human= stepgen sg-cmd-pos=2.900000 rev sg-fb-pos=2.709845 rev sg-vel=1.970000 rps sg-acc=-10.000000 rps2

=human= stepgen sg-cmd-pos=2.900000 rev sg-fb-pos=2.709845 rev sg-vel=1.970000 rps sg-acc=-10.000000 rps2

[INFO] hw.pins: Pin step.fb set to 2.71181 (was 2.7098449999999996)
Pin step.fb set to 2.71181 (was 2.7098449999999996)
[INFO] hw.stepgen: =human= stepgen sg-cmd-pos=2.900000 rev sg-fb-pos=2.711810 rev sg-vel=1.960000 rps sg-acc=-10.000000 rps2

=human= stepgen sg-cmd-pos=2.900000 rev sg-fb-pos=2.711810 rev sg-vel=1.960000 rps sg-acc=-10.000000 rps2

[INFO] hw.pins: Pin step.fb set to 2.713765 (was 2.71181)
Pin step.fb set to 2.713765 (was 2.71181)
[INFO] hw.stepgen: =human= stepgen sg-cmd-pos=2.900000 rev sg-fb-pos=2.713765 rev sg-vel=1.950000 rps sg-acc=-10.000000 rps2

=human= stepgen sg-cmd-pos=2.900000 rev sg-fb-pos=2.713765 rev sg-vel=1.950000 rps sg-acc=-10.000000 rps2

[INFO] hw.pins: Pin step.fb set to 2.71571 (was 2.713765)
Pin step.fb set to 2.71571 (was 2.713765)
[INFO] hw.stepgen: =human= stepgen sg-cmd-pos=2.900000 rev sg-fb-pos=2.715710 rev sg-vel=1.940000 rps sg-acc=-10.000000 rps2

=human= stepgen sg-cmd-pos=2.900000 rev sg-fb-pos=2.715710 rev sg-vel=1.940000 rps sg-acc=-10.000000 rps2

[INFO] hw.pins: Pin step.fb set to 2.717645 (was 2.71571)
Pin step.fb set to 2.717645 (was 2.71571)
[INFO] hw.stepgen: =human= stepgen sg-cmd-pos=2.900000 rev sg-fb-pos=2.717645 rev sg-vel=1.930000 rps sg-acc=-10.000000 rps2

=human= stepgen sg-cmd-pos=2.900000 rev sg-fb-pos=2.717645 rev sg-vel=1.930000 rps sg-acc=-10.000000 rps2

[INFO] hw.pins: Pin step.fb set to 2.71957 (was 2.717645)
Pin step.fb set to 2.71957 (was 2.717645)
[INFO] hw.stepgen: =human= stepgen sg-cmd-pos=2.900000 rev sg-fb-pos=2.719570 rev sg-vel=1.920000 rps sg-acc=-10.000000 rps2

=human= stepgen sg-cmd-pos=2.900000 rev sg-fb-pos=2.719570 rev sg-vel=1.920000 rps sg-acc=-10.000000 rps2

[INFO] hw.pins: Pin step.fb set to 2.721485 (was 2.71957)
Pin step.fb set to 2.721485 (was 2.71957)
[INFO] hw.stepgen: =human= stepgen sg-cmd-pos=2.900000 rev sg-fb-pos=2.721485 rev sg-vel=1.910000 rps sg-acc=-10.000000 rps2

=human= stepgen sg-cmd-pos=2.900000 rev sg-fb-pos=2.721485 rev sg-vel=1.910000 rps sg-acc=-10.000000 rps2

[INFO] hw.pins: Pin step.fb set to 2.7233899999999998 (was 2.721485)
Pin step.fb set to 2.7233899999999998 (was 2.721485)
[INFO] hw.stepgen: =human= stepgen sg-cmd-pos=2.900000 rev sg-fb-pos=2.723390 rev sg-vel=1.900000 rps sg-acc=-10.000000 rps2

=human= stepgen sg-cmd-pos=2.900000 rev sg-fb-pos=2.723390 rev sg-vel=1.900000 rps sg-acc=-10.000000 rps2

[INFO] hw.pins: Pin step.fb set to 2.725285 (was 2.7233899999999998)
Pin step.fb set to 2.725285 (was 2.7233899999999998)
[INFO] hw.stepgen: =human= stepgen sg-cmd-pos=2.900000 rev sg-fb-pos=2.725285 rev sg-vel=1.890000 rps sg-acc=-10.000000 rps2

=human= stepgen sg-cmd-pos=2.900000 rev sg-fb-pos=2.725285 rev sg-vel=1.890000 rps sg-acc=-10.000000 rps2

[INFO] hw.pins: Pin step.fb set to 2.72717 (was 2.725285)
Pin step.fb set to 2.72717 (was 2.725285)
[INFO] hw.stepgen: =human= stepgen sg-cmd-pos=2.900000 rev sg-fb-pos=2.727170 rev sg-vel=1.880000 rps sg-acc=-10.000000 rps2

=human= stepgen sg-cmd-pos=2.900000 rev sg-fb-pos=2.727170 rev sg-vel=1.880000 rps sg-acc=-10.000000 rps2

[INFO] hw.pins: Pin step.cmd set to 3.0000000000000013 (was 2.9000000000000012)
Pin step.cmd set to 3.0000000000000013 (was 2.9000000000000012)
[INFO] hw.pins: Pin step.fb set to 2.7290550000000002 (was 2.72717)
Pin step.fb set to 2.7290550000000002 (was 2.72717)
[INFO] hw.stepgen: =human= stepgen sg-cmd-pos=3.000000 rev sg-fb-pos=2.729055 rev sg-vel=1.890000 rps sg-acc=10.000000 rps2

=human= stepgen sg-cmd-pos=3.000000 rev sg-fb-pos=2.729055 rev sg-vel=1.890000 rps sg-acc=10.000000 rps2

[INFO] hw.stepgen: =human= stepgen event=reaim sg-cmd-pos=3.000000 rev sg-fb-pos=2.729055 rev sg-vel=1.890000 rps

=human= stepgen event=reaim sg-cmd-pos=3.000000 rev sg-fb-pos=2.729055 rev sg-vel=1.890000 rps

[INFO] hw.pins: Pin step.fb set to 2.7309500000000004 (was 2.7290550000000002)
Pin step.fb set to 2.7309500000000004 (was 2.7290550000000002)
[INFO] hw.stepgen: =human= stepgen sg-cmd-pos=3.000000 rev sg-fb-pos=2.730950 rev sg-vel=1.900000 rps sg-acc=10.000000 rps2

=human= stepgen sg-cmd-pos=3.000000 rev sg-fb-pos=2.730950 rev sg-vel=1.900000 rps sg-acc=10.000000 rps2

[INFO] hw.pins: Pin step.fb set to 2.7328550000000003 (was 2.7309500000000004)
Pin step.fb set to 2.7328550000000003 (was 2.7309500000000004)
[INFO] hw.stepgen: =human= stepgen sg-cmd-pos=3.000000 rev sg-fb-pos=2.732855 rev sg-vel=1.910000 rps sg-acc=10.000000 rps2

=human= stepgen sg-cmd-pos=3.000000 rev sg-fb-pos=2.732855 rev sg-vel=1.910000 rps sg-acc=10.000000 rps2

[INFO] hw.pins: Pin step.fb set to 2.73477 (was 2.7328550000000003)
Pin step.fb set to 2.73477 (was 2.7328550000000003)
[INFO] hw.stepgen: =human= stepgen sg-cmd-pos=3.000000 rev sg-fb-pos=2.734770 rev sg-vel=1.920000 rps sg-acc=10.000000 rps2

=human= stepgen sg-cmd-pos=3.000000 rev sg-fb-pos=2.734770 rev sg-vel=1.920000 rps sg-acc=10.000000 rps2

[INFO] hw.pins: Pin step.fb set to 2.736695 (was 2.73477)
Pin step.fb set to 2.736695 (was 2.73477)
[INFO] hw.stepgen: =human= stepgen sg-cmd-pos=3.000000 rev sg-fb-pos=2.736695 rev sg-vel=1.930000 rps sg-acc=10.000000 rps2

=human= stepgen sg-cmd-pos=3.000000 rev sg-fb-pos=2.736695 rev sg-vel=1.930000 rps sg-acc=10.000000 rps2

[INFO] hw.pins: Pin step.fb set to 2.73863 (was 2.736695)
Pin step.fb set to 2.73863 (was 2.736695)
[INFO] hw.stepgen: =human= stepgen sg-cmd-pos=3.000000 rev sg-fb-pos=2.738630 rev sg-vel=1.940000 rps sg-acc=10.000000 rps2

=human= stepgen sg-cmd-pos=3.000000 rev sg-fb-pos=2.738630 rev sg-vel=1.940000 rps sg-acc=10.000000 rps2

[INFO] hw.pins: Pin step.fb set to 2.740575 (was 2.73863)
Pin step.fb set to 2.740575 (was 2.73863)
[INFO] hw.stepgen: =human= stepgen sg-cmd-pos=3.000000 rev sg-fb-pos=2.740575 rev sg-vel=1.950000 rps sg-acc=10.000000 rps2

=human= stepgen sg-cmd-pos=3.000000 rev sg-fb-pos=2.740575 rev sg-vel=1.950000 rps sg-acc=10.000000 rps2

[INFO] hw.pins: Pin step.fb set to 2.7425300000000004 (was 2.740575)
Pin step.fb set to 2.7425300000000004 (was 2.740575)
[INFO] hw.stepgen: =human= stepgen sg-cmd-pos=3.000000 rev sg-fb-pos=2.742530 rev sg-vel=1.960000 rps sg-acc=10.000000 rps2

=human= stepgen sg-cmd-pos=3.000000 rev sg-fb-pos=2.742530 rev sg-vel=1.960000 rps sg-acc=10.000000 rps2

[INFO] hw.pins: Pin step.fb set to 2.7444950000000006 (was 2.7425300000000004)
Pin step.fb set to 2.7444950000000006 (was 2.7425300000000004)
[INFO] hw.stepgen: =human= stepgen sg-cmd-pos=3.000000 rev sg-fb-pos=2.744495 rev sg-vel=1.970000 rps sg-acc=10.000000 rps2

=human= stepgen sg-cmd-pos=3.000000 rev sg-fb-pos=2.744495 rev sg-vel=1.970000 rps sg-acc=10.000000 rps2

[INFO] hw.pins: Pin step.fb set to 2.7464700000000004 (was 2.7444950000000006)
Pin step.fb set to 2.7464700000000004 (was 2.7444950000000006)
[INFO] hw.stepgen: =human= stepgen sg-cmd-pos=3.000000 rev sg-fb-pos=2.746470 rev sg-vel=1.980000 rps sg-acc=10.000000 rps2

=human= stepgen sg-cmd-pos=3.000000 rev sg-fb-pos=2.746470 rev sg-vel=1.980000 rps sg-acc=10.000000 rps2

[INFO] hw.pins: Pin step.fb set to 2.7484550000000003 (was 2.7464700000000004)
Pin step.fb set to 2.7484550000000003 (was 2.7464700000000004)
[INFO] hw.stepgen: =human= stepgen sg-cmd-pos=3.000000 rev sg-fb-pos=2.748455 rev sg-vel=1.990000 rps sg-acc=10.000000 rps2

=human= stepgen sg-cmd-pos=3.000000 rev sg-fb-pos=2.748455 rev sg-vel=1.990000 rps sg-acc=10.000000 rps2

[INFO] hw.pins: Pin step.fb set to 2.7504500000000003 (was 2.7484550000000003)
Pin step.fb set to 2.7504500000000003 (was 2.7484550000000003)
[INFO] hw.stepgen: =human= stepgen sg-cmd-pos=3.000000 rev sg-fb-pos=2.750450 rev sg-vel=2.000000 rps sg-acc=10.000000 rps2

=human= stepgen sg-cmd-pos=3.000000 rev sg-fb-pos=2.750450 rev sg-vel=2.000000 rps sg-acc=10.000000 rps2

[INFO] hw.pins: Pin step.fb set to 2.7524550000000003 (was 2.7504500000000003)
Pin step.fb set to 2.7524550000000003 (was 2.7504500000000003)
[INFO] hw.stepgen: =human= stepgen sg-cmd-pos=3.000000 rev sg-fb-pos=2.752455 rev sg-vel=2.010000 rps sg-acc=10.000000 rps2

=human= stepgen sg-cmd-pos=3.000000 rev sg-fb-pos=2.752455 rev sg-vel=2.010000 rps sg-acc=10.000000 rps2

[INFO] hw.pins: Pin step.fb set to 2.7544700000000004 (was 2.7524550000000003)
Pin step.fb set to 2.7544700000000004 (was 2.7524550000000003)
[INFO] hw.stepgen: =human= stepgen sg-cmd-pos=3.000000 rev sg-fb-pos=2.754470 rev sg-vel=2.020000 rps sg-acc=10.000000 rps2

=human= stepgen sg-cmd-pos=3.000000 rev sg-fb-pos=2.754470 rev sg-vel=2.020000 rps sg-acc=10.000000 rps2

[INFO] hw.pins: Pin step.fb set to 2.7564950000000006 (was 2.7544700000000004)
Pin step.fb set to 2.7564950000000006 (was 2.7544700000000004)
[INFO] hw.stepgen: =human= stepgen sg-cmd-pos=3.000000 rev sg-fb-pos=2.756495 rev sg-vel=2.030000 rps sg-acc=10.000000 rps2

=human= stepgen sg-cmd-pos=3.000000 rev sg-fb-pos=2.756495 rev sg-vel=2.030000 rps sg-acc=10.000000 rps2

[INFO] hw.pins: Pin step.fb set to 2.7585300000000004 (was 2.7564950000000006)
Pin step.fb set to 2.7585300000000004 (was 2.7564950000000006)
[INFO] hw.stepgen: =human= stepgen sg-cmd-pos=3.000000 rev sg-fb-pos=2.758530 rev sg-vel=2.040000 rps sg-acc=10.000000 rps2

=human= stepgen sg-cmd-pos=3.000000 rev sg-fb-pos=2.758530 rev sg-vel=2.040000 rps sg-acc=10.000000 rps2

[INFO] hw.pins: Pin step.fb set to 2.7605750000000002 (was 2.7585300000000004)
Pin step.fb set to 2.7605750000000002 (was 2.7585300000000004)
[INFO] hw.stepgen: =human= stepgen sg-cmd-pos=3.000000 rev sg-fb-pos=2.760575 rev sg-vel=2.050000 rps sg-acc=10.000000 rps2

=human= stepgen sg-cmd-pos=3.000000 rev sg-fb-pos=2.760575 rev sg-vel=2.050000 rps sg-acc=10.000000 rps2

[INFO] hw.pins: Pin step.fb set to 2.76263 (was 2.7605750000000002)
Pin step.fb set to 2.76263 (was 2.7605750000000002)
[INFO] hw.stepgen: =human= stepgen sg-cmd-pos=3.000000 rev sg-fb-pos=2.762630 rev sg-vel=2.060000 rps sg-acc=10.000000 rps2

=human= stepgen sg-cmd-pos=3.000000 rev sg-fb-pos=2.762630 rev sg-vel=2.060000 rps sg-acc=10.000000 rps2

[INFO] hw.pins: Pin step.fb set to 2.764695 (was 2.76263)
Pin step.fb set to 2.764695 (was 2.76263)
[INFO] hw.stepgen: =human= stepgen sg-cmd-pos=3.000000 rev sg-fb-pos=2.764695 rev sg-vel=2.070000 rps sg-acc=10.000000 rps2

=human= stepgen sg-cmd-pos=3.000000 rev sg-fb-pos=2.764695 rev sg-vel=2.070000 rps sg-acc=10.000000 rps2

[INFO] hw.pins: Pin step.fb set to 2.76677 (was 2.764695)
Pin step.fb set to 2.76677 (was 2.764695)
[INFO] hw.stepgen: =human= stepgen sg-cmd-pos=3.000000 rev sg-fb-pos=2.766770 rev sg-vel=2.080000 rps sg-acc=10.000000 rps2

=human= stepgen sg-cmd-pos=3.000000 rev sg-fb-pos=2.766770 rev sg-vel=2.080000 rps sg-acc=10.000000 rps2

[INFO] hw.pins: Pin step.fb set to 2.7688550000000003 (was 2.76677)
Pin step.fb set to 2.7688550000000003 (was 2.76677)
[INFO] hw.stepgen: =human= stepgen sg-cmd-pos=3.000000 rev sg-fb-pos=2.768855 rev sg-vel=2.090000 rps sg-acc=10.000000 rps2

=human= stepgen sg-cmd-pos=3.000000 rev sg-fb-pos=2.768855 rev sg-vel=2.090000 rps sg-acc=10.000000 rps2

[INFO] hw.pins: Pin step.fb set to 2.7709500000000005 (was 2.7688550000000003)
Pin step.fb set to 2.7709500000000005 (was 2.7688550000000003)
[INFO] hw.stepgen: =human= stepgen sg-cmd-pos=3.000000 rev sg-fb-pos=2.770950 rev sg-vel=2.100000 rps sg-acc=10.000000 rps2

=human= stepgen sg-cmd-pos=3.000000 rev sg-fb-pos=2.770950 rev sg-vel=2.100000 rps sg-acc=10.000000 rps2

[INFO] hw.pins: Pin step.fb set to 2.7730550000000003 (was 2.7709500000000005)
Pin step.fb set to 2.7730550000000003 (was 2.7709500000000005)
[INFO] hw.stepgen: =human= stepgen sg-cmd-pos=3.000000 rev sg-fb-pos=2.773055 rev sg-vel=2.110000 rps sg-acc=10.000000 rps2

=human= stepgen sg-cmd-pos=3.000000 rev sg-fb-pos=2.773055 rev sg-vel=2.110000 rps sg-acc=10.000000 rps2

[INFO] hw.pins: Pin step.fb set to 2.77517 (was 2.7730550000000003)
Pin step.fb set to 2.77517 (was 2.7730550000000003)
[INFO] hw.stepgen: =human= stepgen sg-cmd-pos=3.000000 rev sg-fb-pos=2.775170 rev sg-vel=2.120000 rps sg-acc=10.000000 rps2

=human= stepgen sg-cmd-pos=3.000000 rev sg-fb-pos=2.775170 rev sg-vel=2.120000 rps sg-acc=10.000000 rps2

[INFO] hw.pins: Pin step.fb set to 2.777295 (was 2.77517)
Pin step.fb set to 2.777295 (was 2.77517)
[INFO] hw.stepgen: =human= stepgen sg-cmd-pos=3.000000 rev sg-fb-pos=2.777295 rev sg-vel=2.130000 rps sg-acc=10.000000 rps2

=human= stepgen sg-cmd-pos=3.000000 rev sg-fb-pos=2.777295 rev sg-vel=2.130000 rps sg-acc=10.000000 rps2

[INFO] hw.pins: Pin step.fb set to 2.77942 (was 2.777295)
Pin step.fb set to 2.77942 (was 2.777295)
[INFO] hw.stepgen: =human= stepgen sg-cmd-pos=3.000000 rev sg-fb-pos=2.779420 rev sg-vel=2.120000 rps sg-acc=-10.000000 rps2

=human= stepgen sg-cmd-pos=3.000000 rev sg-fb-pos=2.779420 rev sg-vel=2.120000 rps sg-acc=-10.000000 rps2

[INFO] hw.pins: Pin step.fb set to 2.781535 (was 2.77942)
Pin step.fb set to 2.781535 (was 2.77942)
[INFO] hw.stepgen: =human= stepgen sg-cmd-pos=3.000000 rev sg-fb-pos=2.781535 rev sg-vel=2.110000 rps sg-acc=-10.000000 rps2

=human= stepgen sg-cmd-pos=3.000000 rev sg-fb-pos=2.781535 rev sg-vel=2.110000 rps sg-acc=-10.000000 rps2

[INFO] hw.pins: Pin step.fb set to 2.7836399999999997 (was 2.781535)
Pin step.fb set to 2.7836399999999997 (was 2.781535)
[INFO] hw.stepgen: =human= stepgen sg-cmd-pos=3.000000 rev sg-fb-pos=2.783640 rev sg-vel=2.100000 rps sg-acc=-10.000000 rps2

=human= stepgen sg-cmd-pos=3.000000 rev sg-fb-pos=2.783640 rev sg-vel=2.100000 rps sg-acc=-10.000000 rps2

[INFO] hw.pins: Pin step.fb set to 2.785735 (was 2.7836399999999997)
Pin step.fb set to 2.785735 (was 2.7836399999999997)
[INFO] hw.stepgen: =human= stepgen sg-cmd-pos=3.000000 rev sg-fb-pos=2.785735 rev sg-vel=2.090000 rps sg-acc=-10.000000 rps2

=human= stepgen sg-cmd-pos=3.000000 rev sg-fb-pos=2.785735 rev sg-vel=2.090000 rps sg-acc=-10.000000 rps2

[INFO] hw.pins: Pin step.fb set to 2.78782 (was 2.785735)
Pin step.fb set to 2.78782 (was 2.785735)
[INFO] hw.stepgen: =human= stepgen sg-cmd-pos=3.000000 rev sg-fb-pos=2.787820 rev sg-vel=2.080000 rps sg-acc=-10.000000 rps2

=human= stepgen sg-cmd-pos=3.000000 rev sg-fb-pos=2.787820 rev sg-vel=2.080000 rps sg-acc=-10.000000 rps2

[INFO] hw.pins: Pin step.fb set to 2.789895 (was 2.78782)
Pin step.fb set to 2.789895 (was 2.78782)
[INFO] hw.stepgen: =human= stepgen sg-cmd-pos=3.000000 rev sg-fb-pos=2.789895 rev sg-vel=2.070000 rps sg-acc=-10.000000 rps2

=human= stepgen sg-cmd-pos=3.000000 rev sg-fb-pos=2.789895 rev sg-vel=2.070000 rps sg-acc=-10.000000 rps2

[INFO] hw.pins: Pin step.fb set to 2.79196 (was 2.789895)
Pin step.fb set to 2.79196 (was 2.789895)
[INFO] hw.stepgen: =human= stepgen sg-cmd-pos=3.000000 rev sg-fb-pos=2.791960 rev sg-vel=2.060000 rps sg-acc=-10.000000 rps2

=human= stepgen sg-cmd-pos=3.000000 rev sg-fb-pos=2.791960 rev sg-vel=2.060000 rps sg-acc=-10.000000 rps2

[INFO] hw.pins: Pin step.fb set to 2.794015 (was 2.79196)
Pin step.fb set to 2.794015 (was 2.79196)
[INFO] hw.stepgen: =human= stepgen sg-cmd-pos=3.000000 rev sg-fb-pos=2.794015 rev sg-vel=2.050000 rps sg-acc=-10.000000 rps2

=human= stepgen sg-cmd-pos=3.000000 rev sg-fb-pos=2.794015 rev sg-vel=2.050000 rps sg-acc=-10.000000 rps2

[INFO] hw.pins: Pin step.fb set to 2.7960599999999998 (was 2.794015)
Pin step.fb set to 2.7960599999999998 (was 2.794015)
[INFO] hw.stepgen: =human= stepgen sg-cmd-pos=3.000000 rev sg-fb-pos=2.796060 rev sg-vel=2.040000 rps sg-acc=-10.000000 rps2

=human= stepgen sg-cmd-pos=3.000000 rev sg-fb-pos=2.796060 rev sg-vel=2.040000 rps sg-acc=-10.000000 rps2

[INFO] hw.pins: Pin step.fb set to 2.7980949999999996 (was 2.7960599999999998)
Pin step.fb set to 2.7980949999999996 (was 2.7960599999999998)
[INFO] hw.stepgen: =human= stepgen sg-cmd-pos=3.000000 rev sg-fb-pos=2.798095 rev sg-vel=2.030000 rps sg-acc=-10.000000 rps2

=human= stepgen sg-cmd-pos=3.000000 rev sg-fb-pos=2.798095 rev sg-vel=2.030000 rps sg-acc=-10.000000 rps2

[INFO] hw.pins: Pin step.fb set to 2.8001199999999997 (was 2.7980949999999996)
Pin step.fb set to 2.8001199999999997 (was 2.7980949999999996)
[INFO] hw.stepgen: =human= stepgen sg-cmd-pos=3.000000 rev sg-fb-pos=2.800120 rev sg-vel=2.020000 rps sg-acc=-10.000000 rps2

=human= stepgen sg-cmd-pos=3.000000 rev sg-fb-pos=2.800120 rev sg-vel=2.020000 rps sg-acc=-10.000000 rps2

[INFO] hw.pins: Pin step.fb set to 2.802135 (was 2.8001199999999997)
Pin step.fb set to 2.802135 (was 2.8001199999999997)
[INFO] hw.stepgen: =human= stepgen sg-cmd-pos=3.000000 rev sg-fb-pos=2.802135 rev sg-vel=2.010000 rps sg-acc=-10.000000 rps2

=human= stepgen sg-cmd-pos=3.000000 rev sg-fb-pos=2.802135 rev sg-vel=2.010000 rps sg-acc=-10.000000 rps2

[INFO] hw.pins: Pin step.fb set to 2.80414 (was 2.802135)
Pin step.fb set to 2.80414 (was 2.802135)
[INFO] hw.stepgen: =human= stepgen sg-cmd-pos=3.000000 rev sg-fb-pos=2.804140 rev sg-vel=2.000000 rps sg-acc=-10.000000 rps2

=human= stepgen sg-cmd-pos=3.000000 rev sg-fb-pos=2.804140 rev sg-vel=2.000000 rps sg-acc=-10.000000 rps2

[INFO] hw.pins: Pin step.fb set to 2.806135 (was 2.80414)
Pin step.fb set to 2.806135 (was 2.80414)
[INFO] hw.stepgen: =human= stepgen sg-cmd-pos=3.000000 rev sg-fb-pos=2.806135 rev sg-vel=1.990000 rps sg-acc=-10.000000 rps2

=human= stepgen sg-cmd-pos=3.000000 rev sg-fb-pos=2.806135 rev sg-vel=1.990000 rps sg-acc=-10.000000 rps2

[INFO] hw.pins: Pin step.fb set to 2.8081199999999997 (was 2.806135)
Pin step.fb set to 2.8081199999999997 (was 2.806135)
[INFO] hw.stepgen: =human= stepgen sg-cmd-pos=3.000000 rev sg-fb-pos=2.808120 rev sg-vel=1.980000 rps sg-acc=-10.000000 rps2

=human= stepgen sg-cmd-pos=3.000000 rev sg-fb-pos=2.808120 rev sg-vel=1.980000 rps sg-acc=-10.000000 rps2

[INFO] hw.pins: Pin step.fb set to 2.8100949999999996 (was 2.8081199999999997)
Pin step.fb set to 2.8100949999999996 (was 2.8081199999999997)
[INFO] hw.stepgen: =human= stepgen sg-cmd-pos=3.000000 rev sg-fb-pos=2.810095 rev sg-vel=1.970000 rps sg-acc=-10.000000 rps2

=human= stepgen sg-cmd-pos=3.000000 rev sg-fb-pos=2.810095 rev sg-vel=1.970000 rps sg-acc=-10.000000 rps2

[INFO] hw.pins: Pin step.fb set to 2.81206 (was 2.8100949999999996)
Pin step.fb set to 2.81206 (was 2.8100949999999996)
[INFO] hw.stepgen: =human= stepgen sg-cmd-pos=3.000000 rev sg-fb-pos=2.812060 rev sg-vel=1.960000 rps sg-acc=-10.000000 rps2

=human= stepgen sg-cmd-pos=3.000000 rev sg-fb-pos=2.812060 rev sg-vel=1.960000 rps sg-acc=-10.000000 rps2

[INFO] hw.pins: Pin step.fb set to 2.814015 (was 2.81206)
Pin step.fb set to 2.814015 (was 2.81206)
[INFO] hw.stepgen: =human= stepgen sg-cmd-pos=3.000000 rev sg-fb-pos=2.814015 rev sg-vel=1.950000 rps sg-acc=-10.000000 rps2

=human= stepgen sg-cmd-pos=3.000000 rev sg-fb-pos=2.814015 rev sg-vel=1.950000 rps sg-acc=-10.000000 rps2

[INFO] hw.pins: Pin step.fb set to 2.81596 (was 2.814015)
Pin step.fb set to 2.81596 (was 2.814015)
[INFO] hw.stepgen: =human= stepgen sg-cmd-pos=3.000000 rev sg-fb-pos=2.815960 rev sg-vel=1.940000 rps sg-acc=-10.000000 rps2

=human= stepgen sg-cmd-pos=3.000000 rev sg-fb-pos=2.815960 rev sg-vel=1.940000 rps sg-acc=-10.000000 rps2

[INFO] hw.pins: Pin step.fb set to 2.817895 (was 2.81596)
Pin step.fb set to 2.817895 (was 2.81596)
[INFO] hw.stepgen: =human= stepgen sg-cmd-pos=3.000000 rev sg-fb-pos=2.817895 rev sg-vel=1.930000 rps sg-acc=-10.000000 rps2

=human= stepgen sg-cmd-pos=3.000000 rev sg-fb-pos=2.817895 rev sg-vel=1.930000 rps sg-acc=-10.000000 rps2

[INFO] hw.pins: Pin step.fb set to 2.81982 (was 2.817895)
Pin step.fb set to 2.81982 (was 2.817895)
[INFO] hw.stepgen: =human= stepgen sg-cmd-pos=3.000000 rev sg-fb-pos=2.819820 rev sg-vel=1.920000 rps sg-acc=-10.000000 rps2

=human= stepgen sg-cmd-pos=3.000000 rev sg-fb-pos=2.819820 rev sg-vel=1.920000 rps sg-acc=-10.000000 rps2

[INFO] hw.pins: Pin step.fb set to 2.821735 (was 2.81982)
Pin step.fb set to 2.821735 (was 2.81982)
[INFO] hw.stepgen: =human= stepgen sg-cmd-pos=3.000000 rev sg-fb-pos=2.821735 rev sg-vel=1.910000 rps sg-acc=-10.000000 rps2

=human= stepgen sg-cmd-pos=3.000000 rev sg-fb-pos=2.821735 rev sg-vel=1.910000 rps sg-acc=-10.000000 rps2

[INFO] hw.pins: Pin step.fb set to 2.8236399999999997 (was 2.821735)
Pin step.fb set to 2.8236399999999997 (was 2.821735)
[INFO] hw.stepgen: =human= stepgen sg-cmd-pos=3.000000 rev sg-fb-pos=2.823640 rev sg-vel=1.900000 rps sg-acc=-10.000000 rps2

=human= stepgen sg-cmd-pos=3.000000 rev sg-fb-pos=2.823640 rev sg-vel=1.900000 rps sg-acc=-10.000000 rps2

[INFO] hw.pins: Pin step.fb set to 2.825535 (was 2.8236399999999997)
Pin step.fb set to 2.825535 (was 2.8236399999999997)
[INFO] hw.stepgen: =human= stepgen sg-cmd-pos=3.000000 rev sg-fb-pos=2.825535 rev sg-vel=1.890000 rps sg-acc=-10.000000 rps2

=human= stepgen sg-cmd-pos=3.000000 rev sg-fb-pos=2.825535 rev sg-vel=1.890000 rps sg-acc=-10.000000 rps2

[INFO] hw.pins: Pin step.fb set to 2.82742 (was 2.825535)
Pin step.fb set to 2.82742 (was 2.825535)
[INFO] hw.stepgen: =human= stepgen sg-cmd-pos=3.000000 rev sg-fb-pos=2.827420 rev sg-vel=1.880000 rps sg-acc=-10.000000 rps2

=human= stepgen sg-cmd-pos=3.000000 rev sg-fb-pos=2.827420 rev sg-vel=1.880000 rps sg-acc=-10.000000 rps2

[INFO] hw.pins: Pin step.cmd set to 3.1000000000000014 (was 3.0000000000000013)
Pin step.cmd set to 3.1000000000000014 (was 3.0000000000000013)
[INFO] hw.pins: Pin step.fb set to 2.829305 (was 2.82742)
Pin step.fb set to 2.829305 (was 2.82742)
[INFO] hw.stepgen: =human= stepgen sg-cmd-pos=3.100000 rev sg-fb-pos=2.829305 rev sg-vel=1.890000 rps sg-acc=10.000000 rps2

=human= stepgen sg-cmd-pos=3.100000 rev sg-fb-pos=2.829305 rev sg-vel=1.890000 rps sg-acc=10.000000 rps2

[INFO] hw.stepgen: =human= stepgen event=reaim sg-cmd-pos=3.100000 rev sg-fb-pos=2.829305 rev sg-vel=1.890000 rps

=human= stepgen event=reaim sg-cmd-pos=3.100000 rev sg-fb-pos=2.829305 rev sg-vel=1.890000 rps

[INFO] hw.pins: Pin step.fb set to 2.8312000000000004 (was 2.829305)
Pin step.fb set to 2.8312000000000004 (was 2.829305)
[INFO] hw.stepgen: =human= stepgen sg-cmd-pos=3.100000 rev sg-fb-pos=2.831200 rev sg-vel=1.900000 rps sg-acc=10.000000 rps2

=human= stepgen sg-cmd-pos=3.100000 rev sg-fb-pos=2.831200 rev sg-vel=1.900000 rps sg-acc=10.000000 rps2

[INFO] hw.pins: Pin step.fb set to 2.833105 (was 2.8312000000000004)
Pin step.fb set to 2.833105 (was 2.8312000000000004)
[INFO] hw.stepgen: =human= stepgen sg-cmd-pos=3.100000 rev sg-fb-pos=2.833105 rev sg-vel=1.910000 rps sg-acc=10.000000 rps2

=human= stepgen sg-cmd-pos=3.100000 rev sg-fb-pos=2.833105 rev sg-vel=1.910000 rps sg-acc=10.000000 rps2

[INFO] hw.pins: Pin step.fb set to 2.83502 (was 2.833105)
Pin step.fb set to 2.83502 (was 2.833105)
[INFO] hw.stepgen: =human= stepgen sg-cmd-pos=3.100000 rev sg-fb-pos=2.835020 rev sg-vel=1.920000 rps sg-acc=10.000000 rps2

=human= stepgen sg-cmd-pos=3.100000 rev sg-fb-pos=2.835020 rev sg-vel=1.920000 rps sg-acc=10.000000 rps2

[INFO] hw.pins: Pin step.fb set to 2.836945 (was 2.83502)
Pin step.fb set to 2.836945 (was 2.83502)
[INFO] hw.stepgen: =human= stepgen sg-cmd-pos=3.100000 rev sg-fb-pos=2.836945 rev sg-vel=1.930000 rps sg-acc=10.000000 rps2

=human= stepgen sg-cmd-pos=3.100000 rev sg-fb-pos=2.836945 rev sg-vel=1.930000 rps sg-acc=10.000000 rps2

[INFO] hw.pins: Pin step.fb set to 2.83888 (was 2.836945)
Pin step.fb set to 2.83888 (was 2.836945)
[INFO] hw.stepgen: =human= stepgen sg-cmd-pos=3.100000 rev sg-fb-pos=2.838880 rev sg-vel=1.940000 rps sg-acc=10.000000 rps2

=human= stepgen sg-cmd-pos=3.100000 rev sg-fb-pos=2.838880 rev sg-vel=1.940000 rps sg-acc=10.000000 rps2

[INFO] hw.pins: Pin step.fb set to 2.840825 (was 2.83888)
Pin step.fb set to 2.840825 (was 2.83888)
[INFO] hw.stepgen: =human= stepgen sg-cmd-pos=3.100000 rev sg-fb-pos=2.840825 rev sg-vel=1.950000 rps sg-acc=10.000000 rps2

=human= stepgen sg-cmd-pos=3.100000 rev sg-fb-pos=2.840825 rev sg-vel=1.950000 rps sg-acc=10.000000 rps2

[INFO] hw.pins: Pin step.fb set to 2.8427800000000003 (was 2.840825)
Pin step.fb set to 2.8427800000000003 (was 2.840825)
[INFO] hw.stepgen: =human= stepgen sg-cmd-pos=3.100000 rev sg-fb-pos=2.842780 rev sg-vel=1.960000 rps sg-acc=10.000000 rps2

=human= stepgen sg-cmd-pos=3.100000 rev sg-fb-pos=2.842780 rev sg-vel=1.960000 rps sg-acc=10.000000 rps2

[INFO] hw.pins: Pin step.fb set to 2.8447450000000005 (was 2.8427800000000003)
Pin step.fb set to 2.8447450000000005 (was 2.8427800000000003)
[INFO] hw.stepgen: =human= stepgen sg-cmd-pos=3.100000 rev sg-fb-pos=2.844745 rev sg-vel=1.970000 rps sg-acc=10.000000 rps2

=human= stepgen sg-cmd-pos=3.100000 rev sg-fb-pos=2.844745 rev sg-vel=1.970000 rps sg-acc=10.000000 rps2

[INFO] hw.pins: Pin step.fb set to 2.8467200000000004 (was 2.8447450000000005)
Pin step.fb set to 2.8467200000000004 (was 2.8447450000000005)
[INFO] hw.stepgen: =human= stepgen sg-cmd-pos=3.100000 rev sg-fb-pos=2.846720 rev sg-vel=1.980000 rps sg-acc=10.000000 rps2

=human= stepgen sg-cmd-pos=3.100000 rev sg-fb-pos=2.846720 rev sg-vel=1.980000 rps sg-acc=10.000000 rps2

[INFO] hw.pins: Pin step.fb set to 2.8487050000000003 (was 2.8467200000000004)
Pin step.fb set to 2.8487050000000003 (was 2.8467200000000004)
[INFO] hw.stepgen: =human= stepgen sg-cmd-pos=3.100000 rev sg-fb-pos=2.848705 rev sg-vel=1.990000 rps sg-acc=10.000000 rps2

=human= stepgen sg-cmd-pos=3.100000 rev sg-fb-pos=2.848705 rev sg-vel=1.990000 rps sg-acc=10.000000 rps2

[INFO] hw.pins: Pin step.fb set to 2.8507000000000002 (was 2.8487050000000003)
Pin step.fb set to 2.8507000000000002 (was 2.8487050000000003)
[INFO] hw.stepgen: =human= stepgen sg-cmd-pos=3.100000 rev sg-fb-pos=2.850700 rev sg-vel=2.000000 rps sg-acc=10.000000 rps2

=human= stepgen sg-cmd-pos=3.100000 rev sg-fb-pos=2.850700 rev sg-vel=2.000000 rps sg-acc=10.000000 rps2

[INFO] hw.pins: Pin step.fb set to 2.8527050000000003 (was 2.8507000000000002)
Pin step.fb set to 2.8527050000000003 (was 2.8507000000000002)
[INFO] hw.stepgen: =human= stepgen sg-cmd-pos=3.100000 rev sg-fb-pos=2.852705 rev sg-vel=2.010000 rps sg-acc=10.000000 rps2

=human= stepgen sg-cmd-pos=3.100000 rev sg-fb-pos=2.852705 rev sg-vel=2.010000 rps sg-acc=10.000000 rps2

[INFO] hw.pins: Pin step.fb set to 2.8547200000000004 (was 2.8527050000000003)
Pin step.fb set to 2.8547200000000004 (was 2.8527050000000003)
[INFO] hw.stepgen: =human= stepgen sg-cmd-pos=3.100000 rev sg-fb-pos=2.854720 rev sg-vel=2.020000 rps sg-acc=10.000000 rps2

=human= stepgen sg-cmd-pos=3.100000 rev sg-fb-pos=2.854720 rev sg-vel=2.020000 rps sg-acc=10.000000 rps2

[INFO] hw.pins: Pin step.fb set to 2.8567450000000005 (was 2.8547200000000004)
Pin step.fb set to 2.8567450000000005 (was 2.8547200000000004)
[INFO] hw.stepgen: =human= stepgen sg-cmd-pos=3.100000 rev sg-fb-pos=2.856745 rev sg-vel=2.030000 rps sg-acc=10.000000 rps2

=human= stepgen sg-cmd-pos=3.100000 rev sg-fb-pos=2.856745 rev sg-vel=2.030000 rps sg-acc=10.000000 rps2

[INFO] hw.pins: Pin step.fb set to 2.8587800000000003 (was 2.8567450000000005)
Pin step.fb set to 2.8587800000000003 (was 2.8567450000000005)
[INFO] hw.stepgen: =human= stepgen sg-cmd-pos=3.100000 rev sg-fb-pos=2.858780 rev sg-vel=2.040000 rps sg-acc=10.000000 rps2

=human= stepgen sg-cmd-pos=3.100000 rev sg-fb-pos=2.858780 rev sg-vel=2.040000 rps sg-acc=10.000000 rps2

[INFO] hw.pins: Pin step.fb set to 2.860825 (was 2.8587800000000003)
Pin step.fb set to 2.860825 (was 2.8587800000000003)
[INFO] hw.stepgen: =human= stepgen sg-cmd-pos=3.100000 rev sg-fb-pos=2.860825 rev sg-vel=2.050000 rps sg-acc=10.000000 rps2

=human= stepgen sg-cmd-pos=3.100000 rev sg-fb-pos=2.860825 rev sg-vel=2.050000 rps sg-acc=10.000000 rps2

[INFO] hw.pins: Pin step.fb set to 2.86288 (was 2.860825)
Pin step.fb set to 2.86288 (was 2.860825)
[INFO] hw.stepgen: =human= stepgen sg-cmd-pos=3.100000 rev sg-fb-pos=2.862880 rev sg-vel=2.060000 rps sg-acc=10.000000 rps2

=human= stepgen sg-cmd-pos=3.100000 rev sg-fb-pos=2.862880 rev sg-vel=2.060000 rps sg-acc=10.000000 rps2

[INFO] hw.pins: Pin step.fb set to 2.864945 (was 2.86288)
Pin step.fb set to 2.864945 (was 2.86288)
[INFO] hw.stepgen: =human= stepgen sg-cmd-pos=3.100000 rev sg-fb-pos=2.864945 rev sg-vel=2.070000 rps sg-acc=10.000000 rps2

=human= stepgen sg-cmd-pos=3.100000 rev sg-fb-pos=2.864945 rev sg-vel=2.070000 rps sg-acc=10.000000 rps2

[INFO] hw.pins: Pin step.fb set to 2.86702 (was 2.864945)
Pin step.fb set to 2.86702 (was 2.864945)
[INFO] hw.stepgen: =human= stepgen sg-cmd-pos=3.100000 rev sg-fb-pos=2.867020 rev sg-vel=2.080000 rps sg-acc=10.000000 rps2

=human= stepgen sg-cmd-pos=3.100000 rev sg-fb-pos=2.867020 rev sg-vel=2.080000 rps sg-acc=10.000000 rps2

[INFO] hw.pins: Pin step.fb set to 2.8691050000000002 (was 2.86702)
Pin step.fb set to 2.8691050000000002 (was 2.86702)
[INFO] hw.stepgen: =human= stepgen sg-cmd-pos=3.100000 rev sg-fb-pos=2.869105 rev sg-vel=2.090000 rps sg-acc=10.000000 rps2

=human= stepgen sg-cmd-pos=3.100000 rev sg-fb-pos=2.869105 rev sg-vel=2.090000 rps sg-acc=10.000000 rps2

[INFO] hw.pins: Pin step.fb set to 2.8712000000000004 (was 2.8691050000000002)
Pin step.fb set to 2.8712000000000004 (was 2.8691050000000002)
[INFO] hw.stepgen: =human= stepgen sg-cmd-pos=3.100000 rev sg-fb-pos=2.871200 rev sg-vel=2.100000 rps sg-acc=10.000000 rps2

=human= stepgen sg-cmd-pos=3.100000 rev sg-fb-pos=2.871200 rev sg-vel=2.100000 rps sg-acc=10.000000 rps2

[INFO] hw.pins: Pin step.fb set to 2.873305 (was 2.8712000000000004)
Pin step.fb set to 2.873305 (was 2.8712000000000004)
[INFO] hw.stepgen: =human= stepgen sg-cmd-pos=3.100000 rev sg-fb-pos=2.873305 rev sg-vel=2.110000 rps sg-acc=10.000000 rps2

=human= stepgen sg-cmd-pos=3.100000 rev sg-fb-pos=2.873305 rev sg-vel=2.110000 rps sg-acc=10.000000 rps2

[INFO] hw.pins: Pin step.fb set to 2.87542 (was 2.873305)
Pin step.fb set to 2.87542 (was 2.873305)
[INFO] hw.stepgen: =human= stepgen sg-cmd-pos=3.100000 rev sg-fb-pos=2.875420 rev sg-vel=2.120000 rps sg-acc=10.000000 rps2

=human= stepgen sg-cmd-pos=3.100000 rev sg-fb-pos=2.875420 rev sg-vel=2.120000 rps sg-acc=10.000000 rps2

[INFO] hw.pins: Pin step.fb set to 2.877535 (was 2.87542)
Pin step.fb set to 2.877535 (was 2.87542)
[INFO] hw.stepgen: =human= stepgen sg-cmd-pos=3.100000 rev sg-fb-pos=2.877535 rev sg-vel=2.110000 rps sg-acc=-10.000000 rps2

=human= stepgen sg-cmd-pos=3.100000 rev sg-fb-pos=2.877535 rev sg-vel=2.110000 rps sg-acc=-10.000000 rps2

[INFO] hw.pins: Pin step.fb set to 2.8796399999999998 (was 2.877535)
Pin step.fb set to 2.8796399999999998 (was 2.877535)
[INFO] hw.stepgen: =human= stepgen sg-cmd-pos=3.100000 rev sg-fb-pos=2.879640 rev sg-vel=2.100000 rps sg-acc=-10.000000 rps2

=human= stepgen sg-cmd-pos=3.100000 rev sg-fb-pos=2.879640 rev sg-vel=2.100000 rps sg-acc=-10.000000 rps2

[INFO] hw.pins: Pin step.fb set to 2.881735 (was 2.8796399999999998)
Pin step.fb set to 2.881735 (was 2.8796399999999998)
[INFO] hw.stepgen: =human= stepgen sg-cmd-pos=3.100000 rev sg-fb-pos=2.881735 rev sg-vel=2.090000 rps sg-acc=-10.000000 rps2

=human= stepgen sg-cmd-pos=3.100000 rev sg-fb-pos=2.881735 rev sg-vel=2.090000 rps sg-acc=-10.000000 rps2

[INFO] hw.pins: Pin step.fb set to 2.88382 (was 2.881735)
Pin step.fb set to 2.88382 (was 2.881735)
[INFO] hw.stepgen: =human= stepgen sg-cmd-pos=3.100000 rev sg-fb-pos=2.883820 rev sg-vel=2.080000 rps sg-acc=-10.000000 rps2

=human= stepgen sg-cmd-pos=3.100000 rev sg-fb-pos=2.883820 rev sg-vel=2.080000 rps sg-acc=-10.000000 rps2

[INFO] hw.pins: Pin step.fb set to 2.885895 (was 2.88382)
Pin step.fb set to 2.885895 (was 2.88382)
[INFO] hw.stepgen: =human= stepgen sg-cmd-pos=3.100000 rev sg-fb-pos=2.885895 rev sg-vel=2.070000 rps sg-acc=-10.000000 rps2

=human= stepgen sg-cmd-pos=3.100000 rev sg-fb-pos=2.885895 rev sg-vel=2.070000 rps sg-acc=-10.000000 rps2

[INFO] hw.pins: Pin step.fb set to 2.88796 (was 2.885895)
Pin step.fb set to 2.88796 (was 2.885895)
[INFO] hw.stepgen: =human= stepgen sg-cmd-pos=3.100000 rev sg-fb-pos=2.887960 rev sg-vel=2.060000 rps sg-acc=-10.000000 rps2

=human= stepgen sg-cmd-pos=3.100000 rev sg-fb-pos=2.887960 rev sg-vel=2.060000 rps sg-acc=-10.000000 rps2

[INFO] hw.pins: Pin step.fb set to 2.890015 (was 2.88796)
Pin step.fb set to 2.890015 (was 2.88796)
[INFO] hw.stepgen: =human= stepgen sg-cmd-pos=3.100000 rev sg-fb-pos=2.890015 rev sg-vel=2.050000 rps sg-acc=-10.000000 rps2

=human= stepgen sg-cmd-pos=3.100000 rev sg-fb-pos=2.890015 rev sg-vel=2.050000 rps sg-acc=-10.000000 rps2

[INFO] hw.pins: Pin step.fb set to 2.89206 (was 2.890015)
Pin step.fb set to 2.89206 (was 2.890015)
[INFO] hw.stepgen: =human= stepgen sg-cmd-pos=3.100000 rev sg-fb-pos=2.892060 rev sg-vel=2.040000 rps sg-acc=-10.000000 rps2

=human= stepgen sg-cmd-pos=3.100000 rev sg-fb-pos=2.892060 rev sg-vel=2.040000 rps sg-acc=-10.000000 rps2

[INFO] hw.pins: Pin step.fb set to 2.8940949999999996 (was 2.89206)
Pin step.fb set to 2.8940949999999996 (was 2.89206)
[INFO] hw.stepgen: =human= stepgen sg-cmd-pos=3.100000 rev sg-fb-pos=2.894095 rev sg-vel=2.030000 rps sg-acc=-10.000000 rps2

=human= stepgen sg-cmd-pos=3.100000 rev sg-fb-pos=2.894095 rev sg-vel=2.030000 rps sg-acc=-10.000000 rps2

[INFO] hw.pins: Pin step.fb set to 2.89612 (was 2.8940949999999996)
Pin step.fb set to 2.89612 (was 2.8940949999999996)
[INFO] hw.stepgen: =human= stepgen sg-cmd-pos=3.100000 rev sg-fb-pos=2.896120 rev sg-vel=2.020000 rps sg-acc=-10.000000 rps2

=human= stepgen sg-cmd-pos=3.100000 rev sg-fb-pos=2.896120 rev sg-vel=2.020000 rps sg-acc=-10.000000 rps2

[INFO] hw.pins: Pin step.fb set to 2.898135 (was 2.89612)
Pin step.fb set to 2.898135 (was 2.89612)
[INFO] hw.stepgen: =human= stepgen sg-cmd-pos=3.100000 rev sg-fb-pos=2.898135 rev sg-vel=2.010000 rps sg-acc=-10.000000 rps2

=human= stepgen sg-cmd-pos=3.100000 rev sg-fb-pos=2.898135 rev sg-vel=2.010000 rps sg-acc=-10.000000 rps2

[INFO] hw.pins: Pin step.fb set to 2.90014 (was 2.898135)
Pin step.fb set to 2.90014 (was 2.898135)
[INFO] hw.stepgen: =human= stepgen sg-cmd-pos=3.100000 rev sg-fb-pos=2.900140 rev sg-vel=2.000000 rps sg-acc=-10.000000 rps2

=human= stepgen sg-cmd-pos=3.100000 rev sg-fb-pos=2.900140 rev sg-vel=2.000000 rps sg-acc=-10.000000 rps2

[INFO] hw.pins: Pin step.fb set to 2.902135 (was 2.90014)
Pin step.fb set to 2.902135 (was 2.90014)
[INFO] hw.stepgen: =human= stepgen sg-cmd-pos=3.100000 rev sg-fb-pos=2.902135 rev sg-vel=1.990000 rps sg-acc=-10.000000 rps2

=human= stepgen sg-cmd-pos=3.100000 rev sg-fb-pos=2.902135 rev sg-vel=1.990000 rps sg-acc=-10.000000 rps2

[INFO] hw.pins: Pin step.fb set to 2.90412 (was 2.902135)
Pin step.fb set to 2.90412 (was 2.902135)
[INFO] hw.stepgen: =human= stepgen sg-cmd-pos=3.100000 rev sg-fb-pos=2.904120 rev sg-vel=1.980000 rps sg-acc=-10.000000 rps2

=human= stepgen sg-cmd-pos=3.100000 rev sg-fb-pos=2.904120 rev sg-vel=1.980000 rps sg-acc=-10.000000 rps2

[INFO] hw.pins: Pin step.fb set to 2.9060949999999997 (was 2.90412)
Pin step.fb set to 2.9060949999999997 (was 2.90412)
[INFO] hw.stepgen: =human= stepgen sg-cmd-pos=3.100000 rev sg-fb-pos=2.906095 rev sg-vel=1.970000 rps sg-acc=-10.000000 rps2

=human= stepgen sg-cmd-pos=3.100000 rev sg-fb-pos=2.906095 rev sg-vel=1.970000 rps sg-acc=-10.000000 rps2

[INFO] hw.pins: Pin step.fb set to 2.90806 (was 2.9060949999999997)
Pin step.fb set to 2.90806 (was 2.9060949999999997)
[INFO] hw.stepgen: =human= stepgen sg-cmd-pos=3.100000 rev sg-fb-pos=2.908060 rev sg-vel=1.960000 rps sg-acc=-10.000000 rps2

=human= stepgen sg-cmd-pos=3.100000 rev sg-fb-pos=2.908060 rev sg-vel=1.960000 rps sg-acc=-10.000000 rps2

[INFO] hw.pins: Pin step.fb set to 2.910015 (was 2.90806)
Pin step.fb set to 2.910015 (was 2.90806)
[INFO] hw.stepgen: =human= stepgen sg-cmd-pos=3.100000 rev sg-fb-pos=2.910015 rev sg-vel=1.950000 rps sg-acc=-10.000000 rps2

=human= stepgen sg-cmd-pos=3.100000 rev sg-fb-pos=2.910015 rev sg-vel=1.950000 rps sg-acc=-10.000000 rps2

[INFO] hw.pins: Pin step.fb set to 2.91196 (was 2.910015)
Pin step.fb set to 2.91196 (was 2.910015)
[INFO] hw.stepgen: =human= stepgen sg-cmd-pos=3.100000 rev sg-fb-pos=2.911960 rev sg-vel=1.940000 rps sg-acc=-10.000000 rps2

=human= stepgen sg-cmd-pos=3.100000 rev sg-fb-pos=2.911960 rev sg-vel=1.940000 rps sg-acc=-10.000000 rps2

[INFO] hw.pins: Pin step.fb set to 2.913895 (was 2.91196)
Pin step.fb set to 2.913895 (was 2.91196)
[INFO] hw.stepgen: =human= stepgen sg-cmd-pos=3.100000 rev sg-fb-pos=2.913895 rev sg-vel=1.930000 rps sg-acc=-10.000000 rps2

=human= stepgen sg-cmd-pos=3.100000 rev sg-fb-pos=2.913895 rev sg-vel=1.930000 rps sg-acc=-10.000000 rps2

[INFO] hw.pins: Pin step.fb set to 2.91582 (was 2.913895)
Pin step.fb set to 2.91582 (was 2.913895)
[INFO] hw.stepgen: =human= stepgen sg-cmd-pos=3.100000 rev sg-fb-pos=2.915820 rev sg-vel=1.920000 rps sg-acc=-10.000000 rps2

=human= stepgen sg-cmd-pos=3.100000 rev sg-fb-pos=2.915820 rev sg-vel=1.920000 rps sg-acc=-10.000000 rps2

[INFO] hw.pins: Pin step.fb set to 2.917735 (was 2.91582)
Pin step.fb set to 2.917735 (was 2.91582)
[INFO] hw.stepgen: =human= stepgen sg-cmd-pos=3.100000 rev sg-fb-pos=2.917735 rev sg-vel=1.910000 rps sg-acc=-10.000000 rps2

=human= stepgen sg-cmd-pos=3.100000 rev sg-fb-pos=2.917735 rev sg-vel=1.910000 rps sg-acc=-10.000000 rps2

[INFO] hw.pins: Pin step.fb set to 2.91964 (was 2.917735)
Pin step.fb set to 2.91964 (was 2.917735)
[INFO] hw.stepgen: =human= stepgen sg-cmd-pos=3.100000 rev sg-fb-pos=2.919640 rev sg-vel=1.900000 rps sg-acc=-10.000000 rps2

=human= stepgen sg-cmd-pos=3.100000 rev sg-fb-pos=2.919640 rev sg-vel=1.900000 rps sg-acc=-10.000000 rps2

[INFO] hw.pins: Pin step.fb set to 2.921535 (was 2.91964)
Pin step.fb set to 2.921535 (was 2.91964)
[INFO] hw.stepgen: =human= stepgen sg-cmd-pos=3.100000 rev sg-fb-pos=2.921535 rev sg-vel=1.890000 rps sg-acc=-10.000000 rps2

=human= stepgen sg-cmd-pos=3.100000 rev sg-fb-pos=2.921535 rev sg-vel=1.890000 rps sg-acc=-10.000000 rps2

[INFO] hw.pins: Pin step.fb set to 2.92342 (was 2.921535)
Pin step.fb set to 2.92342 (was 2.921535)
[INFO] hw.stepgen: =human= stepgen sg-cmd-pos=3.100000 rev sg-fb-pos=2.923420 rev sg-vel=1.880000 rps sg-acc=-10.000000 rps2

=human= stepgen sg-cmd-pos=3.100000 rev sg-fb-pos=2.923420 rev sg-vel=1.880000 rps sg-acc=-10.000000 rps2

[INFO] hw.pins: Pin step.fb set to 2.925295 (was 2.92342)
Pin step.fb set to 2.925295 (was 2.92342)
[INFO] hw.stepgen: =human= stepgen sg-cmd-pos=3.100000 rev sg-fb-pos=2.925295 rev sg-vel=1.870000 rps sg-acc=-10.000000 rps2

=human= stepgen sg-cmd-pos=3.100000 rev sg-fb-pos=2.925295 rev sg-vel=1.870000 rps sg-acc=-10.000000 rps2

[INFO] hw.pins: Pin step.fb set to 2.92716 (was 2.925295)
Pin step.fb set to 2.92716 (was 2.925295)
[INFO] hw.stepgen: =human= stepgen sg-cmd-pos=3.100000 rev sg-fb-pos=2.927160 rev sg-vel=1.860000 rps sg-acc=-10.000000 rps2

=human= stepgen sg-cmd-pos=3.100000 rev sg-fb-pos=2.927160 rev sg-vel=1.860000 rps sg-acc=-10.000000 rps2

[INFO] hw.pins: Pin step.cmd set to 3.2000000000000015 (was 3.1000000000000014)
Pin step.cmd set to 3.2000000000000015 (was 3.1000000000000014)
[INFO] hw.pins: Pin step.fb set to 2.929025 (was 2.92716)
Pin step.fb set to 2.929025 (was 2.92716)
[INFO] hw.stepgen: =human= stepgen sg-cmd-pos=3.200000 rev sg-fb-pos=2.929025 rev sg-vel=1.870000 rps sg-acc=10.000000 rps2

=human= stepgen sg-cmd-pos=3.200000 rev sg-fb-pos=2.929025 rev sg-vel=1.870000 rps sg-acc=10.000000 rps2

[INFO] hw.stepgen: =human= stepgen event=reaim sg-cmd-pos=3.200000 rev sg-fb-pos=2.929025 rev sg-vel=1.870000 rps

=human= stepgen event=reaim sg-cmd-pos=3.200000 rev sg-fb-pos=2.929025 rev sg-vel=1.870000 rps

[INFO] hw.pins: Pin step.fb set to 2.9309000000000003 (was 2.929025)
Pin step.fb set to 2.9309000000000003 (was 2.929025)
[INFO] hw.stepgen: =human= stepgen sg-cmd-pos=3.200000 rev sg-fb-pos=2.930900 rev sg-vel=1.880000 rps sg-acc=10.000000 rps2

=human= stepgen sg-cmd-pos=3.200000 rev sg-fb-pos=2.930900 rev sg-vel=1.880000 rps sg-acc=10.000000 rps2

[INFO] hw.pins: Pin step.fb set to 2.9327850000000004 (was 2.9309000000000003)
Pin step.fb set to 2.9327850000000004 (was 2.9309000000000003)
[INFO] hw.stepgen: =human= stepgen sg-cmd-pos=3.200000 rev sg-fb-pos=2.932785 rev sg-vel=1.890000 rps sg-acc=10.000000 rps2

=human= stepgen sg-cmd-pos=3.200000 rev sg-fb-pos=2.932785 rev sg-vel=1.890000 rps sg-acc=10.000000 rps2

[INFO] hw.pins: Pin step.fb set to 2.9346800000000006 (was 2.9327850000000004)
Pin step.fb set to 2.9346800000000006 (was 2.9327850000000004)
[INFO] hw.stepgen: =human= stepgen sg-cmd-pos=3.200000 rev sg-fb-pos=2.934680 rev sg-vel=1.900000 rps sg-acc=10.000000 rps2

=human= stepgen sg-cmd-pos=3.200000 rev sg-fb-pos=2.934680 rev sg-vel=1.900000 rps sg-acc=10.000000 rps2

[INFO] hw.pins: Pin step.fb set to 2.9365850000000004 (was 2.9346800000000006)
Pin step.fb set to 2.9365850000000004 (was 2.9346800000000006)
[INFO] hw.stepgen: =human= stepgen sg-cmd-pos=3.200000 rev sg-fb-pos=2.936585 rev sg-vel=1.910000 rps sg-acc=10.000000 rps2

=human= stepgen sg-cmd-pos=3.200000 rev sg-fb-pos=2.936585 rev sg-vel=1.910000 rps sg-acc=10.000000 rps2

[INFO] hw.pins: Pin step.fb set to 2.9385000000000003 (was 2.9365850000000004)
Pin step.fb set to 2.9385000000000003 (was 2.9365850000000004)
[INFO] hw.stepgen: =human= stepgen sg-cmd-pos=3.200000 rev sg-fb-pos=2.938500 rev sg-vel=1.920000 rps sg-acc=10.000000 rps2

=human= stepgen sg-cmd-pos=3.200000 rev sg-fb-pos=2.938500 rev sg-vel=1.920000 rps sg-acc=10.000000 rps2

[INFO] hw.pins: Pin step.fb set to 2.9404250000000003 (was 2.9385000000000003)
Pin step.fb set to 2.9404250000000003 (was 2.9385000000000003)
[INFO] hw.stepgen: =human= stepgen sg-cmd-pos=3.200000 rev sg-fb-pos=2.940425 rev sg-vel=1.930000 rps sg-acc=10.000000 rps2

=human= stepgen sg-cmd-pos=3.200000 rev sg-fb-pos=2.940425 rev sg-vel=1.930000 rps sg-acc=10.000000 rps2

[INFO] hw.pins: Pin step.fb set to 2.9423600000000003 (was 2.9404250000000003)
Pin step.fb set to 2.9423600000000003 (was 2.9404250000000003)
[INFO] hw.stepgen: =human= stepgen sg-cmd-pos=3.200000 rev sg-fb-pos=2.942360 rev sg-vel=1.940000 rps sg-acc=10.000000 rps2

=human= stepgen sg-cmd-pos=3.200000 rev sg-fb-pos=2.942360 rev sg-vel=1.940000 rps sg-acc=10.000000 rps2

[INFO] hw.pins: Pin step.fb set to 2.9443050000000004 (was 2.9423600000000003)
Pin step.fb set to 2.9443050000000004 (was 2.9423600000000003)
[INFO] hw.stepgen: =human= stepgen sg-cmd-pos=3.200000 rev sg-fb-pos=2.944305 rev sg-vel=1.950000 rps sg-acc=10.000000 rps2

=human= stepgen sg-cmd-pos=3.200000 rev sg-fb-pos=2.944305 rev sg-vel=1.950000 rps sg-acc=10.000000 rps2

[INFO] hw.pins: Pin step.fb set to 2.9462600000000005 (was 2.9443050000000004)
Pin step.fb set to 2.9462600000000005 (was 2.9443050000000004)
[INFO] hw.stepgen: =human= stepgen sg-cmd-pos=3.200000 rev sg-fb-pos=2.946260 rev sg-vel=1.960000 rps sg-acc=10.000000 rps2

=human= stepgen sg-cmd-pos=3.200000 rev sg-fb-pos=2.946260 rev sg-vel=1.960000 rps sg-acc=10.000000 rps2

[INFO] hw.pins: Pin step.fb set to 2.9482250000000008 (was 2.9462600000000005)
Pin step.fb set to 2.9482250000000008 (was 2.9462600000000005)
[INFO] hw.stepgen: =human= stepgen sg-cmd-pos=3.200000 rev sg-fb-pos=2.948225 rev sg-vel=1.970000 rps sg-acc=10.000000 rps2

=human= stepgen sg-cmd-pos=3.200000 rev sg-fb-pos=2.948225 rev sg-vel=1.970000 rps sg-acc=10.000000 rps2

[INFO] hw.pins: Pin step.fb set to 2.9502000000000006 (was 2.9482250000000008)
Pin step.fb set to 2.9502000000000006 (was 2.9482250000000008)
[INFO] hw.stepgen: =human= stepgen sg-cmd-pos=3.200000 rev sg-fb-pos=2.950200 rev sg-vel=1.980000 rps sg-acc=10.000000 rps2

=human= stepgen sg-cmd-pos=3.200000 rev sg-fb-pos=2.950200 rev sg-vel=1.980000 rps sg-acc=10.000000 rps2

[INFO] hw.pins: Pin step.fb set to 2.9521850000000005 (was 2.9502000000000006)
Pin step.fb set to 2.9521850000000005 (was 2.9502000000000006)
[INFO] hw.stepgen: =human= stepgen sg-cmd-pos=3.200000 rev sg-fb-pos=2.952185 rev sg-vel=1.990000 rps sg-acc=10.000000 rps2

=human= stepgen sg-cmd-pos=3.200000 rev sg-fb-pos=2.952185 rev sg-vel=1.990000 rps sg-acc=10.000000 rps2

[INFO] hw.pins: Pin step.fb set to 2.9541800000000005 (was 2.9521850000000005)
Pin step.fb set to 2.9541800000000005 (was 2.9521850000000005)
[INFO] hw.stepgen: =human= stepgen sg-cmd-pos=3.200000 rev sg-fb-pos=2.954180 rev sg-vel=2.000000 rps sg-acc=10.000000 rps2

=human= stepgen sg-cmd-pos=3.200000 rev sg-fb-pos=2.954180 rev sg-vel=2.000000 rps sg-acc=10.000000 rps2

[INFO] hw.pins: Pin step.fb set to 2.9561850000000005 (was 2.9541800000000005)
Pin step.fb set to 2.9561850000000005 (was 2.9541800000000005)
[INFO] hw.stepgen: =human= stepgen sg-cmd-pos=3.200000 rev sg-fb-pos=2.956185 rev sg-vel=2.010000 rps sg-acc=10.000000 rps2

=human= stepgen sg-cmd-pos=3.200000 rev sg-fb-pos=2.956185 rev sg-vel=2.010000 rps sg-acc=10.000000 rps2

[INFO] hw.pins: Pin step.fb set to 2.9582000000000006 (was 2.9561850000000005)
Pin step.fb set to 2.9582000000000006 (was 2.9561850000000005)
[INFO] hw.stepgen: =human= stepgen sg-cmd-pos=3.200000 rev sg-fb-pos=2.958200 rev sg-vel=2.020000 rps sg-acc=10.000000 rps2

=human= stepgen sg-cmd-pos=3.200000 rev sg-fb-pos=2.958200 rev sg-vel=2.020000 rps sg-acc=10.000000 rps2

[INFO] hw.pins: Pin step.fb set to 2.9602250000000008 (was 2.9582000000000006)
Pin step.fb set to 2.9602250000000008 (was 2.9582000000000006)
[INFO] hw.stepgen: =human= stepgen sg-cmd-pos=3.200000 rev sg-fb-pos=2.960225 rev sg-vel=2.030000 rps sg-acc=10.000000 rps2

=human= stepgen sg-cmd-pos=3.200000 rev sg-fb-pos=2.960225 rev sg-vel=2.030000 rps sg-acc=10.000000 rps2

[INFO] hw.pins: Pin step.fb set to 2.9622600000000006 (was 2.9602250000000008)
Pin step.fb set to 2.9622600000000006 (was 2.9602250000000008)
[INFO] hw.stepgen: =human= stepgen sg-cmd-pos=3.200000 rev sg-fb-pos=2.962260 rev sg-vel=2.040000 rps sg-acc=10.000000 rps2

=human= stepgen sg-cmd-pos=3.200000 rev sg-fb-pos=2.962260 rev sg-vel=2.040000 rps sg-acc=10.000000 rps2

[INFO] hw.pins: Pin step.fb set to 2.9643050000000004 (was 2.9622600000000006)
Pin step.fb set to 2.9643050000000004 (was 2.9622600000000006)
[INFO] hw.stepgen: =human= stepgen sg-cmd-pos=3.200000 rev sg-fb-pos=2.964305 rev sg-vel=2.050000 rps sg-acc=10.000000 rps2

=human= stepgen sg-cmd-pos=3.200000 rev sg-fb-pos=2.964305 rev sg-vel=2.050000 rps sg-acc=10.000000 rps2

[INFO] hw.pins: Pin step.fb set to 2.9663600000000003 (was 2.9643050000000004)
Pin step.fb set to 2.9663600000000003 (was 2.9643050000000004)
[INFO] hw.stepgen: =human= stepgen sg-cmd-pos=3.200000 rev sg-fb-pos=2.966360 rev sg-vel=2.060000 rps sg-acc=10.000000 rps2

=human= stepgen sg-cmd-pos=3.200000 rev sg-fb-pos=2.966360 rev sg-vel=2.060000 rps sg-acc=10.000000 rps2

[INFO] hw.pins: Pin step.fb set to 2.9684250000000003 (was 2.9663600000000003)
Pin step.fb set to 2.9684250000000003 (was 2.9663600000000003)
[INFO] hw.stepgen: =human= stepgen sg-cmd-pos=3.200000 rev sg-fb-pos=2.968425 rev sg-vel=2.070000 rps sg-acc=10.000000 rps2

=human= stepgen sg-cmd-pos=3.200000 rev sg-fb-pos=2.968425 rev sg-vel=2.070000 rps sg-acc=10.000000 rps2

[INFO] hw.pins: Pin step.fb set to 2.9705000000000004 (was 2.9684250000000003)
Pin step.fb set to 2.9705000000000004 (was 2.9684250000000003)
[INFO] hw.stepgen: =human= stepgen sg-cmd-pos=3.200000 rev sg-fb-pos=2.970500 rev sg-vel=2.080000 rps sg-acc=10.000000 rps2

=human= stepgen sg-cmd-pos=3.200000 rev sg-fb-pos=2.970500 rev sg-vel=2.080000 rps sg-acc=10.000000 rps2

[INFO] hw.pins: Pin step.fb set to 2.9725850000000005 (was 2.9705000000000004)
Pin step.fb set to 2.9725850000000005 (was 2.9705000000000004)
[INFO] hw.stepgen: =human= stepgen sg-cmd-pos=3.200000 rev sg-fb-pos=2.972585 rev sg-vel=2.090000 rps sg-acc=10.000000 rps2

=human= stepgen sg-cmd-pos=3.200000 rev sg-fb-pos=2.972585 rev sg-vel=2.090000 rps sg-acc=10.000000 rps2

[INFO] hw.pins: Pin step.fb set to 2.9746800000000007 (was 2.9725850000000005)
Pin step.fb set to 2.9746800000000007 (was 2.9725850000000005)
[INFO] hw.stepgen: =human= stepgen sg-cmd-pos=3.200000 rev sg-fb-pos=2.974680 rev sg-vel=2.100000 rps sg-acc=10.000000 rps2

=human= stepgen sg-cmd-pos=3.200000 rev sg-fb-pos=2.974680 rev sg-vel=2.100000 rps sg-acc=10.000000 rps2

[INFO] hw.pins: Pin step.fb set to 2.9767850000000005 (was 2.9746800000000007)
Pin step.fb set to 2.9767850000000005 (was 2.9746800000000007)
[INFO] hw.stepgen: =human= stepgen sg-cmd-pos=3.200000 rev sg-fb-pos=2.976785 rev sg-vel=2.110000 rps sg-acc=10.000000 rps2

=human= stepgen sg-cmd-pos=3.200000 rev sg-fb-pos=2.976785 rev sg-vel=2.110000 rps sg-acc=10.000000 rps2

[INFO] hw.pins: Pin step.fb set to 2.9789000000000003 (was 2.9767850000000005)
Pin step.fb set to 2.9789000000000003 (was 2.9767850000000005)
[INFO] hw.stepgen: =human= stepgen sg-cmd-pos=3.200000 rev sg-fb-pos=2.978900 rev sg-vel=2.120000 rps sg-acc=10.000000 rps2

=human= stepgen sg-cmd-pos=3.200000 rev sg-fb-pos=2.978900 rev sg-vel=2.120000 rps sg-acc=10.000000 rps2

[INFO] hw.pins: Pin step.fb set to 2.981015 (was 2.9789000000000003)
Pin step.fb set to 2.981015 (was 2.9789000000000003)
[INFO] hw.stepgen: =human= stepgen sg-cmd-pos=3.200000 rev sg-fb-pos=2.981015 rev sg-vel=2.110000 rps sg-acc=-10.000000 rps2

=human= stepgen sg-cmd-pos=3.200000 rev sg-fb-pos=2.981015 rev sg-vel=2.110000 rps sg-acc=-10.000000 rps2

[INFO] hw.pins: Pin step.fb set to 2.98312 (was 2.981015)
Pin step.fb set to 2.98312 (was 2.981015)
[INFO] hw.stepgen: =human= stepgen sg-cmd-pos=3.200000 rev sg-fb-pos=2.983120 rev sg-vel=2.100000 rps sg-acc=-10.000000 rps2

=human= stepgen sg-cmd-pos=3.200000 rev sg-fb-pos=2.983120 rev sg-vel=2.100000 rps sg-acc=-10.000000 rps2

[INFO] hw.pins: Pin step.fb set to 2.985215 (was 2.98312)
Pin step.fb set to 2.985215 (was 2.98312)
[INFO] hw.stepgen: =human= stepgen sg-cmd-pos=3.200000 rev sg-fb-pos=2.985215 rev sg-vel=2.090000 rps sg-acc=-10.000000 rps2

=human= stepgen sg-cmd-pos=3.200000 rev sg-fb-pos=2.985215 rev sg-vel=2.090000 rps sg-acc=-10.000000 rps2

[INFO] hw.pins: Pin step.fb set to 2.9873000000000003 (was 2.985215)
Pin step.fb set to 2.9873000000000003 (was 2.985215)
[INFO] hw.stepgen: =human= stepgen sg-cmd-pos=3.200000 rev sg-fb-pos=2.987300 rev sg-vel=2.080000 rps sg-acc=-10.000000 rps2

=human= stepgen sg-cmd-pos=3.200000 rev sg-fb-pos=2.987300 rev sg-vel=2.080000 rps sg-acc=-10.000000 rps2

[INFO] hw.pins: Pin step.fb set to 2.9893750000000003 (was 2.9873000000000003)
Pin step.fb set to 2.9893750000000003 (was 2.9873000000000003)
[INFO] hw.stepgen: =human= stepgen sg-cmd-pos=3.200000 rev sg-fb-pos=2.989375 rev sg-vel=2.070000 rps sg-acc=-10.000000 rps2

=human= stepgen sg-cmd-pos=3.200000 rev sg-fb-pos=2.989375 rev sg-vel=2.070000 rps sg-acc=-10.000000 rps2

[INFO] hw.pins: Pin step.fb set to 2.9914400000000003 (was 2.9893750000000003)
Pin step.fb set to 2.9914400000000003 (was 2.9893750000000003)
[INFO] hw.stepgen: =human= stepgen sg-cmd-pos=3.200000 rev sg-fb-pos=2.991440 rev sg-vel=2.060000 rps sg-acc=-10.000000 rps2

=human= stepgen sg-cmd-pos=3.200000 rev sg-fb-pos=2.991440 rev sg-vel=2.060000 rps sg-acc=-10.000000 rps2

[INFO] hw.pins: Pin step.fb set to 2.9934950000000002 (was 2.9914400000000003)
Pin step.fb set to 2.9934950000000002 (was 2.9914400000000003)
[INFO] hw.stepgen: =human= stepgen sg-cmd-pos=3.200000 rev sg-fb-pos=2.993495 rev sg-vel=2.050000 rps sg-acc=-10.000000 rps2

=human= stepgen sg-cmd-pos=3.200000 rev sg-fb-pos=2.993495 rev sg-vel=2.050000 rps sg-acc=-10.000000 rps2

[INFO] hw.pins: Pin step.fb set to 2.99554 (was 2.9934950000000002)
Pin step.fb set to 2.99554 (was 2.9934950000000002)
[INFO] hw.stepgen: =human= stepgen sg-cmd-pos=3.200000 rev sg-fb-pos=2.995540 rev sg-vel=2.040000 rps sg-acc=-10.000000 rps2

=human= stepgen sg-cmd-pos=3.200000 rev sg-fb-pos=2.995540 rev sg-vel=2.040000 rps sg-acc=-10.000000 rps2

[INFO] hw.pins: Pin step.fb set to 2.997575 (was 2.99554)
Pin step.fb set to 2.997575 (was 2.99554)
[INFO] hw.stepgen: =human= stepgen sg-cmd-pos=3.200000 rev sg-fb-pos=2.997575 rev sg-vel=2.030000 rps sg-acc=-10.000000 rps2

=human= stepgen sg-cmd-pos=3.200000 rev sg-fb-pos=2.997575 rev sg-vel=2.030000 rps sg-acc=-10.000000 rps2

[INFO] hw.pins: Pin step.fb set to 2.9996 (was 2.997575)
Pin step.fb set to 2.9996 (was 2.997575)
[INFO] hw.stepgen: =human= stepgen sg-cmd-pos=3.200000 rev sg-fb-pos=2.999600 rev sg-vel=2.020000 rps sg-acc=-10.000000 rps2

=human= stepgen sg-cmd-pos=3.200000 rev sg-fb-pos=2.999600 rev sg-vel=2.020000 rps sg-acc=-10.000000 rps2

[INFO] hw.pins: Pin step.fb set to 3.001615 (was 2.9996)
Pin step.fb set to 3.001615 (was 2.9996)
[INFO] hw.stepgen: =human= stepgen sg-cmd-pos=3.200000 rev sg-fb-pos=3.001615 rev sg-vel=2.010000 rps sg-acc=-10.000000 rps2

=human= stepgen sg-cmd-pos=3.200000 rev sg-fb-pos=3.001615 rev sg-vel=2.010000 rps sg-acc=-10.000000 rps2

[INFO] hw.pins: Pin step.fb set to 3.00362 (was 3.001615)
Pin step.fb set to 3.00362 (was 3.001615)
[INFO] hw.stepgen: =human= stepgen sg-cmd-pos=3.200000 rev sg-fb-pos=3.003620 rev sg-vel=2.000000 rps sg-acc=-10.000000 rps2

=human= stepgen sg-cmd-pos=3.200000 rev sg-fb-pos=3.003620 rev sg-vel=2.000000 rps sg-acc=-10.000000 rps2

[INFO] hw.pins: Pin step.fb set to 3.005615 (was 3.00362)
Pin step.fb set to 3.005615 (was 3.00362)
[INFO] hw.stepgen: =human= stepgen sg-cmd-pos=3.200000 rev sg-fb-pos=3.005615 rev sg-vel=1.990000 rps sg-acc=-10.000000 rps2

=human= stepgen sg-cmd-pos=3.200000 rev sg-fb-pos=3.005615 rev sg-vel=1.990000 rps sg-acc=-10.000000 rps2

[INFO] hw.pins: Pin step.fb set to 3.0076 (was 3.005615)
Pin step.fb set to 3.0076 (was 3.005615)
[INFO] hw.stepgen: =human= stepgen sg-cmd-pos=3.200000 rev sg-fb-pos=3.007600 rev sg-vel=1.980000 rps sg-acc=-10.000000 rps2

=human= stepgen sg-cmd-pos=3.200000 rev sg-fb-pos=3.007600 rev sg-vel=1.980000 rps sg-acc=-10.000000 rps2

[INFO] hw.pins: Pin step.fb set to 3.009575 (was 3.0076)
Pin step.fb set to 3.009575 (was 3.0076)
[INFO] hw.stepgen: =human= stepgen sg-cmd-pos=3.200000 rev sg-fb-pos=3.009575 rev sg-vel=1.970000 rps sg-acc=-10.000000 rps2

=human= stepgen sg-cmd-pos=3.200000 rev sg-fb-pos=3.009575 rev sg-vel=1.970000 rps sg-acc=-10.000000 rps2

[INFO] hw.pins: Pin step.fb set to 3.01154 (was 3.009575)
Pin step.fb set to 3.01154 (was 3.009575)
[INFO] hw.stepgen: =human= stepgen sg-cmd-pos=3.200000 rev sg-fb-pos=3.011540 rev sg-vel=1.960000 rps sg-acc=-10.000000 rps2

=human= stepgen sg-cmd-pos=3.200000 rev sg-fb-pos=3.011540 rev sg-vel=1.960000 rps sg-acc=-10.000000 rps2

[INFO] hw.pins: Pin step.fb set to 3.0134950000000003 (was 3.01154)
Pin step.fb set to 3.0134950000000003 (was 3.01154)
[INFO] hw.stepgen: =human= stepgen sg-cmd-pos=3.200000 rev sg-fb-pos=3.013495 rev sg-vel=1.950000 rps sg-acc=-10.000000 rps2

=human= stepgen sg-cmd-pos=3.200000 rev sg-fb-pos=3.013495 rev sg-vel=1.950000 rps sg-acc=-10.000000 rps2

[INFO] hw.pins: Pin step.fb set to 3.0154400000000003 (was 3.0134950000000003)
Pin step.fb set to 3.0154400000000003 (was 3.0134950000000003)
[INFO] hw.stepgen: =human= stepgen sg-cmd-pos=3.200000 rev sg-fb-pos=3.015440 rev sg-vel=1.940000 rps sg-acc=-10.000000 rps2

=human= stepgen sg-cmd-pos=3.200000 rev sg-fb-pos=3.015440 rev sg-vel=1.940000 rps sg-acc=-10.000000 rps2

[INFO] hw.pins: Pin step.fb set to 3.0173750000000004 (was 3.0154400000000003)
Pin step.fb set to 3.0173750000000004 (was 3.0154400000000003)
[INFO] hw.stepgen: =human= stepgen sg-cmd-pos=3.200000 rev sg-fb-pos=3.017375 rev sg-vel=1.930000 rps sg-acc=-10.000000 rps2

=human= stepgen sg-cmd-pos=3.200000 rev sg-fb-pos=3.017375 rev sg-vel=1.930000 rps sg-acc=-10.000000 rps2

[INFO] hw.pins: Pin step.fb set to 3.0193000000000003 (was 3.0173750000000004)
Pin step.fb set to 3.0193000000000003 (was 3.0173750000000004)
[INFO] hw.stepgen: =human= stepgen sg-cmd-pos=3.200000 rev sg-fb-pos=3.019300 rev sg-vel=1.920000 rps sg-acc=-10.000000 rps2

=human= stepgen sg-cmd-pos=3.200000 rev sg-fb-pos=3.019300 rev sg-vel=1.920000 rps sg-acc=-10.000000 rps2

[INFO] hw.pins: Pin step.fb set to 3.021215 (was 3.0193000000000003)
Pin step.fb set to 3.021215 (was 3.0193000000000003)
[INFO] hw.stepgen: =human= stepgen sg-cmd-pos=3.200000 rev sg-fb-pos=3.021215 rev sg-vel=1.910000 rps sg-acc=-10.000000 rps2

=human= stepgen sg-cmd-pos=3.200000 rev sg-fb-pos=3.021215 rev sg-vel=1.910000 rps sg-acc=-10.000000 rps2

[INFO] hw.pins: Pin step.fb set to 3.02312 (was 3.021215)
Pin step.fb set to 3.02312 (was 3.021215)
[INFO] hw.stepgen: =human= stepgen sg-cmd-pos=3.200000 rev sg-fb-pos=3.023120 rev sg-vel=1.900000 rps sg-acc=-10.000000 rps2

=human= stepgen sg-cmd-pos=3.200000 rev sg-fb-pos=3.023120 rev sg-vel=1.900000 rps sg-acc=-10.000000 rps2

[INFO] hw.pins: Pin step.fb set to 3.0250150000000002 (was 3.02312)
Pin step.fb set to 3.0250150000000002 (was 3.02312)
[INFO] hw.stepgen: =human= stepgen sg-cmd-pos=3.200000 rev sg-fb-pos=3.025015 rev sg-vel=1.890000 rps sg-acc=-10.000000 rps2

=human= stepgen sg-cmd-pos=3.200000 rev sg-fb-pos=3.025015 rev sg-vel=1.890000 rps sg-acc=-10.000000 rps2

[INFO] hw.pins: Pin step.fb set to 3.0269000000000004 (was 3.0250150000000002)
Pin step.fb set to 3.0269000000000004 (was 3.0250150000000002)
[INFO] hw.stepgen: =human= stepgen sg-cmd-pos=3.200000 rev sg-fb-pos=3.026900 rev sg-vel=1.880000 rps sg-acc=-10.000000 rps2

=human= stepgen sg-cmd-pos=3.200000 rev sg-fb-pos=3.026900 rev sg-vel=1.880000 rps sg-acc=-10.000000 rps2

[INFO] hw.pins: Pin step.cmd set to 3.3000000000000016 (was 3.2000000000000015)
Pin step.cmd set to 3.3000000000000016 (was 3.2000000000000015)
[INFO] hw.pins: Pin step.fb set to 3.0287850000000005 (was 3.0269000000000004)
Pin step.fb set to 3.0287850000000005 (was 3.0269000000000004)
[INFO] hw.stepgen: =human= stepgen sg-cmd-pos=3.300000 rev sg-fb-pos=3.028785 rev sg-vel=1.890000 rps sg-acc=10.000000 rps2

=human= stepgen sg-cmd-pos=3.300000 rev sg-fb-pos=3.028785 rev sg-vel=1.890000 rps sg-acc=10.000000 rps2

[INFO] hw.stepgen: =human= stepgen event=reaim sg-cmd-pos=3.300000 rev sg-fb-pos=3.028785 rev sg-vel=1.890000 rps

=human= stepgen event=reaim sg-cmd-pos=3.300000 rev sg-fb-pos=3.028785 rev sg-vel=1.890000 rps

[INFO] hw.pins: Pin step.fb set to 3.0306800000000007 (was 3.0287850000000005)
Pin step.fb set to 3.0306800000000007 (was 3.0287850000000005)
[INFO] hw.stepgen: =human= stepgen sg-cmd-pos=3.300000 rev sg-fb-pos=3.030680 rev sg-vel=1.900000 rps sg-acc=10.000000 rps2

=human= stepgen sg-cmd-pos=3.300000 rev sg-fb-pos=3.030680 rev sg-vel=1.900000 rps sg-acc=10.000000 rps2

[INFO] hw.pins: Pin step.fb set to 3.0325850000000005 (was 3.0306800000000007)
Pin step.fb set to 3.0325850000000005 (was 3.0306800000000007)
[INFO] hw.stepgen: =human= stepgen sg-cmd-pos=3.300000 rev sg-fb-pos=3.032585 rev sg-vel=1.910000 rps sg-acc=10.000000 rps2

=human= stepgen sg-cmd-pos=3.300000 rev sg-fb-pos=3.032585 rev sg-vel=1.910000 rps sg-acc=10.000000 rps2

[INFO] hw.pins: Pin step.fb set to 3.0345000000000004 (was 3.0325850000000005)
Pin step.fb set to 3.0345000000000004 (was 3.0325850000000005)
[INFO] hw.stepgen: =human= stepgen sg-cmd-pos=3.300000 rev sg-fb-pos=3.034500 rev sg-vel=1.920000 rps sg-acc=10.000000 rps2

=human= stepgen sg-cmd-pos=3.300000 rev sg-fb-pos=3.034500 rev sg-vel=1.920000 rps sg-acc=10.000000 rps2

[INFO] hw.pins: Pin step.fb set to 3.0364250000000004 (was 3.0345000000000004)
Pin step.fb set to 3.0364250000000004 (was 3.0345000000000004)
[INFO] hw.stepgen: =human= stepgen sg-cmd-pos=3.300000 rev sg-fb-pos=3.036425 rev sg-vel=1.930000 rps sg-acc=10.000000 rps2

=human= stepgen sg-cmd-pos=3.300000 rev sg-fb-pos=3.036425 rev sg-vel=1.930000 rps sg-acc=10.000000 rps2

[INFO] hw.pins: Pin step.fb set to 3.0383600000000004 (was 3.0364250000000004)
Pin step.fb set to 3.0383600000000004 (was 3.0364250000000004)
[INFO] hw.stepgen: =human= stepgen sg-cmd-pos=3.300000 rev sg-fb-pos=3.038360 rev sg-vel=1.940000 rps sg-acc=10.000000 rps2

=human= stepgen sg-cmd-pos=3.300000 rev sg-fb-pos=3.038360 rev sg-vel=1.940000 rps sg-acc=10.000000 rps2

[INFO] hw.pins: Pin step.fb set to 3.0403050000000005 (was 3.0383600000000004)
Pin step.fb set to 3.0403050000000005 (was 3.0383600000000004)
[INFO] hw.stepgen: =human= stepgen sg-cmd-pos=3.300000 rev sg-fb-pos=3.040305 rev sg-vel=1.950000 rps sg-acc=10.000000 rps2

=human= stepgen sg-cmd-pos=3.300000 rev sg-fb-pos=3.040305 rev sg-vel=1.950000 rps sg-acc=10.000000 rps2

[INFO] hw.pins: Pin step.fb set to 3.0422600000000006 (was 3.0403050000000005)
Pin step.fb set to 3.0422600000000006 (was 3.0403050000000005)
[INFO] hw.stepgen: =human= stepgen sg-cmd-pos=3.300000 rev sg-fb-pos=3.042260 rev sg-vel=1.960000 rps sg-acc=10.000000 rps2

=human= stepgen sg-cmd-pos=3.300000 rev sg-fb-pos=3.042260 rev sg-vel=1.960000 rps sg-acc=10.000000 rps2

[INFO] hw.pins: Pin step.fb set to 3.044225000000001 (was 3.0422600000000006)
Pin step.fb set to 3.044225000000001 (was 3.0422600000000006)
[INFO] hw.stepgen: =human= stepgen sg-cmd-pos=3.300000 rev sg-fb-pos=3.044225 rev sg-vel=1.970000 rps sg-acc=10.000000 rps2

=human= stepgen sg-cmd-pos=3.300000 rev sg-fb-pos=3.044225 rev sg-vel=1.970000 rps sg-acc=10.000000 rps2

[INFO] hw.pins: Pin step.fb set to 3.0462000000000007 (was 3.044225000000001)
Pin step.fb set to 3.0462000000000007 (was 3.044225000000001)
[INFO] hw.stepgen: =human= stepgen sg-cmd-pos=3.300000 rev sg-fb-pos=3.046200 rev sg-vel=1.980000 rps sg-acc=10.000000 rps2

=human= stepgen sg-cmd-pos=3.300000 rev sg-fb-pos=3.046200 rev sg-vel=1.980000 rps sg-acc=10.000000 rps2

[INFO] hw.pins: Pin step.fb set to 3.0481850000000006 (was 3.0462000000000007)
Pin step.fb set to 3.0481850000000006 (was 3.0462000000000007)
[INFO] hw.stepgen: =human= stepgen sg-cmd-pos=3.300000 rev sg-fb-pos=3.048185 rev sg-vel=1.990000 rps sg-acc=10.000000 rps2

=human= stepgen sg-cmd-pos=3.300000 rev sg-fb-pos=3.048185 rev sg-vel=1.990000 rps sg-acc=10.000000 rps2

[INFO] hw.pins: Pin step.fb set to 3.0501800000000006 (was 3.0481850000000006)
Pin step.fb set to 3.0501800000000006 (was 3.0481850000000006)
[INFO] hw.stepgen: =human= stepgen sg-cmd-pos=3.300000 rev sg-fb-pos=3.050180 rev sg-vel=2.000000 rps sg-acc=10.000000 rps2

=human= stepgen sg-cmd-pos=3.300000 rev sg-fb-pos=3.050180 rev sg-vel=2.000000 rps sg-acc=10.000000 rps2

[INFO] hw.pins: Pin step.fb set to 3.0521850000000006 (was 3.0501800000000006)
Pin step.fb set to 3.0521850000000006 (was 3.0501800000000006)
[INFO] hw.stepgen: =human= stepgen sg-cmd-pos=3.300000 rev sg-fb-pos=3.052185 rev sg-vel=2.010000 rps sg-acc=10.000000 rps2

=human= stepgen sg-cmd-pos=3.300000 rev sg-fb-pos=3.052185 rev sg-vel=2.010000 rps sg-acc=10.000000 rps2

[INFO] hw.pins: Pin step.fb set to 3.0542000000000007 (was 3.0521850000000006)
Pin step.fb set to 3.0542000000000007 (was 3.0521850000000006)
[INFO] hw.stepgen: =human= stepgen sg-cmd-pos=3.300000 rev sg-fb-pos=3.054200 rev sg-vel=2.020000 rps sg-acc=10.000000 rps2

=human= stepgen sg-cmd-pos=3.300000 rev sg-fb-pos=3.054200 rev sg-vel=2.020000 rps sg-acc=10.000000 rps2

[INFO] hw.pins: Pin step.fb set to 3.056225000000001 (was 3.0542000000000007)
Pin step.fb set to 3.056225000000001 (was 3.0542000000000007)
[INFO] hw.stepgen: =human= stepgen sg-cmd-pos=3.300000 rev sg-fb-pos=3.056225 rev sg-vel=2.030000 rps sg-acc=10.000000 rps2

=human= stepgen sg-cmd-pos=3.300000 rev sg-fb-pos=3.056225 rev sg-vel=2.030000 rps sg-acc=10.000000 rps2

[INFO] hw.pins: Pin step.fb set to 3.0582600000000006 (was 3.056225000000001)
Pin step.fb set to 3.0582600000000006 (was 3.056225000000001)
[INFO] hw.stepgen: =human= stepgen sg-cmd-pos=3.300000 rev sg-fb-pos=3.058260 rev sg-vel=2.040000 rps sg-acc=10.000000 rps2

=human= stepgen sg-cmd-pos=3.300000 rev sg-fb-pos=3.058260 rev sg-vel=2.040000 rps sg-acc=10.000000 rps2

[INFO] hw.pins: Pin step.fb set to 3.0603050000000005 (was 3.0582600000000006)
Pin step.fb set to 3.0603050000000005 (was 3.0582600000000006)
[INFO] hw.stepgen: =human= stepgen sg-cmd-pos=3.300000 rev sg-fb-pos=3.060305 rev sg-vel=2.050000 rps sg-acc=10.000000 rps2

=human= stepgen sg-cmd-pos=3.300000 rev sg-fb-pos=3.060305 rev sg-vel=2.050000 rps sg-acc=10.000000 rps2

[INFO] hw.pins: Pin step.fb set to 3.0623600000000004 (was 3.0603050000000005)
Pin step.fb set to 3.0623600000000004 (was 3.0603050000000005)
[INFO] hw.stepgen: =human= stepgen sg-cmd-pos=3.300000 rev sg-fb-pos=3.062360 rev sg-vel=2.060000 rps sg-acc=10.000000 rps2

=human= stepgen sg-cmd-pos=3.300000 rev sg-fb-pos=3.062360 rev sg-vel=2.060000 rps sg-acc=10.000000 rps2

[INFO] hw.pins: Pin step.fb set to 3.0644250000000004 (was 3.0623600000000004)
Pin step.fb set to 3.0644250000000004 (was 3.0623600000000004)
[INFO] hw.stepgen: =human= stepgen sg-cmd-pos=3.300000 rev sg-fb-pos=3.064425 rev sg-vel=2.070000 rps sg-acc=10.000000 rps2

=human= stepgen sg-cmd-pos=3.300000 rev sg-fb-pos=3.064425 rev sg-vel=2.070000 rps sg-acc=10.000000 rps2

[INFO] hw.pins: Pin step.fb set to 3.0665000000000004 (was 3.0644250000000004)
Pin step.fb set to 3.0665000000000004 (was 3.0644250000000004)
[INFO] hw.stepgen: =human= stepgen sg-cmd-pos=3.300000 rev sg-fb-pos=3.066500 rev sg-vel=2.080000 rps sg-acc=10.000000 rps2

=human= stepgen sg-cmd-pos=3.300000 rev sg-fb-pos=3.066500 rev sg-vel=2.080000 rps sg-acc=10.000000 rps2

[INFO] hw.pins: Pin step.fb set to 3.0685850000000006 (was 3.0665000000000004)
Pin step.fb set to 3.0685850000000006 (was 3.0665000000000004)
[INFO] hw.stepgen: =human= stepgen sg-cmd-pos=3.300000 rev sg-fb-pos=3.068585 rev sg-vel=2.090000 rps sg-acc=10.000000 rps2

=human= stepgen sg-cmd-pos=3.300000 rev sg-fb-pos=3.068585 rev sg-vel=2.090000 rps sg-acc=10.000000 rps2

[INFO] hw.pins: Pin step.fb set to 3.0706800000000007 (was 3.0685850000000006)
Pin step.fb set to 3.0706800000000007 (was 3.0685850000000006)
[INFO] hw.stepgen: =human= stepgen sg-cmd-pos=3.300000 rev sg-fb-pos=3.070680 rev sg-vel=2.100000 rps sg-acc=10.000000 rps2

=human= stepgen sg-cmd-pos=3.300000 rev sg-fb-pos=3.070680 rev sg-vel=2.100000 rps sg-acc=10.000000 rps2

[INFO] hw.pins: Pin step.fb set to 3.0727850000000005 (was 3.0706800000000007)
Pin step.fb set to 3.0727850000000005 (was 3.0706800000000007)
[INFO] hw.stepgen: =human= stepgen sg-cmd-pos=3.300000 rev sg-fb-pos=3.072785 rev sg-vel=2.110000 rps sg-acc=10.000000 rps2

=human= stepgen sg-cmd-pos=3.300000 rev sg-fb-pos=3.072785 rev sg-vel=2.110000 rps sg-acc=10.000000 rps2

[INFO] hw.pins: Pin step.fb set to 3.0749000000000004 (was 3.0727850000000005)
Pin step.fb set to 3.0749000000000004 (was 3.0727850000000005)
[INFO] hw.stepgen: =human= stepgen sg-cmd-pos=3.300000 rev sg-fb-pos=3.074900 rev sg-vel=2.120000 rps sg-acc=10.000000 rps2

=human= stepgen sg-cmd-pos=3.300000 rev sg-fb-pos=3.074900 rev sg-vel=2.120000 rps sg-acc=10.000000 rps2

[INFO] hw.pins: Pin step.fb set to 3.0770250000000003 (was 3.0749000000000004)
Pin step.fb set to 3.0770250000000003 (was 3.0749000000000004)
[INFO] hw.stepgen: =human= stepgen sg-cmd-pos=3.300000 rev sg-fb-pos=3.077025 rev sg-vel=2.130000 rps sg-acc=10.000000 rps2

=human= stepgen sg-cmd-pos=3.300000 rev sg-fb-pos=3.077025 rev sg-vel=2.130000 rps sg-acc=10.000000 rps2

[INFO] hw.pins: Pin step.fb set to 3.0791500000000003 (was 3.0770250000000003)
Pin step.fb set to 3.0791500000000003 (was 3.0770250000000003)
[INFO] hw.stepgen: =human= stepgen sg-cmd-pos=3.300000 rev sg-fb-pos=3.079150 rev sg-vel=2.120000 rps sg-acc=-10.000000 rps2

=human= stepgen sg-cmd-pos=3.300000 rev sg-fb-pos=3.079150 rev sg-vel=2.120000 rps sg-acc=-10.000000 rps2

[INFO] hw.pins: Pin step.fb set to 3.081265 (was 3.0791500000000003)
Pin step.fb set to 3.081265 (was 3.0791500000000003)
[INFO] hw.stepgen: =human= stepgen sg-cmd-pos=3.300000 rev sg-fb-pos=3.081265 rev sg-vel=2.110000 rps sg-acc=-10.000000 rps2

=human= stepgen sg-cmd-pos=3.300000 rev sg-fb-pos=3.081265 rev sg-vel=2.110000 rps sg-acc=-10.000000 rps2

[INFO] hw.pins: Pin step.fb set to 3.08337 (was 3.081265)
Pin step.fb set to 3.08337 (was 3.081265)
[INFO] hw.stepgen: =human= stepgen sg-cmd-pos=3.300000 rev sg-fb-pos=3.083370 rev sg-vel=2.100000 rps sg-acc=-10.000000 rps2

=human= stepgen sg-cmd-pos=3.300000 rev sg-fb-pos=3.083370 rev sg-vel=2.100000 rps sg-acc=-10.000000 rps2

[INFO] hw.pins: Pin step.fb set to 3.085465 (was 3.08337)
Pin step.fb set to 3.085465 (was 3.08337)
[INFO] hw.stepgen: =human= stepgen sg-cmd-pos=3.300000 rev sg-fb-pos=3.085465 rev sg-vel=2.090000 rps sg-acc=-10.000000 rps2

=human= stepgen sg-cmd-pos=3.300000 rev sg-fb-pos=3.085465 rev sg-vel=2.090000 rps sg-acc=-10.000000 rps2

[INFO] hw.pins: Pin step.fb set to 3.0875500000000002 (was 3.085465)
Pin step.fb set to 3.0875500000000002 (was 3.085465)
[INFO] hw.stepgen: =human= stepgen sg-cmd-pos=3.300000 rev sg-fb-pos=3.087550 rev sg-vel=2.080000 rps sg-acc=-10.000000 rps2

=human= stepgen sg-cmd-pos=3.300000 rev sg-fb-pos=3.087550 rev sg-vel=2.080000 rps sg-acc=-10.000000 rps2

[INFO] hw.pins: Pin step.fb set to 3.0896250000000003 (was 3.0875500000000002)
Pin step.fb set to 3.0896250000000003 (was 3.0875500000000002)
[INFO] hw.stepgen: =human= stepgen sg-cmd-pos=3.300000 rev sg-fb-pos=3.089625 rev sg-vel=2.070000 rps sg-acc=-10.000000 rps2

=human= stepgen sg-cmd-pos=3.300000 rev sg-fb-pos=3.089625 rev sg-vel=2.070000 rps sg-acc=-10.000000 rps2

[INFO] hw.pins: Pin step.fb set to 3.0916900000000003 (was 3.0896250000000003)
Pin step.fb set to 3.0916900000000003 (was 3.0896250000000003)
[INFO] hw.stepgen: =human= stepgen sg-cmd-pos=3.300000 rev sg-fb-pos=3.091690 rev sg-vel=2.060000 rps sg-acc=-10.000000 rps2

=human= stepgen sg-cmd-pos=3.300000 rev sg-fb-pos=3.091690 rev sg-vel=2.060000 rps sg-acc=-10.000000 rps2

[INFO] hw.pins: Pin step.fb set to 3.093745 (was 3.0916900000000003)
Pin step.fb set to 3.093745 (was 3.0916900000000003)
[INFO] hw.stepgen: =human= stepgen sg-cmd-pos=3.300000 rev sg-fb-pos=3.093745 rev sg-vel=2.050000 rps sg-acc=-10.000000 rps2

=human= stepgen sg-cmd-pos=3.300000 rev sg-fb-pos=3.093745 rev sg-vel=2.050000 rps sg-acc=-10.000000 rps2

[INFO] hw.pins: Pin step.fb set to 3.09579 (was 3.093745)
Pin step.fb set to 3.09579 (was 3.093745)
[INFO] hw.stepgen: =human= stepgen sg-cmd-pos=3.300000 rev sg-fb-pos=3.095790 rev sg-vel=2.040000 rps sg-acc=-10.000000 rps2

=human= stepgen sg-cmd-pos=3.300000 rev sg-fb-pos=3.095790 rev sg-vel=2.040000 rps sg-acc=-10.000000 rps2

[INFO] hw.pins: Pin step.fb set to 3.097825 (was 3.09579)
Pin step.fb set to 3.097825 (was 3.09579)
[INFO] hw.stepgen: =human= stepgen sg-cmd-pos=3.300000 rev sg-fb-pos=3.097825 rev sg-vel=2.030000 rps sg-acc=-10.000000 rps2

=human= stepgen sg-cmd-pos=3.300000 rev sg-fb-pos=3.097825 rev sg-vel=2.030000 rps sg-acc=-10.000000 rps2

[INFO] hw.pins: Pin step.fb set to 3.09985 (was 3.097825)
Pin step.fb set to 3.09985 (was 3.097825)
[INFO] hw.stepgen: =human= stepgen sg-cmd-pos=3.300000 rev sg-fb-pos=3.099850 rev sg-vel=2.020000 rps sg-acc=-10.000000 rps2

=human= stepgen sg-cmd-pos=3.300000 rev sg-fb-pos=3.099850 rev sg-vel=2.020000 rps sg-acc=-10.000000 rps2

[INFO] hw.pins: Pin step.fb set to 3.101865 (was 3.09985)
Pin step.fb set to 3.101865 (was 3.09985)
[INFO] hw.stepgen: =human= stepgen sg-cmd-pos=3.300000 rev sg-fb-pos=3.101865 rev sg-vel=2.010000 rps sg-acc=-10.000000 rps2

=human= stepgen sg-cmd-pos=3.300000 rev sg-fb-pos=3.101865 rev sg-vel=2.010000 rps sg-acc=-10.000000 rps2

[INFO] hw.pins: Pin step.fb set to 3.10387 (was 3.101865)
Pin step.fb set to 3.10387 (was 3.101865)
[INFO] hw.stepgen: =human= stepgen sg-cmd-pos=3.300000 rev sg-fb-pos=3.103870 rev sg-vel=2.000000 rps sg-acc=-10.000000 rps2

=human= stepgen sg-cmd-pos=3.300000 rev sg-fb-pos=3.103870 rev sg-vel=2.000000 rps sg-acc=-10.000000 rps2

[INFO] hw.pins: Pin step.fb set to 3.105865 (was 3.10387)
Pin step.fb set to 3.105865 (was 3.10387)
[INFO] hw.stepgen: =human= stepgen sg-cmd-pos=3.300000 rev sg-fb-pos=3.105865 rev sg-vel=1.990000 rps sg-acc=-10.000000 rps2

=human= stepgen sg-cmd-pos=3.300000 rev sg-fb-pos=3.105865 rev sg-vel=1.990000 rps sg-acc=-10.000000 rps2

[INFO] hw.pins: Pin step.fb set to 3.10785 (was 3.105865)
Pin step.fb set to 3.10785 (was 3.105865)
[INFO] hw.stepgen: =human= stepgen sg-cmd-pos=3.300000 rev sg-fb-pos=3.107850 rev sg-vel=1.980000 rps sg-acc=-10.000000 rps2

=human= stepgen sg-cmd-pos=3.300000 rev sg-fb-pos=3.107850 rev sg-vel=1.980000 rps sg-acc=-10.000000 rps2

[INFO] hw.pins: Pin step.fb set to 3.109825 (was 3.10785)
Pin step.fb set to 3.109825 (was 3.10785)
[INFO] hw.stepgen: =human= stepgen sg-cmd-pos=3.300000 rev sg-fb-pos=3.109825 rev sg-vel=1.970000 rps sg-acc=-10.000000 rps2

=human= stepgen sg-cmd-pos=3.300000 rev sg-fb-pos=3.109825 rev sg-vel=1.970000 rps sg-acc=-10.000000 rps2

[INFO] hw.pins: Pin step.fb set to 3.11179 (was 3.109825)
Pin step.fb set to 3.11179 (was 3.109825)
[INFO] hw.stepgen: =human= stepgen sg-cmd-pos=3.300000 rev sg-fb-pos=3.111790 rev sg-vel=1.960000 rps sg-acc=-10.000000 rps2

=human= stepgen sg-cmd-pos=3.300000 rev sg-fb-pos=3.111790 rev sg-vel=1.960000 rps sg-acc=-10.000000 rps2

[INFO] hw.pins: Pin step.fb set to 3.113745 (was 3.11179)
Pin step.fb set to 3.113745 (was 3.11179)
[INFO] hw.stepgen: =human= stepgen sg-cmd-pos=3.300000 rev sg-fb-pos=3.113745 rev sg-vel=1.950000 rps sg-acc=-10.000000 rps2

=human= stepgen sg-cmd-pos=3.300000 rev sg-fb-pos=3.113745 rev sg-vel=1.950000 rps sg-acc=-10.000000 rps2

[INFO] hw.pins: Pin step.fb set to 3.1156900000000003 (was 3.113745)
Pin step.fb set to 3.1156900000000003 (was 3.113745)
[INFO] hw.stepgen: =human= stepgen sg-cmd-pos=3.300000 rev sg-fb-pos=3.115690 rev sg-vel=1.940000 rps sg-acc=-10.000000 rps2

=human= stepgen sg-cmd-pos=3.300000 rev sg-fb-pos=3.115690 rev sg-vel=1.940000 rps sg-acc=-10.000000 rps2

[INFO] hw.pins: Pin step.fb set to 3.1176250000000003 (was 3.1156900000000003)
Pin step.fb set to 3.1176250000000003 (was 3.1156900000000003)
[INFO] hw.stepgen: =human= stepgen sg-cmd-pos=3.300000 rev sg-fb-pos=3.117625 rev sg-vel=1.930000 rps sg-acc=-10.000000 rps2

=human= stepgen sg-cmd-pos=3.300000 rev sg-fb-pos=3.117625 rev sg-vel=1.930000 rps sg-acc=-10.000000 rps2

[INFO] hw.pins: Pin step.fb set to 3.1195500000000003 (was 3.1176250000000003)
Pin step.fb set to 3.1195500000000003 (was 3.1176250000000003)
[INFO] hw.stepgen: =human= stepgen sg-cmd-pos=3.300000 rev sg-fb-pos=3.119550 rev sg-vel=1.920000 rps sg-acc=-10.000000 rps2

=human= stepgen sg-cmd-pos=3.300000 rev sg-fb-pos=3.119550 rev sg-vel=1.920000 rps sg-acc=-10.000000 rps2

[INFO] hw.pins: Pin step.fb set to 3.121465 (was 3.1195500000000003)
Pin step.fb set to 3.121465 (was 3.1195500000000003)
[INFO] hw.stepgen: =human= stepgen sg-cmd-pos=3.300000 rev sg-fb-pos=3.121465 rev sg-vel=1.910000 rps sg-acc=-10.000000 rps2

=human= stepgen sg-cmd-pos=3.300000 rev sg-fb-pos=3.121465 rev sg-vel=1.910000 rps sg-acc=-10.000000 rps2

[INFO] hw.pins: Pin step.fb set to 3.12337 (was 3.121465)
Pin step.fb set to 3.12337 (was 3.121465)
[INFO] hw.stepgen: =human= stepgen sg-cmd-pos=3.300000 rev sg-fb-pos=3.123370 rev sg-vel=1.900000 rps sg-acc=-10.000000 rps2

=human= stepgen sg-cmd-pos=3.300000 rev sg-fb-pos=3.123370 rev sg-vel=1.900000 rps sg-acc=-10.000000 rps2

[INFO] hw.pins: Pin step.fb set to 3.125265 (was 3.12337)
Pin step.fb set to 3.125265 (was 3.12337)
[INFO] hw.stepgen: =human= stepgen sg-cmd-pos=3.300000 rev sg-fb-pos=3.125265 rev sg-vel=1.890000 rps sg-acc=-10.000000 rps2

=human= stepgen sg-cmd-pos=3.300000 rev sg-fb-pos=3.125265 rev sg-vel=1.890000 rps sg-acc=-10.000000 rps2

[INFO] hw.pins: Pin step.fb set to 3.1271500000000003 (was 3.125265)
Pin step.fb set to 3.1271500000000003 (was 3.125265)
[INFO] hw.stepgen: =human= stepgen sg-cmd-pos=3.300000 rev sg-fb-pos=3.127150 rev sg-vel=1.880000 rps sg-acc=-10.000000 rps2

=human= stepgen sg-cmd-pos=3.300000 rev sg-fb-pos=3.127150 rev sg-vel=1.880000 rps sg-acc=-10.000000 rps2

[INFO] hw.pins: Pin step.cmd set to 3.4000000000000017 (was 3.3000000000000016)
Pin step.cmd set to 3.4000000000000017 (was 3.3000000000000016)
[INFO] hw.pins: Pin step.fb set to 3.1290350000000005 (was 3.1271500000000003)
Pin step.fb set to 3.1290350000000005 (was 3.1271500000000003)
[INFO] hw.stepgen: =human= stepgen sg-cmd-pos=3.400000 rev sg-fb-pos=3.129035 rev sg-vel=1.890000 rps sg-acc=10.000000 rps2

=human= stepgen sg-cmd-pos=3.400000 rev sg-fb-pos=3.129035 rev sg-vel=1.890000 rps sg-acc=10.000000 rps2

[INFO] hw.stepgen: =human= stepgen event=reaim sg-cmd-pos=3.400000 rev sg-fb-pos=3.129035 rev sg-vel=1.890000 rps

=human= stepgen event=reaim sg-cmd-pos=3.400000 rev sg-fb-pos=3.129035 rev sg-vel=1.890000 rps

[INFO] hw.pins: Pin step.fb set to 3.1309300000000007 (was 3.1290350000000005)
Pin step.fb set to 3.1309300000000007 (was 3.1290350000000005)
[INFO] hw.stepgen: =human= stepgen sg-cmd-pos=3.400000 rev sg-fb-pos=3.130930 rev sg-vel=1.900000 rps sg-acc=10.000000 rps2

=human= stepgen sg-cmd-pos=3.400000 rev sg-fb-pos=3.130930 rev sg-vel=1.900000 rps sg-acc=10.000000 rps2

[INFO] hw.pins: Pin step.fb set to 3.1328350000000005 (was 3.1309300000000007)
Pin step.fb set to 3.1328350000000005 (was 3.1309300000000007)
[INFO] hw.stepgen: =human= stepgen sg-cmd-pos=3.400000 rev sg-fb-pos=3.132835 rev sg-vel=1.910000 rps sg-acc=10.000000 rps2

=human= stepgen sg-cmd-pos=3.400000 rev sg-fb-pos=3.132835 rev sg-vel=1.910000 rps sg-acc=10.000000 rps2

[INFO] hw.pins: Pin step.fb set to 3.1347500000000004 (was 3.1328350000000005)
Pin step.fb set to 3.1347500000000004 (was 3.1328350000000005)
[INFO] hw.stepgen: =human= stepgen sg-cmd-pos=3.400000 rev sg-fb-pos=3.134750 rev sg-vel=1.920000 rps sg-acc=10.000000 rps2

=human= stepgen sg-cmd-pos=3.400000 rev sg-fb-pos=3.134750 rev sg-vel=1.920000 rps sg-acc=10.000000 rps2

[INFO] hw.pins: Pin step.fb set to 3.1366750000000003 (was 3.1347500000000004)
Pin step.fb set to 3.1366750000000003 (was 3.1347500000000004)
[INFO] hw.stepgen: =human= stepgen sg-cmd-pos=3.400000 rev sg-fb-pos=3.136675 rev sg-vel=1.930000 rps sg-acc=10.000000 rps2

=human= stepgen sg-cmd-pos=3.400000 rev sg-fb-pos=3.136675 rev sg-vel=1.930000 rps sg-acc=10.000000 rps2

[INFO] hw.pins: Pin step.fb set to 3.1386100000000003 (was 3.1366750000000003)
Pin step.fb set to 3.1386100000000003 (was 3.1366750000000003)
[INFO] hw.stepgen: =human= stepgen sg-cmd-pos=3.400000 rev sg-fb-pos=3.138610 rev sg-vel=1.940000 rps sg-acc=10.000000 rps2

=human= stepgen sg-cmd-pos=3.400000 rev sg-fb-pos=3.138610 rev sg-vel=1.940000 rps sg-acc=10.000000 rps2

[INFO] hw.pins: Pin step.fb set to 3.1405550000000004 (was 3.1386100000000003)
Pin step.fb set to 3.1405550000000004 (was 3.1386100000000003)
[INFO] hw.stepgen: =human= stepgen sg-cmd-pos=3.400000 rev sg-fb-pos=3.140555 rev sg-vel=1.950000 rps sg-acc=10.000000 rps2

=human= stepgen sg-cmd-pos=3.400000 rev sg-fb-pos=3.140555 rev sg-vel=1.950000 rps sg-acc=10.000000 rps2

[INFO] hw.pins: Pin step.fb set to 3.1425100000000006 (was 3.1405550000000004)
Pin step.fb set to 3.1425100000000006 (was 3.1405550000000004)
[INFO] hw.stepgen: =human= stepgen sg-cmd-pos=3.400000 rev sg-fb-pos=3.142510 rev sg-vel=1.960000 rps sg-acc=10.000000 rps2

=human= stepgen sg-cmd-pos=3.400000 rev sg-fb-pos=3.142510 rev sg-vel=1.960000 rps sg-acc=10.000000 rps2

[INFO] hw.pins: Pin step.fb set to 3.144475000000001 (was 3.1425100000000006)
Pin step.fb set to 3.144475000000001 (was 3.1425100000000006)
[INFO] hw.stepgen: =human= stepgen sg-cmd-pos=3.400000 rev sg-fb-pos=3.144475 rev sg-vel=1.970000 rps sg-acc=10.000000 rps2

=human= stepgen sg-cmd-pos=3.400000 rev sg-fb-pos=3.144475 rev sg-vel=1.970000 rps sg-acc=10.000000 rps2

[INFO] hw.pins: Pin step.fb set to 3.1464500000000006 (was 3.144475000000001)
Pin step.fb set to 3.1464500000000006 (was 3.144475000000001)
[INFO] hw.stepgen: =human= stepgen sg-cmd-pos=3.400000 rev sg-fb-pos=3.146450 rev sg-vel=1.980000 rps sg-acc=10.000000 rps2

=human= stepgen sg-cmd-pos=3.400000 rev sg-fb-pos=3.146450 rev sg-vel=1.980000 rps sg-acc=10.000000 rps2

[INFO] hw.pins: Pin step.fb set to 3.1484350000000005 (was 3.1464500000000006)
Pin step.fb set to 3.1484350000000005 (was 3.1464500000000006)
[INFO] hw.stepgen: =human= stepgen sg-cmd-pos=3.400000 rev sg-fb-pos=3.148435 rev sg-vel=1.990000 rps sg-acc=10.000000 rps2

=human= stepgen sg-cmd-pos=3.400000 rev sg-fb-pos=3.148435 rev sg-vel=1.990000 rps sg-acc=10.000000 rps2

[INFO] hw.pins: Pin step.fb set to 3.1504300000000005 (was 3.1484350000000005)
Pin step.fb set to 3.1504300000000005 (was 3.1484350000000005)
[INFO] hw.stepgen: =human= stepgen sg-cmd-pos=3.400000 rev sg-fb-pos=3.150430 rev sg-vel=2.000000 rps sg-acc=10.000000 rps2

=human= stepgen sg-cmd-pos=3.400000 rev sg-fb-pos=3.150430 rev sg-vel=2.000000 rps sg-acc=10.000000 rps2

[INFO] hw.pins: Pin step.fb set to 3.1524350000000005 (was 3.1504300000000005)
Pin step.fb set to 3.1524350000000005 (was 3.1504300000000005)
[INFO] hw.stepgen: =human= stepgen sg-cmd-pos=3.400000 rev sg-fb-pos=3.152435 rev sg-vel=2.010000 rps sg-acc=10.000000 rps2

=human= stepgen sg-cmd-pos=3.400000 rev sg-fb-pos=3.152435 rev sg-vel=2.010000 rps sg-acc=10.000000 rps2

[INFO] hw.pins: Pin step.fb set to 3.1544500000000006 (was 3.1524350000000005)
Pin step.fb set to 3.1544500000000006 (was 3.1524350000000005)
[INFO] hw.stepgen: =human= stepgen sg-cmd-pos=3.400000 rev sg-fb-pos=3.154450 rev sg-vel=2.020000 rps sg-acc=10.000000 rps2

=human= stepgen sg-cmd-pos=3.400000 rev sg-fb-pos=3.154450 rev sg-vel=2.020000 rps sg-acc=10.000000 rps2

[INFO] hw.pins: Pin step.fb set to 3.156475000000001 (was 3.1544500000000006)
Pin step.fb set to 3.156475000000001 (was 3.1544500000000006)
[INFO] hw.stepgen: =human= stepgen sg-cmd-pos=3.400000 rev sg-fb-pos=3.156475 rev sg-vel=2.030000 rps sg-acc=10.000000 rps2

=human= stepgen sg-cmd-pos=3.400000 rev sg-fb-pos=3.156475 rev sg-vel=2.030000 rps sg-acc=10.000000 rps2

[INFO] hw.pins: Pin step.fb set to 3.1585100000000006 (was 3.156475000000001)
Pin step.fb set to 3.1585100000000006 (was 3.156475000000001)
[INFO] hw.stepgen: =human= stepgen sg-cmd-pos=3.400000 rev sg-fb-pos=3.158510 rev sg-vel=2.040000 rps sg-acc=10.000000 rps2

=human= stepgen sg-cmd-pos=3.400000 rev sg-fb-pos=3.158510 rev sg-vel=2.040000 rps sg-acc=10.000000 rps2

[INFO] hw.pins: Pin step.fb set to 3.1605550000000004 (was 3.1585100000000006)
Pin step.fb set to 3.1605550000000004 (was 3.1585100000000006)
[INFO] hw.stepgen: =human= stepgen sg-cmd-pos=3.400000 rev sg-fb-pos=3.160555 rev sg-vel=2.050000 rps sg-acc=10.000000 rps2

=human= stepgen sg-cmd-pos=3.400000 rev sg-fb-pos=3.160555 rev sg-vel=2.050000 rps sg-acc=10.000000 rps2

[INFO] hw.pins: Pin step.fb set to 3.1626100000000004 (was 3.1605550000000004)
Pin step.fb set to 3.1626100000000004 (was 3.1605550000000004)
[INFO] hw.stepgen: =human= stepgen sg-cmd-pos=3.400000 rev sg-fb-pos=3.162610 rev sg-vel=2.060000 rps sg-acc=10.000000 rps2

=human= stepgen sg-cmd-pos=3.400000 rev sg-fb-pos=3.162610 rev sg-vel=2.060000 rps sg-acc=10.000000 rps2

[INFO] hw.pins: Pin step.fb set to 3.1646750000000003 (was 3.1626100000000004)
Pin step.fb set to 3.1646750000000003 (was 3.1626100000000004)
[INFO] hw.stepgen: =human= stepgen sg-cmd-pos=3.400000 rev sg-fb-pos=3.164675 rev sg-vel=2.070000 rps sg-acc=10.000000 rps2

=human= stepgen sg-cmd-pos=3.400000 rev sg-fb-pos=3.164675 rev sg-vel=2.070000 rps sg-acc=10.000000 rps2

[INFO] hw.pins: Pin step.fb set to 3.1667500000000004 (was 3.1646750000000003)
Pin step.fb set to 3.1667500000000004 (was 3.1646750000000003)
[INFO] hw.stepgen: =human= stepgen sg-cmd-pos=3.400000 rev sg-fb-pos=3.166750 rev sg-vel=2.080000 rps sg-acc=10.000000 rps2

=human= stepgen sg-cmd-pos=3.400000 rev sg-fb-pos=3.166750 rev sg-vel=2.080000 rps sg-acc=10.000000 rps2

[INFO] hw.pins: Pin step.fb set to 3.1688350000000005 (was 3.1667500000000004)
Pin step.fb set to 3.1688350000000005 (was 3.1667500000000004)
[INFO] hw.stepgen: =human= stepgen sg-cmd-pos=3.400000 rev sg-fb-pos=3.168835 rev sg-vel=2.090000 rps sg-acc=10.000000 rps2

=human= stepgen sg-cmd-pos=3.400000 rev sg-fb-pos=3.168835 rev sg-vel=2.090000 rps sg-acc=10.000000 rps2

[INFO] hw.pins: Pin step.fb set to 3.1709300000000007 (was 3.1688350000000005)
Pin step.fb set to 3.1709300000000007 (was 3.1688350000000005)
[INFO] hw.stepgen: =human= stepgen sg-cmd-pos=3.400000 rev sg-fb-pos=3.170930 rev sg-vel=2.100000 rps sg-acc=10.000000 rps2

=human= stepgen sg-cmd-pos=3.400000 rev sg-fb-pos=3.170930 rev sg-vel=2.100000 rps sg-acc=10.000000 rps2

[INFO] hw.pins: Pin step.fb set to 3.1730350000000005 (was 3.1709300000000007)
Pin step.fb set to 3.1730350000000005 (was 3.1709300000000007)
[INFO] hw.stepgen: =human= stepgen sg-cmd-pos=3.400000 rev sg-fb-pos=3.173035 rev sg-vel=2.110000 rps sg-acc=10.000000 rps2

=human= stepgen sg-cmd-pos=3.400000 rev sg-fb-pos=3.173035 rev sg-vel=2.110000 rps sg-acc=10.000000 rps2

[INFO] hw.pins: Pin step.fb set to 3.1751500000000004 (was 3.1730350000000005)
Pin step.fb set to 3.1751500000000004 (was 3.1730350000000005)
[INFO] hw.stepgen: =human= stepgen sg-cmd-pos=3.400000 rev sg-fb-pos=3.175150 rev sg-vel=2.120000 rps sg-acc=10.000000 rps2

=human= stepgen sg-cmd-pos=3.400000 rev sg-fb-pos=3.175150 rev sg-vel=2.120000 rps sg-acc=10.000000 rps2

[INFO] hw.pins: Pin step.fb set to 3.1772750000000003 (was 3.1751500000000004)
Pin step.fb set to 3.1772750000000003 (was 3.1751500000000004)
[INFO] hw.stepgen: =human= stepgen sg-cmd-pos=3.400000 rev sg-fb-pos=3.177275 rev sg-vel=2.130000 rps sg-acc=10.000000 rps2

=human= stepgen sg-cmd-pos=3.400000 rev sg-fb-pos=3.177275 rev sg-vel=2.130000 rps sg-acc=10.000000 rps2

[INFO] hw.pins: Pin step.fb set to 3.1794000000000002 (was 3.1772750000000003)
Pin step.fb set to 3.1794000000000002 (was 3.1772750000000003)
[INFO] hw.stepgen: =human= stepgen sg-cmd-pos=3.400000 rev sg-fb-pos=3.179400 rev sg-vel=2.120000 rps sg-acc=-10.000000 rps2

=human= stepgen sg-cmd-pos=3.400000 rev sg-fb-pos=3.179400 rev sg-vel=2.120000 rps sg-acc=-10.000000 rps2

[INFO] hw.pins: Pin step.fb set to 3.181515 (was 3.1794000000000002)
Pin step.fb set to 3.181515 (was 3.1794000000000002)
[INFO] hw.stepgen: =human= stepgen sg-cmd-pos=3.400000 rev sg-fb-pos=3.181515 rev sg-vel=2.110000 rps sg-acc=-10.000000 rps2

=human= stepgen sg-cmd-pos=3.400000 rev sg-fb-pos=3.181515 rev sg-vel=2.110000 rps sg-acc=-10.000000 rps2

[INFO] hw.pins: Pin step.fb set to 3.18362 (was 3.181515)
Pin step.fb set to 3.18362 (was 3.181515)
[INFO] hw.stepgen: =human= stepgen sg-cmd-pos=3.400000 rev sg-fb-pos=3.183620 rev sg-vel=2.100000 rps sg-acc=-10.000000 rps2

=human= stepgen sg-cmd-pos=3.400000 rev sg-fb-pos=3.183620 rev sg-vel=2.100000 rps sg-acc=-10.000000 rps2

[INFO] hw.pins: Pin step.fb set to 3.185715 (was 3.18362)
Pin step.fb set to 3.185715 (was 3.18362)
[INFO] hw.stepgen: =human= stepgen sg-cmd-pos=3.400000 rev sg-fb-pos=3.185715 rev sg-vel=2.090000 rps sg-acc=-10.000000 rps2

=human= stepgen sg-cmd-pos=3.400000 rev sg-fb-pos=3.185715 rev sg-vel=2.090000 rps sg-acc=-10.000000 rps2

[INFO] hw.pins: Pin step.fb set to 3.1878 (was 3.185715)
Pin step.fb set to 3.1878 (was 3.185715)
[INFO] hw.stepgen: =human= stepgen sg-cmd-pos=3.400000 rev sg-fb-pos=3.187800 rev sg-vel=2.080000 rps sg-acc=-10.000000 rps2

=human= stepgen sg-cmd-pos=3.400000 rev sg-fb-pos=3.187800 rev sg-vel=2.080000 rps sg-acc=-10.000000 rps2

[INFO] hw.pins: Pin step.fb set to 3.1898750000000002 (was 3.1878)
Pin step.fb set to 3.1898750000000002 (was 3.1878)
[INFO] hw.stepgen: =human= stepgen sg-cmd-pos=3.400000 rev sg-fb-pos=3.189875 rev sg-vel=2.070000 rps sg-acc=-10.000000 rps2

=human= stepgen sg-cmd-pos=3.400000 rev sg-fb-pos=3.189875 rev sg-vel=2.070000 rps sg-acc=-10.000000 rps2

[INFO] hw.pins: Pin step.fb set to 3.19194 (was 3.1898750000000002)
Pin step.fb set to 3.19194 (was 3.1898750000000002)
[INFO] hw.stepgen: =human= stepgen sg-cmd-pos=3.400000 rev sg-fb-pos=3.191940 rev sg-vel=2.060000 rps sg-acc=-10.000000 rps2

=human= stepgen sg-cmd-pos=3.400000 rev sg-fb-pos=3.191940 rev sg-vel=2.060000 rps sg-acc=-10.000000 rps2

[INFO] hw.pins: Pin step.fb set to 3.193995 (was 3.19194)
Pin step.fb set to 3.193995 (was 3.19194)
[INFO] hw.stepgen: =human= stepgen sg-cmd-pos=3.400000 rev sg-fb-pos=3.193995 rev sg-vel=2.050000 rps sg-acc=-10.000000 rps2

=human= stepgen sg-cmd-pos=3.400000 rev sg-fb-pos=3.193995 rev sg-vel=2.050000 rps sg-acc=-10.000000 rps2

[INFO] hw.pins: Pin step.fb set to 3.19604 (was 3.193995)
Pin step.fb set to 3.19604 (was 3.193995)
[INFO] hw.stepgen: =human= stepgen sg-cmd-pos=3.400000 rev sg-fb-pos=3.196040 rev sg-vel=2.040000 rps sg-acc=-10.000000 rps2

=human= stepgen sg-cmd-pos=3.400000 rev sg-fb-pos=3.196040 rev sg-vel=2.040000 rps sg-acc=-10.000000 rps2

[INFO] hw.pins: Pin step.fb set to 3.198075 (was 3.19604)
Pin step.fb set to 3.198075 (was 3.19604)
[INFO] hw.stepgen: =human= stepgen sg-cmd-pos=3.400000 rev sg-fb-pos=3.198075 rev sg-vel=2.030000 rps sg-acc=-10.000000 rps2

=human= stepgen sg-cmd-pos=3.400000 rev sg-fb-pos=3.198075 rev sg-vel=2.030000 rps sg-acc=-10.000000 rps2

[INFO] hw.pins: Pin step.fb set to 3.2001 (was 3.198075)
Pin step.fb set to 3.2001 (was 3.198075)
[INFO] hw.stepgen: =human= stepgen sg-cmd-pos=3.400000 rev sg-fb-pos=3.200100 rev sg-vel=2.020000 rps sg-acc=-10.000000 rps2

=human= stepgen sg-cmd-pos=3.400000 rev sg-fb-pos=3.200100 rev sg-vel=2.020000 rps sg-acc=-10.000000 rps2

[INFO] hw.pins: Pin step.fb set to 3.202115 (was 3.2001)
Pin step.fb set to 3.202115 (was 3.2001)
[INFO] hw.stepgen: =human= stepgen sg-cmd-pos=3.400000 rev sg-fb-pos=3.202115 rev sg-vel=2.010000 rps sg-acc=-10.000000 rps2

=human= stepgen sg-cmd-pos=3.400000 rev sg-fb-pos=3.202115 rev sg-vel=2.010000 rps sg-acc=-10.000000 rps2

[INFO] hw.pins: Pin step.fb set to 3.20412 (was 3.202115)
Pin step.fb set to 3.20412 (was 3.202115)
[INFO] hw.stepgen: =human= stepgen sg-cmd-pos=3.400000 rev sg-fb-pos=3.204120 rev sg-vel=2.000000 rps sg-acc=-10.000000 rps2

=human= stepgen sg-cmd-pos=3.400000 rev sg-fb-pos=3.204120 rev sg-vel=2.000000 rps sg-acc=-10.000000 rps2

[INFO] hw.pins: Pin step.fb set to 3.206115 (was 3.20412)
Pin step.fb set to 3.206115 (was 3.20412)
[INFO] hw.stepgen: =human= stepgen sg-cmd-pos=3.400000 rev sg-fb-pos=3.206115 rev sg-vel=1.990000 rps sg-acc=-10.000000 rps2

=human= stepgen sg-cmd-pos=3.400000 rev sg-fb-pos=3.206115 rev sg-vel=1.990000 rps sg-acc=-10.000000 rps2

[INFO] hw.pins: Pin step.fb set to 3.2081 (was 3.206115)
Pin step.fb set to 3.2081 (was 3.206115)
[INFO] hw.stepgen: =human= stepgen sg-cmd-pos=3.400000 rev sg-fb-pos=3.208100 rev sg-vel=1.980000 rps sg-acc=-10.000000 rps2

=human= stepgen sg-cmd-pos=3.400000 rev sg-fb-pos=3.208100 rev sg-vel=1.980000 rps sg-acc=-10.000000 rps2

[INFO] hw.pins: Pin step.fb set to 3.210075 (was 3.2081)
Pin step.fb set to 3.210075 (was 3.2081)
[INFO] hw.stepgen: =human= stepgen sg-cmd-pos=3.400000 rev sg-fb-pos=3.210075 rev sg-vel=1.970000 rps sg-acc=-10.000000 rps2

=human= stepgen sg-cmd-pos=3.400000 rev sg-fb-pos=3.210075 rev sg-vel=1.970000 rps sg-acc=-10.000000 rps2

[INFO] hw.pins: Pin step.fb set to 3.21204 (was 3.210075)
Pin step.fb set to 3.21204 (was 3.210075)
[INFO] hw.stepgen: =human= stepgen sg-cmd-pos=3.400000 rev sg-fb-pos=3.212040 rev sg-vel=1.960000 rps sg-acc=-10.000000 rps2

=human= stepgen sg-cmd-pos=3.400000 rev sg-fb-pos=3.212040 rev sg-vel=1.960000 rps sg-acc=-10.000000 rps2

[INFO] hw.pins: Pin step.fb set to 3.213995 (was 3.21204)
Pin step.fb set to 3.213995 (was 3.21204)
[INFO] hw.stepgen: =human= stepgen sg-cmd-pos=3.400000 rev sg-fb-pos=3.213995 rev sg-vel=1.950000 rps sg-acc=-10.000000 rps2

=human= stepgen sg-cmd-pos=3.400000 rev sg-fb-pos=3.213995 rev sg-vel=1.950000 rps sg-acc=-10.000000 rps2

[INFO] hw.pins: Pin step.fb set to 3.2159400000000002 (was 3.213995)
Pin step.fb set to 3.2159400000000002 (was 3.213995)
[INFO] hw.stepgen: =human= stepgen sg-cmd-pos=3.400000 rev sg-fb-pos=3.215940 rev sg-vel=1.940000 rps sg-acc=-10.000000 rps2

=human= stepgen sg-cmd-pos=3.400000 rev sg-fb-pos=3.215940 rev sg-vel=1.940000 rps sg-acc=-10.000000 rps2

[INFO] hw.pins: Pin step.fb set to 3.2178750000000003 (was 3.2159400000000002)
Pin step.fb set to 3.2178750000000003 (was 3.2159400000000002)
[INFO] hw.stepgen: =human= stepgen sg-cmd-pos=3.400000 rev sg-fb-pos=3.217875 rev sg-vel=1.930000 rps sg-acc=-10.000000 rps2

=human= stepgen sg-cmd-pos=3.400000 rev sg-fb-pos=3.217875 rev sg-vel=1.930000 rps sg-acc=-10.000000 rps2

[INFO] hw.pins: Pin step.fb set to 3.2198 (was 3.2178750000000003)
Pin step.fb set to 3.2198 (was 3.2178750000000003)
[INFO] hw.stepgen: =human= stepgen sg-cmd-pos=3.400000 rev sg-fb-pos=3.219800 rev sg-vel=1.920000 rps sg-acc=-10.000000 rps2

=human= stepgen sg-cmd-pos=3.400000 rev sg-fb-pos=3.219800 rev sg-vel=1.920000 rps sg-acc=-10.000000 rps2

[INFO] hw.pins: Pin step.fb set to 3.221715 (was 3.2198)
Pin step.fb set to 3.221715 (was 3.2198)
[INFO] hw.stepgen: =human= stepgen sg-cmd-pos=3.400000 rev sg-fb-pos=3.221715 rev sg-vel=1.910000 rps sg-acc=-10.000000 rps2

=human= stepgen sg-cmd-pos=3.400000 rev sg-fb-pos=3.221715 rev sg-vel=1.910000 rps sg-acc=-10.000000 rps2

[INFO] hw.pins: Pin step.fb set to 3.22362 (was 3.221715)
Pin step.fb set to 3.22362 (was 3.221715)
[INFO] hw.stepgen: =human= stepgen sg-cmd-pos=3.400000 rev sg-fb-pos=3.223620 rev sg-vel=1.900000 rps sg-acc=-10.000000 rps2

=human= stepgen sg-cmd-pos=3.400000 rev sg-fb-pos=3.223620 rev sg-vel=1.900000 rps sg-acc=-10.000000 rps2

[INFO] hw.pins: Pin step.fb set to 3.225515 (was 3.22362)
Pin step.fb set to 3.225515 (was 3.22362)
[INFO] hw.stepgen: =human= stepgen sg-cmd-pos=3.400000 rev sg-fb-pos=3.225515 rev sg-vel=1.890000 rps sg-acc=-10.000000 rps2

=human= stepgen sg-cmd-pos=3.400000 rev sg-fb-pos=3.225515 rev sg-vel=1.890000 rps sg-acc=-10.000000 rps2

[INFO] hw.pins: Pin step.fb set to 3.2274000000000003 (was 3.225515)
Pin step.fb set to 3.2274000000000003 (was 3.225515)
[INFO] hw.stepgen: =human= stepgen sg-cmd-pos=3.400000 rev sg-fb-pos=3.227400 rev sg-vel=1.880000 rps sg-acc=-10.000000 rps2

=human= stepgen sg-cmd-pos=3.400000 rev sg-fb-pos=3.227400 rev sg-vel=1.880000 rps sg-acc=-10.000000 rps2

[INFO] hw.pins: Pin step.cmd set to 3.5000000000000018 (was 3.4000000000000017)
Pin step.cmd set to 3.5000000000000018 (was 3.4000000000000017)
[INFO] hw.pins: Pin step.fb set to 3.2292850000000004 (was 3.2274000000000003)
Pin step.fb set to 3.2292850000000004 (was 3.2274000000000003)
[INFO] hw.stepgen: =human= stepgen sg-cmd-pos=3.500000 rev sg-fb-pos=3.229285 rev sg-vel=1.890000 rps sg-acc=10.000000 rps2

=human= stepgen sg-cmd-pos=3.500000 rev sg-fb-pos=3.229285 rev sg-vel=1.890000 rps sg-acc=10.000000 rps2

[INFO] hw.stepgen: =human= stepgen event=reaim sg-cmd-pos=3.500000 rev sg-fb-pos=3.229285 rev sg-vel=1.890000 rps

=human= stepgen event=reaim sg-cmd-pos=3.500000 rev sg-fb-pos=3.229285 rev sg-vel=1.890000 rps

[INFO] hw.pins: Pin step.fb set to 3.2311800000000006 (was 3.2292850000000004)
Pin step.fb set to 3.2311800000000006 (was 3.2292850000000004)
[INFO] hw.stepgen: =human= stepgen sg-cmd-pos=3.500000 rev sg-fb-pos=3.231180 rev sg-vel=1.900000 rps sg-acc=10.000000 rps2

=human= stepgen sg-cmd-pos=3.500000 rev sg-fb-pos=3.231180 rev sg-vel=1.900000 rps sg-acc=10.000000 rps2

[INFO] hw.pins: Pin step.fb set to 3.2330850000000004 (was 3.2311800000000006)
Pin step.fb set to 3.2330850000000004 (was 3.2311800000000006)
[INFO] hw.stepgen: =human= stepgen sg-cmd-pos=3.500000 rev sg-fb-pos=3.233085 rev sg-vel=1.910000 rps sg-acc=10.000000 rps2

=human= stepgen sg-cmd-pos=3.500000 rev sg-fb-pos=3.233085 rev sg-vel=1.910000 rps sg-acc=10.000000 rps2

[INFO] hw.pins: Pin step.fb set to 3.2350000000000003 (was 3.2330850000000004)
Pin step.fb set to 3.2350000000000003 (was 3.2330850000000004)
[INFO] hw.stepgen: =human= stepgen sg-cmd-pos=3.500000 rev sg-fb-pos=3.235000 rev sg-vel=1.920000 rps sg-acc=10.000000 rps2

=human= stepgen sg-cmd-pos=3.500000 rev sg-fb-pos=3.235000 rev sg-vel=1.920000 rps sg-acc=10.000000 rps2

[INFO] hw.pins: Pin step.fb set to 3.2369250000000003 (was 3.2350000000000003)
Pin step.fb set to 3.2369250000000003 (was 3.2350000000000003)
[INFO] hw.stepgen: =human= stepgen sg-cmd-pos=3.500000 rev sg-fb-pos=3.236925 rev sg-vel=1.930000 rps sg-acc=10.000000 rps2

=human= stepgen sg-cmd-pos=3.500000 rev sg-fb-pos=3.236925 rev sg-vel=1.930000 rps sg-acc=10.000000 rps2

[INFO] hw.pins: Pin step.fb set to 3.2388600000000003 (was 3.2369250000000003)
Pin step.fb set to 3.2388600000000003 (was 3.2369250000000003)
[INFO] hw.stepgen: =human= stepgen sg-cmd-pos=3.500000 rev sg-fb-pos=3.238860 rev sg-vel=1.940000 rps sg-acc=10.000000 rps2

=human= stepgen sg-cmd-pos=3.500000 rev sg-fb-pos=3.238860 rev sg-vel=1.940000 rps sg-acc=10.000000 rps2

[INFO] hw.pins: Pin step.fb set to 3.2408050000000004 (was 3.2388600000000003)
Pin step.fb set to 3.2408050000000004 (was 3.2388600000000003)
[INFO] hw.stepgen: =human= stepgen sg-cmd-pos=3.500000 rev sg-fb-pos=3.240805 rev sg-vel=1.950000 rps sg-acc=10.000000 rps2

=human= stepgen sg-cmd-pos=3.500000 rev sg-fb-pos=3.240805 rev sg-vel=1.950000 rps sg-acc=10.000000 rps2

[INFO] hw.pins: Pin step.fb set to 3.2427600000000005 (was 3.2408050000000004)
Pin step.fb set to 3.2427600000000005 (was 3.2408050000000004)
[INFO] hw.stepgen: =human= stepgen sg-cmd-pos=3.500000 rev sg-fb-pos=3.242760 rev sg-vel=1.960000 rps sg-acc=10.000000 rps2

=human= stepgen sg-cmd-pos=3.500000 rev sg-fb-pos=3.242760 rev sg-vel=1.960000 rps sg-acc=10.000000 rps2

[INFO] hw.pins: Pin step.fb set to 3.2447250000000007 (was 3.2427600000000005)
Pin step.fb set to 3.2447250000000007 (was 3.2427600000000005)
[INFO] hw.stepgen: =human= stepgen sg-cmd-pos=3.500000 rev sg-fb-pos=3.244725 rev sg-vel=1.970000 rps sg-acc=10.000000 rps2

=human= stepgen sg-cmd-pos=3.500000 rev sg-fb-pos=3.244725 rev sg-vel=1.970000 rps sg-acc=10.000000 rps2

[INFO] hw.pins: Pin step.fb set to 3.2467000000000006 (was 3.2447250000000007)
Pin step.fb set to 3.2467000000000006 (was 3.2447250000000007)
[INFO] hw.stepgen: =human= stepgen sg-cmd-pos=3.500000 rev sg-fb-pos=3.246700 rev sg-vel=1.980000 rps sg-acc=10.000000 rps2

=human= stepgen sg-cmd-pos=3.500000 rev sg-fb-pos=3.246700 rev sg-vel=1.980000 rps sg-acc=10.000000 rps2

[INFO] hw.pins: Pin step.fb set to 3.2486850000000005 (was 3.2467000000000006)
Pin step.fb set to 3.2486850000000005 (was 3.2467000000000006)
[INFO] hw.stepgen: =human= stepgen sg-cmd-pos=3.500000 rev sg-fb-pos=3.248685 rev sg-vel=1.990000 rps sg-acc=10.000000 rps2

=human= stepgen sg-cmd-pos=3.500000 rev sg-fb-pos=3.248685 rev sg-vel=1.990000 rps sg-acc=10.000000 rps2

[INFO] hw.pins: Pin step.fb set to 3.2506800000000005 (was 3.2486850000000005)
Pin step.fb set to 3.2506800000000005 (was 3.2486850000000005)
[INFO] hw.stepgen: =human= stepgen sg-cmd-pos=3.500000 rev sg-fb-pos=3.250680 rev sg-vel=2.000000 rps sg-acc=10.000000 rps2

=human= stepgen sg-cmd-pos=3.500000 rev sg-fb-pos=3.250680 rev sg-vel=2.000000 rps sg-acc=10.000000 rps2

[INFO] hw.pins: Pin step.fb set to 3.2526850000000005 (was 3.2506800000000005)
Pin step.fb set to 3.2526850000000005 (was 3.2506800000000005)
[INFO] hw.stepgen: =human= stepgen sg-cmd-pos=3.500000 rev sg-fb-pos=3.252685 rev sg-vel=2.010000 rps sg-acc=10.000000 rps2

=human= stepgen sg-cmd-pos=3.500000 rev sg-fb-pos=3.252685 rev sg-vel=2.010000 rps sg-acc=10.000000 rps2

[INFO] hw.pins: Pin step.fb set to 3.2547000000000006 (was 3.2526850000000005)
Pin step.fb set to 3.2547000000000006 (was 3.2526850000000005)
[INFO] hw.stepgen: =human= stepgen sg-cmd-pos=3.500000 rev sg-fb-pos=3.254700 rev sg-vel=2.020000 rps sg-acc=10.000000 rps2

=human= stepgen sg-cmd-pos=3.500000 rev sg-fb-pos=3.254700 rev sg-vel=2.020000 rps sg-acc=10.000000 rps2

[INFO] hw.pins: Pin step.fb set to 3.2567250000000008 (was 3.2547000000000006)
Pin step.fb set to 3.2567250000000008 (was 3.2547000000000006)
[INFO] hw.stepgen: =human= stepgen sg-cmd-pos=3.500000 rev sg-fb-pos=3.256725 rev sg-vel=2.030000 rps sg-acc=10.000000 rps2

=human= stepgen sg-cmd-pos=3.500000 rev sg-fb-pos=3.256725 rev sg-vel=2.030000 rps sg-acc=10.000000 rps2

[INFO] hw.pins: Pin step.fb set to 3.2587600000000005 (was 3.2567250000000008)
Pin step.fb set to 3.2587600000000005 (was 3.2567250000000008)
[INFO] hw.stepgen: =human= stepgen sg-cmd-pos=3.500000 rev sg-fb-pos=3.258760 rev sg-vel=2.040000 rps sg-acc=10.000000 rps2

=human= stepgen sg-cmd-pos=3.500000 rev sg-fb-pos=3.258760 rev sg-vel=2.040000 rps sg-acc=10.000000 rps2

[INFO] hw.pins: Pin step.fb set to 3.2608050000000004 (was 3.2587600000000005)
Pin step.fb set to 3.2608050000000004 (was 3.2587600000000005)
[INFO] hw.stepgen: =human= stepgen sg-cmd-pos=3.500000 rev sg-fb-pos=3.260805 rev sg-vel=2.050000 rps sg-acc=10.000000 rps2

=human= stepgen sg-cmd-pos=3.500000 rev sg-fb-pos=3.260805 rev sg-vel=2.050000 rps sg-acc=10.000000 rps2

[INFO] hw.pins: Pin step.fb set to 3.2628600000000003 (was 3.2608050000000004)
Pin step.fb set to 3.2628600000000003 (was 3.2608050000000004)
[INFO] hw.stepgen: =human= stepgen sg-cmd-pos=3.500000 rev sg-fb-pos=3.262860 rev sg-vel=2.060000 rps sg-acc=10.000000 rps2

=human= stepgen sg-cmd-pos=3.500000 rev sg-fb-pos=3.262860 rev sg-vel=2.060000 rps sg-acc=10.000000 rps2

[INFO] hw.pins: Pin step.fb set to 3.2649250000000003 (was 3.2628600000000003)
Pin step.fb set to 3.2649250000000003 (was 3.2628600000000003)
[INFO] hw.stepgen: =human= stepgen sg-cmd-pos=3.500000 rev sg-fb-pos=3.264925 rev sg-vel=2.070000 rps sg-acc=10.000000 rps2

=human= stepgen sg-cmd-pos=3.500000 rev sg-fb-pos=3.264925 rev sg-vel=2.070000 rps sg-acc=10.000000 rps2

[INFO] hw.pins: Pin step.fb set to 3.2670000000000003 (was 3.2649250000000003)
Pin step.fb set to 3.2670000000000003 (was 3.2649250000000003)
[INFO] hw.stepgen: =human= stepgen sg-cmd-pos=3.500000 rev sg-fb-pos=3.267000 rev sg-vel=2.080000 rps sg-acc=10.000000 rps2

=human= stepgen sg-cmd-pos=3.500000 rev sg-fb-pos=3.267000 rev sg-vel=2.080000 rps sg-acc=10.000000 rps2

[INFO] hw.pins: Pin step.fb set to 3.2690850000000005 (was 3.2670000000000003)
Pin step.fb set to 3.2690850000000005 (was 3.2670000000000003)
[INFO] hw.stepgen: =human= stepgen sg-cmd-pos=3.500000 rev sg-fb-pos=3.269085 rev sg-vel=2.090000 rps sg-acc=10.000000 rps2

=human= stepgen sg-cmd-pos=3.500000 rev sg-fb-pos=3.269085 rev sg-vel=2.090000 rps sg-acc=10.000000 rps2

[INFO] hw.pins: Pin step.fb set to 3.2711800000000006 (was 3.2690850000000005)
Pin step.fb set to 3.2711800000000006 (was 3.2690850000000005)
[INFO] hw.stepgen: =human= stepgen sg-cmd-pos=3.500000 rev sg-fb-pos=3.271180 rev sg-vel=2.100000 rps sg-acc=10.000000 rps2

=human= stepgen sg-cmd-pos=3.500000 rev sg-fb-pos=3.271180 rev sg-vel=2.100000 rps sg-acc=10.000000 rps2

[INFO] hw.pins: Pin step.fb set to 3.2732850000000004 (was 3.2711800000000006)
Pin step.fb set to 3.2732850000000004 (was 3.2711800000000006)
[INFO] hw.stepgen: =human= stepgen sg-cmd-pos=3.500000 rev sg-fb-pos=3.273285 rev sg-vel=2.110000 rps sg-acc=10.000000 rps2

=human= stepgen sg-cmd-pos=3.500000 rev sg-fb-pos=3.273285 rev sg-vel=2.110000 rps sg-acc=10.000000 rps2

[INFO] hw.pins: Pin step.fb set to 3.2754000000000003 (was 3.2732850000000004)
Pin step.fb set to 3.2754000000000003 (was 3.2732850000000004)
[INFO] hw.stepgen: =human= stepgen sg-cmd-pos=3.500000 rev sg-fb-pos=3.275400 rev sg-vel=2.120000 rps sg-acc=10.000000 rps2

=human= stepgen sg-cmd-pos=3.500000 rev sg-fb-pos=3.275400 rev sg-vel=2.120000 rps sg-acc=10.000000 rps2

[INFO] hw.pins: Pin step.fb set to 3.277515 (was 3.2754000000000003)
Pin step.fb set to 3.277515 (was 3.2754000000000003)
[INFO] hw.stepgen: =human= stepgen sg-cmd-pos=3.500000 rev sg-fb-pos=3.277515 rev sg-vel=2.110000 rps sg-acc=-10.000000 rps2

=human= stepgen sg-cmd-pos=3.500000 rev sg-fb-pos=3.277515 rev sg-vel=2.110000 rps sg-acc=-10.000000 rps2

[INFO] hw.pins: Pin step.fb set to 3.27962 (was 3.277515)
Pin step.fb set to 3.27962 (was 3.277515)
[INFO] hw.stepgen: =human= stepgen sg-cmd-pos=3.500000 rev sg-fb-pos=3.279620 rev sg-vel=2.100000 rps sg-acc=-10.000000 rps2

=human= stepgen sg-cmd-pos=3.500000 rev sg-fb-pos=3.279620 rev sg-vel=2.100000 rps sg-acc=-10.000000 rps2

[INFO] hw.pins: Pin step.fb set to 3.281715 (was 3.27962)
Pin step.fb set to 3.281715 (was 3.27962)
[INFO] hw.stepgen: =human= stepgen sg-cmd-pos=3.500000 rev sg-fb-pos=3.281715 rev sg-vel=2.090000 rps sg-acc=-10.000000 rps2

=human= stepgen sg-cmd-pos=3.500000 rev sg-fb-pos=3.281715 rev sg-vel=2.090000 rps sg-acc=-10.000000 rps2

[INFO] hw.pins: Pin step.fb set to 3.2838000000000003 (was 3.281715)
Pin step.fb set to 3.2838000000000003 (was 3.281715)
[INFO] hw.stepgen: =human= stepgen sg-cmd-pos=3.500000 rev sg-fb-pos=3.283800 rev sg-vel=2.080000 rps sg-acc=-10.000000 rps2

=human= stepgen sg-cmd-pos=3.500000 rev sg-fb-pos=3.283800 rev sg-vel=2.080000 rps sg-acc=-10.000000 rps2

[INFO] hw.pins: Pin step.fb set to 3.2858750000000003 (was 3.2838000000000003)
Pin step.fb set to 3.2858750000000003 (was 3.2838000000000003)
[INFO] hw.stepgen: =human= stepgen sg-cmd-pos=3.500000 rev sg-fb-pos=3.285875 rev sg-vel=2.070000 rps sg-acc=-10.000000 rps2

=human= stepgen sg-cmd-pos=3.500000 rev sg-fb-pos=3.285875 rev sg-vel=2.070000 rps sg-acc=-10.000000 rps2

[INFO] hw.pins: Pin step.fb set to 3.2879400000000003 (was 3.2858750000000003)
Pin step.fb set to 3.2879400000000003 (was 3.2858750000000003)
[INFO] hw.stepgen: =human= stepgen sg-cmd-pos=3.500000 rev sg-fb-pos=3.287940 rev sg-vel=2.060000 rps sg-acc=-10.000000 rps2

=human= stepgen sg-cmd-pos=3.500000 rev sg-fb-pos=3.287940 rev sg-vel=2.060000 rps sg-acc=-10.000000 rps2

[INFO] hw.pins: Pin step.fb set to 3.2899950000000002 (was 3.2879400000000003)
Pin step.fb set to 3.2899950000000002 (was 3.2879400000000003)
[INFO] hw.stepgen: =human= stepgen sg-cmd-pos=3.500000 rev sg-fb-pos=3.289995 rev sg-vel=2.050000 rps sg-acc=-10.000000 rps2

=human= stepgen sg-cmd-pos=3.500000 rev sg-fb-pos=3.289995 rev sg-vel=2.050000 rps sg-acc=-10.000000 rps2

[INFO] hw.pins: Pin step.fb set to 3.29204 (was 3.2899950000000002)
Pin step.fb set to 3.29204 (was 3.2899950000000002)
[INFO] hw.stepgen: =human= stepgen sg-cmd-pos=3.500000 rev sg-fb-pos=3.292040 rev sg-vel=2.040000 rps sg-acc=-10.000000 rps2

=human= stepgen sg-cmd-pos=3.500000 rev sg-fb-pos=3.292040 rev sg-vel=2.040000 rps sg-acc=-10.000000 rps2

[INFO] hw.pins: Pin step.fb set to 3.294075 (was 3.29204)
Pin step.fb set to 3.294075 (was 3.29204)
[INFO] hw.stepgen: =human= stepgen sg-cmd-pos=3.500000 rev sg-fb-pos=3.294075 rev sg-vel=2.030000 rps sg-acc=-10.000000 rps2

=human= stepgen sg-cmd-pos=3.500000 rev sg-fb-pos=3.294075 rev sg-vel=2.030000 rps sg-acc=-10.000000 rps2

[INFO] hw.pins: Pin step.fb set to 3.2961 (was 3.294075)
Pin step.fb set to 3.2961 (was 3.294075)
[INFO] hw.stepgen: =human= stepgen sg-cmd-pos=3.500000 rev sg-fb-pos=3.296100 rev sg-vel=2.020000 rps sg-acc=-10.000000 rps2

=human= stepgen sg-cmd-pos=3.500000 rev sg-fb-pos=3.296100 rev sg-vel=2.020000 rps sg-acc=-10.000000 rps2

[INFO] hw.pins: Pin step.fb set to 3.298115 (was 3.2961)
Pin step.fb set to 3.298115 (was 3.2961)
[INFO] hw.stepgen: =human= stepgen sg-cmd-pos=3.500000 rev sg-fb-pos=3.298115 rev sg-vel=2.010000 rps sg-acc=-10.000000 rps2

=human= stepgen sg-cmd-pos=3.500000 rev sg-fb-pos=3.298115 rev sg-vel=2.010000 rps sg-acc=-10.000000 rps2

[INFO] hw.pins: Pin step.fb set to 3.30012 (was 3.298115)
Pin step.fb set to 3.30012 (was 3.298115)
[INFO] hw.stepgen: =human= stepgen sg-cmd-pos=3.500000 rev sg-fb-pos=3.300120 rev sg-vel=2.000000 rps sg-acc=-10.000000 rps2

=human= stepgen sg-cmd-pos=3.500000 rev sg-fb-pos=3.300120 rev sg-vel=2.000000 rps sg-acc=-10.000000 rps2

[INFO] hw.pins: Pin step.fb set to 3.302115 (was 3.30012)
Pin step.fb set to 3.302115 (was 3.30012)
[INFO] hw.stepgen: =human= stepgen sg-cmd-pos=3.500000 rev sg-fb-pos=3.302115 rev sg-vel=1.990000 rps sg-acc=-10.000000 rps2

=human= stepgen sg-cmd-pos=3.500000 rev sg-fb-pos=3.302115 rev sg-vel=1.990000 rps sg-acc=-10.000000 rps2

[INFO] hw.pins: Pin step.fb set to 3.3041 (was 3.302115)
Pin step.fb set to 3.3041 (was 3.302115)
[INFO] hw.stepgen: =human= stepgen sg-cmd-pos=3.500000 rev sg-fb-pos=3.304100 rev sg-vel=1.980000 rps sg-acc=-10.000000 rps2

=human= stepgen sg-cmd-pos=3.500000 rev sg-fb-pos=3.304100 rev sg-vel=1.980000 rps sg-acc=-10.000000 rps2

[INFO] hw.pins: Pin step.fb set to 3.306075 (was 3.3041)
Pin step.fb set to 3.306075 (was 3.3041)
[INFO] hw.stepgen: =human= stepgen sg-cmd-pos=3.500000 rev sg-fb-pos=3.306075 rev sg-vel=1.970000 rps sg-acc=-10.000000 rps2

=human= stepgen sg-cmd-pos=3.500000 rev sg-fb-pos=3.306075 rev sg-vel=1.970000 rps sg-acc=-10.000000 rps2

[INFO] hw.pins: Pin step.fb set to 3.30804 (was 3.306075)
Pin step.fb set to 3.30804 (was 3.306075)
[INFO] hw.stepgen: =human= stepgen sg-cmd-pos=3.500000 rev sg-fb-pos=3.308040 rev sg-vel=1.960000 rps sg-acc=-10.000000 rps2

=human= stepgen sg-cmd-pos=3.500000 rev sg-fb-pos=3.308040 rev sg-vel=1.960000 rps sg-acc=-10.000000 rps2

[INFO] hw.pins: Pin step.fb set to 3.3099950000000002 (was 3.30804)
Pin step.fb set to 3.3099950000000002 (was 3.30804)
[INFO] hw.stepgen: =human= stepgen sg-cmd-pos=3.500000 rev sg-fb-pos=3.309995 rev sg-vel=1.950000 rps sg-acc=-10.000000 rps2

=human= stepgen sg-cmd-pos=3.500000 rev sg-fb-pos=3.309995 rev sg-vel=1.950000 rps sg-acc=-10.000000 rps2

[INFO] hw.pins: Pin step.fb set to 3.3119400000000003 (was 3.3099950000000002)
Pin step.fb set to 3.3119400000000003 (was 3.3099950000000002)
[INFO] hw.stepgen: =human= stepgen sg-cmd-pos=3.500000 rev sg-fb-pos=3.311940 rev sg-vel=1.940000 rps sg-acc=-10.000000 rps2

=human= stepgen sg-cmd-pos=3.500000 rev sg-fb-pos=3.311940 rev sg-vel=1.940000 rps sg-acc=-10.000000 rps2

[INFO] hw.pins: Pin step.fb set to 3.3138750000000003 (was 3.3119400000000003)
Pin step.fb set to 3.3138750000000003 (was 3.3119400000000003)
[INFO] hw.stepgen: =human= stepgen sg-cmd-pos=3.500000 rev sg-fb-pos=3.313875 rev sg-vel=1.930000 rps sg-acc=-10.000000 rps2

=human= stepgen sg-cmd-pos=3.500000 rev sg-fb-pos=3.313875 rev sg-vel=1.930000 rps sg-acc=-10.000000 rps2

[INFO] hw.pins: Pin step.fb set to 3.3158000000000003 (was 3.3138750000000003)
Pin step.fb set to 3.3158000000000003 (was 3.3138750000000003)
[INFO] hw.stepgen: =human= stepgen sg-cmd-pos=3.500000 rev sg-fb-pos=3.315800 rev sg-vel=1.920000 rps sg-acc=-10.000000 rps2

=human= stepgen sg-cmd-pos=3.500000 rev sg-fb-pos=3.315800 rev sg-vel=1.920000 rps sg-acc=-10.000000 rps2

[INFO] hw.pins: Pin step.fb set to 3.317715 (was 3.3158000000000003)
Pin step.fb set to 3.317715 (was 3.3158000000000003)
[INFO] hw.stepgen: =human= stepgen sg-cmd-pos=3.500000 rev sg-fb-pos=3.317715 rev sg-vel=1.910000 rps sg-acc=-10.000000 rps2

=human= stepgen sg-cmd-pos=3.500000 rev sg-fb-pos=3.317715 rev sg-vel=1.910000 rps sg-acc=-10.000000 rps2

[INFO] hw.pins: Pin step.fb set to 3.31962 (was 3.317715)
Pin step.fb set to 3.31962 (was 3.317715)
[INFO] hw.stepgen: =human= stepgen sg-cmd-pos=3.500000 rev sg-fb-pos=3.319620 rev sg-vel=1.900000 rps sg-acc=-10.000000 rps2

=human= stepgen sg-cmd-pos=3.500000 rev sg-fb-pos=3.319620 rev sg-vel=1.900000 rps sg-acc=-10.000000 rps2

[INFO] hw.pins: Pin step.fb set to 3.321515 (was 3.31962)
Pin step.fb set to 3.321515 (was 3.31962)
[INFO] hw.stepgen: =human= stepgen sg-cmd-pos=3.500000 rev sg-fb-pos=3.321515 rev sg-vel=1.890000 rps sg-acc=-10.000000 rps2

=human= stepgen sg-cmd-pos=3.500000 rev sg-fb-pos=3.321515 rev sg-vel=1.890000 rps sg-acc=-10.000000 rps2

[INFO] hw.pins: Pin step.fb set to 3.3234000000000004 (was 3.321515)
Pin step.fb set to 3.3234000000000004 (was 3.321515)
[INFO] hw.stepgen: =human= stepgen sg-cmd-pos=3.500000 rev sg-fb-pos=3.323400 rev sg-vel=1.880000 rps sg-acc=-10.000000 rps2

=human= stepgen sg-cmd-pos=3.500000 rev sg-fb-pos=3.323400 rev sg-vel=1.880000 rps sg-acc=-10.000000 rps2

[INFO] hw.pins: Pin step.fb set to 3.3252750000000004 (was 3.3234000000000004)
Pin step.fb set to 3.3252750000000004 (was 3.3234000000000004)
[INFO] hw.stepgen: =human= stepgen sg-cmd-pos=3.500000 rev sg-fb-pos=3.325275 rev sg-vel=1.870000 rps sg-acc=-10.000000 rps2

=human= stepgen sg-cmd-pos=3.500000 rev sg-fb-pos=3.325275 rev sg-vel=1.870000 rps sg-acc=-10.000000 rps2

[INFO] hw.pins: Pin step.fb set to 3.3271400000000004 (was 3.3252750000000004)
Pin step.fb set to 3.3271400000000004 (was 3.3252750000000004)
[INFO] hw.stepgen: =human= stepgen sg-cmd-pos=3.500000 rev sg-fb-pos=3.327140 rev sg-vel=1.860000 rps sg-acc=-10.000000 rps2

=human= stepgen sg-cmd-pos=3.500000 rev sg-fb-pos=3.327140 rev sg-vel=1.860000 rps sg-acc=-10.000000 rps2

[INFO] hw.pins: Pin step.cmd set to 3.600000000000002 (was 3.5000000000000018)
Pin step.cmd set to 3.600000000000002 (was 3.5000000000000018)
[INFO] hw.pins: Pin step.fb set to 3.3290050000000004 (was 3.3271400000000004)
Pin step.fb set to 3.3290050000000004 (was 3.3271400000000004)
[INFO] hw.stepgen: =human= stepgen sg-cmd-pos=3.600000 rev sg-fb-pos=3.329005 rev sg-vel=1.870000 rps sg-acc=10.000000 rps2

=human= stepgen sg-cmd-pos=3.600000 rev sg-fb-pos=3.329005 rev sg-vel=1.870000 rps sg-acc=10.000000 rps2

[INFO] hw.stepgen: =human= stepgen event=reaim sg-cmd-pos=3.600000 rev sg-fb-pos=3.329005 rev sg-vel=1.870000 rps

=human= stepgen event=reaim sg-cmd-pos=3.600000 rev sg-fb-pos=3.329005 rev sg-vel=1.870000 rps

[INFO] hw.pins: Pin step.fb set to 3.3308800000000005 (was 3.3290050000000004)
Pin step.fb set to 3.3308800000000005 (was 3.3290050000000004)
[INFO] hw.stepgen: =human= stepgen sg-cmd-pos=3.600000 rev sg-fb-pos=3.330880 rev sg-vel=1.880000 rps sg-acc=10.000000 rps2

=human= stepgen sg-cmd-pos=3.600000 rev sg-fb-pos=3.330880 rev sg-vel=1.880000 rps sg-acc=10.000000 rps2

[INFO] hw.pins: Pin step.fb set to 3.3327650000000006 (was 3.3308800000000005)
Pin step.fb set to 3.3327650000000006 (was 3.3308800000000005)
[INFO] hw.stepgen: =human= stepgen sg-cmd-pos=3.600000 rev sg-fb-pos=3.332765 rev sg-vel=1.890000 rps sg-acc=10.000000 rps2

=human= stepgen sg-cmd-pos=3.600000 rev sg-fb-pos=3.332765 rev sg-vel=1.890000 rps sg-acc=10.000000 rps2

[INFO] hw.pins: Pin step.fb set to 3.334660000000001 (was 3.3327650000000006)
Pin step.fb set to 3.334660000000001 (was 3.3327650000000006)
[INFO] hw.stepgen: =human= stepgen sg-cmd-pos=3.600000 rev sg-fb-pos=3.334660 rev sg-vel=1.900000 rps sg-acc=10.000000 rps2

=human= stepgen sg-cmd-pos=3.600000 rev sg-fb-pos=3.334660 rev sg-vel=1.900000 rps sg-acc=10.000000 rps2

[INFO] hw.pins: Pin step.fb set to 3.3365650000000007 (was 3.334660000000001)
Pin step.fb set to 3.3365650000000007 (was 3.334660000000001)
[INFO] hw.stepgen: =human= stepgen sg-cmd-pos=3.600000 rev sg-fb-pos=3.336565 rev sg-vel=1.910000 rps sg-acc=10.000000 rps2

=human= stepgen sg-cmd-pos=3.600000 rev sg-fb-pos=3.336565 rev sg-vel=1.910000 rps sg-acc=10.000000 rps2

[INFO] hw.pins: Pin step.fb set to 3.3384800000000006 (was 3.3365650000000007)
Pin step.fb set to 3.3384800000000006 (was 3.3365650000000007)
[INFO] hw.stepgen: =human= stepgen sg-cmd-pos=3.600000 rev sg-fb-pos=3.338480 rev sg-vel=1.920000 rps sg-acc=10.000000 rps2

=human= stepgen sg-cmd-pos=3.600000 rev sg-fb-pos=3.338480 rev sg-vel=1.920000 rps sg-acc=10.000000 rps2

[INFO] hw.pins: Pin step.fb set to 3.3404050000000005 (was 3.3384800000000006)
Pin step.fb set to 3.3404050000000005 (was 3.3384800000000006)
[INFO] hw.stepgen: =human= stepgen sg-cmd-pos=3.600000 rev sg-fb-pos=3.340405 rev sg-vel=1.930000 rps sg-acc=10.000000 rps2

=human= stepgen sg-cmd-pos=3.600000 rev sg-fb-pos=3.340405 rev sg-vel=1.930000 rps sg-acc=10.000000 rps2

[INFO] hw.pins: Pin step.fb set to 3.3423400000000005 (was 3.3404050000000005)
Pin step.fb set to 3.3423400000000005 (was 3.3404050000000005)
[INFO] hw.stepgen: =human= stepgen sg-cmd-pos=3.600000 rev sg-fb-pos=3.342340 rev sg-vel=1.940000 rps sg-acc=10.000000 rps2

=human= stepgen sg-cmd-pos=3.600000 rev sg-fb-pos=3.342340 rev sg-vel=1.940000 rps sg-acc=10.000000 rps2

[INFO] hw.pins: Pin step.fb set to 3.3442850000000006 (was 3.3423400000000005)
Pin step.fb set to 3.3442850000000006 (was 3.3423400000000005)
[INFO] hw.stepgen: =human= stepgen sg-cmd-pos=3.600000 rev sg-fb-pos=3.344285 rev sg-vel=1.950000 rps sg-acc=10.000000 rps2

=human= stepgen sg-cmd-pos=3.600000 rev sg-fb-pos=3.344285 rev sg-vel=1.950000 rps sg-acc=10.000000 rps2

[INFO] hw.pins: Pin step.fb set to 3.3462400000000008 (was 3.3442850000000006)
Pin step.fb set to 3.3462400000000008 (was 3.3442850000000006)
[INFO] hw.stepgen: =human= stepgen sg-cmd-pos=3.600000 rev sg-fb-pos=3.346240 rev sg-vel=1.960000 rps sg-acc=10.000000 rps2

=human= stepgen sg-cmd-pos=3.600000 rev sg-fb-pos=3.346240 rev sg-vel=1.960000 rps sg-acc=10.000000 rps2

[INFO] hw.pins: Pin step.fb set to 3.348205000000001 (was 3.3462400000000008)
Pin step.fb set to 3.348205000000001 (was 3.3462400000000008)
[INFO] hw.stepgen: =human= stepgen sg-cmd-pos=3.600000 rev sg-fb-pos=3.348205 rev sg-vel=1.970000 rps sg-acc=10.000000 rps2

=human= stepgen sg-cmd-pos=3.600000 rev sg-fb-pos=3.348205 rev sg-vel=1.970000 rps sg-acc=10.000000 rps2

[INFO] hw.pins: Pin step.fb set to 3.350180000000001 (was 3.348205000000001)
Pin step.fb set to 3.350180000000001 (was 3.348205000000001)
[INFO] hw.stepgen: =human= stepgen sg-cmd-pos=3.600000 rev sg-fb-pos=3.350180 rev sg-vel=1.980000 rps sg-acc=10.000000 rps2

=human= stepgen sg-cmd-pos=3.600000 rev sg-fb-pos=3.350180 rev sg-vel=1.980000 rps sg-acc=10.000000 rps2

[INFO] hw.pins: Pin step.fb set to 3.3521650000000007 (was 3.350180000000001)
Pin step.fb set to 3.3521650000000007 (was 3.350180000000001)
[INFO] hw.stepgen: =human= stepgen sg-cmd-pos=3.600000 rev sg-fb-pos=3.352165 rev sg-vel=1.990000 rps sg-acc=10.000000 rps2

=human= stepgen sg-cmd-pos=3.600000 rev sg-fb-pos=3.352165 rev sg-vel=1.990000 rps sg-acc=10.000000 rps2

[INFO] hw.pins: Pin step.fb set to 3.3541600000000007 (was 3.3521650000000007)
Pin step.fb set to 3.3541600000000007 (was 3.3521650000000007)
[INFO] hw.stepgen: =human= stepgen sg-cmd-pos=3.600000 rev sg-fb-pos=3.354160 rev sg-vel=2.000000 rps sg-acc=10.000000 rps2

=human= stepgen sg-cmd-pos=3.600000 rev sg-fb-pos=3.354160 rev sg-vel=2.000000 rps sg-acc=10.000000 rps2

[INFO] hw.pins: Pin step.fb set to 3.3561650000000007 (was 3.3541600000000007)
Pin step.fb set to 3.3561650000000007 (was 3.3541600000000007)
[INFO] hw.stepgen: =human= stepgen sg-cmd-pos=3.600000 rev sg-fb-pos=3.356165 rev sg-vel=2.010000 rps sg-acc=10.000000 rps2

=human= stepgen sg-cmd-pos=3.600000 rev sg-fb-pos=3.356165 rev sg-vel=2.010000 rps sg-acc=10.000000 rps2

[INFO] hw.pins: Pin step.fb set to 3.358180000000001 (was 3.3561650000000007)
Pin step.fb set to 3.358180000000001 (was 3.3561650000000007)
[INFO] hw.stepgen: =human= stepgen sg-cmd-pos=3.600000 rev sg-fb-pos=3.358180 rev sg-vel=2.020000 rps sg-acc=10.000000 rps2

=human= stepgen sg-cmd-pos=3.600000 rev sg-fb-pos=3.358180 rev sg-vel=2.020000 rps sg-acc=10.000000 rps2

[INFO] hw.pins: Pin step.fb set to 3.360205000000001 (was 3.358180000000001)
Pin step.fb set to 3.360205000000001 (was 3.358180000000001)
[INFO] hw.stepgen: =human= stepgen sg-cmd-pos=3.600000 rev sg-fb-pos=3.360205 rev sg-vel=2.030000 rps sg-acc=10.000000 rps2

=human= stepgen sg-cmd-pos=3.600000 rev sg-fb-pos=3.360205 rev sg-vel=2.030000 rps sg-acc=10.000000 rps2

[INFO] hw.pins: Pin step.fb set to 3.362240000000001 (was 3.360205000000001)
Pin step.fb set to 3.362240000000001 (was 3.360205000000001)
[INFO] hw.stepgen: =human= stepgen sg-cmd-pos=3.600000 rev sg-fb-pos=3.362240 rev sg-vel=2.040000 rps sg-acc=10.000000 rps2

=human= stepgen sg-cmd-pos=3.600000 rev sg-fb-pos=3.362240 rev sg-vel=2.040000 rps sg-acc=10.000000 rps2

[INFO] hw.pins: Pin step.fb set to 3.3642850000000006 (was 3.362240000000001)
Pin step.fb set to 3.3642850000000006 (was 3.362240000000001)
[INFO] hw.stepgen: =human= stepgen sg-cmd-pos=3.600000 rev sg-fb-pos=3.364285 rev sg-vel=2.050000 rps sg-acc=10.000000 rps2

=human= stepgen sg-cmd-pos=3.600000 rev sg-fb-pos=3.364285 rev sg-vel=2.050000 rps sg-acc=10.000000 rps2

[INFO] hw.pins: Pin step.fb set to 3.3663400000000006 (was 3.3642850000000006)
Pin step.fb set to 3.3663400000000006 (was 3.3642850000000006)
[INFO] hw.stepgen: =human= stepgen sg-cmd-pos=3.600000 rev sg-fb-pos=3.366340 rev sg-vel=2.060000 rps sg-acc=10.000000 rps2

=human= stepgen sg-cmd-pos=3.600000 rev sg-fb-pos=3.366340 rev sg-vel=2.060000 rps sg-acc=10.000000 rps2

[INFO] hw.pins: Pin step.fb set to 3.3684050000000005 (was 3.3663400000000006)
Pin step.fb set to 3.3684050000000005 (was 3.3663400000000006)
[INFO] hw.stepgen: =human= stepgen sg-cmd-pos=3.600000 rev sg-fb-pos=3.368405 rev sg-vel=2.070000 rps sg-acc=10.000000 rps2

=human= stepgen sg-cmd-pos=3.600000 rev sg-fb-pos=3.368405 rev sg-vel=2.070000 rps sg-acc=10.000000 rps2

[INFO] hw.pins: Pin step.fb set to 3.3704800000000006 (was 3.3684050000000005)
Pin step.fb set to 3.3704800000000006 (was 3.3684050000000005)
[INFO] hw.stepgen: =human= stepgen sg-cmd-pos=3.600000 rev sg-fb-pos=3.370480 rev sg-vel=2.080000 rps sg-acc=10.000000 rps2

=human= stepgen sg-cmd-pos=3.600000 rev sg-fb-pos=3.370480 rev sg-vel=2.080000 rps sg-acc=10.000000 rps2

[INFO] hw.pins: Pin step.fb set to 3.3725650000000007 (was 3.3704800000000006)
Pin step.fb set to 3.3725650000000007 (was 3.3704800000000006)
[INFO] hw.stepgen: =human= stepgen sg-cmd-pos=3.600000 rev sg-fb-pos=3.372565 rev sg-vel=2.090000 rps sg-acc=10.000000 rps2

=human= stepgen sg-cmd-pos=3.600000 rev sg-fb-pos=3.372565 rev sg-vel=2.090000 rps sg-acc=10.000000 rps2

[INFO] hw.pins: Pin step.fb set to 3.374660000000001 (was 3.3725650000000007)
Pin step.fb set to 3.374660000000001 (was 3.3725650000000007)
[INFO] hw.stepgen: =human= stepgen sg-cmd-pos=3.600000 rev sg-fb-pos=3.374660 rev sg-vel=2.100000 rps sg-acc=10.000000 rps2

=human= stepgen sg-cmd-pos=3.600000 rev sg-fb-pos=3.374660 rev sg-vel=2.100000 rps sg-acc=10.000000 rps2

[INFO] hw.pins: Pin step.fb set to 3.3767650000000007 (was 3.374660000000001)
Pin step.fb set to 3.3767650000000007 (was 3.374660000000001)
[INFO] hw.stepgen: =human= stepgen sg-cmd-pos=3.600000 rev sg-fb-pos=3.376765 rev sg-vel=2.110000 rps sg-acc=10.000000 rps2

=human= stepgen sg-cmd-pos=3.600000 rev sg-fb-pos=3.376765 rev sg-vel=2.110000 rps sg-acc=10.000000 rps2

[INFO] hw.pins: Pin step.fb set to 3.3788800000000005 (was 3.3767650000000007)
Pin step.fb set to 3.3788800000000005 (was 3.3767650000000007)
[INFO] hw.stepgen: =human= stepgen sg-cmd-pos=3.600000 rev sg-fb-pos=3.378880 rev sg-vel=2.120000 rps sg-acc=10.000000 rps2

=human= stepgen sg-cmd-pos=3.600000 rev sg-fb-pos=3.378880 rev sg-vel=2.120000 rps sg-acc=10.000000 rps2

[INFO] hw.pins: Pin step.fb set to 3.3809950000000004 (was 3.3788800000000005)
Pin step.fb set to 3.3809950000000004 (was 3.3788800000000005)
[INFO] hw.stepgen: =human= stepgen sg-cmd-pos=3.600000 rev sg-fb-pos=3.380995 rev sg-vel=2.110000 rps sg-acc=-10.000000 rps2

=human= stepgen sg-cmd-pos=3.600000 rev sg-fb-pos=3.380995 rev sg-vel=2.110000 rps sg-acc=-10.000000 rps2

[INFO] hw.pins: Pin step.fb set to 3.3831 (was 3.3809950000000004)
Pin step.fb set to 3.3831 (was 3.3809950000000004)
[INFO] hw.stepgen: =human= stepgen sg-cmd-pos=3.600000 rev sg-fb-pos=3.383100 rev sg-vel=2.100000 rps sg-acc=-10.000000 rps2

=human= stepgen sg-cmd-pos=3.600000 rev sg-fb-pos=3.383100 rev sg-vel=2.100000 rps sg-acc=-10.000000 rps2

[INFO] hw.pins: Pin step.fb set to 3.3851950000000004 (was 3.3831)
Pin step.fb set to 3.3851950000000004 (was 3.3831)
[INFO] hw.stepgen: =human= stepgen sg-cmd-pos=3.600000 rev sg-fb-pos=3.385195 rev sg-vel=2.090000 rps sg-acc=-10.000000 rps2

=human= stepgen sg-cmd-pos=3.600000 rev sg-fb-pos=3.385195 rev sg-vel=2.090000 rps sg-acc=-10.000000 rps2

[INFO] hw.pins: Pin step.fb set to 3.3872800000000005 (was 3.3851950000000004)
Pin step.fb set to 3.3872800000000005 (was 3.3851950000000004)
[INFO] hw.stepgen: =human= stepgen sg-cmd-pos=3.600000 rev sg-fb-pos=3.387280 rev sg-vel=2.080000 rps sg-acc=-10.000000 rps2

=human= stepgen sg-cmd-pos=3.600000 rev sg-fb-pos=3.387280 rev sg-vel=2.080000 rps sg-acc=-10.000000 rps2

[INFO] hw.pins: Pin step.fb set to 3.3893550000000006 (was 3.3872800000000005)
Pin step.fb set to 3.3893550000000006 (was 3.3872800000000005)
[INFO] hw.stepgen: =human= stepgen sg-cmd-pos=3.600000 rev sg-fb-pos=3.389355 rev sg-vel=2.070000 rps sg-acc=-10.000000 rps2

=human= stepgen sg-cmd-pos=3.600000 rev sg-fb-pos=3.389355 rev sg-vel=2.070000 rps sg-acc=-10.000000 rps2

[INFO] hw.pins: Pin step.fb set to 3.3914200000000005 (was 3.3893550000000006)
Pin step.fb set to 3.3914200000000005 (was 3.3893550000000006)
[INFO] hw.stepgen: =human= stepgen sg-cmd-pos=3.600000 rev sg-fb-pos=3.391420 rev sg-vel=2.060000 rps sg-acc=-10.000000 rps2

=human= stepgen sg-cmd-pos=3.600000 rev sg-fb-pos=3.391420 rev sg-vel=2.060000 rps sg-acc=-10.000000 rps2

[INFO] hw.pins: Pin step.fb set to 3.3934750000000005 (was 3.3914200000000005)
Pin step.fb set to 3.3934750000000005 (was 3.3914200000000005)
[INFO] hw.stepgen: =human= stepgen sg-cmd-pos=3.600000 rev sg-fb-pos=3.393475 rev sg-vel=2.050000 rps sg-acc=-10.000000 rps2

=human= stepgen sg-cmd-pos=3.600000 rev sg-fb-pos=3.393475 rev sg-vel=2.050000 rps sg-acc=-10.000000 rps2

[INFO] hw.pins: Pin step.fb set to 3.3955200000000003 (was 3.3934750000000005)
Pin step.fb set to 3.3955200000000003 (was 3.3934750000000005)
[INFO] hw.stepgen: =human= stepgen sg-cmd-pos=3.600000 rev sg-fb-pos=3.395520 rev sg-vel=2.040000 rps sg-acc=-10.000000 rps2

=human= stepgen sg-cmd-pos=3.600000 rev sg-fb-pos=3.395520 rev sg-vel=2.040000 rps sg-acc=-10.000000 rps2

[INFO] hw.pins: Pin step.fb set to 3.397555 (was 3.3955200000000003)
Pin step.fb set to 3.397555 (was 3.3955200000000003)
[INFO] hw.stepgen: =human= stepgen sg-cmd-pos=3.600000 rev sg-fb-pos=3.397555 rev sg-vel=2.030000 rps sg-acc=-10.000000 rps2

=human= stepgen sg-cmd-pos=3.600000 rev sg-fb-pos=3.397555 rev sg-vel=2.030000 rps sg-acc=-10.000000 rps2

[INFO] hw.pins: Pin step.fb set to 3.3995800000000003 (was 3.397555)
Pin step.fb set to 3.3995800000000003 (was 3.397555)
[INFO] hw.stepgen: =human= stepgen sg-cmd-pos=3.600000 rev sg-fb-pos=3.399580 rev sg-vel=2.020000 rps sg-acc=-10.000000 rps2

=human= stepgen sg-cmd-pos=3.600000 rev sg-fb-pos=3.399580 rev sg-vel=2.020000 rps sg-acc=-10.000000 rps2

[INFO] hw.pins: Pin step.fb set to 3.4015950000000004 (was 3.3995800000000003)
Pin step.fb set to 3.4015950000000004 (was 3.3995800000000003)
[INFO] hw.stepgen: =human= stepgen sg-cmd-pos=3.600000 rev sg-fb-pos=3.401595 rev sg-vel=2.010000 rps sg-acc=-10.000000 rps2

=human= stepgen sg-cmd-pos=3.600000 rev sg-fb-pos=3.401595 rev sg-vel=2.010000 rps sg-acc=-10.000000 rps2

[INFO] hw.pins: Pin step.fb set to 3.4036000000000004 (was 3.4015950000000004)
Pin step.fb set to 3.4036000000000004 (was 3.4015950000000004)
[INFO] hw.stepgen: =human= stepgen sg-cmd-pos=3.600000 rev sg-fb-pos=3.403600 rev sg-vel=2.000000 rps sg-acc=-10.000000 rps2

=human= stepgen sg-cmd-pos=3.600000 rev sg-fb-pos=3.403600 rev sg-vel=2.000000 rps sg-acc=-10.000000 rps2

[INFO] hw.pins: Pin step.fb set to 3.4055950000000004 (was 3.4036000000000004)
Pin step.fb set to 3.4055950000000004 (was 3.4036000000000004)
[INFO] hw.stepgen: =human= stepgen sg-cmd-pos=3.600000 rev sg-fb-pos=3.405595 rev sg-vel=1.990000 rps sg-acc=-10.000000 rps2

=human= stepgen sg-cmd-pos=3.600000 rev sg-fb-pos=3.405595 rev sg-vel=1.990000 rps sg-acc=-10.000000 rps2

[INFO] hw.pins: Pin step.fb set to 3.4075800000000003 (was 3.4055950000000004)
Pin step.fb set to 3.4075800000000003 (was 3.4055950000000004)
[INFO] hw.stepgen: =human= stepgen sg-cmd-pos=3.600000 rev sg-fb-pos=3.407580 rev sg-vel=1.980000 rps sg-acc=-10.000000 rps2

=human= stepgen sg-cmd-pos=3.600000 rev sg-fb-pos=3.407580 rev sg-vel=1.980000 rps sg-acc=-10.000000 rps2

[INFO] hw.pins: Pin step.fb set to 3.409555 (was 3.4075800000000003)
Pin step.fb set to 3.409555 (was 3.4075800000000003)
[INFO] hw.stepgen: =human= stepgen sg-cmd-pos=3.600000 rev sg-fb-pos=3.409555 rev sg-vel=1.970000 rps sg-acc=-10.000000 rps2

=human= stepgen sg-cmd-pos=3.600000 rev sg-fb-pos=3.409555 rev sg-vel=1.970000 rps sg-acc=-10.000000 rps2

[INFO] hw.pins: Pin step.fb set to 3.4115200000000003 (was 3.409555)
Pin step.fb set to 3.4115200000000003 (was 3.409555)
[INFO] hw.stepgen: =human= stepgen sg-cmd-pos=3.600000 rev sg-fb-pos=3.411520 rev sg-vel=1.960000 rps sg-acc=-10.000000 rps2

=human= stepgen sg-cmd-pos=3.600000 rev sg-fb-pos=3.411520 rev sg-vel=1.960000 rps sg-acc=-10.000000 rps2

[INFO] hw.pins: Pin step.fb set to 3.4134750000000005 (was 3.4115200000000003)
Pin step.fb set to 3.4134750000000005 (was 3.4115200000000003)
[INFO] hw.stepgen: =human= stepgen sg-cmd-pos=3.600000 rev sg-fb-pos=3.413475 rev sg-vel=1.950000 rps sg-acc=-10.000000 rps2

=human= stepgen sg-cmd-pos=3.600000 rev sg-fb-pos=3.413475 rev sg-vel=1.950000 rps sg-acc=-10.000000 rps2

[INFO] hw.pins: Pin step.fb set to 3.4154200000000006 (was 3.4134750000000005)
Pin step.fb set to 3.4154200000000006 (was 3.4134750000000005)
[INFO] hw.stepgen: =human= stepgen sg-cmd-pos=3.600000 rev sg-fb-pos=3.415420 rev sg-vel=1.940000 rps sg-acc=-10.000000 rps2

=human= stepgen sg-cmd-pos=3.600000 rev sg-fb-pos=3.415420 rev sg-vel=1.940000 rps sg-acc=-10.000000 rps2

[INFO] hw.pins: Pin step.fb set to 3.4173550000000006 (was 3.4154200000000006)
Pin step.fb set to 3.4173550000000006 (was 3.4154200000000006)
[INFO] hw.stepgen: =human= stepgen sg-cmd-pos=3.600000 rev sg-fb-pos=3.417355 rev sg-vel=1.930000 rps sg-acc=-10.000000 rps2

=human= stepgen sg-cmd-pos=3.600000 rev sg-fb-pos=3.417355 rev sg-vel=1.930000 rps sg-acc=-10.000000 rps2

[INFO] hw.pins: Pin step.fb set to 3.4192800000000005 (was 3.4173550000000006)
Pin step.fb set to 3.4192800000000005 (was 3.4173550000000006)
[INFO] hw.stepgen: =human= stepgen sg-cmd-pos=3.600000 rev sg-fb-pos=3.419280 rev sg-vel=1.920000 rps sg-acc=-10.000000 rps2

=human= stepgen sg-cmd-pos=3.600000 rev sg-fb-pos=3.419280 rev sg-vel=1.920000 rps sg-acc=-10.000000 rps2

[INFO] hw.pins: Pin step.fb set to 3.4211950000000004 (was 3.4192800000000005)
Pin step.fb set to 3.4211950000000004 (was 3.4192800000000005)
[INFO] hw.stepgen: =human= stepgen sg-cmd-pos=3.600000 rev sg-fb-pos=3.421195 rev sg-vel=1.910000 rps sg-acc=-10.000000 rps2

=human= stepgen sg-cmd-pos=3.600000 rev sg-fb-pos=3.421195 rev sg-vel=1.910000 rps sg-acc=-10.000000 rps2

[INFO] hw.pins: Pin step.fb set to 3.4231000000000003 (was 3.4211950000000004)
Pin step.fb set to 3.4231000000000003 (was 3.4211950000000004)
[INFO] hw.stepgen: =human= stepgen sg-cmd-pos=3.600000 rev sg-fb-pos=3.423100 rev sg-vel=1.900000 rps sg-acc=-10.000000 rps2

=human= stepgen sg-cmd-pos=3.600000 rev sg-fb-pos=3.423100 rev sg-vel=1.900000 rps sg-acc=-10.000000 rps2

[INFO] hw.pins: Pin step.fb set to 3.4249950000000005 (was 3.4231000000000003)
Pin step.fb set to 3.4249950000000005 (was 3.4231000000000003)
[INFO] hw.stepgen: =human= stepgen sg-cmd-pos=3.600000 rev sg-fb-pos=3.424995 rev sg-vel=1.890000 rps sg-acc=-10.000000 rps2

=human= stepgen sg-cmd-pos=3.600000 rev sg-fb-pos=3.424995 rev sg-vel=1.890000 rps sg-acc=-10.000000 rps2

[INFO] hw.pins: Pin step.fb set to 3.4268800000000006 (was 3.4249950000000005)
Pin step.fb set to 3.4268800000000006 (was 3.4249950000000005)
[INFO] hw.stepgen: =human= stepgen sg-cmd-pos=3.600000 rev sg-fb-pos=3.426880 rev sg-vel=1.880000 rps sg-acc=-10.000000 rps2

=human= stepgen sg-cmd-pos=3.600000 rev sg-fb-pos=3.426880 rev sg-vel=1.880000 rps sg-acc=-10.000000 rps2

[INFO] hw.pins: Pin step.cmd set to 3.700000000000002 (was 3.600000000000002)
Pin step.cmd set to 3.700000000000002 (was 3.600000000000002)
[INFO] hw.pins: Pin step.fb set to 3.4287650000000007 (was 3.4268800000000006)
Pin step.fb set to 3.4287650000000007 (was 3.4268800000000006)
[INFO] hw.stepgen: =human= stepgen sg-cmd-pos=3.700000 rev sg-fb-pos=3.428765 rev sg-vel=1.890000 rps sg-acc=10.000000 rps2

=human= stepgen sg-cmd-pos=3.700000 rev sg-fb-pos=3.428765 rev sg-vel=1.890000 rps sg-acc=10.000000 rps2

[INFO] hw.stepgen: =human= stepgen event=reaim sg-cmd-pos=3.700000 rev sg-fb-pos=3.428765 rev sg-vel=1.890000 rps

=human= stepgen event=reaim sg-cmd-pos=3.700000 rev sg-fb-pos=3.428765 rev sg-vel=1.890000 rps

[INFO] hw.pins: Pin step.fb set to 3.430660000000001 (was 3.4287650000000007)
Pin step.fb set to 3.430660000000001 (was 3.4287650000000007)
[INFO] hw.stepgen: =human= stepgen sg-cmd-pos=3.700000 rev sg-fb-pos=3.430660 rev sg-vel=1.900000 rps sg-acc=10.000000 rps2

=human= stepgen sg-cmd-pos=3.700000 rev sg-fb-pos=3.430660 rev sg-vel=1.900000 rps sg-acc=10.000000 rps2

[INFO] hw.pins: Pin step.fb set to 3.4325650000000008 (was 3.430660000000001)
Pin step.fb set to 3.4325650000000008 (was 3.430660000000001)
[INFO] hw.stepgen: =human= stepgen sg-cmd-pos=3.700000 rev sg-fb-pos=3.432565 rev sg-vel=1.910000 rps sg-acc=10.000000 rps2

=human= stepgen sg-cmd-pos=3.700000 rev sg-fb-pos=3.432565 rev sg-vel=1.910000 rps sg-acc=10.000000 rps2

[INFO] hw.pins: Pin step.fb set to 3.4344800000000006 (was 3.4325650000000008)
Pin step.fb set to 3.4344800000000006 (was 3.4325650000000008)
[INFO] hw.stepgen: =human= stepgen sg-cmd-pos=3.700000 rev sg-fb-pos=3.434480 rev sg-vel=1.920000 rps sg-acc=10.000000 rps2

=human= stepgen sg-cmd-pos=3.700000 rev sg-fb-pos=3.434480 rev sg-vel=1.920000 rps sg-acc=10.000000 rps2

[INFO] hw.pins: Pin step.fb set to 3.4364050000000006 (was 3.4344800000000006)
Pin step.fb set to 3.4364050000000006 (was 3.4344800000000006)
[INFO] hw.stepgen: =human= stepgen sg-cmd-pos=3.700000 rev sg-fb-pos=3.436405 rev sg-vel=1.930000 rps sg-acc=10.000000 rps2

=human= stepgen sg-cmd-pos=3.700000 rev sg-fb-pos=3.436405 rev sg-vel=1.930000 rps sg-acc=10.000000 rps2

[INFO] hw.pins: Pin step.fb set to 3.4383400000000006 (was 3.4364050000000006)
Pin step.fb set to 3.4383400000000006 (was 3.4364050000000006)
[INFO] hw.stepgen: =human= stepgen sg-cmd-pos=3.700000 rev sg-fb-pos=3.438340 rev sg-vel=1.940000 rps sg-acc=10.000000 rps2

=human= stepgen sg-cmd-pos=3.700000 rev sg-fb-pos=3.438340 rev sg-vel=1.940000 rps sg-acc=10.000000 rps2

[INFO] hw.pins: Pin step.fb set to 3.4402850000000007 (was 3.4383400000000006)
Pin step.fb set to 3.4402850000000007 (was 3.4383400000000006)
[INFO] hw.stepgen: =human= stepgen sg-cmd-pos=3.700000 rev sg-fb-pos=3.440285 rev sg-vel=1.950000 rps sg-acc=10.000000 rps2

=human= stepgen sg-cmd-pos=3.700000 rev sg-fb-pos=3.440285 rev sg-vel=1.950000 rps sg-acc=10.000000 rps2

[INFO] hw.pins: Pin step.fb set to 3.442240000000001 (was 3.4402850000000007)
Pin step.fb set to 3.442240000000001 (was 3.4402850000000007)
[INFO] hw.stepgen: =human= stepgen sg-cmd-pos=3.700000 rev sg-fb-pos=3.442240 rev sg-vel=1.960000 rps sg-acc=10.000000 rps2

=human= stepgen sg-cmd-pos=3.700000 rev sg-fb-pos=3.442240 rev sg-vel=1.960000 rps sg-acc=10.000000 rps2

[INFO] hw.pins: Pin step.fb set to 3.444205000000001 (was 3.442240000000001)
Pin step.fb set to 3.444205000000001 (was 3.442240000000001)
[INFO] hw.stepgen: =human= stepgen sg-cmd-pos=3.700000 rev sg-fb-pos=3.444205 rev sg-vel=1.970000 rps sg-acc=10.000000 rps2

=human= stepgen sg-cmd-pos=3.700000 rev sg-fb-pos=3.444205 rev sg-vel=1.970000 rps sg-acc=10.000000 rps2

[INFO] hw.pins: Pin step.fb set to 3.446180000000001 (was 3.444205000000001)
Pin step.fb set to 3.446180000000001 (was 3.444205000000001)
[INFO] hw.stepgen: =human= stepgen sg-cmd-pos=3.700000 rev sg-fb-pos=3.446180 rev sg-vel=1.980000 rps sg-acc=10.000000 rps2

=human= stepgen sg-cmd-pos=3.700000 rev sg-fb-pos=3.446180 rev sg-vel=1.980000 rps sg-acc=10.000000 rps2

[INFO] hw.pins: Pin step.fb set to 3.448165000000001 (was 3.446180000000001)
Pin step.fb set to 3.448165000000001 (was 3.446180000000001)
[INFO] hw.stepgen: =human= stepgen sg-cmd-pos=3.700000 rev sg-fb-pos=3.448165 rev sg-vel=1.990000 rps sg-acc=10.000000 rps2

=human= stepgen sg-cmd-pos=3.700000 rev sg-fb-pos=3.448165 rev sg-vel=1.990000 rps sg-acc=10.000000 rps2

[INFO] hw.pins: Pin step.fb set to 3.450160000000001 (was 3.448165000000001)
Pin step.fb set to 3.450160000000001 (was 3.448165000000001)
[INFO] hw.stepgen: =human= stepgen sg-cmd-pos=3.700000 rev sg-fb-pos=3.450160 rev sg-vel=2.000000 rps sg-acc=10.000000 rps2

=human= stepgen sg-cmd-pos=3.700000 rev sg-fb-pos=3.450160 rev sg-vel=2.000000 rps sg-acc=10.000000 rps2

[INFO] hw.pins: Pin step.fb set to 3.452165000000001 (was 3.450160000000001)
Pin step.fb set to 3.452165000000001 (was 3.450160000000001)
[INFO] hw.stepgen: =human= stepgen sg-cmd-pos=3.700000 rev sg-fb-pos=3.452165 rev sg-vel=2.010000 rps sg-acc=10.000000 rps2

=human= stepgen sg-cmd-pos=3.700000 rev sg-fb-pos=3.452165 rev sg-vel=2.010000 rps sg-acc=10.000000 rps2

[INFO] hw.pins: Pin step.fb set to 3.454180000000001 (was 3.452165000000001)
Pin step.fb set to 3.454180000000001 (was 3.452165000000001)
[INFO] hw.stepgen: =human= stepgen sg-cmd-pos=3.700000 rev sg-fb-pos=3.454180 rev sg-vel=2.020000 rps sg-acc=10.000000 rps2

=human= stepgen sg-cmd-pos=3.700000 rev sg-fb-pos=3.454180 rev sg-vel=2.020000 rps sg-acc=10.000000 rps2

[INFO] hw.pins: Pin step.fb set to 3.456205000000001 (was 3.454180000000001)
Pin step.fb set to 3.456205000000001 (was 3.454180000000001)
[INFO] hw.stepgen: =human= stepgen sg-cmd-pos=3.700000 rev sg-fb-pos=3.456205 rev sg-vel=2.030000 rps sg-acc=10.000000 rps2

=human= stepgen sg-cmd-pos=3.700000 rev sg-fb-pos=3.456205 rev sg-vel=2.030000 rps sg-acc=10.000000 rps2

[INFO] hw.pins: Pin step.fb set to 3.458240000000001 (was 3.456205000000001)
Pin step.fb set to 3.458240000000001 (was 3.456205000000001)
[INFO] hw.stepgen: =human= stepgen sg-cmd-pos=3.700000 rev sg-fb-pos=3.458240 rev sg-vel=2.040000 rps sg-acc=10.000000 rps2

=human= stepgen sg-cmd-pos=3.700000 rev sg-fb-pos=3.458240 rev sg-vel=2.040000 rps sg-acc=10.000000 rps2

[INFO] hw.pins: Pin step.fb set to 3.4602850000000007 (was 3.458240000000001)
Pin step.fb set to 3.4602850000000007 (was 3.458240000000001)
[INFO] hw.stepgen: =human= stepgen sg-cmd-pos=3.700000 rev sg-fb-pos=3.460285 rev sg-vel=2.050000 rps sg-acc=10.000000 rps2

=human= stepgen sg-cmd-pos=3.700000 rev sg-fb-pos=3.460285 rev sg-vel=2.050000 rps sg-acc=10.000000 rps2

[INFO] hw.pins: Pin step.fb set to 3.4623400000000006 (was 3.4602850000000007)
Pin step.fb set to 3.4623400000000006 (was 3.4602850000000007)
[INFO] hw.stepgen: =human= stepgen sg-cmd-pos=3.700000 rev sg-fb-pos=3.462340 rev sg-vel=2.060000 rps sg-acc=10.000000 rps2

=human= stepgen sg-cmd-pos=3.700000 rev sg-fb-pos=3.462340 rev sg-vel=2.060000 rps sg-acc=10.000000 rps2

[INFO] hw.pins: Pin step.fb set to 3.4644050000000006 (was 3.4623400000000006)
Pin step.fb set to 3.4644050000000006 (was 3.4623400000000006)
[INFO] hw.stepgen: =human= stepgen sg-cmd-pos=3.700000 rev sg-fb-pos=3.464405 rev sg-vel=2.070000 rps sg-acc=10.000000 rps2

=human= stepgen sg-cmd-pos=3.700000 rev sg-fb-pos=3.464405 rev sg-vel=2.070000 rps sg-acc=10.000000 rps2

[INFO] hw.pins: Pin step.fb set to 3.4664800000000007 (was 3.4644050000000006)
Pin step.fb set to 3.4664800000000007 (was 3.4644050000000006)
[INFO] hw.stepgen: =human= stepgen sg-cmd-pos=3.700000 rev sg-fb-pos=3.466480 rev sg-vel=2.080000 rps sg-acc=10.000000 rps2

=human= stepgen sg-cmd-pos=3.700000 rev sg-fb-pos=3.466480 rev sg-vel=2.080000 rps sg-acc=10.000000 rps2

[INFO] hw.pins: Pin step.fb set to 3.468565000000001 (was 3.4664800000000007)
Pin step.fb set to 3.468565000000001 (was 3.4664800000000007)
[INFO] hw.stepgen: =human= stepgen sg-cmd-pos=3.700000 rev sg-fb-pos=3.468565 rev sg-vel=2.090000 rps sg-acc=10.000000 rps2

=human= stepgen sg-cmd-pos=3.700000 rev sg-fb-pos=3.468565 rev sg-vel=2.090000 rps sg-acc=10.000000 rps2

[INFO] hw.pins: Pin step.fb set to 3.470660000000001 (was 3.468565000000001)
Pin step.fb set to 3.470660000000001 (was 3.468565000000001)
[INFO] hw.stepgen: =human= stepgen sg-cmd-pos=3.700000 rev sg-fb-pos=3.470660 rev sg-vel=2.100000 rps sg-acc=10.000000 rps2

=human= stepgen sg-cmd-pos=3.700000 rev sg-fb-pos=3.470660 rev sg-vel=2.100000 rps sg-acc=10.000000 rps2

[INFO] hw.pins: Pin step.fb set to 3.4727650000000008 (was 3.470660000000001)
Pin step.fb set to 3.4727650000000008 (was 3.470660000000001)
[INFO] hw.stepgen: =human= stepgen sg-cmd-pos=3.700000 rev sg-fb-pos=3.472765 rev sg-vel=2.110000 rps sg-acc=10.000000 rps2

=human= stepgen sg-cmd-pos=3.700000 rev sg-fb-pos=3.472765 rev sg-vel=2.110000 rps sg-acc=10.000000 rps2

[INFO] hw.pins: Pin step.fb set to 3.4748800000000006 (was 3.4727650000000008)
Pin step.fb set to 3.4748800000000006 (was 3.4727650000000008)
[INFO] hw.stepgen: =human= stepgen sg-cmd-pos=3.700000 rev sg-fb-pos=3.474880 rev sg-vel=2.120000 rps sg-acc=10.000000 rps2

=human= stepgen sg-cmd-pos=3.700000 rev sg-fb-pos=3.474880 rev sg-vel=2.120000 rps sg-acc=10.000000 rps2

[INFO] hw.pins: Pin step.fb set to 3.4770050000000006 (was 3.4748800000000006)
Pin step.fb set to 3.4770050000000006 (was 3.4748800000000006)
[INFO] hw.stepgen: =human= stepgen sg-cmd-pos=3.700000 rev sg-fb-pos=3.477005 rev sg-vel=2.130000 rps sg-acc=10.000000 rps2

=human= stepgen sg-cmd-pos=3.700000 rev sg-fb-pos=3.477005 rev sg-vel=2.130000 rps sg-acc=10.000000 rps2

[INFO] hw.pins: Pin step.fb set to 3.4791300000000005 (was 3.4770050000000006)
Pin step.fb set to 3.4791300000000005 (was 3.4770050000000006)
[INFO] hw.stepgen: =human= stepgen sg-cmd-pos=3.700000 rev sg-fb-pos=3.479130 rev sg-vel=2.120000 rps sg-acc=-10.000000 rps2

=human= stepgen sg-cmd-pos=3.700000 rev sg-fb-pos=3.479130 rev sg-vel=2.120000 rps sg-acc=-10.000000 rps2

[INFO] hw.pins: Pin step.fb set to 3.4812450000000004 (was 3.4791300000000005)
Pin step.fb set to 3.4812450000000004 (was 3.4791300000000005)
[INFO] hw.stepgen: =human= stepgen sg-cmd-pos=3.700000 rev sg-fb-pos=3.481245 rev sg-vel=2.110000 rps sg-acc=-10.000000 rps2

=human= stepgen sg-cmd-pos=3.700000 rev sg-fb-pos=3.481245 rev sg-vel=2.110000 rps sg-acc=-10.000000 rps2

[INFO] hw.pins: Pin step.fb set to 3.48335 (was 3.4812450000000004)
Pin step.fb set to 3.48335 (was 3.4812450000000004)
[INFO] hw.stepgen: =human= stepgen sg-cmd-pos=3.700000 rev sg-fb-pos=3.483350 rev sg-vel=2.100000 rps sg-acc=-10.000000 rps2

=human= stepgen sg-cmd-pos=3.700000 rev sg-fb-pos=3.483350 rev sg-vel=2.100000 rps sg-acc=-10.000000 rps2

[INFO] hw.pins: Pin step.fb set to 3.4854450000000003 (was 3.48335)
Pin step.fb set to 3.4854450000000003 (was 3.48335)
[INFO] hw.stepgen: =human= stepgen sg-cmd-pos=3.700000 rev sg-fb-pos=3.485445 rev sg-vel=2.090000 rps sg-acc=-10.000000 rps2

=human= stepgen sg-cmd-pos=3.700000 rev sg-fb-pos=3.485445 rev sg-vel=2.090000 rps sg-acc=-10.000000 rps2

[INFO] hw.pins: Pin step.fb set to 3.4875300000000005 (was 3.4854450000000003)
Pin step.fb set to 3.4875300000000005 (was 3.4854450000000003)
[INFO] hw.stepgen: =human= stepgen sg-cmd-pos=3.700000 rev sg-fb-pos=3.487530 rev sg-vel=2.080000 rps sg-acc=-10.000000 rps2

=human= stepgen sg-cmd-pos=3.700000 rev sg-fb-pos=3.487530 rev sg-vel=2.080000 rps sg-acc=-10.000000 rps2

[INFO] hw.pins: Pin step.fb set to 3.4896050000000005 (was 3.4875300000000005)
Pin step.fb set to 3.4896050000000005 (was 3.4875300000000005)
[INFO] hw.stepgen: =human= stepgen sg-cmd-pos=3.700000 rev sg-fb-pos=3.489605 rev sg-vel=2.070000 rps sg-acc=-10.000000 rps2

=human= stepgen sg-cmd-pos=3.700000 rev sg-fb-pos=3.489605 rev sg-vel=2.070000 rps sg-acc=-10.000000 rps2

[INFO] hw.pins: Pin step.fb set to 3.4916700000000005 (was 3.4896050000000005)
Pin step.fb set to 3.4916700000000005 (was 3.4896050000000005)
[INFO] hw.stepgen: =human= stepgen sg-cmd-pos=3.700000 rev sg-fb-pos=3.491670 rev sg-vel=2.060000 rps sg-acc=-10.000000 rps2

=human= stepgen sg-cmd-pos=3.700000 rev sg-fb-pos=3.491670 rev sg-vel=2.060000 rps sg-acc=-10.000000 rps2

[INFO] hw.pins: Pin step.fb set to 3.4937250000000004 (was 3.4916700000000005)
Pin step.fb set to 3.4937250000000004 (was 3.4916700000000005)
[INFO] hw.stepgen: =human= stepgen sg-cmd-pos=3.700000 rev sg-fb-pos=3.493725 rev sg-vel=2.050000 rps sg-acc=-10.000000 rps2

=human= stepgen sg-cmd-pos=3.700000 rev sg-fb-pos=3.493725 rev sg-vel=2.050000 rps sg-acc=-10.000000 rps2

[INFO] hw.pins: Pin step.fb set to 3.4957700000000003 (was 3.4937250000000004)
Pin step.fb set to 3.4957700000000003 (was 3.4937250000000004)
[INFO] hw.stepgen: =human= stepgen sg-cmd-pos=3.700000 rev sg-fb-pos=3.495770 rev sg-vel=2.040000 rps sg-acc=-10.000000 rps2

=human= stepgen sg-cmd-pos=3.700000 rev sg-fb-pos=3.495770 rev sg-vel=2.040000 rps sg-acc=-10.000000 rps2

[INFO] hw.pins: Pin step.fb set to 3.497805 (was 3.4957700000000003)
Pin step.fb set to 3.497805 (was 3.4957700000000003)
[INFO] hw.stepgen: =human= stepgen sg-cmd-pos=3.700000 rev sg-fb-pos=3.497805 rev sg-vel=2.030000 rps sg-acc=-10.000000 rps2

=human= stepgen sg-cmd-pos=3.700000 rev sg-fb-pos=3.497805 rev sg-vel=2.030000 rps sg-acc=-10.000000 rps2

[INFO] hw.pins: Pin step.fb set to 3.49983 (was 3.497805)
Pin step.fb set to 3.49983 (was 3.497805)
[INFO] hw.stepgen: =human= stepgen sg-cmd-pos=3.700000 rev sg-fb-pos=3.499830 rev sg-vel=2.020000 rps sg-acc=-10.000000 rps2

=human= stepgen sg-cmd-pos=3.700000 rev sg-fb-pos=3.499830 rev sg-vel=2.020000 rps sg-acc=-10.000000 rps2

[INFO] hw.pins: Pin step.fb set to 3.5018450000000003 (was 3.49983)
Pin step.fb set to 3.5018450000000003 (was 3.49983)
[INFO] hw.stepgen: =human= stepgen sg-cmd-pos=3.700000 rev sg-fb-pos=3.501845 rev sg-vel=2.010000 rps sg-acc=-10.000000 rps2

=human= stepgen sg-cmd-pos=3.700000 rev sg-fb-pos=3.501845 rev sg-vel=2.010000 rps sg-acc=-10.000000 rps2

[INFO] hw.pins: Pin step.fb set to 3.5038500000000004 (was 3.5018450000000003)
Pin step.fb set to 3.5038500000000004 (was 3.5018450000000003)
[INFO] hw.stepgen: =human= stepgen sg-cmd-pos=3.700000 rev sg-fb-pos=3.503850 rev sg-vel=2.000000 rps sg-acc=-10.000000 rps2

=human= stepgen sg-cmd-pos=3.700000 rev sg-fb-pos=3.503850 rev sg-vel=2.000000 rps sg-acc=-10.000000 rps2

[INFO] hw.pins: Pin step.fb set to 3.5058450000000003 (was 3.5038500000000004)
Pin step.fb set to 3.5058450000000003 (was 3.5038500000000004)
[INFO] hw.stepgen: =human= stepgen sg-cmd-pos=3.700000 rev sg-fb-pos=3.505845 rev sg-vel=1.990000 rps sg-acc=-10.000000 rps2

=human= stepgen sg-cmd-pos=3.700000 rev sg-fb-pos=3.505845 rev sg-vel=1.990000 rps sg-acc=-10.000000 rps2

[INFO] hw.pins: Pin step.fb set to 3.5078300000000002 (was 3.5058450000000003)
Pin step.fb set to 3.5078300000000002 (was 3.5058450000000003)
[INFO] hw.stepgen: =human= stepgen sg-cmd-pos=3.700000 rev sg-fb-pos=3.507830 rev sg-vel=1.980000 rps sg-acc=-10.000000 rps2

=human= stepgen sg-cmd-pos=3.700000 rev sg-fb-pos=3.507830 rev sg-vel=1.980000 rps sg-acc=-10.000000 rps2

[INFO] hw.pins: Pin step.fb set to 3.509805 (was 3.5078300000000002)
Pin step.fb set to 3.509805 (was 3.5078300000000002)
[INFO] hw.stepgen: =human= stepgen sg-cmd-pos=3.700000 rev sg-fb-pos=3.509805 rev sg-vel=1.970000 rps sg-acc=-10.000000 rps2

=human= stepgen sg-cmd-pos=3.700000 rev sg-fb-pos=3.509805 rev sg-vel=1.970000 rps sg-acc=-10.000000 rps2

[INFO] hw.pins: Pin step.fb set to 3.5117700000000003 (was 3.509805)
Pin step.fb set to 3.5117700000000003 (was 3.509805)
[INFO] hw.stepgen: =human= stepgen sg-cmd-pos=3.700000 rev sg-fb-pos=3.511770 rev sg-vel=1.960000 rps sg-acc=-10.000000 rps2

=human= stepgen sg-cmd-pos=3.700000 rev sg-fb-pos=3.511770 rev sg-vel=1.960000 rps sg-acc=-10.000000 rps2

[INFO] hw.pins: Pin step.fb set to 3.5137250000000004 (was 3.5117700000000003)
Pin step.fb set to 3.5137250000000004 (was 3.5117700000000003)
[INFO] hw.stepgen: =human= stepgen sg-cmd-pos=3.700000 rev sg-fb-pos=3.513725 rev sg-vel=1.950000 rps sg-acc=-10.000000 rps2

=human= stepgen sg-cmd-pos=3.700000 rev sg-fb-pos=3.513725 rev sg-vel=1.950000 rps sg-acc=-10.000000 rps2

[INFO] hw.pins: Pin step.fb set to 3.5156700000000005 (was 3.5137250000000004)
Pin step.fb set to 3.5156700000000005 (was 3.5137250000000004)
[INFO] hw.stepgen: =human= stepgen sg-cmd-pos=3.700000 rev sg-fb-pos=3.515670 rev sg-vel=1.940000 rps sg-acc=-10.000000 rps2

=human= stepgen sg-cmd-pos=3.700000 rev sg-fb-pos=3.515670 rev sg-vel=1.940000 rps sg-acc=-10.000000 rps2

[INFO] hw.pins: Pin step.fb set to 3.5176050000000005 (was 3.5156700000000005)
Pin step.fb set to 3.5176050000000005 (was 3.5156700000000005)
[INFO] hw.stepgen: =human= stepgen sg-cmd-pos=3.700000 rev sg-fb-pos=3.517605 rev sg-vel=1.930000 rps sg-acc=-10.000000 rps2

=human= stepgen sg-cmd-pos=3.700000 rev sg-fb-pos=3.517605 rev sg-vel=1.930000 rps sg-acc=-10.000000 rps2

[INFO] hw.pins: Pin step.fb set to 3.5195300000000005 (was 3.5176050000000005)
Pin step.fb set to 3.5195300000000005 (was 3.5176050000000005)
[INFO] hw.stepgen: =human= stepgen sg-cmd-pos=3.700000 rev sg-fb-pos=3.519530 rev sg-vel=1.920000 rps sg-acc=-10.000000 rps2

=human= stepgen sg-cmd-pos=3.700000 rev sg-fb-pos=3.519530 rev sg-vel=1.920000 rps sg-acc=-10.000000 rps2

[INFO] hw.pins: Pin step.fb set to 3.5214450000000004 (was 3.5195300000000005)
Pin step.fb set to 3.5214450000000004 (was 3.5195300000000005)
[INFO] hw.stepgen: =human= stepgen sg-cmd-pos=3.700000 rev sg-fb-pos=3.521445 rev sg-vel=1.910000 rps sg-acc=-10.000000 rps2

=human= stepgen sg-cmd-pos=3.700000 rev sg-fb-pos=3.521445 rev sg-vel=1.910000 rps sg-acc=-10.000000 rps2

[INFO] hw.pins: Pin step.fb set to 3.52335 (was 3.5214450000000004)
Pin step.fb set to 3.52335 (was 3.5214450000000004)
[INFO] hw.stepgen: =human= stepgen sg-cmd-pos=3.700000 rev sg-fb-pos=3.523350 rev sg-vel=1.900000 rps sg-acc=-10.000000 rps2

=human= stepgen sg-cmd-pos=3.700000 rev sg-fb-pos=3.523350 rev sg-vel=1.900000 rps sg-acc=-10.000000 rps2

[INFO] hw.pins: Pin step.fb set to 3.5252450000000004 (was 3.52335)
Pin step.fb set to 3.5252450000000004 (was 3.52335)
[INFO] hw.stepgen: =human= stepgen sg-cmd-pos=3.700000 rev sg-fb-pos=3.525245 rev sg-vel=1.890000 rps sg-acc=-10.000000 rps2

=human= stepgen sg-cmd-pos=3.700000 rev sg-fb-pos=3.525245 rev sg-vel=1.890000 rps sg-acc=-10.000000 rps2

[INFO] hw.pins: Pin step.fb set to 3.5271300000000005 (was 3.5252450000000004)
Pin step.fb set to 3.5271300000000005 (was 3.5252450000000004)
[INFO] hw.stepgen: =human= stepgen sg-cmd-pos=3.700000 rev sg-fb-pos=3.527130 rev sg-vel=1.880000 rps sg-acc=-10.000000 rps2

=human= stepgen sg-cmd-pos=3.700000 rev sg-fb-pos=3.527130 rev sg-vel=1.880000 rps sg-acc=-10.000000 rps2

[INFO] hw.pins: Pin step.cmd set to 3.800000000000002 (was 3.700000000000002)
Pin step.cmd set to 3.800000000000002 (was 3.700000000000002)
[INFO] hw.pins: Pin step.fb set to 3.5290150000000007 (was 3.5271300000000005)
Pin step.fb set to 3.5290150000000007 (was 3.5271300000000005)
[INFO] hw.stepgen: =human= stepgen sg-cmd-pos=3.800000 rev sg-fb-pos=3.529015 rev sg-vel=1.890000 rps sg-acc=10.000000 rps2

=human= stepgen sg-cmd-pos=3.800000 rev sg-fb-pos=3.529015 rev sg-vel=1.890000 rps sg-acc=10.000000 rps2

[INFO] hw.stepgen: =human= stepgen event=reaim sg-cmd-pos=3.800000 rev sg-fb-pos=3.529015 rev sg-vel=1.890000 rps

=human= stepgen event=reaim sg-cmd-pos=3.800000 rev sg-fb-pos=3.529015 rev sg-vel=1.890000 rps

[INFO] hw.pins: Pin step.fb set to 3.530910000000001 (was 3.5290150000000007)
Pin step.fb set to 3.530910000000001 (was 3.5290150000000007)
[INFO] hw.stepgen: =human= stepgen sg-cmd-pos=3.800000 rev sg-fb-pos=3.530910 rev sg-vel=1.900000 rps sg-acc=10.000000 rps2

=human= stepgen sg-cmd-pos=3.800000 rev sg-fb-pos=3.530910 rev sg-vel=1.900000 rps sg-acc=10.000000 rps2

[INFO] hw.pins: Pin step.fb set to 3.5328150000000007 (was 3.530910000000001)
Pin step.fb set to 3.5328150000000007 (was 3.530910000000001)
[INFO] hw.stepgen: =human= stepgen sg-cmd-pos=3.800000 rev sg-fb-pos=3.532815 rev sg-vel=1.910000 rps sg-acc=10.000000 rps2

=human= stepgen sg-cmd-pos=3.800000 rev sg-fb-pos=3.532815 rev sg-vel=1.910000 rps sg-acc=10.000000 rps2

[INFO] hw.pins: Pin step.fb set to 3.5347300000000006 (was 3.5328150000000007)
Pin step.fb set to 3.5347300000000006 (was 3.5328150000000007)
[INFO] hw.stepgen: =human= stepgen sg-cmd-pos=3.800000 rev sg-fb-pos=3.534730 rev sg-vel=1.920000 rps sg-acc=10.000000 rps2

=human= stepgen sg-cmd-pos=3.800000 rev sg-fb-pos=3.534730 rev sg-vel=1.920000 rps sg-acc=10.000000 rps2

[INFO] hw.pins: Pin step.fb set to 3.5366550000000005 (was 3.5347300000000006)
Pin step.fb set to 3.5366550000000005 (was 3.5347300000000006)
[INFO] hw.stepgen: =human= stepgen sg-cmd-pos=3.800000 rev sg-fb-pos=3.536655 rev sg-vel=1.930000 rps sg-acc=10.000000 rps2

=human= stepgen sg-cmd-pos=3.800000 rev sg-fb-pos=3.536655 rev sg-vel=1.930000 rps sg-acc=10.000000 rps2

[INFO] hw.pins: Pin step.fb set to 3.5385900000000006 (was 3.5366550000000005)
Pin step.fb set to 3.5385900000000006 (was 3.5366550000000005)
[INFO] hw.stepgen: =human= stepgen sg-cmd-pos=3.800000 rev sg-fb-pos=3.538590 rev sg-vel=1.940000 rps sg-acc=10.000000 rps2

=human= stepgen sg-cmd-pos=3.800000 rev sg-fb-pos=3.538590 rev sg-vel=1.940000 rps sg-acc=10.000000 rps2

[INFO] hw.pins: Pin step.fb set to 3.5405350000000007 (was 3.5385900000000006)
Pin step.fb set to 3.5405350000000007 (was 3.5385900000000006)
[INFO] hw.stepgen: =human= stepgen sg-cmd-pos=3.800000 rev sg-fb-pos=3.540535 rev sg-vel=1.950000 rps sg-acc=10.000000 rps2

=human= stepgen sg-cmd-pos=3.800000 rev sg-fb-pos=3.540535 rev sg-vel=1.950000 rps sg-acc=10.000000 rps2

[INFO] hw.pins: Pin step.fb set to 3.542490000000001 (was 3.5405350000000007)
Pin step.fb set to 3.542490000000001 (was 3.5405350000000007)
[INFO] hw.stepgen: =human= stepgen sg-cmd-pos=3.800000 rev sg-fb-pos=3.542490 rev sg-vel=1.960000 rps sg-acc=10.000000 rps2

=human= stepgen sg-cmd-pos=3.800000 rev sg-fb-pos=3.542490 rev sg-vel=1.960000 rps sg-acc=10.000000 rps2

[INFO] hw.pins: Pin step.fb set to 3.544455000000001 (was 3.542490000000001)
Pin step.fb set to 3.544455000000001 (was 3.542490000000001)
[INFO] hw.stepgen: =human= stepgen sg-cmd-pos=3.800000 rev sg-fb-pos=3.544455 rev sg-vel=1.970000 rps sg-acc=10.000000 rps2

=human= stepgen sg-cmd-pos=3.800000 rev sg-fb-pos=3.544455 rev sg-vel=1.970000 rps sg-acc=10.000000 rps2

[INFO] hw.pins: Pin step.fb set to 3.546430000000001 (was 3.544455000000001)
Pin step.fb set to 3.546430000000001 (was 3.544455000000001)
[INFO] hw.stepgen: =human= stepgen sg-cmd-pos=3.800000 rev sg-fb-pos=3.546430 rev sg-vel=1.980000 rps sg-acc=10.000000 rps2

=human= stepgen sg-cmd-pos=3.800000 rev sg-fb-pos=3.546430 rev sg-vel=1.980000 rps sg-acc=10.000000 rps2

[INFO] hw.pins: Pin step.fb set to 3.5484150000000008 (was 3.546430000000001)
Pin step.fb set to 3.5484150000000008 (was 3.546430000000001)
[INFO] hw.stepgen: =human= stepgen sg-cmd-pos=3.800000 rev sg-fb-pos=3.548415 rev sg-vel=1.990000 rps sg-acc=10.000000 rps2

=human= stepgen sg-cmd-pos=3.800000 rev sg-fb-pos=3.548415 rev sg-vel=1.990000 rps sg-acc=10.000000 rps2

[INFO] hw.pins: Pin step.fb set to 3.5504100000000007 (was 3.5484150000000008)
Pin step.fb set to 3.5504100000000007 (was 3.5484150000000008)
[INFO] hw.stepgen: =human= stepgen sg-cmd-pos=3.800000 rev sg-fb-pos=3.550410 rev sg-vel=2.000000 rps sg-acc=10.000000 rps2

=human= stepgen sg-cmd-pos=3.800000 rev sg-fb-pos=3.550410 rev sg-vel=2.000000 rps sg-acc=10.000000 rps2

[INFO] hw.pins: Pin step.fb set to 3.5524150000000008 (was 3.5504100000000007)
Pin step.fb set to 3.5524150000000008 (was 3.5504100000000007)
[INFO] hw.stepgen: =human= stepgen sg-cmd-pos=3.800000 rev sg-fb-pos=3.552415 rev sg-vel=2.010000 rps sg-acc=10.000000 rps2

=human= stepgen sg-cmd-pos=3.800000 rev sg-fb-pos=3.552415 rev sg-vel=2.010000 rps sg-acc=10.000000 rps2

[INFO] hw.pins: Pin step.fb set to 3.554430000000001 (was 3.5524150000000008)
Pin step.fb set to 3.554430000000001 (was 3.5524150000000008)
[INFO] hw.stepgen: =human= stepgen sg-cmd-pos=3.800000 rev sg-fb-pos=3.554430 rev sg-vel=2.020000 rps sg-acc=10.000000 rps2

=human= stepgen sg-cmd-pos=3.800000 rev sg-fb-pos=3.554430 rev sg-vel=2.020000 rps sg-acc=10.000000 rps2

[INFO] hw.pins: Pin step.fb set to 3.556455000000001 (was 3.554430000000001)
Pin step.fb set to 3.556455000000001 (was 3.554430000000001)
[INFO] hw.stepgen: =human= stepgen sg-cmd-pos=3.800000 rev sg-fb-pos=3.556455 rev sg-vel=2.030000 rps sg-acc=10.000000 rps2

=human= stepgen sg-cmd-pos=3.800000 rev sg-fb-pos=3.556455 rev sg-vel=2.030000 rps sg-acc=10.000000 rps2

[INFO] hw.pins: Pin step.fb set to 3.558490000000001 (was 3.556455000000001)
Pin step.fb set to 3.558490000000001 (was 3.556455000000001)
[INFO] hw.stepgen: =human= stepgen sg-cmd-pos=3.800000 rev sg-fb-pos=3.558490 rev sg-vel=2.040000 rps sg-acc=10.000000 rps2

=human= stepgen sg-cmd-pos=3.800000 rev sg-fb-pos=3.558490 rev sg-vel=2.040000 rps sg-acc=10.000000 rps2

[INFO] hw.pins: Pin step.fb set to 3.5605350000000007 (was 3.558490000000001)
Pin step.fb set to 3.5605350000000007 (was 3.558490000000001)
[INFO] hw.stepgen: =human= stepgen sg-cmd-pos=3.800000 rev sg-fb-pos=3.560535 rev sg-vel=2.050000 rps sg-acc=10.000000 rps2

=human= stepgen sg-cmd-pos=3.800000 rev sg-fb-pos=3.560535 rev sg-vel=2.050000 rps sg-acc=10.000000 rps2

[INFO] hw.pins: Pin step.fb set to 3.5625900000000006 (was 3.5605350000000007)
Pin step.fb set to 3.5625900000000006 (was 3.5605350000000007)
[INFO] hw.stepgen: =human= stepgen sg-cmd-pos=3.800000 rev sg-fb-pos=3.562590 rev sg-vel=2.060000 rps sg-acc=10.000000 rps2

=human= stepgen sg-cmd-pos=3.800000 rev sg-fb-pos=3.562590 rev sg-vel=2.060000 rps sg-acc=10.000000 rps2

[INFO] hw.pins: Pin step.fb set to 3.5646550000000006 (was 3.5625900000000006)
Pin step.fb set to 3.5646550000000006 (was 3.5625900000000006)
[INFO] hw.stepgen: =human= stepgen sg-cmd-pos=3.800000 rev sg-fb-pos=3.564655 rev sg-vel=2.070000 rps sg-acc=10.000000 rps2

=human= stepgen sg-cmd-pos=3.800000 rev sg-fb-pos=3.564655 rev sg-vel=2.070000 rps sg-acc=10.000000 rps2

[INFO] hw.pins: Pin step.fb set to 3.5667300000000006 (was 3.5646550000000006)
Pin step.fb set to 3.5667300000000006 (was 3.5646550000000006)
[INFO] hw.stepgen: =human= stepgen sg-cmd-pos=3.800000 rev sg-fb-pos=3.566730 rev sg-vel=2.080000 rps sg-acc=10.000000 rps2

=human= stepgen sg-cmd-pos=3.800000 rev sg-fb-pos=3.566730 rev sg-vel=2.080000 rps sg-acc=10.000000 rps2

[INFO] hw.pins: Pin step.fb set to 3.5688150000000007 (was 3.5667300000000006)
Pin step.fb set to 3.5688150000000007 (was 3.5667300000000006)
[INFO] hw.stepgen: =human= stepgen sg-cmd-pos=3.800000 rev sg-fb-pos=3.568815 rev sg-vel=2.090000 rps sg-acc=10.000000 rps2

=human= stepgen sg-cmd-pos=3.800000 rev sg-fb-pos=3.568815 rev sg-vel=2.090000 rps sg-acc=10.000000 rps2

[INFO] hw.pins: Pin step.fb set to 3.570910000000001 (was 3.5688150000000007)
Pin step.fb set to 3.570910000000001 (was 3.5688150000000007)
[INFO] hw.stepgen: =human= stepgen sg-cmd-pos=3.800000 rev sg-fb-pos=3.570910 rev sg-vel=2.100000 rps sg-acc=10.000000 rps2

=human= stepgen sg-cmd-pos=3.800000 rev sg-fb-pos=3.570910 rev sg-vel=2.100000 rps sg-acc=10.000000 rps2

[INFO] hw.pins: Pin step.fb set to 3.5730150000000007 (was 3.570910000000001)
Pin step.fb set to 3.5730150000000007 (was 3.570910000000001)
[INFO] hw.stepgen: =human= stepgen sg-cmd-pos=3.800000 rev sg-fb-pos=3.573015 rev sg-vel=2.110000 rps sg-acc=10.000000 rps2

=human= stepgen sg-cmd-pos=3.800000 rev sg-fb-pos=3.573015 rev sg-vel=2.110000 rps sg-acc=10.000000 rps2

[INFO] hw.pins: Pin step.fb set to 3.5751300000000006 (was 3.5730150000000007)
Pin step.fb set to 3.5751300000000006 (was 3.5730150000000007)
[INFO] hw.stepgen: =human= stepgen sg-cmd-pos=3.800000 rev sg-fb-pos=3.575130 rev sg-vel=2.120000 rps sg-acc=10.000000 rps2

=human= stepgen sg-cmd-pos=3.800000 rev sg-fb-pos=3.575130 rev sg-vel=2.120000 rps sg-acc=10.000000 rps2

[INFO] hw.pins: Pin step.fb set to 3.5772550000000005 (was 3.5751300000000006)
Pin step.fb set to 3.5772550000000005 (was 3.5751300000000006)
[INFO] hw.stepgen: =human= stepgen sg-cmd-pos=3.800000 rev sg-fb-pos=3.577255 rev sg-vel=2.130000 rps sg-acc=10.000000 rps2

=human= stepgen sg-cmd-pos=3.800000 rev sg-fb-pos=3.577255 rev sg-vel=2.130000 rps sg-acc=10.000000 rps2

[INFO] hw.pins: Pin step.fb set to 3.5793800000000005 (was 3.5772550000000005)
Pin step.fb set to 3.5793800000000005 (was 3.5772550000000005)
[INFO] hw.stepgen: =human= stepgen sg-cmd-pos=3.800000 rev sg-fb-pos=3.579380 rev sg-vel=2.120000 rps sg-acc=-10.000000 rps2

=human= stepgen sg-cmd-pos=3.800000 rev sg-fb-pos=3.579380 rev sg-vel=2.120000 rps sg-acc=-10.000000 rps2

[INFO] hw.pins: Pin step.fb set to 3.5814950000000003 (was 3.5793800000000005)
Pin step.fb set to 3.5814950000000003 (was 3.5793800000000005)
[INFO] hw.stepgen: =human= stepgen sg-cmd-pos=3.800000 rev sg-fb-pos=3.581495 rev sg-vel=2.110000 rps sg-acc=-10.000000 rps2

=human= stepgen sg-cmd-pos=3.800000 rev sg-fb-pos=3.581495 rev sg-vel=2.110000 rps sg-acc=-10.000000 rps2

[INFO] hw.pins: Pin step.fb set to 3.5836 (was 3.5814950000000003)
Pin step.fb set to 3.5836 (was 3.5814950000000003)
[INFO] hw.stepgen: =human= stepgen sg-cmd-pos=3.800000 rev sg-fb-pos=3.583600 rev sg-vel=2.100000 rps sg-acc=-10.000000 rps2

=human= stepgen sg-cmd-pos=3.800000 rev sg-fb-pos=3.583600 rev sg-vel=2.100000 rps sg-acc=-10.000000 rps2

[INFO] hw.pins: Pin step.fb set to 3.5856950000000003 (was 3.5836)
Pin step.fb set to 3.5856950000000003 (was 3.5836)
[INFO] hw.stepgen: =human= stepgen sg-cmd-pos=3.800000 rev sg-fb-pos=3.585695 rev sg-vel=2.090000 rps sg-acc=-10.000000 rps2

=human= stepgen sg-cmd-pos=3.800000 rev sg-fb-pos=3.585695 rev sg-vel=2.090000 rps sg-acc=-10.000000 rps2

[INFO] hw.pins: Pin step.fb set to 3.5877800000000004 (was 3.5856950000000003)
Pin step.fb set to 3.5877800000000004 (was 3.5856950000000003)
[INFO] hw.stepgen: =human= stepgen sg-cmd-pos=3.800000 rev sg-fb-pos=3.587780 rev sg-vel=2.080000 rps sg-acc=-10.000000 rps2

=human= stepgen sg-cmd-pos=3.800000 rev sg-fb-pos=3.587780 rev sg-vel=2.080000 rps sg-acc=-10.000000 rps2

[INFO] hw.pins: Pin step.fb set to 3.5898550000000005 (was 3.5877800000000004)
Pin step.fb set to 3.5898550000000005 (was 3.5877800000000004)
[INFO] hw.stepgen: =human= stepgen sg-cmd-pos=3.800000 rev sg-fb-pos=3.589855 rev sg-vel=2.070000 rps sg-acc=-10.000000 rps2

=human= stepgen sg-cmd-pos=3.800000 rev sg-fb-pos=3.589855 rev sg-vel=2.070000 rps sg-acc=-10.000000 rps2

[INFO] hw.pins: Pin step.fb set to 3.5919200000000004 (was 3.5898550000000005)
Pin step.fb set to 3.5919200000000004 (was 3.5898550000000005)
[INFO] hw.stepgen: =human= stepgen sg-cmd-pos=3.800000 rev sg-fb-pos=3.591920 rev sg-vel=2.060000 rps sg-acc=-10.000000 rps2

=human= stepgen sg-cmd-pos=3.800000 rev sg-fb-pos=3.591920 rev sg-vel=2.060000 rps sg-acc=-10.000000 rps2

[INFO] hw.pins: Pin step.fb set to 3.5939750000000004 (was 3.5919200000000004)
Pin step.fb set to 3.5939750000000004 (was 3.5919200000000004)
[INFO] hw.stepgen: =human= stepgen sg-cmd-pos=3.800000 rev sg-fb-pos=3.593975 rev sg-vel=2.050000 rps sg-acc=-10.000000 rps2

=human= stepgen sg-cmd-pos=3.800000 rev sg-fb-pos=3.593975 rev sg-vel=2.050000 rps sg-acc=-10.000000 rps2

[INFO] hw.pins: Pin step.fb set to 3.59602 (was 3.5939750000000004)
Pin step.fb set to 3.59602 (was 3.5939750000000004)
[INFO] hw.stepgen: =human= stepgen sg-cmd-pos=3.800000 rev sg-fb-pos=3.596020 rev sg-vel=2.040000 rps sg-acc=-10.000000 rps2

=human= stepgen sg-cmd-pos=3.800000 rev sg-fb-pos=3.596020 rev sg-vel=2.040000 rps sg-acc=-10.000000 rps2

[INFO] hw.pins: Pin step.fb set to 3.598055 (was 3.59602)
Pin step.fb set to 3.598055 (was 3.59602)
[INFO] hw.stepgen: =human= stepgen sg-cmd-pos=3.800000 rev sg-fb-pos=3.598055 rev sg-vel=2.030000 rps sg-acc=-10.000000 rps2

=human= stepgen sg-cmd-pos=3.800000 rev sg-fb-pos=3.598055 rev sg-vel=2.030000 rps sg-acc=-10.000000 rps2

[INFO] hw.pins: Pin step.fb set to 3.60008 (was 3.598055)
Pin step.fb set to 3.60008 (was 3.598055)
[INFO] hw.stepgen: =human= stepgen sg-cmd-pos=3.800000 rev sg-fb-pos=3.600080 rev sg-vel=2.020000 rps sg-acc=-10.000000 rps2

=human= stepgen sg-cmd-pos=3.800000 rev sg-fb-pos=3.600080 rev sg-vel=2.020000 rps sg-acc=-10.000000 rps2

[INFO] hw.pins: Pin step.fb set to 3.6020950000000003 (was 3.60008)
Pin step.fb set to 3.6020950000000003 (was 3.60008)
[INFO] hw.stepgen: =human= stepgen sg-cmd-pos=3.800000 rev sg-fb-pos=3.602095 rev sg-vel=2.010000 rps sg-acc=-10.000000 rps2

=human= stepgen sg-cmd-pos=3.800000 rev sg-fb-pos=3.602095 rev sg-vel=2.010000 rps sg-acc=-10.000000 rps2

[INFO] hw.pins: Pin step.fb set to 3.6041000000000003 (was 3.6020950000000003)
Pin step.fb set to 3.6041000000000003 (was 3.6020950000000003)
[INFO] hw.stepgen: =human= stepgen sg-cmd-pos=3.800000 rev sg-fb-pos=3.604100 rev sg-vel=2.000000 rps sg-acc=-10.000000 rps2

=human= stepgen sg-cmd-pos=3.800000 rev sg-fb-pos=3.604100 rev sg-vel=2.000000 rps sg-acc=-10.000000 rps2

[INFO] hw.pins: Pin step.fb set to 3.6060950000000003 (was 3.6041000000000003)
Pin step.fb set to 3.6060950000000003 (was 3.6041000000000003)
[INFO] hw.stepgen: =human= stepgen sg-cmd-pos=3.800000 rev sg-fb-pos=3.606095 rev sg-vel=1.990000 rps sg-acc=-10.000000 rps2

=human= stepgen sg-cmd-pos=3.800000 rev sg-fb-pos=3.606095 rev sg-vel=1.990000 rps sg-acc=-10.000000 rps2

[INFO] hw.pins: Pin step.fb set to 3.60808 (was 3.6060950000000003)
Pin step.fb set to 3.60808 (was 3.6060950000000003)
[INFO] hw.stepgen: =human= stepgen sg-cmd-pos=3.800000 rev sg-fb-pos=3.608080 rev sg-vel=1.980000 rps sg-acc=-10.000000 rps2

=human= stepgen sg-cmd-pos=3.800000 rev sg-fb-pos=3.608080 rev sg-vel=1.980000 rps sg-acc=-10.000000 rps2

[INFO] hw.pins: Pin step.fb set to 3.610055 (was 3.60808)
Pin step.fb set to 3.610055 (was 3.60808)
[INFO] hw.stepgen: =human= stepgen sg-cmd-pos=3.800000 rev sg-fb-pos=3.610055 rev sg-vel=1.970000 rps sg-acc=-10.000000 rps2

=human= stepgen sg-cmd-pos=3.800000 rev sg-fb-pos=3.610055 rev sg-vel=1.970000 rps sg-acc=-10.000000 rps2

[INFO] hw.pins: Pin step.fb set to 3.6120200000000002 (was 3.610055)
Pin step.fb set to 3.6120200000000002 (was 3.610055)
[INFO] hw.stepgen: =human= stepgen sg-cmd-pos=3.800000 rev sg-fb-pos=3.612020 rev sg-vel=1.960000 rps sg-acc=-10.000000 rps2

=human= stepgen sg-cmd-pos=3.800000 rev sg-fb-pos=3.612020 rev sg-vel=1.960000 rps sg-acc=-10.000000 rps2

[INFO] hw.pins: Pin step.fb set to 3.6139750000000004 (was 3.6120200000000002)
Pin step.fb set to 3.6139750000000004 (was 3.6120200000000002)
[INFO] hw.stepgen: =human= stepgen sg-cmd-pos=3.800000 rev sg-fb-pos=3.613975 rev sg-vel=1.950000 rps sg-acc=-10.000000 rps2

=human= stepgen sg-cmd-pos=3.800000 rev sg-fb-pos=3.613975 rev sg-vel=1.950000 rps sg-acc=-10.000000 rps2

[INFO] hw.pins: Pin step.fb set to 3.6159200000000005 (was 3.6139750000000004)
Pin step.fb set to 3.6159200000000005 (was 3.6139750000000004)
[INFO] hw.stepgen: =human= stepgen sg-cmd-pos=3.800000 rev sg-fb-pos=3.615920 rev sg-vel=1.940000 rps sg-acc=-10.000000 rps2

=human= stepgen sg-cmd-pos=3.800000 rev sg-fb-pos=3.615920 rev sg-vel=1.940000 rps sg-acc=-10.000000 rps2

[INFO] hw.pins: Pin step.fb set to 3.6178550000000005 (was 3.6159200000000005)
Pin step.fb set to 3.6178550000000005 (was 3.6159200000000005)
[INFO] hw.stepgen: =human= stepgen sg-cmd-pos=3.800000 rev sg-fb-pos=3.617855 rev sg-vel=1.930000 rps sg-acc=-10.000000 rps2

=human= stepgen sg-cmd-pos=3.800000 rev sg-fb-pos=3.617855 rev sg-vel=1.930000 rps sg-acc=-10.000000 rps2

[INFO] hw.pins: Pin step.fb set to 3.6197800000000004 (was 3.6178550000000005)
Pin step.fb set to 3.6197800000000004 (was 3.6178550000000005)
[INFO] hw.stepgen: =human= stepgen sg-cmd-pos=3.800000 rev sg-fb-pos=3.619780 rev sg-vel=1.920000 rps sg-acc=-10.000000 rps2

=human= stepgen sg-cmd-pos=3.800000 rev sg-fb-pos=3.619780 rev sg-vel=1.920000 rps sg-acc=-10.000000 rps2

[INFO] hw.pins: Pin step.fb set to 3.6216950000000003 (was 3.6197800000000004)
Pin step.fb set to 3.6216950000000003 (was 3.6197800000000004)
[INFO] hw.stepgen: =human= stepgen sg-cmd-pos=3.800000 rev sg-fb-pos=3.621695 rev sg-vel=1.910000 rps sg-acc=-10.000000 rps2

=human= stepgen sg-cmd-pos=3.800000 rev sg-fb-pos=3.621695 rev sg-vel=1.910000 rps sg-acc=-10.000000 rps2

[INFO] hw.pins: Pin step.fb set to 3.6236 (was 3.6216950000000003)
Pin step.fb set to 3.6236 (was 3.6216950000000003)
[INFO] hw.stepgen: =human= stepgen sg-cmd-pos=3.800000 rev sg-fb-pos=3.623600 rev sg-vel=1.900000 rps sg-acc=-10.000000 rps2

=human= stepgen sg-cmd-pos=3.800000 rev sg-fb-pos=3.623600 rev sg-vel=1.900000 rps sg-acc=-10.000000 rps2

[INFO] hw.pins: Pin step.fb set to 3.6254950000000004 (was 3.6236)
Pin step.fb set to 3.6254950000000004 (was 3.6236)
[INFO] hw.stepgen: =human= stepgen sg-cmd-pos=3.800000 rev sg-fb-pos=3.625495 rev sg-vel=1.890000 rps sg-acc=-10.000000 rps2

=human= stepgen sg-cmd-pos=3.800000 rev sg-fb-pos=3.625495 rev sg-vel=1.890000 rps sg-acc=-10.000000 rps2

[INFO] hw.pins: Pin step.fb set to 3.6273800000000005 (was 3.6254950000000004)
Pin step.fb set to 3.6273800000000005 (was 3.6254950000000004)
[INFO] hw.stepgen: =human= stepgen sg-cmd-pos=3.800000 rev sg-fb-pos=3.627380 rev sg-vel=1.880000 rps sg-acc=-10.000000 rps2

=human= stepgen sg-cmd-pos=3.800000 rev sg-fb-pos=3.627380 rev sg-vel=1.880000 rps sg-acc=-10.000000 rps2

[INFO] hw.pins: Pin step.cmd set to 3.900000000000002 (was 3.800000000000002)
Pin step.cmd set to 3.900000000000002 (was 3.800000000000002)
[INFO] hw.pins: Pin step.fb set to 3.6292650000000006 (was 3.6273800000000005)
Pin step.fb set to 3.6292650000000006 (was 3.6273800000000005)
[INFO] hw.stepgen: =human= stepgen sg-cmd-pos=3.900000 rev sg-fb-pos=3.629265 rev sg-vel=1.890000 rps sg-acc=10.000000 rps2

=human= stepgen sg-cmd-pos=3.900000 rev sg-fb-pos=3.629265 rev sg-vel=1.890000 rps sg-acc=10.000000 rps2

[INFO] hw.stepgen: =human= stepgen event=reaim sg-cmd-pos=3.900000 rev sg-fb-pos=3.629265 rev sg-vel=1.890000 rps

=human= stepgen event=reaim sg-cmd-pos=3.900000 rev sg-fb-pos=3.629265 rev sg-vel=1.890000 rps

[INFO] hw.pins: Pin step.fb set to 3.631160000000001 (was 3.6292650000000006)
Pin step.fb set to 3.631160000000001 (was 3.6292650000000006)
[INFO] hw.stepgen: =human= stepgen sg-cmd-pos=3.900000 rev sg-fb-pos=3.631160 rev sg-vel=1.900000 rps sg-acc=10.000000 rps2

=human= stepgen sg-cmd-pos=3.900000 rev sg-fb-pos=3.631160 rev sg-vel=1.900000 rps sg-acc=10.000000 rps2

[INFO] hw.pins: Pin step.fb set to 3.6330650000000007 (was 3.631160000000001)
Pin step.fb set to 3.6330650000000007 (was 3.631160000000001)
[INFO] hw.stepgen: =human= stepgen sg-cmd-pos=3.900000 rev sg-fb-pos=3.633065 rev sg-vel=1.910000 rps sg-acc=10.000000 rps2

=human= stepgen sg-cmd-pos=3.900000 rev sg-fb-pos=3.633065 rev sg-vel=1.910000 rps sg-acc=10.000000 rps2

[INFO] hw.pins: Pin step.fb set to 3.6349800000000005 (was 3.6330650000000007)
Pin step.fb set to 3.6349800000000005 (was 3.6330650000000007)
[INFO] hw.stepgen: =human= stepgen sg-cmd-pos=3.900000 rev sg-fb-pos=3.634980 rev sg-vel=1.920000 rps sg-acc=10.000000 rps2

=human= stepgen sg-cmd-pos=3.900000 rev sg-fb-pos=3.634980 rev sg-vel=1.920000 rps sg-acc=10.000000 rps2

[INFO] hw.pins: Pin step.fb set to 3.6369050000000005 (was 3.6349800000000005)
Pin step.fb set to 3.6369050000000005 (was 3.6349800000000005)
[INFO] hw.stepgen: =human= stepgen sg-cmd-pos=3.900000 rev sg-fb-pos=3.636905 rev sg-vel=1.930000 rps sg-acc=10.000000 rps2

=human= stepgen sg-cmd-pos=3.900000 rev sg-fb-pos=3.636905 rev sg-vel=1.930000 rps sg-acc=10.000000 rps2

[INFO] hw.pins: Pin step.fb set to 3.6388400000000005 (was 3.6369050000000005)
Pin step.fb set to 3.6388400000000005 (was 3.6369050000000005)
[INFO] hw.stepgen: =human= stepgen sg-cmd-pos=3.900000 rev sg-fb-pos=3.638840 rev sg-vel=1.940000 rps sg-acc=10.000000 rps2

=human= stepgen sg-cmd-pos=3.900000 rev sg-fb-pos=3.638840 rev sg-vel=1.940000 rps sg-acc=10.000000 rps2

[INFO] hw.pins: Pin step.fb set to 3.6407850000000006 (was 3.6388400000000005)
Pin step.fb set to 3.6407850000000006 (was 3.6388400000000005)
[INFO] hw.stepgen: =human= stepgen sg-cmd-pos=3.900000 rev sg-fb-pos=3.640785 rev sg-vel=1.950000 rps sg-acc=10.000000 rps2

=human= stepgen sg-cmd-pos=3.900000 rev sg-fb-pos=3.640785 rev sg-vel=1.950000 rps sg-acc=10.000000 rps2

[INFO] hw.pins: Pin step.fb set to 3.6427400000000008 (was 3.6407850000000006)
Pin step.fb set to 3.6427400000000008 (was 3.6407850000000006)
[INFO] hw.stepgen: =human= stepgen sg-cmd-pos=3.900000 rev sg-fb-pos=3.642740 rev sg-vel=1.960000 rps sg-acc=10.000000 rps2

=human= stepgen sg-cmd-pos=3.900000 rev sg-fb-pos=3.642740 rev sg-vel=1.960000 rps sg-acc=10.000000 rps2

[INFO] hw.pins: Pin step.fb set to 3.644705000000001 (was 3.6427400000000008)
Pin step.fb set to 3.644705000000001 (was 3.6427400000000008)
[INFO] hw.stepgen: =human= stepgen sg-cmd-pos=3.900000 rev sg-fb-pos=3.644705 rev sg-vel=1.970000 rps sg-acc=10.000000 rps2

=human= stepgen sg-cmd-pos=3.900000 rev sg-fb-pos=3.644705 rev sg-vel=1.970000 rps sg-acc=10.000000 rps2

[INFO] hw.pins: Pin step.fb set to 3.646680000000001 (was 3.644705000000001)
Pin step.fb set to 3.646680000000001 (was 3.644705000000001)
[INFO] hw.stepgen: =human= stepgen sg-cmd-pos=3.900000 rev sg-fb-pos=3.646680 rev sg-vel=1.980000 rps sg-acc=10.000000 rps2

=human= stepgen sg-cmd-pos=3.900000 rev sg-fb-pos=3.646680 rev sg-vel=1.980000 rps sg-acc=10.000000 rps2

[INFO] hw.pins: Pin step.fb set to 3.6486650000000007 (was 3.646680000000001)
Pin step.fb set to 3.6486650000000007 (was 3.646680000000001)
[INFO] hw.stepgen: =human= stepgen sg-cmd-pos=3.900000 rev sg-fb-pos=3.648665 rev sg-vel=1.990000 rps sg-acc=10.000000 rps2

=human= stepgen sg-cmd-pos=3.900000 rev sg-fb-pos=3.648665 rev sg-vel=1.990000 rps sg-acc=10.000000 rps2

[INFO] hw.pins: Pin step.fb set to 3.6506600000000007 (was 3.6486650000000007)
Pin step.fb set to 3.6506600000000007 (was 3.6486650000000007)
[INFO] hw.stepgen: =human= stepgen sg-cmd-pos=3.900000 rev sg-fb-pos=3.650660 rev sg-vel=2.000000 rps sg-acc=10.000000 rps2

=human= stepgen sg-cmd-pos=3.900000 rev sg-fb-pos=3.650660 rev sg-vel=2.000000 rps sg-acc=10.000000 rps2

[INFO] hw.pins: Pin step.fb set to 3.6526650000000007 (was 3.6506600000000007)
Pin step.fb set to 3.6526650000000007 (was 3.6506600000000007)
[INFO] hw.stepgen: =human= stepgen sg-cmd-pos=3.900000 rev sg-fb-pos=3.652665 rev sg-vel=2.010000 rps sg-acc=10.000000 rps2

=human= stepgen sg-cmd-pos=3.900000 rev sg-fb-pos=3.652665 rev sg-vel=2.010000 rps sg-acc=10.000000 rps2

[INFO] hw.pins: Pin step.fb set to 3.654680000000001 (was 3.6526650000000007)
Pin step.fb set to 3.654680000000001 (was 3.6526650000000007)
[INFO] hw.stepgen: =human= stepgen sg-cmd-pos=3.900000 rev sg-fb-pos=3.654680 rev sg-vel=2.020000 rps sg-acc=10.000000 rps2

=human= stepgen sg-cmd-pos=3.900000 rev sg-fb-pos=3.654680 rev sg-vel=2.020000 rps sg-acc=10.000000 rps2

[INFO] hw.pins: Pin step.fb set to 3.656705000000001 (was 3.654680000000001)
Pin step.fb set to 3.656705000000001 (was 3.654680000000001)
[INFO] hw.stepgen: =human= stepgen sg-cmd-pos=3.900000 rev sg-fb-pos=3.656705 rev sg-vel=2.030000 rps sg-acc=10.000000 rps2

=human= stepgen sg-cmd-pos=3.900000 rev sg-fb-pos=3.656705 rev sg-vel=2.030000 rps sg-acc=10.000000 rps2

[INFO] hw.pins: Pin step.fb set to 3.6587400000000008 (was 3.656705000000001)
Pin step.fb set to 3.6587400000000008 (was 3.656705000000001)
[INFO] hw.stepgen: =human= stepgen sg-cmd-pos=3.900000 rev sg-fb-pos=3.658740 rev sg-vel=2.040000 rps sg-acc=10.000000 rps2

=human= stepgen sg-cmd-pos=3.900000 rev sg-fb-pos=3.658740 rev sg-vel=2.040000 rps sg-acc=10.000000 rps2

[INFO] hw.pins: Pin step.fb set to 3.6607850000000006 (was 3.6587400000000008)
Pin step.fb set to 3.6607850000000006 (was 3.6587400000000008)
[INFO] hw.stepgen: =human= stepgen sg-cmd-pos=3.900000 rev sg-fb-pos=3.660785 rev sg-vel=2.050000 rps sg-acc=10.000000 rps2

=human= stepgen sg-cmd-pos=3.900000 rev sg-fb-pos=3.660785 rev sg-vel=2.050000 rps sg-acc=10.000000 rps2

[INFO] hw.pins: Pin step.fb set to 3.6628400000000005 (was 3.6607850000000006)
Pin step.fb set to 3.6628400000000005 (was 3.6607850000000006)
[INFO] hw.stepgen: =human= stepgen sg-cmd-pos=3.900000 rev sg-fb-pos=3.662840 rev sg-vel=2.060000 rps sg-acc=10.000000 rps2

=human= stepgen sg-cmd-pos=3.900000 rev sg-fb-pos=3.662840 rev sg-vel=2.060000 rps sg-acc=10.000000 rps2

[INFO] hw.pins: Pin step.fb set to 3.6649050000000005 (was 3.6628400000000005)
Pin step.fb set to 3.6649050000000005 (was 3.6628400000000005)
[INFO] hw.stepgen: =human= stepgen sg-cmd-pos=3.900000 rev sg-fb-pos=3.664905 rev sg-vel=2.070000 rps sg-acc=10.000000 rps2

=human= stepgen sg-cmd-pos=3.900000 rev sg-fb-pos=3.664905 rev sg-vel=2.070000 rps sg-acc=10.000000 rps2

[INFO] hw.pins: Pin step.fb set to 3.6669800000000006 (was 3.6649050000000005)
Pin step.fb set to 3.6669800000000006 (was 3.6649050000000005)
[INFO] hw.stepgen: =human= stepgen sg-cmd-pos=3.900000 rev sg-fb-pos=3.666980 rev sg-vel=2.080000 rps sg-acc=10.000000 rps2

=human= stepgen sg-cmd-pos=3.900000 rev sg-fb-pos=3.666980 rev sg-vel=2.080000 rps sg-acc=10.000000 rps2

[INFO] hw.pins: Pin step.fb set to 3.6690650000000007 (was 3.6669800000000006)
Pin step.fb set to 3.6690650000000007 (was 3.6669800000000006)
[INFO] hw.stepgen: =human= stepgen sg-cmd-pos=3.900000 rev sg-fb-pos=3.669065 rev sg-vel=2.090000 rps sg-acc=10.000000 rps2

=human= stepgen sg-cmd-pos=3.900000 rev sg-fb-pos=3.669065 rev sg-vel=2.090000 rps sg-acc=10.000000 rps2

[INFO] hw.pins: Pin step.fb set to 3.671160000000001 (was 3.6690650000000007)
Pin step.fb set to 3.671160000000001 (was 3.6690650000000007)
[INFO] hw.stepgen: =human= stepgen sg-cmd-pos=3.900000 rev sg-fb-pos=3.671160 rev sg-vel=2.100000 rps sg-acc=10.000000 rps2

=human= stepgen sg-cmd-pos=3.900000 rev sg-fb-pos=3.671160 rev sg-vel=2.100000 rps sg-acc=10.000000 rps2

[INFO] hw.pins: Pin step.fb set to 3.6732650000000007 (was 3.671160000000001)
Pin step.fb set to 3.6732650000000007 (was 3.671160000000001)
[INFO] hw.stepgen: =human= stepgen sg-cmd-pos=3.900000 rev sg-fb-pos=3.673265 rev sg-vel=2.110000 rps sg-acc=10.000000 rps2

=human= stepgen sg-cmd-pos=3.900000 rev sg-fb-pos=3.673265 rev sg-vel=2.110000 rps sg-acc=10.000000 rps2

[INFO] hw.pins: Pin step.fb set to 3.6753800000000005 (was 3.6732650000000007)
Pin step.fb set to 3.6753800000000005 (was 3.6732650000000007)
[INFO] hw.stepgen: =human= stepgen sg-cmd-pos=3.900000 rev sg-fb-pos=3.675380 rev sg-vel=2.120000 rps sg-acc=10.000000 rps2

=human= stepgen sg-cmd-pos=3.900000 rev sg-fb-pos=3.675380 rev sg-vel=2.120000 rps sg-acc=10.000000 rps2

[INFO] hw.pins: Pin step.fb set to 3.6774950000000004 (was 3.6753800000000005)
Pin step.fb set to 3.6774950000000004 (was 3.6753800000000005)
[INFO] hw.stepgen: =human= stepgen sg-cmd-pos=3.900000 rev sg-fb-pos=3.677495 rev sg-vel=2.110000 rps sg-acc=-10.000000 rps2

=human= stepgen sg-cmd-pos=3.900000 rev sg-fb-pos=3.677495 rev sg-vel=2.110000 rps sg-acc=-10.000000 rps2

[INFO] hw.pins: Pin step.fb set to 3.6796 (was 3.6774950000000004)
Pin step.fb set to 3.6796 (was 3.6774950000000004)
[INFO] hw.stepgen: =human= stepgen sg-cmd-pos=3.900000 rev sg-fb-pos=3.679600 rev sg-vel=2.100000 rps sg-acc=-10.000000 rps2

=human= stepgen sg-cmd-pos=3.900000 rev sg-fb-pos=3.679600 rev sg-vel=2.100000 rps sg-acc=-10.000000 rps2

[INFO] hw.pins: Pin step.fb set to 3.6816950000000004 (was 3.6796)
Pin step.fb set to 3.6816950000000004 (was 3.6796)
[INFO] hw.stepgen: =human= stepgen sg-cmd-pos=3.900000 rev sg-fb-pos=3.681695 rev sg-vel=2.090000 rps sg-acc=-10.000000 rps2

=human= stepgen sg-cmd-pos=3.900000 rev sg-fb-pos=3.681695 rev sg-vel=2.090000 rps sg-acc=-10.000000 rps2

[INFO] hw.pins: Pin step.fb set to 3.6837800000000005 (was 3.6816950000000004)
Pin step.fb set to 3.6837800000000005 (was 3.6816950000000004)
[INFO] hw.stepgen: =human= stepgen sg-cmd-pos=3.900000 rev sg-fb-pos=3.683780 rev sg-vel=2.080000 rps sg-acc=-10.000000 rps2

=human= stepgen sg-cmd-pos=3.900000 rev sg-fb-pos=3.683780 rev sg-vel=2.080000 rps sg-acc=-10.000000 rps2

[INFO] hw.pins: Pin step.fb set to 3.6858550000000005 (was 3.6837800000000005)
Pin step.fb set to 3.6858550000000005 (was 3.6837800000000005)
[INFO] hw.stepgen: =human= stepgen sg-cmd-pos=3.900000 rev sg-fb-pos=3.685855 rev sg-vel=2.070000 rps sg-acc=-10.000000 rps2

=human= stepgen sg-cmd-pos=3.900000 rev sg-fb-pos=3.685855 rev sg-vel=2.070000 rps sg-acc=-10.000000 rps2

[INFO] hw.pins: Pin step.fb set to 3.6879200000000005 (was 3.6858550000000005)
Pin step.fb set to 3.6879200000000005 (was 3.6858550000000005)
[INFO] hw.stepgen: =human= stepgen sg-cmd-pos=3.900000 rev sg-fb-pos=3.687920 rev sg-vel=2.060000 rps sg-acc=-10.000000 rps2

=human= stepgen sg-cmd-pos=3.900000 rev sg-fb-pos=3.687920 rev sg-vel=2.060000 rps sg-acc=-10.000000 rps2

[INFO] hw.pins: Pin step.fb set to 3.6899750000000004 (was 3.6879200000000005)
Pin step.fb set to 3.6899750000000004 (was 3.6879200000000005)
[INFO] hw.stepgen: =human= stepgen sg-cmd-pos=3.900000 rev sg-fb-pos=3.689975 rev sg-vel=2.050000 rps sg-acc=-10.000000 rps2

=human= stepgen sg-cmd-pos=3.900000 rev sg-fb-pos=3.689975 rev sg-vel=2.050000 rps sg-acc=-10.000000 rps2

[INFO] hw.pins: Pin step.fb set to 3.6920200000000003 (was 3.6899750000000004)
Pin step.fb set to 3.6920200000000003 (was 3.6899750000000004)
[INFO] hw.stepgen: =human= stepgen sg-cmd-pos=3.900000 rev sg-fb-pos=3.692020 rev sg-vel=2.040000 rps sg-acc=-10.000000 rps2

=human= stepgen sg-cmd-pos=3.900000 rev sg-fb-pos=3.692020 rev sg-vel=2.040000 rps sg-acc=-10.000000 rps2

[INFO] hw.pins: Pin step.fb set to 3.694055 (was 3.6920200000000003)
Pin step.fb set to 3.694055 (was 3.6920200000000003)
[INFO] hw.stepgen: =human= stepgen sg-cmd-pos=3.900000 rev sg-fb-pos=3.694055 rev sg-vel=2.030000 rps sg-acc=-10.000000 rps2

=human= stepgen sg-cmd-pos=3.900000 rev sg-fb-pos=3.694055 rev sg-vel=2.030000 rps sg-acc=-10.000000 rps2

[INFO] hw.pins: Pin step.fb set to 3.6960800000000003 (was 3.694055)
Pin step.fb set to 3.6960800000000003 (was 3.694055)
[INFO] hw.stepgen: =human= stepgen sg-cmd-pos=3.900000 rev sg-fb-pos=3.696080 rev sg-vel=2.020000 rps sg-acc=-10.000000 rps2

=human= stepgen sg-cmd-pos=3.900000 rev sg-fb-pos=3.696080 rev sg-vel=2.020000 rps sg-acc=-10.000000 rps2

[INFO] hw.pins: Pin step.fb set to 3.6980950000000004 (was 3.6960800000000003)
Pin step.fb set to 3.6980950000000004 (was 3.6960800000000003)
[INFO] hw.stepgen: =human= stepgen sg-cmd-pos=3.900000 rev sg-fb-pos=3.698095 rev sg-vel=2.010000 rps sg-acc=-10.000000 rps2

=human= stepgen sg-cmd-pos=3.900000 rev sg-fb-pos=3.698095 rev sg-vel=2.010000 rps sg-acc=-10.000000 rps2

[INFO] hw.pins: Pin step.fb set to 3.7001000000000004 (was 3.6980950000000004)
Pin step.fb set to 3.7001000000000004 (was 3.6980950000000004)
[INFO] hw.stepgen: =human= stepgen sg-cmd-pos=3.900000 rev sg-fb-pos=3.700100 rev sg-vel=2.000000 rps sg-acc=-10.000000 rps2

=human= stepgen sg-cmd-pos=3.900000 rev sg-fb-pos=3.700100 rev sg-vel=2.000000 rps sg-acc=-10.000000 rps2

[INFO] hw.pins: Pin step.fb set to 3.7020950000000004 (was 3.7001000000000004)
Pin step.fb set to 3.7020950000000004 (was 3.7001000000000004)
[INFO] hw.stepgen: =human= stepgen sg-cmd-pos=3.900000 rev sg-fb-pos=3.702095 rev sg-vel=1.990000 rps sg-acc=-10.000000 rps2

=human= stepgen sg-cmd-pos=3.900000 rev sg-fb-pos=3.702095 rev sg-vel=1.990000 rps sg-acc=-10.000000 rps2

[INFO] hw.pins: Pin step.fb set to 3.7040800000000003 (was 3.7020950000000004)
Pin step.fb set to 3.7040800000000003 (was 3.7020950000000004)
[INFO] hw.stepgen: =human= stepgen sg-cmd-pos=3.900000 rev sg-fb-pos=3.704080 rev sg-vel=1.980000 rps sg-acc=-10.000000 rps2

=human= stepgen sg-cmd-pos=3.900000 rev sg-fb-pos=3.704080 rev sg-vel=1.980000 rps sg-acc=-10.000000 rps2

[INFO] hw.pins: Pin step.fb set to 3.706055 (was 3.7040800000000003)
Pin step.fb set to 3.706055 (was 3.7040800000000003)
[INFO] hw.stepgen: =human= stepgen sg-cmd-pos=3.900000 rev sg-fb-pos=3.706055 rev sg-vel=1.970000 rps sg-acc=-10.000000 rps2

=human= stepgen sg-cmd-pos=3.900000 rev sg-fb-pos=3.706055 rev sg-vel=1.970000 rps sg-acc=-10.000000 rps2

[INFO] hw.pins: Pin step.fb set to 3.7080200000000003 (was 3.706055)
Pin step.fb set to 3.7080200000000003 (was 3.706055)
[INFO] hw.stepgen: =human= stepgen sg-cmd-pos=3.900000 rev sg-fb-pos=3.708020 rev sg-vel=1.960000 rps sg-acc=-10.000000 rps2

=human= stepgen sg-cmd-pos=3.900000 rev sg-fb-pos=3.708020 rev sg-vel=1.960000 rps sg-acc=-10.000000 rps2

[INFO] hw.pins: Pin step.fb set to 3.7099750000000005 (was 3.7080200000000003)
Pin step.fb set to 3.7099750000000005 (was 3.7080200000000003)
[INFO] hw.stepgen: =human= stepgen sg-cmd-pos=3.900000 rev sg-fb-pos=3.709975 rev sg-vel=1.950000 rps sg-acc=-10.000000 rps2

=human= stepgen sg-cmd-pos=3.900000 rev sg-fb-pos=3.709975 rev sg-vel=1.950000 rps sg-acc=-10.000000 rps2

[INFO] hw.pins: Pin step.fb set to 3.7119200000000006 (was 3.7099750000000005)
Pin step.fb set to 3.7119200000000006 (was 3.7099750000000005)
[INFO] hw.stepgen: =human= stepgen sg-cmd-pos=3.900000 rev sg-fb-pos=3.711920 rev sg-vel=1.940000 rps sg-acc=-10.000000 rps2

=human= stepgen sg-cmd-pos=3.900000 rev sg-fb-pos=3.711920 rev sg-vel=1.940000 rps sg-acc=-10.000000 rps2

[INFO] hw.pins: Pin step.fb set to 3.7138550000000006 (was 3.7119200000000006)
Pin step.fb set to 3.7138550000000006 (was 3.7119200000000006)
[INFO] hw.stepgen: =human= stepgen sg-cmd-pos=3.900000 rev sg-fb-pos=3.713855 rev sg-vel=1.930000 rps sg-acc=-10.000000 rps2

=human= stepgen sg-cmd-pos=3.900000 rev sg-fb-pos=3.713855 rev sg-vel=1.930000 rps sg-acc=-10.000000 rps2

[INFO] hw.pins: Pin step.fb set to 3.7157800000000005 (was 3.7138550000000006)
Pin step.fb set to 3.7157800000000005 (was 3.7138550000000006)
[INFO] hw.stepgen: =human= stepgen sg-cmd-pos=3.900000 rev sg-fb-pos=3.715780 rev sg-vel=1.920000 rps sg-acc=-10.000000 rps2

=human= stepgen sg-cmd-pos=3.900000 rev sg-fb-pos=3.715780 rev sg-vel=1.920000 rps sg-acc=-10.000000 rps2

[INFO] hw.pins: Pin step.fb set to 3.7176950000000004 (was 3.7157800000000005)
Pin step.fb set to 3.7176950000000004 (was 3.7157800000000005)
[INFO] hw.stepgen: =human= stepgen sg-cmd-pos=3.900000 rev sg-fb-pos=3.717695 rev sg-vel=1.910000 rps sg-acc=-10.000000 rps2

=human= stepgen sg-cmd-pos=3.900000 rev sg-fb-pos=3.717695 rev sg-vel=1.910000 rps sg-acc=-10.000000 rps2

[INFO] hw.pins: Pin step.fb set to 3.7196000000000002 (was 3.7176950000000004)
Pin step.fb set to 3.7196000000000002 (was 3.7176950000000004)
[INFO] hw.stepgen: =human= stepgen sg-cmd-pos=3.900000 rev sg-fb-pos=3.719600 rev sg-vel=1.900000 rps sg-acc=-10.000000 rps2

=human= stepgen sg-cmd-pos=3.900000 rev sg-fb-pos=3.719600 rev sg-vel=1.900000 rps sg-acc=-10.000000 rps2

[INFO] hw.pins: Pin step.fb set to 3.7214950000000004 (was 3.7196000000000002)
Pin step.fb set to 3.7214950000000004 (was 3.7196000000000002)
[INFO] hw.stepgen: =human= stepgen sg-cmd-pos=3.900000 rev sg-fb-pos=3.721495 rev sg-vel=1.890000 rps sg-acc=-10.000000 rps2

=human= stepgen sg-cmd-pos=3.900000 rev sg-fb-pos=3.721495 rev sg-vel=1.890000 rps sg-acc=-10.000000 rps2

[INFO] hw.pins: Pin step.fb set to 3.7233800000000006 (was 3.7214950000000004)
Pin step.fb set to 3.7233800000000006 (was 3.7214950000000004)
[INFO] hw.stepgen: =human= stepgen sg-cmd-pos=3.900000 rev sg-fb-pos=3.723380 rev sg-vel=1.880000 rps sg-acc=-10.000000 rps2

=human= stepgen sg-cmd-pos=3.900000 rev sg-fb-pos=3.723380 rev sg-vel=1.880000 rps sg-acc=-10.000000 rps2

[INFO] hw.pins: Pin step.fb set to 3.7252550000000006 (was 3.7233800000000006)
Pin step.fb set to 3.7252550000000006 (was 3.7233800000000006)
[INFO] hw.stepgen: =human= stepgen sg-cmd-pos=3.900000 rev sg-fb-pos=3.725255 rev sg-vel=1.870000 rps sg-acc=-10.000000 rps2

=human= stepgen sg-cmd-pos=3.900000 rev sg-fb-pos=3.725255 rev sg-vel=1.870000 rps sg-acc=-10.000000 rps2

[INFO] hw.pins: Pin step.fb set to 3.7271200000000007 (was 3.7252550000000006)
Pin step.fb set to 3.7271200000000007 (was 3.7252550000000006)
[INFO] hw.stepgen: =human= stepgen sg-cmd-pos=3.900000 rev sg-fb-pos=3.727120 rev sg-vel=1.860000 rps sg-acc=-10.000000 rps2

=human= stepgen sg-cmd-pos=3.900000 rev sg-fb-pos=3.727120 rev sg-vel=1.860000 rps sg-acc=-10.000000 rps2

PASSED
tests/test_stepgen_sim.py::test_feedback_toggle_controls_output 
-------------------------------- live log setup --------------------------------
=human= test name=test_feedback_toggle_controls_output event=start
[INFO] hw.pins: Pin step.cmd set to 1.0 (was 0)
-------------------------------- live log call ---------------------------------
Pin step.cmd set to 1.0 (was 0)
[INFO] hw.stepgen: =human= stepgen sg-cmd-pos=1.000000 rev sg-fb-pos=1.000000 rev sg-vel=0.000000 rps sg-acc=0.000000 rps2

=human= stepgen sg-cmd-pos=1.000000 rev sg-fb-pos=1.000000 rev sg-vel=0.000000 rps sg-acc=0.000000 rps2

[INFO] hw.stepgen: =human= stepgen sg-cmd-pos=1.000000 rev sg-fb-pos=1.000000 rev sg-vel=0.000000 rps sg-acc=0.000000 rps2

=human= stepgen sg-cmd-pos=1.000000 rev sg-fb-pos=1.000000 rev sg-vel=0.000000 rps sg-acc=0.000000 rps2

[INFO] hw.stepgen: =human= stepgen sg-cmd-pos=1.000000 rev sg-fb-pos=1.000000 rev sg-vel=0.000000 rps sg-acc=0.000000 rps2

=human= stepgen sg-cmd-pos=1.000000 rev sg-fb-pos=1.000000 rev sg-vel=0.000000 rps sg-acc=0.000000 rps2

[INFO] hw.stepgen: =human= stepgen sg-cmd-pos=1.000000 rev sg-fb-pos=1.000000 rev sg-vel=0.000000 rps sg-acc=0.000000 rps2

=human= stepgen sg-cmd-pos=1.000000 rev sg-fb-pos=1.000000 rev sg-vel=0.000000 rps sg-acc=0.000000 rps2

[INFO] hw.stepgen: =human= stepgen sg-cmd-pos=1.000000 rev sg-fb-pos=1.000000 rev sg-vel=0.000000 rps sg-acc=0.000000 rps2

=human= stepgen sg-cmd-pos=1.000000 rev sg-fb-pos=1.000000 rev sg-vel=0.000000 rps sg-acc=0.000000 rps2

[INFO] hw.stepgen: =human= stepgen sg-cmd-pos=1.000000 rev sg-fb-pos=1.000000 rev sg-vel=0.000000 rps sg-acc=0.000000 rps2

=human= stepgen sg-cmd-pos=1.000000 rev sg-fb-pos=1.000000 rev sg-vel=0.000000 rps sg-acc=0.000000 rps2

[INFO] hw.stepgen: =human= stepgen sg-cmd-pos=1.000000 rev sg-fb-pos=1.000000 rev sg-vel=0.000000 rps sg-acc=0.000000 rps2

=human= stepgen sg-cmd-pos=1.000000 rev sg-fb-pos=1.000000 rev sg-vel=0.000000 rps sg-acc=0.000000 rps2

[INFO] hw.stepgen: =human= stepgen sg-cmd-pos=1.000000 rev sg-fb-pos=1.000000 rev sg-vel=0.000000 rps sg-acc=0.000000 rps2

=human= stepgen sg-cmd-pos=1.000000 rev sg-fb-pos=1.000000 rev sg-vel=0.000000 rps sg-acc=0.000000 rps2

[INFO] hw.stepgen: =human= stepgen sg-cmd-pos=1.000000 rev sg-fb-pos=1.000000 rev sg-vel=0.000000 rps sg-acc=0.000000 rps2

=human= stepgen sg-cmd-pos=1.000000 rev sg-fb-pos=1.000000 rev sg-vel=0.000000 rps sg-acc=0.000000 rps2

[INFO] hw.stepgen: =human= stepgen sg-cmd-pos=1.000000 rev sg-fb-pos=1.000000 rev sg-vel=0.000000 rps sg-acc=0.000000 rps2

=human= stepgen sg-cmd-pos=1.000000 rev sg-fb-pos=1.000000 rev sg-vel=0.000000 rps sg-acc=0.000000 rps2

[INFO] hw.stepgen: =human= stepgen sg-cmd-pos=1.000000 rev sg-fb-pos=1.000000 rev sg-vel=0.000000 rps sg-acc=0.000000 rps2

=human= stepgen sg-cmd-pos=1.000000 rev sg-fb-pos=1.000000 rev sg-vel=0.000000 rps sg-acc=0.000000 rps2

[INFO] hw.stepgen: =human= stepgen sg-cmd-pos=1.000000 rev sg-fb-pos=1.000000 rev sg-vel=0.000000 rps sg-acc=0.000000 rps2

=human= stepgen sg-cmd-pos=1.000000 rev sg-fb-pos=1.000000 rev sg-vel=0.000000 rps sg-acc=0.000000 rps2

[INFO] hw.stepgen: =human= stepgen sg-cmd-pos=1.000000 rev sg-fb-pos=1.000000 rev sg-vel=0.000000 rps sg-acc=0.000000 rps2

=human= stepgen sg-cmd-pos=1.000000 rev sg-fb-pos=1.000000 rev sg-vel=0.000000 rps sg-acc=0.000000 rps2

[INFO] hw.stepgen: =human= stepgen sg-cmd-pos=1.000000 rev sg-fb-pos=1.000000 rev sg-vel=0.000000 rps sg-acc=0.000000 rps2

=human= stepgen sg-cmd-pos=1.000000 rev sg-fb-pos=1.000000 rev sg-vel=0.000000 rps sg-acc=0.000000 rps2

[INFO] hw.stepgen: =human= stepgen sg-cmd-pos=1.000000 rev sg-fb-pos=1.000000 rev sg-vel=0.000000 rps sg-acc=0.000000 rps2

=human= stepgen sg-cmd-pos=1.000000 rev sg-fb-pos=1.000000 rev sg-vel=0.000000 rps sg-acc=0.000000 rps2

[INFO] hw.stepgen: =human= stepgen sg-cmd-pos=1.000000 rev sg-fb-pos=1.000000 rev sg-vel=0.000000 rps sg-acc=0.000000 rps2

=human= stepgen sg-cmd-pos=1.000000 rev sg-fb-pos=1.000000 rev sg-vel=0.000000 rps sg-acc=0.000000 rps2

[INFO] hw.stepgen: =human= stepgen sg-cmd-pos=1.000000 rev sg-fb-pos=1.000000 rev sg-vel=0.000000 rps sg-acc=0.000000 rps2

=human= stepgen sg-cmd-pos=1.000000 rev sg-fb-pos=1.000000 rev sg-vel=0.000000 rps sg-acc=0.000000 rps2

[INFO] hw.stepgen: =human= stepgen sg-cmd-pos=1.000000 rev sg-fb-pos=1.000000 rev sg-vel=0.000000 rps sg-acc=0.000000 rps2

=human= stepgen sg-cmd-pos=1.000000 rev sg-fb-pos=1.000000 rev sg-vel=0.000000 rps sg-acc=0.000000 rps2

[INFO] hw.stepgen: =human= stepgen sg-cmd-pos=1.000000 rev sg-fb-pos=1.000000 rev sg-vel=0.000000 rps sg-acc=0.000000 rps2

=human= stepgen sg-cmd-pos=1.000000 rev sg-fb-pos=1.000000 rev sg-vel=0.000000 rps sg-acc=0.000000 rps2

[INFO] hw.stepgen: =human= stepgen sg-cmd-pos=1.000000 rev sg-fb-pos=1.000000 rev sg-vel=0.000000 rps sg-acc=0.000000 rps2

=human= stepgen sg-cmd-pos=1.000000 rev sg-fb-pos=1.000000 rev sg-vel=0.000000 rps sg-acc=0.000000 rps2

[INFO] hw.stepgen: =human= stepgen sg-cmd-pos=1.000000 rev sg-fb-pos=1.000000 rev sg-vel=0.000000 rps sg-acc=0.000000 rps2

=human= stepgen sg-cmd-pos=1.000000 rev sg-fb-pos=1.000000 rev sg-vel=0.000000 rps sg-acc=0.000000 rps2

[INFO] hw.stepgen: =human= stepgen sg-cmd-pos=1.000000 rev sg-fb-pos=1.000000 rev sg-vel=0.000000 rps sg-acc=0.000000 rps2

=human= stepgen sg-cmd-pos=1.000000 rev sg-fb-pos=1.000000 rev sg-vel=0.000000 rps sg-acc=0.000000 rps2

[INFO] hw.stepgen: =human= stepgen sg-cmd-pos=1.000000 rev sg-fb-pos=1.000000 rev sg-vel=0.000000 rps sg-acc=0.000000 rps2

=human= stepgen sg-cmd-pos=1.000000 rev sg-fb-pos=1.000000 rev sg-vel=0.000000 rps sg-acc=0.000000 rps2

[INFO] hw.stepgen: =human= stepgen sg-cmd-pos=1.000000 rev sg-fb-pos=1.000000 rev sg-vel=0.000000 rps sg-acc=0.000000 rps2

=human= stepgen sg-cmd-pos=1.000000 rev sg-fb-pos=1.000000 rev sg-vel=0.000000 rps sg-acc=0.000000 rps2

[INFO] hw.stepgen: =human= stepgen sg-cmd-pos=1.000000 rev sg-fb-pos=1.000000 rev sg-vel=0.000000 rps sg-acc=0.000000 rps2

=human= stepgen sg-cmd-pos=1.000000 rev sg-fb-pos=1.000000 rev sg-vel=0.000000 rps sg-acc=0.000000 rps2

[INFO] hw.stepgen: =human= stepgen sg-cmd-pos=1.000000 rev sg-fb-pos=1.000000 rev sg-vel=0.000000 rps sg-acc=0.000000 rps2

=human= stepgen sg-cmd-pos=1.000000 rev sg-fb-pos=1.000000 rev sg-vel=0.000000 rps sg-acc=0.000000 rps2

[INFO] hw.stepgen: =human= stepgen sg-cmd-pos=1.000000 rev sg-fb-pos=1.000000 rev sg-vel=0.000000 rps sg-acc=0.000000 rps2

=human= stepgen sg-cmd-pos=1.000000 rev sg-fb-pos=1.000000 rev sg-vel=0.000000 rps sg-acc=0.000000 rps2

[INFO] hw.stepgen: =human= stepgen sg-cmd-pos=1.000000 rev sg-fb-pos=1.000000 rev sg-vel=0.000000 rps sg-acc=0.000000 rps2

=human= stepgen sg-cmd-pos=1.000000 rev sg-fb-pos=1.000000 rev sg-vel=0.000000 rps sg-acc=0.000000 rps2

[INFO] hw.stepgen: =human= stepgen sg-cmd-pos=1.000000 rev sg-fb-pos=1.000000 rev sg-vel=0.000000 rps sg-acc=0.000000 rps2

=human= stepgen sg-cmd-pos=1.000000 rev sg-fb-pos=1.000000 rev sg-vel=0.000000 rps sg-acc=0.000000 rps2

[INFO] hw.stepgen: =human= stepgen sg-cmd-pos=1.000000 rev sg-fb-pos=1.000000 rev sg-vel=0.000000 rps sg-acc=0.000000 rps2

=human= stepgen sg-cmd-pos=1.000000 rev sg-fb-pos=1.000000 rev sg-vel=0.000000 rps sg-acc=0.000000 rps2

[INFO] hw.stepgen: =human= stepgen sg-cmd-pos=1.000000 rev sg-fb-pos=1.000000 rev sg-vel=0.000000 rps sg-acc=0.000000 rps2

=human= stepgen sg-cmd-pos=1.000000 rev sg-fb-pos=1.000000 rev sg-vel=0.000000 rps sg-acc=0.000000 rps2

[INFO] hw.stepgen: =human= stepgen sg-cmd-pos=1.000000 rev sg-fb-pos=1.000000 rev sg-vel=0.000000 rps sg-acc=0.000000 rps2

=human= stepgen sg-cmd-pos=1.000000 rev sg-fb-pos=1.000000 rev sg-vel=0.000000 rps sg-acc=0.000000 rps2

[INFO] hw.stepgen: =human= stepgen sg-cmd-pos=1.000000 rev sg-fb-pos=1.000000 rev sg-vel=0.000000 rps sg-acc=0.000000 rps2

=human= stepgen sg-cmd-pos=1.000000 rev sg-fb-pos=1.000000 rev sg-vel=0.000000 rps sg-acc=0.000000 rps2

[INFO] hw.stepgen: =human= stepgen sg-cmd-pos=1.000000 rev sg-fb-pos=1.000000 rev sg-vel=0.000000 rps sg-acc=0.000000 rps2

=human= stepgen sg-cmd-pos=1.000000 rev sg-fb-pos=1.000000 rev sg-vel=0.000000 rps sg-acc=0.000000 rps2

[INFO] hw.stepgen: =human= stepgen sg-cmd-pos=1.000000 rev sg-fb-pos=1.000000 rev sg-vel=0.000000 rps sg-acc=0.000000 rps2

=human= stepgen sg-cmd-pos=1.000000 rev sg-fb-pos=1.000000 rev sg-vel=0.000000 rps sg-acc=0.000000 rps2

[INFO] hw.stepgen: =human= stepgen sg-cmd-pos=1.000000 rev sg-fb-pos=1.000000 rev sg-vel=0.000000 rps sg-acc=0.000000 rps2

=human= stepgen sg-cmd-pos=1.000000 rev sg-fb-pos=1.000000 rev sg-vel=0.000000 rps sg-acc=0.000000 rps2

[INFO] hw.stepgen: =human= stepgen sg-cmd-pos=1.000000 rev sg-fb-pos=1.000000 rev sg-vel=0.000000 rps sg-acc=0.000000 rps2

=human= stepgen sg-cmd-pos=1.000000 rev sg-fb-pos=1.000000 rev sg-vel=0.000000 rps sg-acc=0.000000 rps2

[INFO] hw.stepgen: =human= stepgen sg-cmd-pos=1.000000 rev sg-fb-pos=1.000000 rev sg-vel=0.000000 rps sg-acc=0.000000 rps2

=human= stepgen sg-cmd-pos=1.000000 rev sg-fb-pos=1.000000 rev sg-vel=0.000000 rps sg-acc=0.000000 rps2

[INFO] hw.stepgen: =human= stepgen sg-cmd-pos=1.000000 rev sg-fb-pos=1.000000 rev sg-vel=0.000000 rps sg-acc=0.000000 rps2

=human= stepgen sg-cmd-pos=1.000000 rev sg-fb-pos=1.000000 rev sg-vel=0.000000 rps sg-acc=0.000000 rps2

[INFO] hw.stepgen: =human= stepgen sg-cmd-pos=1.000000 rev sg-fb-pos=1.000000 rev sg-vel=0.000000 rps sg-acc=0.000000 rps2

=human= stepgen sg-cmd-pos=1.000000 rev sg-fb-pos=1.000000 rev sg-vel=0.000000 rps sg-acc=0.000000 rps2

[INFO] hw.stepgen: =human= stepgen sg-cmd-pos=1.000000 rev sg-fb-pos=1.000000 rev sg-vel=0.000000 rps sg-acc=0.000000 rps2

=human= stepgen sg-cmd-pos=1.000000 rev sg-fb-pos=1.000000 rev sg-vel=0.000000 rps sg-acc=0.000000 rps2

[INFO] hw.stepgen: =human= stepgen sg-cmd-pos=1.000000 rev sg-fb-pos=1.000000 rev sg-vel=0.000000 rps sg-acc=0.000000 rps2

=human= stepgen sg-cmd-pos=1.000000 rev sg-fb-pos=1.000000 rev sg-vel=0.000000 rps sg-acc=0.000000 rps2

[INFO] hw.stepgen: =human= stepgen sg-cmd-pos=1.000000 rev sg-fb-pos=1.000000 rev sg-vel=0.000000 rps sg-acc=0.000000 rps2

=human= stepgen sg-cmd-pos=1.000000 rev sg-fb-pos=1.000000 rev sg-vel=0.000000 rps sg-acc=0.000000 rps2

[INFO] hw.stepgen: =human= stepgen sg-cmd-pos=1.000000 rev sg-fb-pos=1.000000 rev sg-vel=0.000000 rps sg-acc=0.000000 rps2

=human= stepgen sg-cmd-pos=1.000000 rev sg-fb-pos=1.000000 rev sg-vel=0.000000 rps sg-acc=0.000000 rps2

[INFO] hw.stepgen: =human= stepgen sg-cmd-pos=1.000000 rev sg-fb-pos=1.000000 rev sg-vel=0.000000 rps sg-acc=0.000000 rps2

=human= stepgen sg-cmd-pos=1.000000 rev sg-fb-pos=1.000000 rev sg-vel=0.000000 rps sg-acc=0.000000 rps2

[INFO] hw.stepgen: =human= stepgen sg-cmd-pos=1.000000 rev sg-fb-pos=1.000000 rev sg-vel=0.000000 rps sg-acc=0.000000 rps2

=human= stepgen sg-cmd-pos=1.000000 rev sg-fb-pos=1.000000 rev sg-vel=0.000000 rps sg-acc=0.000000 rps2

[INFO] hw.stepgen: =human= stepgen sg-cmd-pos=1.000000 rev sg-fb-pos=1.000000 rev sg-vel=0.000000 rps sg-acc=0.000000 rps2

=human= stepgen sg-cmd-pos=1.000000 rev sg-fb-pos=1.000000 rev sg-vel=0.000000 rps sg-acc=0.000000 rps2

[INFO] hw.stepgen: =human= stepgen sg-cmd-pos=1.000000 rev sg-fb-pos=1.000000 rev sg-vel=0.000000 rps sg-acc=0.000000 rps2

=human= stepgen sg-cmd-pos=1.000000 rev sg-fb-pos=1.000000 rev sg-vel=0.000000 rps sg-acc=0.000000 rps2

[INFO] hw.stepgen: =human= stepgen sg-cmd-pos=1.000000 rev sg-fb-pos=1.000000 rev sg-vel=0.000000 rps sg-acc=0.000000 rps2

=human= stepgen sg-cmd-pos=1.000000 rev sg-fb-pos=1.000000 rev sg-vel=0.000000 rps sg-acc=0.000000 rps2

[INFO] hw.stepgen: =human= stepgen sg-cmd-pos=1.000000 rev sg-fb-pos=1.000000 rev sg-vel=0.000000 rps sg-acc=0.000000 rps2

=human= stepgen sg-cmd-pos=1.000000 rev sg-fb-pos=1.000000 rev sg-vel=0.000000 rps sg-acc=0.000000 rps2

[INFO] hw.stepgen: =human= stepgen sg-cmd-pos=1.000000 rev sg-fb-pos=1.000000 rev sg-vel=0.000000 rps sg-acc=0.000000 rps2

=human= stepgen sg-cmd-pos=1.000000 rev sg-fb-pos=1.000000 rev sg-vel=0.000000 rps sg-acc=0.000000 rps2

[INFO] hw.stepgen: =human= stepgen sg-cmd-pos=1.000000 rev sg-fb-pos=1.000000 rev sg-vel=0.000000 rps sg-acc=0.000000 rps2

=human= stepgen sg-cmd-pos=1.000000 rev sg-fb-pos=1.000000 rev sg-vel=0.000000 rps sg-acc=0.000000 rps2

[INFO] hw.stepgen: =human= stepgen sg-cmd-pos=1.000000 rev sg-fb-pos=1.000000 rev sg-vel=0.000000 rps sg-acc=0.000000 rps2

=human= stepgen sg-cmd-pos=1.000000 rev sg-fb-pos=1.000000 rev sg-vel=0.000000 rps sg-acc=0.000000 rps2

[INFO] hw.stepgen: =human= stepgen sg-cmd-pos=1.000000 rev sg-fb-pos=1.000000 rev sg-vel=0.000000 rps sg-acc=0.000000 rps2

=human= stepgen sg-cmd-pos=1.000000 rev sg-fb-pos=1.000000 rev sg-vel=0.000000 rps sg-acc=0.000000 rps2

[INFO] hw.stepgen: =human= stepgen sg-cmd-pos=1.000000 rev sg-fb-pos=1.000000 rev sg-vel=0.000000 rps sg-acc=0.000000 rps2

=human= stepgen sg-cmd-pos=1.000000 rev sg-fb-pos=1.000000 rev sg-vel=0.000000 rps sg-acc=0.000000 rps2

[INFO] hw.stepgen: =human= stepgen sg-cmd-pos=1.000000 rev sg-fb-pos=1.000000 rev sg-vel=0.000000 rps sg-acc=0.000000 rps2

=human= stepgen sg-cmd-pos=1.000000 rev sg-fb-pos=1.000000 rev sg-vel=0.000000 rps sg-acc=0.000000 rps2

[INFO] hw.stepgen: =human= stepgen sg-cmd-pos=1.000000 rev sg-fb-pos=1.000000 rev sg-vel=0.000000 rps sg-acc=0.000000 rps2

=human= stepgen sg-cmd-pos=1.000000 rev sg-fb-pos=1.000000 rev sg-vel=0.000000 rps sg-acc=0.000000 rps2

[INFO] hw.stepgen: =human= stepgen sg-cmd-pos=1.000000 rev sg-fb-pos=1.000000 rev sg-vel=0.000000 rps sg-acc=0.000000 rps2

=human= stepgen sg-cmd-pos=1.000000 rev sg-fb-pos=1.000000 rev sg-vel=0.000000 rps sg-acc=0.000000 rps2

[INFO] hw.stepgen: =human= stepgen sg-cmd-pos=1.000000 rev sg-fb-pos=1.000000 rev sg-vel=0.000000 rps sg-acc=0.000000 rps2

=human= stepgen sg-cmd-pos=1.000000 rev sg-fb-pos=1.000000 rev sg-vel=0.000000 rps sg-acc=0.000000 rps2

[INFO] hw.stepgen: =human= stepgen sg-cmd-pos=1.000000 rev sg-fb-pos=1.000000 rev sg-vel=0.000000 rps sg-acc=0.000000 rps2

=human= stepgen sg-cmd-pos=1.000000 rev sg-fb-pos=1.000000 rev sg-vel=0.000000 rps sg-acc=0.000000 rps2

[INFO] hw.stepgen: =human= stepgen sg-cmd-pos=1.000000 rev sg-fb-pos=1.000000 rev sg-vel=0.000000 rps sg-acc=0.000000 rps2

=human= stepgen sg-cmd-pos=1.000000 rev sg-fb-pos=1.000000 rev sg-vel=0.000000 rps sg-acc=0.000000 rps2

[INFO] hw.stepgen: =human= stepgen sg-cmd-pos=1.000000 rev sg-fb-pos=1.000000 rev sg-vel=0.000000 rps sg-acc=0.000000 rps2

=human= stepgen sg-cmd-pos=1.000000 rev sg-fb-pos=1.000000 rev sg-vel=0.000000 rps sg-acc=0.000000 rps2

[INFO] hw.stepgen: =human= stepgen sg-cmd-pos=1.000000 rev sg-fb-pos=1.000000 rev sg-vel=0.000000 rps sg-acc=0.000000 rps2

=human= stepgen sg-cmd-pos=1.000000 rev sg-fb-pos=1.000000 rev sg-vel=0.000000 rps sg-acc=0.000000 rps2

[INFO] hw.stepgen: =human= stepgen sg-cmd-pos=1.000000 rev sg-fb-pos=1.000000 rev sg-vel=0.000000 rps sg-acc=0.000000 rps2

=human= stepgen sg-cmd-pos=1.000000 rev sg-fb-pos=1.000000 rev sg-vel=0.000000 rps sg-acc=0.000000 rps2

[INFO] hw.stepgen: =human= stepgen sg-cmd-pos=1.000000 rev sg-fb-pos=1.000000 rev sg-vel=0.000000 rps sg-acc=0.000000 rps2

=human= stepgen sg-cmd-pos=1.000000 rev sg-fb-pos=1.000000 rev sg-vel=0.000000 rps sg-acc=0.000000 rps2

[INFO] hw.stepgen: =human= stepgen sg-cmd-pos=1.000000 rev sg-fb-pos=1.000000 rev sg-vel=0.000000 rps sg-acc=0.000000 rps2

=human= stepgen sg-cmd-pos=1.000000 rev sg-fb-pos=1.000000 rev sg-vel=0.000000 rps sg-acc=0.000000 rps2

[INFO] hw.stepgen: =human= stepgen sg-cmd-pos=1.000000 rev sg-fb-pos=1.000000 rev sg-vel=0.000000 rps sg-acc=0.000000 rps2

=human= stepgen sg-cmd-pos=1.000000 rev sg-fb-pos=1.000000 rev sg-vel=0.000000 rps sg-acc=0.000000 rps2

[INFO] hw.stepgen: =human= stepgen sg-cmd-pos=1.000000 rev sg-fb-pos=1.000000 rev sg-vel=0.000000 rps sg-acc=0.000000 rps2

=human= stepgen sg-cmd-pos=1.000000 rev sg-fb-pos=1.000000 rev sg-vel=0.000000 rps sg-acc=0.000000 rps2

[INFO] hw.stepgen: =human= stepgen sg-cmd-pos=1.000000 rev sg-fb-pos=1.000000 rev sg-vel=0.000000 rps sg-acc=0.000000 rps2

=human= stepgen sg-cmd-pos=1.000000 rev sg-fb-pos=1.000000 rev sg-vel=0.000000 rps sg-acc=0.000000 rps2

[INFO] hw.stepgen: =human= stepgen sg-cmd-pos=1.000000 rev sg-fb-pos=1.000000 rev sg-vel=0.000000 rps sg-acc=0.000000 rps2

=human= stepgen sg-cmd-pos=1.000000 rev sg-fb-pos=1.000000 rev sg-vel=0.000000 rps sg-acc=0.000000 rps2

[INFO] hw.stepgen: =human= stepgen sg-cmd-pos=1.000000 rev sg-fb-pos=1.000000 rev sg-vel=0.000000 rps sg-acc=0.000000 rps2

=human= stepgen sg-cmd-pos=1.000000 rev sg-fb-pos=1.000000 rev sg-vel=0.000000 rps sg-acc=0.000000 rps2

[INFO] hw.stepgen: =human= stepgen sg-cmd-pos=1.000000 rev sg-fb-pos=1.000000 rev sg-vel=0.000000 rps sg-acc=0.000000 rps2

=human= stepgen sg-cmd-pos=1.000000 rev sg-fb-pos=1.000000 rev sg-vel=0.000000 rps sg-acc=0.000000 rps2

[INFO] hw.stepgen: =human= stepgen sg-cmd-pos=1.000000 rev sg-fb-pos=1.000000 rev sg-vel=0.000000 rps sg-acc=0.000000 rps2

=human= stepgen sg-cmd-pos=1.000000 rev sg-fb-pos=1.000000 rev sg-vel=0.000000 rps sg-acc=0.000000 rps2

[INFO] hw.stepgen: =human= stepgen sg-cmd-pos=1.000000 rev sg-fb-pos=1.000000 rev sg-vel=0.000000 rps sg-acc=0.000000 rps2

=human= stepgen sg-cmd-pos=1.000000 rev sg-fb-pos=1.000000 rev sg-vel=0.000000 rps sg-acc=0.000000 rps2

[INFO] hw.stepgen: =human= stepgen sg-cmd-pos=1.000000 rev sg-fb-pos=1.000000 rev sg-vel=0.000000 rps sg-acc=0.000000 rps2

=human= stepgen sg-cmd-pos=1.000000 rev sg-fb-pos=1.000000 rev sg-vel=0.000000 rps sg-acc=0.000000 rps2

[INFO] hw.stepgen: =human= stepgen sg-cmd-pos=1.000000 rev sg-fb-pos=1.000000 rev sg-vel=0.000000 rps sg-acc=0.000000 rps2

=human= stepgen sg-cmd-pos=1.000000 rev sg-fb-pos=1.000000 rev sg-vel=0.000000 rps sg-acc=0.000000 rps2

[INFO] hw.stepgen: =human= stepgen sg-cmd-pos=1.000000 rev sg-fb-pos=1.000000 rev sg-vel=0.000000 rps sg-acc=0.000000 rps2

=human= stepgen sg-cmd-pos=1.000000 rev sg-fb-pos=1.000000 rev sg-vel=0.000000 rps sg-acc=0.000000 rps2

[INFO] hw.stepgen: =human= stepgen sg-cmd-pos=1.000000 rev sg-fb-pos=1.000000 rev sg-vel=0.000000 rps sg-acc=0.000000 rps2

=human= stepgen sg-cmd-pos=1.000000 rev sg-fb-pos=1.000000 rev sg-vel=0.000000 rps sg-acc=0.000000 rps2

[INFO] hw.stepgen: =human= stepgen sg-cmd-pos=1.000000 rev sg-fb-pos=1.000000 rev sg-vel=0.000000 rps sg-acc=0.000000 rps2

=human= stepgen sg-cmd-pos=1.000000 rev sg-fb-pos=1.000000 rev sg-vel=0.000000 rps sg-acc=0.000000 rps2

[INFO] hw.stepgen: =human= stepgen sg-cmd-pos=1.000000 rev sg-fb-pos=1.000000 rev sg-vel=0.000000 rps sg-acc=0.000000 rps2

=human= stepgen sg-cmd-pos=1.000000 rev sg-fb-pos=1.000000 rev sg-vel=0.000000 rps sg-acc=0.000000 rps2

[INFO] hw.stepgen: =human= stepgen sg-cmd-pos=1.000000 rev sg-fb-pos=1.000000 rev sg-vel=0.000000 rps sg-acc=0.000000 rps2

=human= stepgen sg-cmd-pos=1.000000 rev sg-fb-pos=1.000000 rev sg-vel=0.000000 rps sg-acc=0.000000 rps2

[INFO] hw.stepgen: =human= stepgen sg-cmd-pos=1.000000 rev sg-fb-pos=1.000000 rev sg-vel=0.000000 rps sg-acc=0.000000 rps2

=human= stepgen sg-cmd-pos=1.000000 rev sg-fb-pos=1.000000 rev sg-vel=0.000000 rps sg-acc=0.000000 rps2

[INFO] hw.stepgen: =human= stepgen sg-cmd-pos=1.000000 rev sg-fb-pos=1.000000 rev sg-vel=0.000000 rps sg-acc=0.000000 rps2

=human= stepgen sg-cmd-pos=1.000000 rev sg-fb-pos=1.000000 rev sg-vel=0.000000 rps sg-acc=0.000000 rps2

[INFO] hw.stepgen: =human= stepgen sg-cmd-pos=1.000000 rev sg-fb-pos=1.000000 rev sg-vel=0.000000 rps sg-acc=0.000000 rps2

=human= stepgen sg-cmd-pos=1.000000 rev sg-fb-pos=1.000000 rev sg-vel=0.000000 rps sg-acc=0.000000 rps2

[INFO] hw.stepgen: =human= stepgen sg-cmd-pos=1.000000 rev sg-fb-pos=1.000000 rev sg-vel=0.000000 rps sg-acc=0.000000 rps2

=human= stepgen sg-cmd-pos=1.000000 rev sg-fb-pos=1.000000 rev sg-vel=0.000000 rps sg-acc=0.000000 rps2

[INFO] hw.stepgen: =human= stepgen sg-cmd-pos=1.000000 rev sg-fb-pos=1.000000 rev sg-vel=0.000000 rps sg-acc=0.000000 rps2

=human= stepgen sg-cmd-pos=1.000000 rev sg-fb-pos=1.000000 rev sg-vel=0.000000 rps sg-acc=0.000000 rps2

[INFO] hw.stepgen: =human= stepgen sg-cmd-pos=1.000000 rev sg-fb-pos=1.000000 rev sg-vel=0.000000 rps sg-acc=0.000000 rps2

=human= stepgen sg-cmd-pos=1.000000 rev sg-fb-pos=1.000000 rev sg-vel=0.000000 rps sg-acc=0.000000 rps2

[INFO] hw.stepgen: =human= stepgen sg-cmd-pos=1.000000 rev sg-fb-pos=1.000000 rev sg-vel=0.000000 rps sg-acc=0.000000 rps2

=human= stepgen sg-cmd-pos=1.000000 rev sg-fb-pos=1.000000 rev sg-vel=0.000000 rps sg-acc=0.000000 rps2

[INFO] hw.stepgen: =human= stepgen sg-cmd-pos=1.000000 rev sg-fb-pos=1.000000 rev sg-vel=0.000000 rps sg-acc=0.000000 rps2

=human= stepgen sg-cmd-pos=1.000000 rev sg-fb-pos=1.000000 rev sg-vel=0.000000 rps sg-acc=0.000000 rps2

[INFO] hw.stepgen: =human= stepgen sg-cmd-pos=1.000000 rev sg-fb-pos=1.000000 rev sg-vel=0.000000 rps sg-acc=0.000000 rps2

=human= stepgen sg-cmd-pos=1.000000 rev sg-fb-pos=1.000000 rev sg-vel=0.000000 rps sg-acc=0.000000 rps2

[INFO] hw.stepgen: =human= stepgen sg-cmd-pos=1.000000 rev sg-fb-pos=1.000000 rev sg-vel=0.000000 rps sg-acc=0.000000 rps2

=human= stepgen sg-cmd-pos=1.000000 rev sg-fb-pos=1.000000 rev sg-vel=0.000000 rps sg-acc=0.000000 rps2

[INFO] hw.stepgen: =human= stepgen sg-cmd-pos=1.000000 rev sg-fb-pos=1.000000 rev sg-vel=0.000000 rps sg-acc=0.000000 rps2

=human= stepgen sg-cmd-pos=1.000000 rev sg-fb-pos=1.000000 rev sg-vel=0.000000 rps sg-acc=0.000000 rps2

[INFO] hw.stepgen: =human= stepgen sg-cmd-pos=1.000000 rev sg-fb-pos=1.000000 rev sg-vel=0.000000 rps sg-acc=0.000000 rps2

=human= stepgen sg-cmd-pos=1.000000 rev sg-fb-pos=1.000000 rev sg-vel=0.000000 rps sg-acc=0.000000 rps2

[INFO] hw.stepgen: =human= stepgen sg-cmd-pos=1.000000 rev sg-fb-pos=1.000000 rev sg-vel=0.000000 rps sg-acc=0.000000 rps2

=human= stepgen sg-cmd-pos=1.000000 rev sg-fb-pos=1.000000 rev sg-vel=0.000000 rps sg-acc=0.000000 rps2

[INFO] hw.stepgen: =human= stepgen sg-cmd-pos=1.000000 rev sg-fb-pos=1.000000 rev sg-vel=0.000000 rps sg-acc=0.000000 rps2

=human= stepgen sg-cmd-pos=1.000000 rev sg-fb-pos=1.000000 rev sg-vel=0.000000 rps sg-acc=0.000000 rps2

[INFO] hw.stepgen: =human= stepgen sg-cmd-pos=1.000000 rev sg-fb-pos=1.000000 rev sg-vel=0.000000 rps sg-acc=0.000000 rps2

=human= stepgen sg-cmd-pos=1.000000 rev sg-fb-pos=1.000000 rev sg-vel=0.000000 rps sg-acc=0.000000 rps2

[INFO] hw.stepgen: =human= stepgen sg-cmd-pos=1.000000 rev sg-fb-pos=1.000000 rev sg-vel=0.000000 rps sg-acc=0.000000 rps2

=human= stepgen sg-cmd-pos=1.000000 rev sg-fb-pos=1.000000 rev sg-vel=0.000000 rps sg-acc=0.000000 rps2

[INFO] hw.stepgen: =human= stepgen sg-cmd-pos=1.000000 rev sg-fb-pos=1.000000 rev sg-vel=0.000000 rps sg-acc=0.000000 rps2

=human= stepgen sg-cmd-pos=1.000000 rev sg-fb-pos=1.000000 rev sg-vel=0.000000 rps sg-acc=0.000000 rps2

[INFO] hw.stepgen: =human= stepgen sg-cmd-pos=1.000000 rev sg-fb-pos=1.000000 rev sg-vel=0.000000 rps sg-acc=0.000000 rps2

=human= stepgen sg-cmd-pos=1.000000 rev sg-fb-pos=1.000000 rev sg-vel=0.000000 rps sg-acc=0.000000 rps2

[INFO] hw.stepgen: =human= stepgen sg-cmd-pos=1.000000 rev sg-fb-pos=1.000000 rev sg-vel=0.000000 rps sg-acc=0.000000 rps2

=human= stepgen sg-cmd-pos=1.000000 rev sg-fb-pos=1.000000 rev sg-vel=0.000000 rps sg-acc=0.000000 rps2

[INFO] hw.pins: Pin step.fb set to 1.0 (was 0)
Pin step.fb set to 1.0 (was 0)
[INFO] hw.stepgen: =human= stepgen sg-cmd-pos=1.000000 rev sg-fb-pos=1.000000 rev sg-vel=0.000000 rps sg-acc=0.000000 rps2

=human= stepgen sg-cmd-pos=1.000000 rev sg-fb-pos=1.000000 rev sg-vel=0.000000 rps sg-acc=0.000000 rps2

[INFO] hw.pins: Pin step.fb set to 1.0 (was 1.0)
Pin step.fb set to 1.0 (was 1.0)
[INFO] hw.stepgen: =human= stepgen sg-cmd-pos=1.000000 rev sg-fb-pos=1.000000 rev sg-vel=0.000000 rps sg-acc=0.000000 rps2

=human= stepgen sg-cmd-pos=1.000000 rev sg-fb-pos=1.000000 rev sg-vel=0.000000 rps sg-acc=0.000000 rps2

[INFO] hw.pins: Pin step.fb set to 1.0 (was 1.0)
Pin step.fb set to 1.0 (was 1.0)
[INFO] hw.stepgen: =human= stepgen sg-cmd-pos=1.000000 rev sg-fb-pos=1.000000 rev sg-vel=0.000000 rps sg-acc=0.000000 rps2

=human= stepgen sg-cmd-pos=1.000000 rev sg-fb-pos=1.000000 rev sg-vel=0.000000 rps sg-acc=0.000000 rps2

[INFO] hw.pins: Pin step.fb set to 1.0 (was 1.0)
Pin step.fb set to 1.0 (was 1.0)
[INFO] hw.stepgen: =human= stepgen sg-cmd-pos=1.000000 rev sg-fb-pos=1.000000 rev sg-vel=0.000000 rps sg-acc=0.000000 rps2

=human= stepgen sg-cmd-pos=1.000000 rev sg-fb-pos=1.000000 rev sg-vel=0.000000 rps sg-acc=0.000000 rps2

[INFO] hw.pins: Pin step.fb set to 1.0 (was 1.0)
Pin step.fb set to 1.0 (was 1.0)
[INFO] hw.stepgen: =human= stepgen sg-cmd-pos=1.000000 rev sg-fb-pos=1.000000 rev sg-vel=0.000000 rps sg-acc=0.000000 rps2

=human= stepgen sg-cmd-pos=1.000000 rev sg-fb-pos=1.000000 rev sg-vel=0.000000 rps sg-acc=0.000000 rps2

[INFO] hw.pins: Pin step.fb set to 1.0 (was 1.0)
Pin step.fb set to 1.0 (was 1.0)
[INFO] hw.stepgen: =human= stepgen sg-cmd-pos=1.000000 rev sg-fb-pos=1.000000 rev sg-vel=0.000000 rps sg-acc=0.000000 rps2

=human= stepgen sg-cmd-pos=1.000000 rev sg-fb-pos=1.000000 rev sg-vel=0.000000 rps sg-acc=0.000000 rps2

[INFO] hw.pins: Pin step.fb set to 1.0 (was 1.0)
Pin step.fb set to 1.0 (was 1.0)
[INFO] hw.stepgen: =human= stepgen sg-cmd-pos=1.000000 rev sg-fb-pos=1.000000 rev sg-vel=0.000000 rps sg-acc=0.000000 rps2

=human= stepgen sg-cmd-pos=1.000000 rev sg-fb-pos=1.000000 rev sg-vel=0.000000 rps sg-acc=0.000000 rps2

[INFO] hw.pins: Pin step.fb set to 1.0 (was 1.0)
Pin step.fb set to 1.0 (was 1.0)
[INFO] hw.stepgen: =human= stepgen sg-cmd-pos=1.000000 rev sg-fb-pos=1.000000 rev sg-vel=0.000000 rps sg-acc=0.000000 rps2

=human= stepgen sg-cmd-pos=1.000000 rev sg-fb-pos=1.000000 rev sg-vel=0.000000 rps sg-acc=0.000000 rps2

[INFO] hw.pins: Pin step.fb set to 1.0 (was 1.0)
Pin step.fb set to 1.0 (was 1.0)
[INFO] hw.stepgen: =human= stepgen sg-cmd-pos=1.000000 rev sg-fb-pos=1.000000 rev sg-vel=0.000000 rps sg-acc=0.000000 rps2

=human= stepgen sg-cmd-pos=1.000000 rev sg-fb-pos=1.000000 rev sg-vel=0.000000 rps sg-acc=0.000000 rps2

[INFO] hw.pins: Pin step.fb set to 1.0 (was 1.0)
Pin step.fb set to 1.0 (was 1.0)
[INFO] hw.stepgen: =human= stepgen sg-cmd-pos=1.000000 rev sg-fb-pos=1.000000 rev sg-vel=0.000000 rps sg-acc=0.000000 rps2

=human= stepgen sg-cmd-pos=1.000000 rev sg-fb-pos=1.000000 rev sg-vel=0.000000 rps sg-acc=0.000000 rps2

[INFO] hw.pins: Pin step.fb set to 1.0 (was 1.0)
Pin step.fb set to 1.0 (was 1.0)
[INFO] hw.stepgen: =human= stepgen sg-cmd-pos=1.000000 rev sg-fb-pos=1.000000 rev sg-vel=0.000000 rps sg-acc=0.000000 rps2

=human= stepgen sg-cmd-pos=1.000000 rev sg-fb-pos=1.000000 rev sg-vel=0.000000 rps sg-acc=0.000000 rps2

[INFO] hw.pins: Pin step.fb set to 1.0 (was 1.0)
Pin step.fb set to 1.0 (was 1.0)
[INFO] hw.stepgen: =human= stepgen sg-cmd-pos=1.000000 rev sg-fb-pos=1.000000 rev sg-vel=0.000000 rps sg-acc=0.000000 rps2

=human= stepgen sg-cmd-pos=1.000000 rev sg-fb-pos=1.000000 rev sg-vel=0.000000 rps sg-acc=0.000000 rps2

[INFO] hw.pins: Pin step.fb set to 1.0 (was 1.0)
Pin step.fb set to 1.0 (was 1.0)
[INFO] hw.stepgen: =human= stepgen sg-cmd-pos=1.000000 rev sg-fb-pos=1.000000 rev sg-vel=0.000000 rps sg-acc=0.000000 rps2

=human= stepgen sg-cmd-pos=1.000000 rev sg-fb-pos=1.000000 rev sg-vel=0.000000 rps sg-acc=0.000000 rps2

[INFO] hw.pins: Pin step.fb set to 1.0 (was 1.0)
Pin step.fb set to 1.0 (was 1.0)
[INFO] hw.stepgen: =human= stepgen sg-cmd-pos=1.000000 rev sg-fb-pos=1.000000 rev sg-vel=0.000000 rps sg-acc=0.000000 rps2

=human= stepgen sg-cmd-pos=1.000000 rev sg-fb-pos=1.000000 rev sg-vel=0.000000 rps sg-acc=0.000000 rps2

[INFO] hw.pins: Pin step.fb set to 1.0 (was 1.0)
Pin step.fb set to 1.0 (was 1.0)
[INFO] hw.stepgen: =human= stepgen sg-cmd-pos=1.000000 rev sg-fb-pos=1.000000 rev sg-vel=0.000000 rps sg-acc=0.000000 rps2

=human= stepgen sg-cmd-pos=1.000000 rev sg-fb-pos=1.000000 rev sg-vel=0.000000 rps sg-acc=0.000000 rps2

[INFO] hw.pins: Pin step.fb set to 1.0 (was 1.0)
Pin step.fb set to 1.0 (was 1.0)
[INFO] hw.stepgen: =human= stepgen sg-cmd-pos=1.000000 rev sg-fb-pos=1.000000 rev sg-vel=0.000000 rps sg-acc=0.000000 rps2

=human= stepgen sg-cmd-pos=1.000000 rev sg-fb-pos=1.000000 rev sg-vel=0.000000 rps sg-acc=0.000000 rps2

[INFO] hw.pins: Pin step.fb set to 1.0 (was 1.0)
Pin step.fb set to 1.0 (was 1.0)
[INFO] hw.stepgen: =human= stepgen sg-cmd-pos=1.000000 rev sg-fb-pos=1.000000 rev sg-vel=0.000000 rps sg-acc=0.000000 rps2

=human= stepgen sg-cmd-pos=1.000000 rev sg-fb-pos=1.000000 rev sg-vel=0.000000 rps sg-acc=0.000000 rps2

[INFO] hw.pins: Pin step.fb set to 1.0 (was 1.0)
Pin step.fb set to 1.0 (was 1.0)
[INFO] hw.stepgen: =human= stepgen sg-cmd-pos=1.000000 rev sg-fb-pos=1.000000 rev sg-vel=0.000000 rps sg-acc=0.000000 rps2

=human= stepgen sg-cmd-pos=1.000000 rev sg-fb-pos=1.000000 rev sg-vel=0.000000 rps sg-acc=0.000000 rps2

[INFO] hw.pins: Pin step.fb set to 1.0 (was 1.0)
Pin step.fb set to 1.0 (was 1.0)
[INFO] hw.stepgen: =human= stepgen sg-cmd-pos=1.000000 rev sg-fb-pos=1.000000 rev sg-vel=0.000000 rps sg-acc=0.000000 rps2

=human= stepgen sg-cmd-pos=1.000000 rev sg-fb-pos=1.000000 rev sg-vel=0.000000 rps sg-acc=0.000000 rps2

[INFO] hw.pins: Pin step.fb set to 1.0 (was 1.0)
Pin step.fb set to 1.0 (was 1.0)
[INFO] hw.stepgen: =human= stepgen sg-cmd-pos=1.000000 rev sg-fb-pos=1.000000 rev sg-vel=0.000000 rps sg-acc=0.000000 rps2

=human= stepgen sg-cmd-pos=1.000000 rev sg-fb-pos=1.000000 rev sg-vel=0.000000 rps sg-acc=0.000000 rps2

[INFO] hw.pins: Pin step.fb set to 1.0 (was 1.0)
Pin step.fb set to 1.0 (was 1.0)
[INFO] hw.stepgen: =human= stepgen sg-cmd-pos=1.000000 rev sg-fb-pos=1.000000 rev sg-vel=0.000000 rps sg-acc=0.000000 rps2

=human= stepgen sg-cmd-pos=1.000000 rev sg-fb-pos=1.000000 rev sg-vel=0.000000 rps sg-acc=0.000000 rps2

[INFO] hw.pins: Pin step.fb set to 1.0 (was 1.0)
Pin step.fb set to 1.0 (was 1.0)
[INFO] hw.stepgen: =human= stepgen sg-cmd-pos=1.000000 rev sg-fb-pos=1.000000 rev sg-vel=0.000000 rps sg-acc=0.000000 rps2

=human= stepgen sg-cmd-pos=1.000000 rev sg-fb-pos=1.000000 rev sg-vel=0.000000 rps sg-acc=0.000000 rps2

[INFO] hw.pins: Pin step.fb set to 1.0 (was 1.0)
Pin step.fb set to 1.0 (was 1.0)
[INFO] hw.stepgen: =human= stepgen sg-cmd-pos=1.000000 rev sg-fb-pos=1.000000 rev sg-vel=0.000000 rps sg-acc=0.000000 rps2

=human= stepgen sg-cmd-pos=1.000000 rev sg-fb-pos=1.000000 rev sg-vel=0.000000 rps sg-acc=0.000000 rps2

[INFO] hw.pins: Pin step.fb set to 1.0 (was 1.0)
Pin step.fb set to 1.0 (was 1.0)
[INFO] hw.stepgen: =human= stepgen sg-cmd-pos=1.000000 rev sg-fb-pos=1.000000 rev sg-vel=0.000000 rps sg-acc=0.000000 rps2

=human= stepgen sg-cmd-pos=1.000000 rev sg-fb-pos=1.000000 rev sg-vel=0.000000 rps sg-acc=0.000000 rps2

[INFO] hw.pins: Pin step.fb set to 1.0 (was 1.0)
Pin step.fb set to 1.0 (was 1.0)
[INFO] hw.stepgen: =human= stepgen sg-cmd-pos=1.000000 rev sg-fb-pos=1.000000 rev sg-vel=0.000000 rps sg-acc=0.000000 rps2

=human= stepgen sg-cmd-pos=1.000000 rev sg-fb-pos=1.000000 rev sg-vel=0.000000 rps sg-acc=0.000000 rps2

[INFO] hw.pins: Pin step.fb set to 1.0 (was 1.0)
Pin step.fb set to 1.0 (was 1.0)
[INFO] hw.stepgen: =human= stepgen sg-cmd-pos=1.000000 rev sg-fb-pos=1.000000 rev sg-vel=0.000000 rps sg-acc=0.000000 rps2

=human= stepgen sg-cmd-pos=1.000000 rev sg-fb-pos=1.000000 rev sg-vel=0.000000 rps sg-acc=0.000000 rps2

[INFO] hw.pins: Pin step.fb set to 1.0 (was 1.0)
Pin step.fb set to 1.0 (was 1.0)
[INFO] hw.stepgen: =human= stepgen sg-cmd-pos=1.000000 rev sg-fb-pos=1.000000 rev sg-vel=0.000000 rps sg-acc=0.000000 rps2

=human= stepgen sg-cmd-pos=1.000000 rev sg-fb-pos=1.000000 rev sg-vel=0.000000 rps sg-acc=0.000000 rps2

[INFO] hw.pins: Pin step.fb set to 1.0 (was 1.0)
Pin step.fb set to 1.0 (was 1.0)
[INFO] hw.stepgen: =human= stepgen sg-cmd-pos=1.000000 rev sg-fb-pos=1.000000 rev sg-vel=0.000000 rps sg-acc=0.000000 rps2

=human= stepgen sg-cmd-pos=1.000000 rev sg-fb-pos=1.000000 rev sg-vel=0.000000 rps sg-acc=0.000000 rps2

[INFO] hw.pins: Pin step.fb set to 1.0 (was 1.0)
Pin step.fb set to 1.0 (was 1.0)
[INFO] hw.stepgen: =human= stepgen sg-cmd-pos=1.000000 rev sg-fb-pos=1.000000 rev sg-vel=0.000000 rps sg-acc=0.000000 rps2

=human= stepgen sg-cmd-pos=1.000000 rev sg-fb-pos=1.000000 rev sg-vel=0.000000 rps sg-acc=0.000000 rps2

[INFO] hw.pins: Pin step.fb set to 1.0 (was 1.0)
Pin step.fb set to 1.0 (was 1.0)
[INFO] hw.stepgen: =human= stepgen sg-cmd-pos=1.000000 rev sg-fb-pos=1.000000 rev sg-vel=0.000000 rps sg-acc=0.000000 rps2

=human= stepgen sg-cmd-pos=1.000000 rev sg-fb-pos=1.000000 rev sg-vel=0.000000 rps sg-acc=0.000000 rps2

[INFO] hw.pins: Pin step.fb set to 1.0 (was 1.0)
Pin step.fb set to 1.0 (was 1.0)
[INFO] hw.stepgen: =human= stepgen sg-cmd-pos=1.000000 rev sg-fb-pos=1.000000 rev sg-vel=0.000000 rps sg-acc=0.000000 rps2

=human= stepgen sg-cmd-pos=1.000000 rev sg-fb-pos=1.000000 rev sg-vel=0.000000 rps sg-acc=0.000000 rps2

[INFO] hw.pins: Pin step.fb set to 1.0 (was 1.0)
Pin step.fb set to 1.0 (was 1.0)
[INFO] hw.stepgen: =human= stepgen sg-cmd-pos=1.000000 rev sg-fb-pos=1.000000 rev sg-vel=0.000000 rps sg-acc=0.000000 rps2

=human= stepgen sg-cmd-pos=1.000000 rev sg-fb-pos=1.000000 rev sg-vel=0.000000 rps sg-acc=0.000000 rps2

[INFO] hw.pins: Pin step.fb set to 1.0 (was 1.0)
Pin step.fb set to 1.0 (was 1.0)
[INFO] hw.stepgen: =human= stepgen sg-cmd-pos=1.000000 rev sg-fb-pos=1.000000 rev sg-vel=0.000000 rps sg-acc=0.000000 rps2

=human= stepgen sg-cmd-pos=1.000000 rev sg-fb-pos=1.000000 rev sg-vel=0.000000 rps sg-acc=0.000000 rps2

[INFO] hw.pins: Pin step.fb set to 1.0 (was 1.0)
Pin step.fb set to 1.0 (was 1.0)
[INFO] hw.stepgen: =human= stepgen sg-cmd-pos=1.000000 rev sg-fb-pos=1.000000 rev sg-vel=0.000000 rps sg-acc=0.000000 rps2

=human= stepgen sg-cmd-pos=1.000000 rev sg-fb-pos=1.000000 rev sg-vel=0.000000 rps sg-acc=0.000000 rps2

[INFO] hw.pins: Pin step.fb set to 1.0 (was 1.0)
Pin step.fb set to 1.0 (was 1.0)
[INFO] hw.stepgen: =human= stepgen sg-cmd-pos=1.000000 rev sg-fb-pos=1.000000 rev sg-vel=0.000000 rps sg-acc=0.000000 rps2

=human= stepgen sg-cmd-pos=1.000000 rev sg-fb-pos=1.000000 rev sg-vel=0.000000 rps sg-acc=0.000000 rps2

[INFO] hw.pins: Pin step.fb set to 1.0 (was 1.0)
Pin step.fb set to 1.0 (was 1.0)
[INFO] hw.stepgen: =human= stepgen sg-cmd-pos=1.000000 rev sg-fb-pos=1.000000 rev sg-vel=0.000000 rps sg-acc=0.000000 rps2

=human= stepgen sg-cmd-pos=1.000000 rev sg-fb-pos=1.000000 rev sg-vel=0.000000 rps sg-acc=0.000000 rps2

[INFO] hw.pins: Pin step.fb set to 1.0 (was 1.0)
Pin step.fb set to 1.0 (was 1.0)
[INFO] hw.stepgen: =human= stepgen sg-cmd-pos=1.000000 rev sg-fb-pos=1.000000 rev sg-vel=0.000000 rps sg-acc=0.000000 rps2

=human= stepgen sg-cmd-pos=1.000000 rev sg-fb-pos=1.000000 rev sg-vel=0.000000 rps sg-acc=0.000000 rps2

[INFO] hw.pins: Pin step.fb set to 1.0 (was 1.0)
Pin step.fb set to 1.0 (was 1.0)
[INFO] hw.stepgen: =human= stepgen sg-cmd-pos=1.000000 rev sg-fb-pos=1.000000 rev sg-vel=0.000000 rps sg-acc=0.000000 rps2

=human= stepgen sg-cmd-pos=1.000000 rev sg-fb-pos=1.000000 rev sg-vel=0.000000 rps sg-acc=0.000000 rps2

[INFO] hw.pins: Pin step.fb set to 1.0 (was 1.0)
Pin step.fb set to 1.0 (was 1.0)
[INFO] hw.stepgen: =human= stepgen sg-cmd-pos=1.000000 rev sg-fb-pos=1.000000 rev sg-vel=0.000000 rps sg-acc=0.000000 rps2

=human= stepgen sg-cmd-pos=1.000000 rev sg-fb-pos=1.000000 rev sg-vel=0.000000 rps sg-acc=0.000000 rps2

[INFO] hw.pins: Pin step.fb set to 1.0 (was 1.0)
Pin step.fb set to 1.0 (was 1.0)
[INFO] hw.stepgen: =human= stepgen sg-cmd-pos=1.000000 rev sg-fb-pos=1.000000 rev sg-vel=0.000000 rps sg-acc=0.000000 rps2

=human= stepgen sg-cmd-pos=1.000000 rev sg-fb-pos=1.000000 rev sg-vel=0.000000 rps sg-acc=0.000000 rps2

[INFO] hw.pins: Pin step.fb set to 1.0 (was 1.0)
Pin step.fb set to 1.0 (was 1.0)
[INFO] hw.stepgen: =human= stepgen sg-cmd-pos=1.000000 rev sg-fb-pos=1.000000 rev sg-vel=0.000000 rps sg-acc=0.000000 rps2

=human= stepgen sg-cmd-pos=1.000000 rev sg-fb-pos=1.000000 rev sg-vel=0.000000 rps sg-acc=0.000000 rps2

[INFO] hw.pins: Pin step.fb set to 1.0 (was 1.0)
Pin step.fb set to 1.0 (was 1.0)
[INFO] hw.stepgen: =human= stepgen sg-cmd-pos=1.000000 rev sg-fb-pos=1.000000 rev sg-vel=0.000000 rps sg-acc=0.000000 rps2

=human= stepgen sg-cmd-pos=1.000000 rev sg-fb-pos=1.000000 rev sg-vel=0.000000 rps sg-acc=0.000000 rps2

[INFO] hw.pins: Pin step.fb set to 1.0 (was 1.0)
Pin step.fb set to 1.0 (was 1.0)
[INFO] hw.stepgen: =human= stepgen sg-cmd-pos=1.000000 rev sg-fb-pos=1.000000 rev sg-vel=0.000000 rps sg-acc=0.000000 rps2

=human= stepgen sg-cmd-pos=1.000000 rev sg-fb-pos=1.000000 rev sg-vel=0.000000 rps sg-acc=0.000000 rps2

[INFO] hw.pins: Pin step.fb set to 1.0 (was 1.0)
Pin step.fb set to 1.0 (was 1.0)
[INFO] hw.stepgen: =human= stepgen sg-cmd-pos=1.000000 rev sg-fb-pos=1.000000 rev sg-vel=0.000000 rps sg-acc=0.000000 rps2

=human= stepgen sg-cmd-pos=1.000000 rev sg-fb-pos=1.000000 rev sg-vel=0.000000 rps sg-acc=0.000000 rps2

[INFO] hw.pins: Pin step.fb set to 1.0 (was 1.0)
Pin step.fb set to 1.0 (was 1.0)
[INFO] hw.stepgen: =human= stepgen sg-cmd-pos=1.000000 rev sg-fb-pos=1.000000 rev sg-vel=0.000000 rps sg-acc=0.000000 rps2

=human= stepgen sg-cmd-pos=1.000000 rev sg-fb-pos=1.000000 rev sg-vel=0.000000 rps sg-acc=0.000000 rps2

[INFO] hw.pins: Pin step.fb set to 1.0 (was 1.0)
Pin step.fb set to 1.0 (was 1.0)
[INFO] hw.stepgen: =human= stepgen sg-cmd-pos=1.000000 rev sg-fb-pos=1.000000 rev sg-vel=0.000000 rps sg-acc=0.000000 rps2

=human= stepgen sg-cmd-pos=1.000000 rev sg-fb-pos=1.000000 rev sg-vel=0.000000 rps sg-acc=0.000000 rps2

[INFO] hw.pins: Pin step.fb set to 1.0 (was 1.0)
Pin step.fb set to 1.0 (was 1.0)
[INFO] hw.stepgen: =human= stepgen sg-cmd-pos=1.000000 rev sg-fb-pos=1.000000 rev sg-vel=0.000000 rps sg-acc=0.000000 rps2

=human= stepgen sg-cmd-pos=1.000000 rev sg-fb-pos=1.000000 rev sg-vel=0.000000 rps sg-acc=0.000000 rps2

[INFO] hw.pins: Pin step.fb set to 1.0 (was 1.0)
Pin step.fb set to 1.0 (was 1.0)
[INFO] hw.stepgen: =human= stepgen sg-cmd-pos=1.000000 rev sg-fb-pos=1.000000 rev sg-vel=0.000000 rps sg-acc=0.000000 rps2

=human= stepgen sg-cmd-pos=1.000000 rev sg-fb-pos=1.000000 rev sg-vel=0.000000 rps sg-acc=0.000000 rps2

[INFO] hw.pins: Pin step.fb set to 1.0 (was 1.0)
Pin step.fb set to 1.0 (was 1.0)
[INFO] hw.stepgen: =human= stepgen sg-cmd-pos=1.000000 rev sg-fb-pos=1.000000 rev sg-vel=0.000000 rps sg-acc=0.000000 rps2

=human= stepgen sg-cmd-pos=1.000000 rev sg-fb-pos=1.000000 rev sg-vel=0.000000 rps sg-acc=0.000000 rps2

[INFO] hw.pins: Pin step.fb set to 1.0 (was 1.0)
Pin step.fb set to 1.0 (was 1.0)
[INFO] hw.stepgen: =human= stepgen sg-cmd-pos=1.000000 rev sg-fb-pos=1.000000 rev sg-vel=0.000000 rps sg-acc=0.000000 rps2

=human= stepgen sg-cmd-pos=1.000000 rev sg-fb-pos=1.000000 rev sg-vel=0.000000 rps sg-acc=0.000000 rps2

[INFO] hw.pins: Pin step.fb set to 1.0 (was 1.0)
Pin step.fb set to 1.0 (was 1.0)
[INFO] hw.stepgen: =human= stepgen sg-cmd-pos=1.000000 rev sg-fb-pos=1.000000 rev sg-vel=0.000000 rps sg-acc=0.000000 rps2

=human= stepgen sg-cmd-pos=1.000000 rev sg-fb-pos=1.000000 rev sg-vel=0.000000 rps sg-acc=0.000000 rps2

[INFO] hw.pins: Pin step.fb set to 1.0 (was 1.0)
Pin step.fb set to 1.0 (was 1.0)
[INFO] hw.stepgen: =human= stepgen sg-cmd-pos=1.000000 rev sg-fb-pos=1.000000 rev sg-vel=0.000000 rps sg-acc=0.000000 rps2

=human= stepgen sg-cmd-pos=1.000000 rev sg-fb-pos=1.000000 rev sg-vel=0.000000 rps sg-acc=0.000000 rps2

[INFO] hw.pins: Pin step.fb set to 1.0 (was 1.0)
Pin step.fb set to 1.0 (was 1.0)
[INFO] hw.stepgen: =human= stepgen sg-cmd-pos=1.000000 rev sg-fb-pos=1.000000 rev sg-vel=0.000000 rps sg-acc=0.000000 rps2

=human= stepgen sg-cmd-pos=1.000000 rev sg-fb-pos=1.000000 rev sg-vel=0.000000 rps sg-acc=0.000000 rps2

[INFO] hw.pins: Pin step.fb set to 1.0 (was 1.0)
Pin step.fb set to 1.0 (was 1.0)
[INFO] hw.stepgen: =human= stepgen sg-cmd-pos=1.000000 rev sg-fb-pos=1.000000 rev sg-vel=0.000000 rps sg-acc=0.000000 rps2

=human= stepgen sg-cmd-pos=1.000000 rev sg-fb-pos=1.000000 rev sg-vel=0.000000 rps sg-acc=0.000000 rps2

[INFO] hw.pins: Pin step.fb set to 1.0 (was 1.0)
Pin step.fb set to 1.0 (was 1.0)
[INFO] hw.stepgen: =human= stepgen sg-cmd-pos=1.000000 rev sg-fb-pos=1.000000 rev sg-vel=0.000000 rps sg-acc=0.000000 rps2

=human= stepgen sg-cmd-pos=1.000000 rev sg-fb-pos=1.000000 rev sg-vel=0.000000 rps sg-acc=0.000000 rps2

[INFO] hw.pins: Pin step.fb set to 1.0 (was 1.0)
Pin step.fb set to 1.0 (was 1.0)
[INFO] hw.stepgen: =human= stepgen sg-cmd-pos=1.000000 rev sg-fb-pos=1.000000 rev sg-vel=0.000000 rps sg-acc=0.000000 rps2

=human= stepgen sg-cmd-pos=1.000000 rev sg-fb-pos=1.000000 rev sg-vel=0.000000 rps sg-acc=0.000000 rps2

[INFO] hw.pins: Pin step.fb set to 1.0 (was 1.0)
Pin step.fb set to 1.0 (was 1.0)
[INFO] hw.stepgen: =human= stepgen sg-cmd-pos=1.000000 rev sg-fb-pos=1.000000 rev sg-vel=0.000000 rps sg-acc=0.000000 rps2

=human= stepgen sg-cmd-pos=1.000000 rev sg-fb-pos=1.000000 rev sg-vel=0.000000 rps sg-acc=0.000000 rps2

[INFO] hw.pins: Pin step.fb set to 1.0 (was 1.0)
Pin step.fb set to 1.0 (was 1.0)
[INFO] hw.stepgen: =human= stepgen sg-cmd-pos=1.000000 rev sg-fb-pos=1.000000 rev sg-vel=0.000000 rps sg-acc=0.000000 rps2

=human= stepgen sg-cmd-pos=1.000000 rev sg-fb-pos=1.000000 rev sg-vel=0.000000 rps sg-acc=0.000000 rps2

[INFO] hw.pins: Pin step.fb set to 1.0 (was 1.0)
Pin step.fb set to 1.0 (was 1.0)
[INFO] hw.stepgen: =human= stepgen sg-cmd-pos=1.000000 rev sg-fb-pos=1.000000 rev sg-vel=0.000000 rps sg-acc=0.000000 rps2

=human= stepgen sg-cmd-pos=1.000000 rev sg-fb-pos=1.000000 rev sg-vel=0.000000 rps sg-acc=0.000000 rps2

[INFO] hw.pins: Pin step.fb set to 1.0 (was 1.0)
Pin step.fb set to 1.0 (was 1.0)
[INFO] hw.stepgen: =human= stepgen sg-cmd-pos=1.000000 rev sg-fb-pos=1.000000 rev sg-vel=0.000000 rps sg-acc=0.000000 rps2

=human= stepgen sg-cmd-pos=1.000000 rev sg-fb-pos=1.000000 rev sg-vel=0.000000 rps sg-acc=0.000000 rps2

[INFO] hw.pins: Pin step.fb set to 1.0 (was 1.0)
Pin step.fb set to 1.0 (was 1.0)
[INFO] hw.stepgen: =human= stepgen sg-cmd-pos=1.000000 rev sg-fb-pos=1.000000 rev sg-vel=0.000000 rps sg-acc=0.000000 rps2

=human= stepgen sg-cmd-pos=1.000000 rev sg-fb-pos=1.000000 rev sg-vel=0.000000 rps sg-acc=0.000000 rps2

[INFO] hw.pins: Pin step.fb set to 1.0 (was 1.0)
Pin step.fb set to 1.0 (was 1.0)
[INFO] hw.stepgen: =human= stepgen sg-cmd-pos=1.000000 rev sg-fb-pos=1.000000 rev sg-vel=0.000000 rps sg-acc=0.000000 rps2

=human= stepgen sg-cmd-pos=1.000000 rev sg-fb-pos=1.000000 rev sg-vel=0.000000 rps sg-acc=0.000000 rps2

[INFO] hw.pins: Pin step.fb set to 1.0 (was 1.0)
Pin step.fb set to 1.0 (was 1.0)
[INFO] hw.stepgen: =human= stepgen sg-cmd-pos=1.000000 rev sg-fb-pos=1.000000 rev sg-vel=0.000000 rps sg-acc=0.000000 rps2

=human= stepgen sg-cmd-pos=1.000000 rev sg-fb-pos=1.000000 rev sg-vel=0.000000 rps sg-acc=0.000000 rps2

[INFO] hw.pins: Pin step.fb set to 1.0 (was 1.0)
Pin step.fb set to 1.0 (was 1.0)
[INFO] hw.stepgen: =human= stepgen sg-cmd-pos=1.000000 rev sg-fb-pos=1.000000 rev sg-vel=0.000000 rps sg-acc=0.000000 rps2

=human= stepgen sg-cmd-pos=1.000000 rev sg-fb-pos=1.000000 rev sg-vel=0.000000 rps sg-acc=0.000000 rps2

[INFO] hw.pins: Pin step.fb set to 1.0 (was 1.0)
Pin step.fb set to 1.0 (was 1.0)
[INFO] hw.stepgen: =human= stepgen sg-cmd-pos=1.000000 rev sg-fb-pos=1.000000 rev sg-vel=0.000000 rps sg-acc=0.000000 rps2

=human= stepgen sg-cmd-pos=1.000000 rev sg-fb-pos=1.000000 rev sg-vel=0.000000 rps sg-acc=0.000000 rps2

[INFO] hw.pins: Pin step.fb set to 1.0 (was 1.0)
Pin step.fb set to 1.0 (was 1.0)
[INFO] hw.stepgen: =human= stepgen sg-cmd-pos=1.000000 rev sg-fb-pos=1.000000 rev sg-vel=0.000000 rps sg-acc=0.000000 rps2

=human= stepgen sg-cmd-pos=1.000000 rev sg-fb-pos=1.000000 rev sg-vel=0.000000 rps sg-acc=0.000000 rps2

[INFO] hw.pins: Pin step.fb set to 1.0 (was 1.0)
Pin step.fb set to 1.0 (was 1.0)
[INFO] hw.stepgen: =human= stepgen sg-cmd-pos=1.000000 rev sg-fb-pos=1.000000 rev sg-vel=0.000000 rps sg-acc=0.000000 rps2

=human= stepgen sg-cmd-pos=1.000000 rev sg-fb-pos=1.000000 rev sg-vel=0.000000 rps sg-acc=0.000000 rps2

[INFO] hw.pins: Pin step.fb set to 1.0 (was 1.0)
Pin step.fb set to 1.0 (was 1.0)
[INFO] hw.stepgen: =human= stepgen sg-cmd-pos=1.000000 rev sg-fb-pos=1.000000 rev sg-vel=0.000000 rps sg-acc=0.000000 rps2

=human= stepgen sg-cmd-pos=1.000000 rev sg-fb-pos=1.000000 rev sg-vel=0.000000 rps sg-acc=0.000000 rps2

[INFO] hw.pins: Pin step.fb set to 1.0 (was 1.0)
Pin step.fb set to 1.0 (was 1.0)
[INFO] hw.stepgen: =human= stepgen sg-cmd-pos=1.000000 rev sg-fb-pos=1.000000 rev sg-vel=0.000000 rps sg-acc=0.000000 rps2

=human= stepgen sg-cmd-pos=1.000000 rev sg-fb-pos=1.000000 rev sg-vel=0.000000 rps sg-acc=0.000000 rps2

[INFO] hw.pins: Pin step.fb set to 1.0 (was 1.0)
Pin step.fb set to 1.0 (was 1.0)
[INFO] hw.stepgen: =human= stepgen sg-cmd-pos=1.000000 rev sg-fb-pos=1.000000 rev sg-vel=0.000000 rps sg-acc=0.000000 rps2

=human= stepgen sg-cmd-pos=1.000000 rev sg-fb-pos=1.000000 rev sg-vel=0.000000 rps sg-acc=0.000000 rps2

[INFO] hw.pins: Pin step.fb set to 1.0 (was 1.0)
Pin step.fb set to 1.0 (was 1.0)
[INFO] hw.stepgen: =human= stepgen sg-cmd-pos=1.000000 rev sg-fb-pos=1.000000 rev sg-vel=0.000000 rps sg-acc=0.000000 rps2

=human= stepgen sg-cmd-pos=1.000000 rev sg-fb-pos=1.000000 rev sg-vel=0.000000 rps sg-acc=0.000000 rps2

[INFO] hw.pins: Pin step.fb set to 1.0 (was 1.0)
Pin step.fb set to 1.0 (was 1.0)
[INFO] hw.stepgen: =human= stepgen sg-cmd-pos=1.000000 rev sg-fb-pos=1.000000 rev sg-vel=0.000000 rps sg-acc=0.000000 rps2

=human= stepgen sg-cmd-pos=1.000000 rev sg-fb-pos=1.000000 rev sg-vel=0.000000 rps sg-acc=0.000000 rps2

[INFO] hw.pins: Pin step.fb set to 1.0 (was 1.0)
Pin step.fb set to 1.0 (was 1.0)
[INFO] hw.stepgen: =human= stepgen sg-cmd-pos=1.000000 rev sg-fb-pos=1.000000 rev sg-vel=0.000000 rps sg-acc=0.000000 rps2

=human= stepgen sg-cmd-pos=1.000000 rev sg-fb-pos=1.000000 rev sg-vel=0.000000 rps sg-acc=0.000000 rps2

[INFO] hw.pins: Pin step.fb set to 1.0 (was 1.0)
Pin step.fb set to 1.0 (was 1.0)
[INFO] hw.stepgen: =human= stepgen sg-cmd-pos=1.000000 rev sg-fb-pos=1.000000 rev sg-vel=0.000000 rps sg-acc=0.000000 rps2

=human= stepgen sg-cmd-pos=1.000000 rev sg-fb-pos=1.000000 rev sg-vel=0.000000 rps sg-acc=0.000000 rps2

[INFO] hw.pins: Pin step.fb set to 1.0 (was 1.0)
Pin step.fb set to 1.0 (was 1.0)
[INFO] hw.stepgen: =human= stepgen sg-cmd-pos=1.000000 rev sg-fb-pos=1.000000 rev sg-vel=0.000000 rps sg-acc=0.000000 rps2

=human= stepgen sg-cmd-pos=1.000000 rev sg-fb-pos=1.000000 rev sg-vel=0.000000 rps sg-acc=0.000000 rps2

[INFO] hw.pins: Pin step.fb set to 1.0 (was 1.0)
Pin step.fb set to 1.0 (was 1.0)
[INFO] hw.stepgen: =human= stepgen sg-cmd-pos=1.000000 rev sg-fb-pos=1.000000 rev sg-vel=0.000000 rps sg-acc=0.000000 rps2

=human= stepgen sg-cmd-pos=1.000000 rev sg-fb-pos=1.000000 rev sg-vel=0.000000 rps sg-acc=0.000000 rps2

[INFO] hw.pins: Pin step.fb set to 1.0 (was 1.0)
Pin step.fb set to 1.0 (was 1.0)
[INFO] hw.stepgen: =human= stepgen sg-cmd-pos=1.000000 rev sg-fb-pos=1.000000 rev sg-vel=0.000000 rps sg-acc=0.000000 rps2

=human= stepgen sg-cmd-pos=1.000000 rev sg-fb-pos=1.000000 rev sg-vel=0.000000 rps sg-acc=0.000000 rps2

[INFO] hw.pins: Pin step.fb set to 1.0 (was 1.0)
Pin step.fb set to 1.0 (was 1.0)
[INFO] hw.stepgen: =human= stepgen sg-cmd-pos=1.000000 rev sg-fb-pos=1.000000 rev sg-vel=0.000000 rps sg-acc=0.000000 rps2

=human= stepgen sg-cmd-pos=1.000000 rev sg-fb-pos=1.000000 rev sg-vel=0.000000 rps sg-acc=0.000000 rps2

[INFO] hw.pins: Pin step.fb set to 1.0 (was 1.0)
Pin step.fb set to 1.0 (was 1.0)
[INFO] hw.stepgen: =human= stepgen sg-cmd-pos=1.000000 rev sg-fb-pos=1.000000 rev sg-vel=0.000000 rps sg-acc=0.000000 rps2

=human= stepgen sg-cmd-pos=1.000000 rev sg-fb-pos=1.000000 rev sg-vel=0.000000 rps sg-acc=0.000000 rps2

[INFO] hw.pins: Pin step.fb set to 1.0 (was 1.0)
Pin step.fb set to 1.0 (was 1.0)
[INFO] hw.stepgen: =human= stepgen sg-cmd-pos=1.000000 rev sg-fb-pos=1.000000 rev sg-vel=0.000000 rps sg-acc=0.000000 rps2

=human= stepgen sg-cmd-pos=1.000000 rev sg-fb-pos=1.000000 rev sg-vel=0.000000 rps sg-acc=0.000000 rps2

[INFO] hw.pins: Pin step.fb set to 1.0 (was 1.0)
Pin step.fb set to 1.0 (was 1.0)
[INFO] hw.stepgen: =human= stepgen sg-cmd-pos=1.000000 rev sg-fb-pos=1.000000 rev sg-vel=0.000000 rps sg-acc=0.000000 rps2

=human= stepgen sg-cmd-pos=1.000000 rev sg-fb-pos=1.000000 rev sg-vel=0.000000 rps sg-acc=0.000000 rps2

[INFO] hw.pins: Pin step.fb set to 1.0 (was 1.0)
Pin step.fb set to 1.0 (was 1.0)
[INFO] hw.stepgen: =human= stepgen sg-cmd-pos=1.000000 rev sg-fb-pos=1.000000 rev sg-vel=0.000000 rps sg-acc=0.000000 rps2

=human= stepgen sg-cmd-pos=1.000000 rev sg-fb-pos=1.000000 rev sg-vel=0.000000 rps sg-acc=0.000000 rps2

[INFO] hw.pins: Pin step.fb set to 1.0 (was 1.0)
Pin step.fb set to 1.0 (was 1.0)
[INFO] hw.stepgen: =human= stepgen sg-cmd-pos=1.000000 rev sg-fb-pos=1.000000 rev sg-vel=0.000000 rps sg-acc=0.000000 rps2

=human= stepgen sg-cmd-pos=1.000000 rev sg-fb-pos=1.000000 rev sg-vel=0.000000 rps sg-acc=0.000000 rps2

[INFO] hw.pins: Pin step.fb set to 1.0 (was 1.0)
Pin step.fb set to 1.0 (was 1.0)
[INFO] hw.stepgen: =human= stepgen sg-cmd-pos=1.000000 rev sg-fb-pos=1.000000 rev sg-vel=0.000000 rps sg-acc=0.000000 rps2

=human= stepgen sg-cmd-pos=1.000000 rev sg-fb-pos=1.000000 rev sg-vel=0.000000 rps sg-acc=0.000000 rps2

[INFO] hw.pins: Pin step.fb set to 1.0 (was 1.0)
Pin step.fb set to 1.0 (was 1.0)
[INFO] hw.stepgen: =human= stepgen sg-cmd-pos=1.000000 rev sg-fb-pos=1.000000 rev sg-vel=0.000000 rps sg-acc=0.000000 rps2

=human= stepgen sg-cmd-pos=1.000000 rev sg-fb-pos=1.000000 rev sg-vel=0.000000 rps sg-acc=0.000000 rps2

[INFO] hw.pins: Pin step.fb set to 1.0 (was 1.0)
Pin step.fb set to 1.0 (was 1.0)
[INFO] hw.stepgen: =human= stepgen sg-cmd-pos=1.000000 rev sg-fb-pos=1.000000 rev sg-vel=0.000000 rps sg-acc=0.000000 rps2

=human= stepgen sg-cmd-pos=1.000000 rev sg-fb-pos=1.000000 rev sg-vel=0.000000 rps sg-acc=0.000000 rps2

[INFO] hw.pins: Pin step.fb set to 1.0 (was 1.0)
Pin step.fb set to 1.0 (was 1.0)
[INFO] hw.stepgen: =human= stepgen sg-cmd-pos=1.000000 rev sg-fb-pos=1.000000 rev sg-vel=0.000000 rps sg-acc=0.000000 rps2

=human= stepgen sg-cmd-pos=1.000000 rev sg-fb-pos=1.000000 rev sg-vel=0.000000 rps sg-acc=0.000000 rps2

[INFO] hw.pins: Pin step.fb set to 1.0 (was 1.0)
Pin step.fb set to 1.0 (was 1.0)
[INFO] hw.stepgen: =human= stepgen sg-cmd-pos=1.000000 rev sg-fb-pos=1.000000 rev sg-vel=0.000000 rps sg-acc=0.000000 rps2

=human= stepgen sg-cmd-pos=1.000000 rev sg-fb-pos=1.000000 rev sg-vel=0.000000 rps sg-acc=0.000000 rps2

[INFO] hw.pins: Pin step.fb set to 1.0 (was 1.0)
Pin step.fb set to 1.0 (was 1.0)
[INFO] hw.stepgen: =human= stepgen sg-cmd-pos=1.000000 rev sg-fb-pos=1.000000 rev sg-vel=0.000000 rps sg-acc=0.000000 rps2

=human= stepgen sg-cmd-pos=1.000000 rev sg-fb-pos=1.000000 rev sg-vel=0.000000 rps sg-acc=0.000000 rps2

[INFO] hw.pins: Pin step.fb set to 1.0 (was 1.0)
Pin step.fb set to 1.0 (was 1.0)
[INFO] hw.stepgen: =human= stepgen sg-cmd-pos=1.000000 rev sg-fb-pos=1.000000 rev sg-vel=0.000000 rps sg-acc=0.000000 rps2

=human= stepgen sg-cmd-pos=1.000000 rev sg-fb-pos=1.000000 rev sg-vel=0.000000 rps sg-acc=0.000000 rps2

[INFO] hw.pins: Pin step.fb set to 1.0 (was 1.0)
Pin step.fb set to 1.0 (was 1.0)
[INFO] hw.stepgen: =human= stepgen sg-cmd-pos=1.000000 rev sg-fb-pos=1.000000 rev sg-vel=0.000000 rps sg-acc=0.000000 rps2

=human= stepgen sg-cmd-pos=1.000000 rev sg-fb-pos=1.000000 rev sg-vel=0.000000 rps sg-acc=0.000000 rps2

[INFO] hw.pins: Pin step.fb set to 1.0 (was 1.0)
Pin step.fb set to 1.0 (was 1.0)
[INFO] hw.stepgen: =human= stepgen sg-cmd-pos=1.000000 rev sg-fb-pos=1.000000 rev sg-vel=0.000000 rps sg-acc=0.000000 rps2

=human= stepgen sg-cmd-pos=1.000000 rev sg-fb-pos=1.000000 rev sg-vel=0.000000 rps sg-acc=0.000000 rps2

[INFO] hw.pins: Pin step.fb set to 1.0 (was 1.0)
Pin step.fb set to 1.0 (was 1.0)
[INFO] hw.stepgen: =human= stepgen sg-cmd-pos=1.000000 rev sg-fb-pos=1.000000 rev sg-vel=0.000000 rps sg-acc=0.000000 rps2

=human= stepgen sg-cmd-pos=1.000000 rev sg-fb-pos=1.000000 rev sg-vel=0.000000 rps sg-acc=0.000000 rps2

[INFO] hw.pins: Pin step.fb set to 1.0 (was 1.0)
Pin step.fb set to 1.0 (was 1.0)
[INFO] hw.stepgen: =human= stepgen sg-cmd-pos=1.000000 rev sg-fb-pos=1.000000 rev sg-vel=0.000000 rps sg-acc=0.000000 rps2

=human= stepgen sg-cmd-pos=1.000000 rev sg-fb-pos=1.000000 rev sg-vel=0.000000 rps sg-acc=0.000000 rps2

[INFO] hw.pins: Pin step.fb set to 1.0 (was 1.0)
Pin step.fb set to 1.0 (was 1.0)
[INFO] hw.stepgen: =human= stepgen sg-cmd-pos=1.000000 rev sg-fb-pos=1.000000 rev sg-vel=0.000000 rps sg-acc=0.000000 rps2

=human= stepgen sg-cmd-pos=1.000000 rev sg-fb-pos=1.000000 rev sg-vel=0.000000 rps sg-acc=0.000000 rps2

[INFO] hw.pins: Pin step.fb set to 1.0 (was 1.0)
Pin step.fb set to 1.0 (was 1.0)
[INFO] hw.stepgen: =human= stepgen sg-cmd-pos=1.000000 rev sg-fb-pos=1.000000 rev sg-vel=0.000000 rps sg-acc=0.000000 rps2

=human= stepgen sg-cmd-pos=1.000000 rev sg-fb-pos=1.000000 rev sg-vel=0.000000 rps sg-acc=0.000000 rps2

[INFO] hw.pins: Pin step.fb set to 1.0 (was 1.0)
Pin step.fb set to 1.0 (was 1.0)
[INFO] hw.stepgen: =human= stepgen sg-cmd-pos=1.000000 rev sg-fb-pos=1.000000 rev sg-vel=0.000000 rps sg-acc=0.000000 rps2

=human= stepgen sg-cmd-pos=1.000000 rev sg-fb-pos=1.000000 rev sg-vel=0.000000 rps sg-acc=0.000000 rps2

[INFO] hw.pins: Pin step.fb set to 1.0 (was 1.0)
Pin step.fb set to 1.0 (was 1.0)
[INFO] hw.stepgen: =human= stepgen sg-cmd-pos=1.000000 rev sg-fb-pos=1.000000 rev sg-vel=0.000000 rps sg-acc=0.000000 rps2

=human= stepgen sg-cmd-pos=1.000000 rev sg-fb-pos=1.000000 rev sg-vel=0.000000 rps sg-acc=0.000000 rps2

[INFO] hw.pins: Pin step.fb set to 1.0 (was 1.0)
Pin step.fb set to 1.0 (was 1.0)
[INFO] hw.stepgen: =human= stepgen sg-cmd-pos=1.000000 rev sg-fb-pos=1.000000 rev sg-vel=0.000000 rps sg-acc=0.000000 rps2

=human= stepgen sg-cmd-pos=1.000000 rev sg-fb-pos=1.000000 rev sg-vel=0.000000 rps sg-acc=0.000000 rps2

[INFO] hw.pins: Pin step.fb set to 1.0 (was 1.0)
Pin step.fb set to 1.0 (was 1.0)
[INFO] hw.stepgen: =human= stepgen sg-cmd-pos=1.000000 rev sg-fb-pos=1.000000 rev sg-vel=0.000000 rps sg-acc=0.000000 rps2

=human= stepgen sg-cmd-pos=1.000000 rev sg-fb-pos=1.000000 rev sg-vel=0.000000 rps sg-acc=0.000000 rps2

PASSED
tests/test_stepgen_sim.py::test_enable_pin_holds_position_when_disabled 
-------------------------------- live log setup --------------------------------
=human= test name=test_enable_pin_holds_position_when_disabled event=start
[INFO] hw.pins: Pin step.cmd set to 5.0 (was 0)
-------------------------------- live log call ---------------------------------
Pin step.cmd set to 5.0 (was 0)
[INFO] hw.pins: Pin step.enable set to False (was 0)
Pin step.enable set to False (was 0)
[INFO] hw.pins: Pin step.fb set to 0.0 (was 0)
Pin step.fb set to 0.0 (was 0)
[INFO] hw.stepgen: =human= stepgen sg-cmd-pos=5.000000 rev sg-fb-pos=0.000000 rev sg-vel=0.000000 rps sg-acc=0.000000 rps2

=human= stepgen sg-cmd-pos=5.000000 rev sg-fb-pos=0.000000 rev sg-vel=0.000000 rps sg-acc=0.000000 rps2

[INFO] hw.pins: Pin step.fb set to 0.0 (was 0.0)
Pin step.fb set to 0.0 (was 0.0)
[INFO] hw.stepgen: =human= stepgen sg-cmd-pos=5.000000 rev sg-fb-pos=0.000000 rev sg-vel=0.000000 rps sg-acc=0.000000 rps2

=human= stepgen sg-cmd-pos=5.000000 rev sg-fb-pos=0.000000 rev sg-vel=0.000000 rps sg-acc=0.000000 rps2

[INFO] hw.pins: Pin step.fb set to 0.0 (was 0.0)
Pin step.fb set to 0.0 (was 0.0)
[INFO] hw.stepgen: =human= stepgen sg-cmd-pos=5.000000 rev sg-fb-pos=0.000000 rev sg-vel=0.000000 rps sg-acc=0.000000 rps2

=human= stepgen sg-cmd-pos=5.000000 rev sg-fb-pos=0.000000 rev sg-vel=0.000000 rps sg-acc=0.000000 rps2

[INFO] hw.pins: Pin step.fb set to 0.0 (was 0.0)
Pin step.fb set to 0.0 (was 0.0)
[INFO] hw.stepgen: =human= stepgen sg-cmd-pos=5.000000 rev sg-fb-pos=0.000000 rev sg-vel=0.000000 rps sg-acc=0.000000 rps2

=human= stepgen sg-cmd-pos=5.000000 rev sg-fb-pos=0.000000 rev sg-vel=0.000000 rps sg-acc=0.000000 rps2

[INFO] hw.pins: Pin step.fb set to 0.0 (was 0.0)
Pin step.fb set to 0.0 (was 0.0)
[INFO] hw.stepgen: =human= stepgen sg-cmd-pos=5.000000 rev sg-fb-pos=0.000000 rev sg-vel=0.000000 rps sg-acc=0.000000 rps2

=human= stepgen sg-cmd-pos=5.000000 rev sg-fb-pos=0.000000 rev sg-vel=0.000000 rps sg-acc=0.000000 rps2

[INFO] hw.pins: Pin step.fb set to 0.0 (was 0.0)
Pin step.fb set to 0.0 (was 0.0)
[INFO] hw.stepgen: =human= stepgen sg-cmd-pos=5.000000 rev sg-fb-pos=0.000000 rev sg-vel=0.000000 rps sg-acc=0.000000 rps2

=human= stepgen sg-cmd-pos=5.000000 rev sg-fb-pos=0.000000 rev sg-vel=0.000000 rps sg-acc=0.000000 rps2

[INFO] hw.pins: Pin step.fb set to 0.0 (was 0.0)
Pin step.fb set to 0.0 (was 0.0)
[INFO] hw.stepgen: =human= stepgen sg-cmd-pos=5.000000 rev sg-fb-pos=0.000000 rev sg-vel=0.000000 rps sg-acc=0.000000 rps2

=human= stepgen sg-cmd-pos=5.000000 rev sg-fb-pos=0.000000 rev sg-vel=0.000000 rps sg-acc=0.000000 rps2

[INFO] hw.pins: Pin step.fb set to 0.0 (was 0.0)
Pin step.fb set to 0.0 (was 0.0)
[INFO] hw.stepgen: =human= stepgen sg-cmd-pos=5.000000 rev sg-fb-pos=0.000000 rev sg-vel=0.000000 rps sg-acc=0.000000 rps2

=human= stepgen sg-cmd-pos=5.000000 rev sg-fb-pos=0.000000 rev sg-vel=0.000000 rps sg-acc=0.000000 rps2

[INFO] hw.pins: Pin step.fb set to 0.0 (was 0.0)
Pin step.fb set to 0.0 (was 0.0)
[INFO] hw.stepgen: =human= stepgen sg-cmd-pos=5.000000 rev sg-fb-pos=0.000000 rev sg-vel=0.000000 rps sg-acc=0.000000 rps2

=human= stepgen sg-cmd-pos=5.000000 rev sg-fb-pos=0.000000 rev sg-vel=0.000000 rps sg-acc=0.000000 rps2

[INFO] hw.pins: Pin step.fb set to 0.0 (was 0.0)
Pin step.fb set to 0.0 (was 0.0)
[INFO] hw.stepgen: =human= stepgen sg-cmd-pos=5.000000 rev sg-fb-pos=0.000000 rev sg-vel=0.000000 rps sg-acc=0.000000 rps2

=human= stepgen sg-cmd-pos=5.000000 rev sg-fb-pos=0.000000 rev sg-vel=0.000000 rps sg-acc=0.000000 rps2

[INFO] hw.pins: Pin step.fb set to 0.0 (was 0.0)
Pin step.fb set to 0.0 (was 0.0)
[INFO] hw.stepgen: =human= stepgen sg-cmd-pos=5.000000 rev sg-fb-pos=0.000000 rev sg-vel=0.000000 rps sg-acc=0.000000 rps2

=human= stepgen sg-cmd-pos=5.000000 rev sg-fb-pos=0.000000 rev sg-vel=0.000000 rps sg-acc=0.000000 rps2

[INFO] hw.pins: Pin step.fb set to 0.0 (was 0.0)
Pin step.fb set to 0.0 (was 0.0)
[INFO] hw.stepgen: =human= stepgen sg-cmd-pos=5.000000 rev sg-fb-pos=0.000000 rev sg-vel=0.000000 rps sg-acc=0.000000 rps2

=human= stepgen sg-cmd-pos=5.000000 rev sg-fb-pos=0.000000 rev sg-vel=0.000000 rps sg-acc=0.000000 rps2

[INFO] hw.pins: Pin step.fb set to 0.0 (was 0.0)
Pin step.fb set to 0.0 (was 0.0)
[INFO] hw.stepgen: =human= stepgen sg-cmd-pos=5.000000 rev sg-fb-pos=0.000000 rev sg-vel=0.000000 rps sg-acc=0.000000 rps2

=human= stepgen sg-cmd-pos=5.000000 rev sg-fb-pos=0.000000 rev sg-vel=0.000000 rps sg-acc=0.000000 rps2

[INFO] hw.pins: Pin step.fb set to 0.0 (was 0.0)
Pin step.fb set to 0.0 (was 0.0)
[INFO] hw.stepgen: =human= stepgen sg-cmd-pos=5.000000 rev sg-fb-pos=0.000000 rev sg-vel=0.000000 rps sg-acc=0.000000 rps2

=human= stepgen sg-cmd-pos=5.000000 rev sg-fb-pos=0.000000 rev sg-vel=0.000000 rps sg-acc=0.000000 rps2

[INFO] hw.pins: Pin step.fb set to 0.0 (was 0.0)
Pin step.fb set to 0.0 (was 0.0)
[INFO] hw.stepgen: =human= stepgen sg-cmd-pos=5.000000 rev sg-fb-pos=0.000000 rev sg-vel=0.000000 rps sg-acc=0.000000 rps2

=human= stepgen sg-cmd-pos=5.000000 rev sg-fb-pos=0.000000 rev sg-vel=0.000000 rps sg-acc=0.000000 rps2

[INFO] hw.pins: Pin step.fb set to 0.0 (was 0.0)
Pin step.fb set to 0.0 (was 0.0)
[INFO] hw.stepgen: =human= stepgen sg-cmd-pos=5.000000 rev sg-fb-pos=0.000000 rev sg-vel=0.000000 rps sg-acc=0.000000 rps2

=human= stepgen sg-cmd-pos=5.000000 rev sg-fb-pos=0.000000 rev sg-vel=0.000000 rps sg-acc=0.000000 rps2

[INFO] hw.pins: Pin step.fb set to 0.0 (was 0.0)
Pin step.fb set to 0.0 (was 0.0)
[INFO] hw.stepgen: =human= stepgen sg-cmd-pos=5.000000 rev sg-fb-pos=0.000000 rev sg-vel=0.000000 rps sg-acc=0.000000 rps2

=human= stepgen sg-cmd-pos=5.000000 rev sg-fb-pos=0.000000 rev sg-vel=0.000000 rps sg-acc=0.000000 rps2

[INFO] hw.pins: Pin step.fb set to 0.0 (was 0.0)
Pin step.fb set to 0.0 (was 0.0)
[INFO] hw.stepgen: =human= stepgen sg-cmd-pos=5.000000 rev sg-fb-pos=0.000000 rev sg-vel=0.000000 rps sg-acc=0.000000 rps2

=human= stepgen sg-cmd-pos=5.000000 rev sg-fb-pos=0.000000 rev sg-vel=0.000000 rps sg-acc=0.000000 rps2

[INFO] hw.pins: Pin step.fb set to 0.0 (was 0.0)
Pin step.fb set to 0.0 (was 0.0)
[INFO] hw.stepgen: =human= stepgen sg-cmd-pos=5.000000 rev sg-fb-pos=0.000000 rev sg-vel=0.000000 rps sg-acc=0.000000 rps2

=human= stepgen sg-cmd-pos=5.000000 rev sg-fb-pos=0.000000 rev sg-vel=0.000000 rps sg-acc=0.000000 rps2

[INFO] hw.pins: Pin step.fb set to 0.0 (was 0.0)
Pin step.fb set to 0.0 (was 0.0)
[INFO] hw.stepgen: =human= stepgen sg-cmd-pos=5.000000 rev sg-fb-pos=0.000000 rev sg-vel=0.000000 rps sg-acc=0.000000 rps2

=human= stepgen sg-cmd-pos=5.000000 rev sg-fb-pos=0.000000 rev sg-vel=0.000000 rps sg-acc=0.000000 rps2

[INFO] hw.pins: Pin step.fb set to 0.0 (was 0.0)
Pin step.fb set to 0.0 (was 0.0)
[INFO] hw.stepgen: =human= stepgen sg-cmd-pos=5.000000 rev sg-fb-pos=0.000000 rev sg-vel=0.000000 rps sg-acc=0.000000 rps2

=human= stepgen sg-cmd-pos=5.000000 rev sg-fb-pos=0.000000 rev sg-vel=0.000000 rps sg-acc=0.000000 rps2

[INFO] hw.pins: Pin step.fb set to 0.0 (was 0.0)
Pin step.fb set to 0.0 (was 0.0)
[INFO] hw.stepgen: =human= stepgen sg-cmd-pos=5.000000 rev sg-fb-pos=0.000000 rev sg-vel=0.000000 rps sg-acc=0.000000 rps2

=human= stepgen sg-cmd-pos=5.000000 rev sg-fb-pos=0.000000 rev sg-vel=0.000000 rps sg-acc=0.000000 rps2

[INFO] hw.pins: Pin step.fb set to 0.0 (was 0.0)
Pin step.fb set to 0.0 (was 0.0)
[INFO] hw.stepgen: =human= stepgen sg-cmd-pos=5.000000 rev sg-fb-pos=0.000000 rev sg-vel=0.000000 rps sg-acc=0.000000 rps2

=human= stepgen sg-cmd-pos=5.000000 rev sg-fb-pos=0.000000 rev sg-vel=0.000000 rps sg-acc=0.000000 rps2

[INFO] hw.pins: Pin step.fb set to 0.0 (was 0.0)
Pin step.fb set to 0.0 (was 0.0)
[INFO] hw.stepgen: =human= stepgen sg-cmd-pos=5.000000 rev sg-fb-pos=0.000000 rev sg-vel=0.000000 rps sg-acc=0.000000 rps2

=human= stepgen sg-cmd-pos=5.000000 rev sg-fb-pos=0.000000 rev sg-vel=0.000000 rps sg-acc=0.000000 rps2

[INFO] hw.pins: Pin step.fb set to 0.0 (was 0.0)
Pin step.fb set to 0.0 (was 0.0)
[INFO] hw.stepgen: =human= stepgen sg-cmd-pos=5.000000 rev sg-fb-pos=0.000000 rev sg-vel=0.000000 rps sg-acc=0.000000 rps2

=human= stepgen sg-cmd-pos=5.000000 rev sg-fb-pos=0.000000 rev sg-vel=0.000000 rps sg-acc=0.000000 rps2

[INFO] hw.pins: Pin step.fb set to 0.0 (was 0.0)
Pin step.fb set to 0.0 (was 0.0)
[INFO] hw.stepgen: =human= stepgen sg-cmd-pos=5.000000 rev sg-fb-pos=0.000000 rev sg-vel=0.000000 rps sg-acc=0.000000 rps2

=human= stepgen sg-cmd-pos=5.000000 rev sg-fb-pos=0.000000 rev sg-vel=0.000000 rps sg-acc=0.000000 rps2

[INFO] hw.pins: Pin step.fb set to 0.0 (was 0.0)
Pin step.fb set to 0.0 (was 0.0)
[INFO] hw.stepgen: =human= stepgen sg-cmd-pos=5.000000 rev sg-fb-pos=0.000000 rev sg-vel=0.000000 rps sg-acc=0.000000 rps2

=human= stepgen sg-cmd-pos=5.000000 rev sg-fb-pos=0.000000 rev sg-vel=0.000000 rps sg-acc=0.000000 rps2

[INFO] hw.pins: Pin step.fb set to 0.0 (was 0.0)
Pin step.fb set to 0.0 (was 0.0)
[INFO] hw.stepgen: =human= stepgen sg-cmd-pos=5.000000 rev sg-fb-pos=0.000000 rev sg-vel=0.000000 rps sg-acc=0.000000 rps2

=human= stepgen sg-cmd-pos=5.000000 rev sg-fb-pos=0.000000 rev sg-vel=0.000000 rps sg-acc=0.000000 rps2

[INFO] hw.pins: Pin step.fb set to 0.0 (was 0.0)
Pin step.fb set to 0.0 (was 0.0)
[INFO] hw.stepgen: =human= stepgen sg-cmd-pos=5.000000 rev sg-fb-pos=0.000000 rev sg-vel=0.000000 rps sg-acc=0.000000 rps2

=human= stepgen sg-cmd-pos=5.000000 rev sg-fb-pos=0.000000 rev sg-vel=0.000000 rps sg-acc=0.000000 rps2

[INFO] hw.pins: Pin step.fb set to 0.0 (was 0.0)
Pin step.fb set to 0.0 (was 0.0)
[INFO] hw.stepgen: =human= stepgen sg-cmd-pos=5.000000 rev sg-fb-pos=0.000000 rev sg-vel=0.000000 rps sg-acc=0.000000 rps2

=human= stepgen sg-cmd-pos=5.000000 rev sg-fb-pos=0.000000 rev sg-vel=0.000000 rps sg-acc=0.000000 rps2

[INFO] hw.pins: Pin step.fb set to 0.0 (was 0.0)
Pin step.fb set to 0.0 (was 0.0)
[INFO] hw.stepgen: =human= stepgen sg-cmd-pos=5.000000 rev sg-fb-pos=0.000000 rev sg-vel=0.000000 rps sg-acc=0.000000 rps2

=human= stepgen sg-cmd-pos=5.000000 rev sg-fb-pos=0.000000 rev sg-vel=0.000000 rps sg-acc=0.000000 rps2

[INFO] hw.pins: Pin step.fb set to 0.0 (was 0.0)
Pin step.fb set to 0.0 (was 0.0)
[INFO] hw.stepgen: =human= stepgen sg-cmd-pos=5.000000 rev sg-fb-pos=0.000000 rev sg-vel=0.000000 rps sg-acc=0.000000 rps2

=human= stepgen sg-cmd-pos=5.000000 rev sg-fb-pos=0.000000 rev sg-vel=0.000000 rps sg-acc=0.000000 rps2

[INFO] hw.pins: Pin step.fb set to 0.0 (was 0.0)
Pin step.fb set to 0.0 (was 0.0)
[INFO] hw.stepgen: =human= stepgen sg-cmd-pos=5.000000 rev sg-fb-pos=0.000000 rev sg-vel=0.000000 rps sg-acc=0.000000 rps2

=human= stepgen sg-cmd-pos=5.000000 rev sg-fb-pos=0.000000 rev sg-vel=0.000000 rps sg-acc=0.000000 rps2

[INFO] hw.pins: Pin step.fb set to 0.0 (was 0.0)
Pin step.fb set to 0.0 (was 0.0)
[INFO] hw.stepgen: =human= stepgen sg-cmd-pos=5.000000 rev sg-fb-pos=0.000000 rev sg-vel=0.000000 rps sg-acc=0.000000 rps2

=human= stepgen sg-cmd-pos=5.000000 rev sg-fb-pos=0.000000 rev sg-vel=0.000000 rps sg-acc=0.000000 rps2

[INFO] hw.pins: Pin step.fb set to 0.0 (was 0.0)
Pin step.fb set to 0.0 (was 0.0)
[INFO] hw.stepgen: =human= stepgen sg-cmd-pos=5.000000 rev sg-fb-pos=0.000000 rev sg-vel=0.000000 rps sg-acc=0.000000 rps2

=human= stepgen sg-cmd-pos=5.000000 rev sg-fb-pos=0.000000 rev sg-vel=0.000000 rps sg-acc=0.000000 rps2

[INFO] hw.pins: Pin step.fb set to 0.0 (was 0.0)
Pin step.fb set to 0.0 (was 0.0)
[INFO] hw.stepgen: =human= stepgen sg-cmd-pos=5.000000 rev sg-fb-pos=0.000000 rev sg-vel=0.000000 rps sg-acc=0.000000 rps2

=human= stepgen sg-cmd-pos=5.000000 rev sg-fb-pos=0.000000 rev sg-vel=0.000000 rps sg-acc=0.000000 rps2

[INFO] hw.pins: Pin step.fb set to 0.0 (was 0.0)
Pin step.fb set to 0.0 (was 0.0)
[INFO] hw.stepgen: =human= stepgen sg-cmd-pos=5.000000 rev sg-fb-pos=0.000000 rev sg-vel=0.000000 rps sg-acc=0.000000 rps2

=human= stepgen sg-cmd-pos=5.000000 rev sg-fb-pos=0.000000 rev sg-vel=0.000000 rps sg-acc=0.000000 rps2

[INFO] hw.pins: Pin step.fb set to 0.0 (was 0.0)
Pin step.fb set to 0.0 (was 0.0)
[INFO] hw.stepgen: =human= stepgen sg-cmd-pos=5.000000 rev sg-fb-pos=0.000000 rev sg-vel=0.000000 rps sg-acc=0.000000 rps2

=human= stepgen sg-cmd-pos=5.000000 rev sg-fb-pos=0.000000 rev sg-vel=0.000000 rps sg-acc=0.000000 rps2

[INFO] hw.pins: Pin step.fb set to 0.0 (was 0.0)
Pin step.fb set to 0.0 (was 0.0)
[INFO] hw.stepgen: =human= stepgen sg-cmd-pos=5.000000 rev sg-fb-pos=0.000000 rev sg-vel=0.000000 rps sg-acc=0.000000 rps2

=human= stepgen sg-cmd-pos=5.000000 rev sg-fb-pos=0.000000 rev sg-vel=0.000000 rps sg-acc=0.000000 rps2

[INFO] hw.pins: Pin step.fb set to 0.0 (was 0.0)
Pin step.fb set to 0.0 (was 0.0)
[INFO] hw.stepgen: =human= stepgen sg-cmd-pos=5.000000 rev sg-fb-pos=0.000000 rev sg-vel=0.000000 rps sg-acc=0.000000 rps2

=human= stepgen sg-cmd-pos=5.000000 rev sg-fb-pos=0.000000 rev sg-vel=0.000000 rps sg-acc=0.000000 rps2

[INFO] hw.pins: Pin step.fb set to 0.0 (was 0.0)
Pin step.fb set to 0.0 (was 0.0)
[INFO] hw.stepgen: =human= stepgen sg-cmd-pos=5.000000 rev sg-fb-pos=0.000000 rev sg-vel=0.000000 rps sg-acc=0.000000 rps2

=human= stepgen sg-cmd-pos=5.000000 rev sg-fb-pos=0.000000 rev sg-vel=0.000000 rps sg-acc=0.000000 rps2

[INFO] hw.pins: Pin step.fb set to 0.0 (was 0.0)
Pin step.fb set to 0.0 (was 0.0)
[INFO] hw.stepgen: =human= stepgen sg-cmd-pos=5.000000 rev sg-fb-pos=0.000000 rev sg-vel=0.000000 rps sg-acc=0.000000 rps2

=human= stepgen sg-cmd-pos=5.000000 rev sg-fb-pos=0.000000 rev sg-vel=0.000000 rps sg-acc=0.000000 rps2

[INFO] hw.pins: Pin step.fb set to 0.0 (was 0.0)
Pin step.fb set to 0.0 (was 0.0)
[INFO] hw.stepgen: =human= stepgen sg-cmd-pos=5.000000 rev sg-fb-pos=0.000000 rev sg-vel=0.000000 rps sg-acc=0.000000 rps2

=human= stepgen sg-cmd-pos=5.000000 rev sg-fb-pos=0.000000 rev sg-vel=0.000000 rps sg-acc=0.000000 rps2

[INFO] hw.pins: Pin step.fb set to 0.0 (was 0.0)
Pin step.fb set to 0.0 (was 0.0)
[INFO] hw.stepgen: =human= stepgen sg-cmd-pos=5.000000 rev sg-fb-pos=0.000000 rev sg-vel=0.000000 rps sg-acc=0.000000 rps2

=human= stepgen sg-cmd-pos=5.000000 rev sg-fb-pos=0.000000 rev sg-vel=0.000000 rps sg-acc=0.000000 rps2

[INFO] hw.pins: Pin step.fb set to 0.0 (was 0.0)
Pin step.fb set to 0.0 (was 0.0)
[INFO] hw.stepgen: =human= stepgen sg-cmd-pos=5.000000 rev sg-fb-pos=0.000000 rev sg-vel=0.000000 rps sg-acc=0.000000 rps2

=human= stepgen sg-cmd-pos=5.000000 rev sg-fb-pos=0.000000 rev sg-vel=0.000000 rps sg-acc=0.000000 rps2

[INFO] hw.pins: Pin step.fb set to 0.0 (was 0.0)
Pin step.fb set to 0.0 (was 0.0)
[INFO] hw.stepgen: =human= stepgen sg-cmd-pos=5.000000 rev sg-fb-pos=0.000000 rev sg-vel=0.000000 rps sg-acc=0.000000 rps2

=human= stepgen sg-cmd-pos=5.000000 rev sg-fb-pos=0.000000 rev sg-vel=0.000000 rps sg-acc=0.000000 rps2

[INFO] hw.pins: Pin step.fb set to 0.0 (was 0.0)
Pin step.fb set to 0.0 (was 0.0)
[INFO] hw.stepgen: =human= stepgen sg-cmd-pos=5.000000 rev sg-fb-pos=0.000000 rev sg-vel=0.000000 rps sg-acc=0.000000 rps2

=human= stepgen sg-cmd-pos=5.000000 rev sg-fb-pos=0.000000 rev sg-vel=0.000000 rps sg-acc=0.000000 rps2

[INFO] hw.pins: Pin step.fb set to 0.0 (was 0.0)
Pin step.fb set to 0.0 (was 0.0)
[INFO] hw.stepgen: =human= stepgen sg-cmd-pos=5.000000 rev sg-fb-pos=0.000000 rev sg-vel=0.000000 rps sg-acc=0.000000 rps2

=human= stepgen sg-cmd-pos=5.000000 rev sg-fb-pos=0.000000 rev sg-vel=0.000000 rps sg-acc=0.000000 rps2

[INFO] hw.pins: Pin step.fb set to 0.0 (was 0.0)
Pin step.fb set to 0.0 (was 0.0)
[INFO] hw.stepgen: =human= stepgen sg-cmd-pos=5.000000 rev sg-fb-pos=0.000000 rev sg-vel=0.000000 rps sg-acc=0.000000 rps2

=human= stepgen sg-cmd-pos=5.000000 rev sg-fb-pos=0.000000 rev sg-vel=0.000000 rps sg-acc=0.000000 rps2

[INFO] hw.pins: Pin step.fb set to 0.0 (was 0.0)
Pin step.fb set to 0.0 (was 0.0)
[INFO] hw.stepgen: =human= stepgen sg-cmd-pos=5.000000 rev sg-fb-pos=0.000000 rev sg-vel=0.000000 rps sg-acc=0.000000 rps2

=human= stepgen sg-cmd-pos=5.000000 rev sg-fb-pos=0.000000 rev sg-vel=0.000000 rps sg-acc=0.000000 rps2

[INFO] hw.pins: Pin step.fb set to 0.0 (was 0.0)
Pin step.fb set to 0.0 (was 0.0)
[INFO] hw.stepgen: =human= stepgen sg-cmd-pos=5.000000 rev sg-fb-pos=0.000000 rev sg-vel=0.000000 rps sg-acc=0.000000 rps2

=human= stepgen sg-cmd-pos=5.000000 rev sg-fb-pos=0.000000 rev sg-vel=0.000000 rps sg-acc=0.000000 rps2

[INFO] hw.pins: Pin step.fb set to 0.0 (was 0.0)
Pin step.fb set to 0.0 (was 0.0)
[INFO] hw.stepgen: =human= stepgen sg-cmd-pos=5.000000 rev sg-fb-pos=0.000000 rev sg-vel=0.000000 rps sg-acc=0.000000 rps2

=human= stepgen sg-cmd-pos=5.000000 rev sg-fb-pos=0.000000 rev sg-vel=0.000000 rps sg-acc=0.000000 rps2

[INFO] hw.pins: Pin step.fb set to 0.0 (was 0.0)
Pin step.fb set to 0.0 (was 0.0)
[INFO] hw.stepgen: =human= stepgen sg-cmd-pos=5.000000 rev sg-fb-pos=0.000000 rev sg-vel=0.000000 rps sg-acc=0.000000 rps2

=human= stepgen sg-cmd-pos=5.000000 rev sg-fb-pos=0.000000 rev sg-vel=0.000000 rps sg-acc=0.000000 rps2

[INFO] hw.pins: Pin step.fb set to 0.0 (was 0.0)
Pin step.fb set to 0.0 (was 0.0)
[INFO] hw.stepgen: =human= stepgen sg-cmd-pos=5.000000 rev sg-fb-pos=0.000000 rev sg-vel=0.000000 rps sg-acc=0.000000 rps2

=human= stepgen sg-cmd-pos=5.000000 rev sg-fb-pos=0.000000 rev sg-vel=0.000000 rps sg-acc=0.000000 rps2

[INFO] hw.pins: Pin step.fb set to 0.0 (was 0.0)
Pin step.fb set to 0.0 (was 0.0)
[INFO] hw.stepgen: =human= stepgen sg-cmd-pos=5.000000 rev sg-fb-pos=0.000000 rev sg-vel=0.000000 rps sg-acc=0.000000 rps2

=human= stepgen sg-cmd-pos=5.000000 rev sg-fb-pos=0.000000 rev sg-vel=0.000000 rps sg-acc=0.000000 rps2

[INFO] hw.pins: Pin step.fb set to 0.0 (was 0.0)
Pin step.fb set to 0.0 (was 0.0)
[INFO] hw.stepgen: =human= stepgen sg-cmd-pos=5.000000 rev sg-fb-pos=0.000000 rev sg-vel=0.000000 rps sg-acc=0.000000 rps2

=human= stepgen sg-cmd-pos=5.000000 rev sg-fb-pos=0.000000 rev sg-vel=0.000000 rps sg-acc=0.000000 rps2

[INFO] hw.pins: Pin step.fb set to 0.0 (was 0.0)
Pin step.fb set to 0.0 (was 0.0)
[INFO] hw.stepgen: =human= stepgen sg-cmd-pos=5.000000 rev sg-fb-pos=0.000000 rev sg-vel=0.000000 rps sg-acc=0.000000 rps2

=human= stepgen sg-cmd-pos=5.000000 rev sg-fb-pos=0.000000 rev sg-vel=0.000000 rps sg-acc=0.000000 rps2

[INFO] hw.pins: Pin step.fb set to 0.0 (was 0.0)
Pin step.fb set to 0.0 (was 0.0)
[INFO] hw.stepgen: =human= stepgen sg-cmd-pos=5.000000 rev sg-fb-pos=0.000000 rev sg-vel=0.000000 rps sg-acc=0.000000 rps2

=human= stepgen sg-cmd-pos=5.000000 rev sg-fb-pos=0.000000 rev sg-vel=0.000000 rps sg-acc=0.000000 rps2

[INFO] hw.pins: Pin step.fb set to 0.0 (was 0.0)
Pin step.fb set to 0.0 (was 0.0)
[INFO] hw.stepgen: =human= stepgen sg-cmd-pos=5.000000 rev sg-fb-pos=0.000000 rev sg-vel=0.000000 rps sg-acc=0.000000 rps2

=human= stepgen sg-cmd-pos=5.000000 rev sg-fb-pos=0.000000 rev sg-vel=0.000000 rps sg-acc=0.000000 rps2

[INFO] hw.pins: Pin step.fb set to 0.0 (was 0.0)
Pin step.fb set to 0.0 (was 0.0)
[INFO] hw.stepgen: =human= stepgen sg-cmd-pos=5.000000 rev sg-fb-pos=0.000000 rev sg-vel=0.000000 rps sg-acc=0.000000 rps2

=human= stepgen sg-cmd-pos=5.000000 rev sg-fb-pos=0.000000 rev sg-vel=0.000000 rps sg-acc=0.000000 rps2

[INFO] hw.pins: Pin step.fb set to 0.0 (was 0.0)
Pin step.fb set to 0.0 (was 0.0)
[INFO] hw.stepgen: =human= stepgen sg-cmd-pos=5.000000 rev sg-fb-pos=0.000000 rev sg-vel=0.000000 rps sg-acc=0.000000 rps2

=human= stepgen sg-cmd-pos=5.000000 rev sg-fb-pos=0.000000 rev sg-vel=0.000000 rps sg-acc=0.000000 rps2

[INFO] hw.pins: Pin step.fb set to 0.0 (was 0.0)
Pin step.fb set to 0.0 (was 0.0)
[INFO] hw.stepgen: =human= stepgen sg-cmd-pos=5.000000 rev sg-fb-pos=0.000000 rev sg-vel=0.000000 rps sg-acc=0.000000 rps2

=human= stepgen sg-cmd-pos=5.000000 rev sg-fb-pos=0.000000 rev sg-vel=0.000000 rps sg-acc=0.000000 rps2

[INFO] hw.pins: Pin step.fb set to 0.0 (was 0.0)
Pin step.fb set to 0.0 (was 0.0)
[INFO] hw.stepgen: =human= stepgen sg-cmd-pos=5.000000 rev sg-fb-pos=0.000000 rev sg-vel=0.000000 rps sg-acc=0.000000 rps2

=human= stepgen sg-cmd-pos=5.000000 rev sg-fb-pos=0.000000 rev sg-vel=0.000000 rps sg-acc=0.000000 rps2

[INFO] hw.pins: Pin step.fb set to 0.0 (was 0.0)
Pin step.fb set to 0.0 (was 0.0)
[INFO] hw.stepgen: =human= stepgen sg-cmd-pos=5.000000 rev sg-fb-pos=0.000000 rev sg-vel=0.000000 rps sg-acc=0.000000 rps2

=human= stepgen sg-cmd-pos=5.000000 rev sg-fb-pos=0.000000 rev sg-vel=0.000000 rps sg-acc=0.000000 rps2

[INFO] hw.pins: Pin step.fb set to 0.0 (was 0.0)
Pin step.fb set to 0.0 (was 0.0)
[INFO] hw.stepgen: =human= stepgen sg-cmd-pos=5.000000 rev sg-fb-pos=0.000000 rev sg-vel=0.000000 rps sg-acc=0.000000 rps2

=human= stepgen sg-cmd-pos=5.000000 rev sg-fb-pos=0.000000 rev sg-vel=0.000000 rps sg-acc=0.000000 rps2

[INFO] hw.pins: Pin step.fb set to 0.0 (was 0.0)
Pin step.fb set to 0.0 (was 0.0)
[INFO] hw.stepgen: =human= stepgen sg-cmd-pos=5.000000 rev sg-fb-pos=0.000000 rev sg-vel=0.000000 rps sg-acc=0.000000 rps2

=human= stepgen sg-cmd-pos=5.000000 rev sg-fb-pos=0.000000 rev sg-vel=0.000000 rps sg-acc=0.000000 rps2

[INFO] hw.pins: Pin step.fb set to 0.0 (was 0.0)
Pin step.fb set to 0.0 (was 0.0)
[INFO] hw.stepgen: =human= stepgen sg-cmd-pos=5.000000 rev sg-fb-pos=0.000000 rev sg-vel=0.000000 rps sg-acc=0.000000 rps2

=human= stepgen sg-cmd-pos=5.000000 rev sg-fb-pos=0.000000 rev sg-vel=0.000000 rps sg-acc=0.000000 rps2

[INFO] hw.pins: Pin step.fb set to 0.0 (was 0.0)
Pin step.fb set to 0.0 (was 0.0)
[INFO] hw.stepgen: =human= stepgen sg-cmd-pos=5.000000 rev sg-fb-pos=0.000000 rev sg-vel=0.000000 rps sg-acc=0.000000 rps2

=human= stepgen sg-cmd-pos=5.000000 rev sg-fb-pos=0.000000 rev sg-vel=0.000000 rps sg-acc=0.000000 rps2

[INFO] hw.pins: Pin step.fb set to 0.0 (was 0.0)
Pin step.fb set to 0.0 (was 0.0)
[INFO] hw.stepgen: =human= stepgen sg-cmd-pos=5.000000 rev sg-fb-pos=0.000000 rev sg-vel=0.000000 rps sg-acc=0.000000 rps2

=human= stepgen sg-cmd-pos=5.000000 rev sg-fb-pos=0.000000 rev sg-vel=0.000000 rps sg-acc=0.000000 rps2

[INFO] hw.pins: Pin step.fb set to 0.0 (was 0.0)
Pin step.fb set to 0.0 (was 0.0)
[INFO] hw.stepgen: =human= stepgen sg-cmd-pos=5.000000 rev sg-fb-pos=0.000000 rev sg-vel=0.000000 rps sg-acc=0.000000 rps2

=human= stepgen sg-cmd-pos=5.000000 rev sg-fb-pos=0.000000 rev sg-vel=0.000000 rps sg-acc=0.000000 rps2

[INFO] hw.pins: Pin step.fb set to 0.0 (was 0.0)
Pin step.fb set to 0.0 (was 0.0)
[INFO] hw.stepgen: =human= stepgen sg-cmd-pos=5.000000 rev sg-fb-pos=0.000000 rev sg-vel=0.000000 rps sg-acc=0.000000 rps2

=human= stepgen sg-cmd-pos=5.000000 rev sg-fb-pos=0.000000 rev sg-vel=0.000000 rps sg-acc=0.000000 rps2

[INFO] hw.pins: Pin step.fb set to 0.0 (was 0.0)
Pin step.fb set to 0.0 (was 0.0)
[INFO] hw.stepgen: =human= stepgen sg-cmd-pos=5.000000 rev sg-fb-pos=0.000000 rev sg-vel=0.000000 rps sg-acc=0.000000 rps2

=human= stepgen sg-cmd-pos=5.000000 rev sg-fb-pos=0.000000 rev sg-vel=0.000000 rps sg-acc=0.000000 rps2

[INFO] hw.pins: Pin step.fb set to 0.0 (was 0.0)
Pin step.fb set to 0.0 (was 0.0)
[INFO] hw.stepgen: =human= stepgen sg-cmd-pos=5.000000 rev sg-fb-pos=0.000000 rev sg-vel=0.000000 rps sg-acc=0.000000 rps2

=human= stepgen sg-cmd-pos=5.000000 rev sg-fb-pos=0.000000 rev sg-vel=0.000000 rps sg-acc=0.000000 rps2

[INFO] hw.pins: Pin step.fb set to 0.0 (was 0.0)
Pin step.fb set to 0.0 (was 0.0)
[INFO] hw.stepgen: =human= stepgen sg-cmd-pos=5.000000 rev sg-fb-pos=0.000000 rev sg-vel=0.000000 rps sg-acc=0.000000 rps2

=human= stepgen sg-cmd-pos=5.000000 rev sg-fb-pos=0.000000 rev sg-vel=0.000000 rps sg-acc=0.000000 rps2

[INFO] hw.pins: Pin step.fb set to 0.0 (was 0.0)
Pin step.fb set to 0.0 (was 0.0)
[INFO] hw.stepgen: =human= stepgen sg-cmd-pos=5.000000 rev sg-fb-pos=0.000000 rev sg-vel=0.000000 rps sg-acc=0.000000 rps2

=human= stepgen sg-cmd-pos=5.000000 rev sg-fb-pos=0.000000 rev sg-vel=0.000000 rps sg-acc=0.000000 rps2

[INFO] hw.pins: Pin step.fb set to 0.0 (was 0.0)
Pin step.fb set to 0.0 (was 0.0)
[INFO] hw.stepgen: =human= stepgen sg-cmd-pos=5.000000 rev sg-fb-pos=0.000000 rev sg-vel=0.000000 rps sg-acc=0.000000 rps2

=human= stepgen sg-cmd-pos=5.000000 rev sg-fb-pos=0.000000 rev sg-vel=0.000000 rps sg-acc=0.000000 rps2

[INFO] hw.pins: Pin step.fb set to 0.0 (was 0.0)
Pin step.fb set to 0.0 (was 0.0)
[INFO] hw.stepgen: =human= stepgen sg-cmd-pos=5.000000 rev sg-fb-pos=0.000000 rev sg-vel=0.000000 rps sg-acc=0.000000 rps2

=human= stepgen sg-cmd-pos=5.000000 rev sg-fb-pos=0.000000 rev sg-vel=0.000000 rps sg-acc=0.000000 rps2

[INFO] hw.pins: Pin step.fb set to 0.0 (was 0.0)
Pin step.fb set to 0.0 (was 0.0)
[INFO] hw.stepgen: =human= stepgen sg-cmd-pos=5.000000 rev sg-fb-pos=0.000000 rev sg-vel=0.000000 rps sg-acc=0.000000 rps2

=human= stepgen sg-cmd-pos=5.000000 rev sg-fb-pos=0.000000 rev sg-vel=0.000000 rps sg-acc=0.000000 rps2

[INFO] hw.pins: Pin step.fb set to 0.0 (was 0.0)
Pin step.fb set to 0.0 (was 0.0)
[INFO] hw.stepgen: =human= stepgen sg-cmd-pos=5.000000 rev sg-fb-pos=0.000000 rev sg-vel=0.000000 rps sg-acc=0.000000 rps2

=human= stepgen sg-cmd-pos=5.000000 rev sg-fb-pos=0.000000 rev sg-vel=0.000000 rps sg-acc=0.000000 rps2

[INFO] hw.pins: Pin step.fb set to 0.0 (was 0.0)
Pin step.fb set to 0.0 (was 0.0)
[INFO] hw.stepgen: =human= stepgen sg-cmd-pos=5.000000 rev sg-fb-pos=0.000000 rev sg-vel=0.000000 rps sg-acc=0.000000 rps2

=human= stepgen sg-cmd-pos=5.000000 rev sg-fb-pos=0.000000 rev sg-vel=0.000000 rps sg-acc=0.000000 rps2

[INFO] hw.pins: Pin step.fb set to 0.0 (was 0.0)
Pin step.fb set to 0.0 (was 0.0)
[INFO] hw.stepgen: =human= stepgen sg-cmd-pos=5.000000 rev sg-fb-pos=0.000000 rev sg-vel=0.000000 rps sg-acc=0.000000 rps2

=human= stepgen sg-cmd-pos=5.000000 rev sg-fb-pos=0.000000 rev sg-vel=0.000000 rps sg-acc=0.000000 rps2

[INFO] hw.pins: Pin step.fb set to 0.0 (was 0.0)
Pin step.fb set to 0.0 (was 0.0)
[INFO] hw.stepgen: =human= stepgen sg-cmd-pos=5.000000 rev sg-fb-pos=0.000000 rev sg-vel=0.000000 rps sg-acc=0.000000 rps2

=human= stepgen sg-cmd-pos=5.000000 rev sg-fb-pos=0.000000 rev sg-vel=0.000000 rps sg-acc=0.000000 rps2

[INFO] hw.pins: Pin step.fb set to 0.0 (was 0.0)
Pin step.fb set to 0.0 (was 0.0)
[INFO] hw.stepgen: =human= stepgen sg-cmd-pos=5.000000 rev sg-fb-pos=0.000000 rev sg-vel=0.000000 rps sg-acc=0.000000 rps2

=human= stepgen sg-cmd-pos=5.000000 rev sg-fb-pos=0.000000 rev sg-vel=0.000000 rps sg-acc=0.000000 rps2

[INFO] hw.pins: Pin step.fb set to 0.0 (was 0.0)
Pin step.fb set to 0.0 (was 0.0)
[INFO] hw.stepgen: =human= stepgen sg-cmd-pos=5.000000 rev sg-fb-pos=0.000000 rev sg-vel=0.000000 rps sg-acc=0.000000 rps2

=human= stepgen sg-cmd-pos=5.000000 rev sg-fb-pos=0.000000 rev sg-vel=0.000000 rps sg-acc=0.000000 rps2

[INFO] hw.pins: Pin step.fb set to 0.0 (was 0.0)
Pin step.fb set to 0.0 (was 0.0)
[INFO] hw.stepgen: =human= stepgen sg-cmd-pos=5.000000 rev sg-fb-pos=0.000000 rev sg-vel=0.000000 rps sg-acc=0.000000 rps2

=human= stepgen sg-cmd-pos=5.000000 rev sg-fb-pos=0.000000 rev sg-vel=0.000000 rps sg-acc=0.000000 rps2

[INFO] hw.pins: Pin step.fb set to 0.0 (was 0.0)
Pin step.fb set to 0.0 (was 0.0)
[INFO] hw.stepgen: =human= stepgen sg-cmd-pos=5.000000 rev sg-fb-pos=0.000000 rev sg-vel=0.000000 rps sg-acc=0.000000 rps2

=human= stepgen sg-cmd-pos=5.000000 rev sg-fb-pos=0.000000 rev sg-vel=0.000000 rps sg-acc=0.000000 rps2

[INFO] hw.pins: Pin step.fb set to 0.0 (was 0.0)
Pin step.fb set to 0.0 (was 0.0)
[INFO] hw.stepgen: =human= stepgen sg-cmd-pos=5.000000 rev sg-fb-pos=0.000000 rev sg-vel=0.000000 rps sg-acc=0.000000 rps2

=human= stepgen sg-cmd-pos=5.000000 rev sg-fb-pos=0.000000 rev sg-vel=0.000000 rps sg-acc=0.000000 rps2

[INFO] hw.pins: Pin step.fb set to 0.0 (was 0.0)
Pin step.fb set to 0.0 (was 0.0)
[INFO] hw.stepgen: =human= stepgen sg-cmd-pos=5.000000 rev sg-fb-pos=0.000000 rev sg-vel=0.000000 rps sg-acc=0.000000 rps2

=human= stepgen sg-cmd-pos=5.000000 rev sg-fb-pos=0.000000 rev sg-vel=0.000000 rps sg-acc=0.000000 rps2

[INFO] hw.pins: Pin step.fb set to 0.0 (was 0.0)
Pin step.fb set to 0.0 (was 0.0)
[INFO] hw.stepgen: =human= stepgen sg-cmd-pos=5.000000 rev sg-fb-pos=0.000000 rev sg-vel=0.000000 rps sg-acc=0.000000 rps2

=human= stepgen sg-cmd-pos=5.000000 rev sg-fb-pos=0.000000 rev sg-vel=0.000000 rps sg-acc=0.000000 rps2

[INFO] hw.pins: Pin step.fb set to 0.0 (was 0.0)
Pin step.fb set to 0.0 (was 0.0)
[INFO] hw.stepgen: =human= stepgen sg-cmd-pos=5.000000 rev sg-fb-pos=0.000000 rev sg-vel=0.000000 rps sg-acc=0.000000 rps2

=human= stepgen sg-cmd-pos=5.000000 rev sg-fb-pos=0.000000 rev sg-vel=0.000000 rps sg-acc=0.000000 rps2

[INFO] hw.pins: Pin step.fb set to 0.0 (was 0.0)
Pin step.fb set to 0.0 (was 0.0)
[INFO] hw.stepgen: =human= stepgen sg-cmd-pos=5.000000 rev sg-fb-pos=0.000000 rev sg-vel=0.000000 rps sg-acc=0.000000 rps2

=human= stepgen sg-cmd-pos=5.000000 rev sg-fb-pos=0.000000 rev sg-vel=0.000000 rps sg-acc=0.000000 rps2

[INFO] hw.pins: Pin step.fb set to 0.0 (was 0.0)
Pin step.fb set to 0.0 (was 0.0)
[INFO] hw.stepgen: =human= stepgen sg-cmd-pos=5.000000 rev sg-fb-pos=0.000000 rev sg-vel=0.000000 rps sg-acc=0.000000 rps2

=human= stepgen sg-cmd-pos=5.000000 rev sg-fb-pos=0.000000 rev sg-vel=0.000000 rps sg-acc=0.000000 rps2

[INFO] hw.pins: Pin step.fb set to 0.0 (was 0.0)
Pin step.fb set to 0.0 (was 0.0)
[INFO] hw.stepgen: =human= stepgen sg-cmd-pos=5.000000 rev sg-fb-pos=0.000000 rev sg-vel=0.000000 rps sg-acc=0.000000 rps2

=human= stepgen sg-cmd-pos=5.000000 rev sg-fb-pos=0.000000 rev sg-vel=0.000000 rps sg-acc=0.000000 rps2

[INFO] hw.pins: Pin step.fb set to 0.0 (was 0.0)
Pin step.fb set to 0.0 (was 0.0)
[INFO] hw.stepgen: =human= stepgen sg-cmd-pos=5.000000 rev sg-fb-pos=0.000000 rev sg-vel=0.000000 rps sg-acc=0.000000 rps2

=human= stepgen sg-cmd-pos=5.000000 rev sg-fb-pos=0.000000 rev sg-vel=0.000000 rps sg-acc=0.000000 rps2

[INFO] hw.pins: Pin step.fb set to 0.0 (was 0.0)
Pin step.fb set to 0.0 (was 0.0)
[INFO] hw.stepgen: =human= stepgen sg-cmd-pos=5.000000 rev sg-fb-pos=0.000000 rev sg-vel=0.000000 rps sg-acc=0.000000 rps2

=human= stepgen sg-cmd-pos=5.000000 rev sg-fb-pos=0.000000 rev sg-vel=0.000000 rps sg-acc=0.000000 rps2

[INFO] hw.pins: Pin step.fb set to 0.0 (was 0.0)
Pin step.fb set to 0.0 (was 0.0)
[INFO] hw.stepgen: =human= stepgen sg-cmd-pos=5.000000 rev sg-fb-pos=0.000000 rev sg-vel=0.000000 rps sg-acc=0.000000 rps2

=human= stepgen sg-cmd-pos=5.000000 rev sg-fb-pos=0.000000 rev sg-vel=0.000000 rps sg-acc=0.000000 rps2

[INFO] hw.pins: Pin step.fb set to 0.0 (was 0.0)
Pin step.fb set to 0.0 (was 0.0)
[INFO] hw.stepgen: =human= stepgen sg-cmd-pos=5.000000 rev sg-fb-pos=0.000000 rev sg-vel=0.000000 rps sg-acc=0.000000 rps2

=human= stepgen sg-cmd-pos=5.000000 rev sg-fb-pos=0.000000 rev sg-vel=0.000000 rps sg-acc=0.000000 rps2

[INFO] hw.pins: Pin step.fb set to 0.0 (was 0.0)
Pin step.fb set to 0.0 (was 0.0)
[INFO] hw.stepgen: =human= stepgen sg-cmd-pos=5.000000 rev sg-fb-pos=0.000000 rev sg-vel=0.000000 rps sg-acc=0.000000 rps2

=human= stepgen sg-cmd-pos=5.000000 rev sg-fb-pos=0.000000 rev sg-vel=0.000000 rps sg-acc=0.000000 rps2

[INFO] hw.pins: Pin step.fb set to 0.0 (was 0.0)
Pin step.fb set to 0.0 (was 0.0)
[INFO] hw.stepgen: =human= stepgen sg-cmd-pos=5.000000 rev sg-fb-pos=0.000000 rev sg-vel=0.000000 rps sg-acc=0.000000 rps2

=human= stepgen sg-cmd-pos=5.000000 rev sg-fb-pos=0.000000 rev sg-vel=0.000000 rps sg-acc=0.000000 rps2

[INFO] hw.pins: Pin step.fb set to 0.0 (was 0.0)
Pin step.fb set to 0.0 (was 0.0)
[INFO] hw.stepgen: =human= stepgen sg-cmd-pos=5.000000 rev sg-fb-pos=0.000000 rev sg-vel=0.000000 rps sg-acc=0.000000 rps2

=human= stepgen sg-cmd-pos=5.000000 rev sg-fb-pos=0.000000 rev sg-vel=0.000000 rps sg-acc=0.000000 rps2

[INFO] hw.pins: Pin step.enable set to True (was False)
Pin step.enable set to True (was False)
[INFO] hw.pins: Pin step.fb set to 5.0 (was 0.0)
Pin step.fb set to 5.0 (was 0.0)
[INFO] hw.stepgen: =human= stepgen sg-cmd-pos=5.000000 rev sg-fb-pos=5.000000 rev sg-vel=0.000000 rps sg-acc=0.000000 rps2

=human= stepgen sg-cmd-pos=5.000000 rev sg-fb-pos=5.000000 rev sg-vel=0.000000 rps sg-acc=0.000000 rps2

[INFO] hw.pins: Pin step.fb set to 5.0 (was 5.0)
Pin step.fb set to 5.0 (was 5.0)
[INFO] hw.stepgen: =human= stepgen sg-cmd-pos=5.000000 rev sg-fb-pos=5.000000 rev sg-vel=0.000000 rps sg-acc=0.000000 rps2

=human= stepgen sg-cmd-pos=5.000000 rev sg-fb-pos=5.000000 rev sg-vel=0.000000 rps sg-acc=0.000000 rps2

[INFO] hw.pins: Pin step.fb set to 5.0 (was 5.0)
Pin step.fb set to 5.0 (was 5.0)
[INFO] hw.stepgen: =human= stepgen sg-cmd-pos=5.000000 rev sg-fb-pos=5.000000 rev sg-vel=0.000000 rps sg-acc=0.000000 rps2

=human= stepgen sg-cmd-pos=5.000000 rev sg-fb-pos=5.000000 rev sg-vel=0.000000 rps sg-acc=0.000000 rps2

[INFO] hw.pins: Pin step.fb set to 5.0 (was 5.0)
Pin step.fb set to 5.0 (was 5.0)
[INFO] hw.stepgen: =human= stepgen sg-cmd-pos=5.000000 rev sg-fb-pos=5.000000 rev sg-vel=0.000000 rps sg-acc=0.000000 rps2

=human= stepgen sg-cmd-pos=5.000000 rev sg-fb-pos=5.000000 rev sg-vel=0.000000 rps sg-acc=0.000000 rps2

[INFO] hw.pins: Pin step.fb set to 5.0 (was 5.0)
Pin step.fb set to 5.0 (was 5.0)
[INFO] hw.stepgen: =human= stepgen sg-cmd-pos=5.000000 rev sg-fb-pos=5.000000 rev sg-vel=0.000000 rps sg-acc=0.000000 rps2

=human= stepgen sg-cmd-pos=5.000000 rev sg-fb-pos=5.000000 rev sg-vel=0.000000 rps sg-acc=0.000000 rps2

[INFO] hw.pins: Pin step.fb set to 5.0 (was 5.0)
Pin step.fb set to 5.0 (was 5.0)
[INFO] hw.stepgen: =human= stepgen sg-cmd-pos=5.000000 rev sg-fb-pos=5.000000 rev sg-vel=0.000000 rps sg-acc=0.000000 rps2

=human= stepgen sg-cmd-pos=5.000000 rev sg-fb-pos=5.000000 rev sg-vel=0.000000 rps sg-acc=0.000000 rps2

[INFO] hw.pins: Pin step.fb set to 5.0 (was 5.0)
Pin step.fb set to 5.0 (was 5.0)
[INFO] hw.stepgen: =human= stepgen sg-cmd-pos=5.000000 rev sg-fb-pos=5.000000 rev sg-vel=0.000000 rps sg-acc=0.000000 rps2

=human= stepgen sg-cmd-pos=5.000000 rev sg-fb-pos=5.000000 rev sg-vel=0.000000 rps sg-acc=0.000000 rps2

[INFO] hw.pins: Pin step.fb set to 5.0 (was 5.0)
Pin step.fb set to 5.0 (was 5.0)
[INFO] hw.stepgen: =human= stepgen sg-cmd-pos=5.000000 rev sg-fb-pos=5.000000 rev sg-vel=0.000000 rps sg-acc=0.000000 rps2

=human= stepgen sg-cmd-pos=5.000000 rev sg-fb-pos=5.000000 rev sg-vel=0.000000 rps sg-acc=0.000000 rps2

[INFO] hw.pins: Pin step.fb set to 5.0 (was 5.0)
Pin step.fb set to 5.0 (was 5.0)
[INFO] hw.stepgen: =human= stepgen sg-cmd-pos=5.000000 rev sg-fb-pos=5.000000 rev sg-vel=0.000000 rps sg-acc=0.000000 rps2

=human= stepgen sg-cmd-pos=5.000000 rev sg-fb-pos=5.000000 rev sg-vel=0.000000 rps sg-acc=0.000000 rps2

[INFO] hw.pins: Pin step.fb set to 5.0 (was 5.0)
Pin step.fb set to 5.0 (was 5.0)
[INFO] hw.stepgen: =human= stepgen sg-cmd-pos=5.000000 rev sg-fb-pos=5.000000 rev sg-vel=0.000000 rps sg-acc=0.000000 rps2

=human= stepgen sg-cmd-pos=5.000000 rev sg-fb-pos=5.000000 rev sg-vel=0.000000 rps sg-acc=0.000000 rps2

[INFO] hw.pins: Pin step.fb set to 5.0 (was 5.0)
Pin step.fb set to 5.0 (was 5.0)
[INFO] hw.stepgen: =human= stepgen sg-cmd-pos=5.000000 rev sg-fb-pos=5.000000 rev sg-vel=0.000000 rps sg-acc=0.000000 rps2

=human= stepgen sg-cmd-pos=5.000000 rev sg-fb-pos=5.000000 rev sg-vel=0.000000 rps sg-acc=0.000000 rps2

[INFO] hw.pins: Pin step.fb set to 5.0 (was 5.0)
Pin step.fb set to 5.0 (was 5.0)
[INFO] hw.stepgen: =human= stepgen sg-cmd-pos=5.000000 rev sg-fb-pos=5.000000 rev sg-vel=0.000000 rps sg-acc=0.000000 rps2

=human= stepgen sg-cmd-pos=5.000000 rev sg-fb-pos=5.000000 rev sg-vel=0.000000 rps sg-acc=0.000000 rps2

[INFO] hw.pins: Pin step.fb set to 5.0 (was 5.0)
Pin step.fb set to 5.0 (was 5.0)
[INFO] hw.stepgen: =human= stepgen sg-cmd-pos=5.000000 rev sg-fb-pos=5.000000 rev sg-vel=0.000000 rps sg-acc=0.000000 rps2

=human= stepgen sg-cmd-pos=5.000000 rev sg-fb-pos=5.000000 rev sg-vel=0.000000 rps sg-acc=0.000000 rps2

[INFO] hw.pins: Pin step.fb set to 5.0 (was 5.0)
Pin step.fb set to 5.0 (was 5.0)
[INFO] hw.stepgen: =human= stepgen sg-cmd-pos=5.000000 rev sg-fb-pos=5.000000 rev sg-vel=0.000000 rps sg-acc=0.000000 rps2

=human= stepgen sg-cmd-pos=5.000000 rev sg-fb-pos=5.000000 rev sg-vel=0.000000 rps sg-acc=0.000000 rps2

[INFO] hw.pins: Pin step.fb set to 5.0 (was 5.0)
Pin step.fb set to 5.0 (was 5.0)
[INFO] hw.stepgen: =human= stepgen sg-cmd-pos=5.000000 rev sg-fb-pos=5.000000 rev sg-vel=0.000000 rps sg-acc=0.000000 rps2

=human= stepgen sg-cmd-pos=5.000000 rev sg-fb-pos=5.000000 rev sg-vel=0.000000 rps sg-acc=0.000000 rps2

[INFO] hw.pins: Pin step.fb set to 5.0 (was 5.0)
Pin step.fb set to 5.0 (was 5.0)
[INFO] hw.stepgen: =human= stepgen sg-cmd-pos=5.000000 rev sg-fb-pos=5.000000 rev sg-vel=0.000000 rps sg-acc=0.000000 rps2

=human= stepgen sg-cmd-pos=5.000000 rev sg-fb-pos=5.000000 rev sg-vel=0.000000 rps sg-acc=0.000000 rps2

[INFO] hw.pins: Pin step.fb set to 5.0 (was 5.0)
Pin step.fb set to 5.0 (was 5.0)
[INFO] hw.stepgen: =human= stepgen sg-cmd-pos=5.000000 rev sg-fb-pos=5.000000 rev sg-vel=0.000000 rps sg-acc=0.000000 rps2

=human= stepgen sg-cmd-pos=5.000000 rev sg-fb-pos=5.000000 rev sg-vel=0.000000 rps sg-acc=0.000000 rps2

[INFO] hw.pins: Pin step.fb set to 5.0 (was 5.0)
Pin step.fb set to 5.0 (was 5.0)
[INFO] hw.stepgen: =human= stepgen sg-cmd-pos=5.000000 rev sg-fb-pos=5.000000 rev sg-vel=0.000000 rps sg-acc=0.000000 rps2

=human= stepgen sg-cmd-pos=5.000000 rev sg-fb-pos=5.000000 rev sg-vel=0.000000 rps sg-acc=0.000000 rps2

[INFO] hw.pins: Pin step.fb set to 5.0 (was 5.0)
Pin step.fb set to 5.0 (was 5.0)
[INFO] hw.stepgen: =human= stepgen sg-cmd-pos=5.000000 rev sg-fb-pos=5.000000 rev sg-vel=0.000000 rps sg-acc=0.000000 rps2

=human= stepgen sg-cmd-pos=5.000000 rev sg-fb-pos=5.000000 rev sg-vel=0.000000 rps sg-acc=0.000000 rps2

[INFO] hw.pins: Pin step.fb set to 5.0 (was 5.0)
Pin step.fb set to 5.0 (was 5.0)
[INFO] hw.stepgen: =human= stepgen sg-cmd-pos=5.000000 rev sg-fb-pos=5.000000 rev sg-vel=0.000000 rps sg-acc=0.000000 rps2

=human= stepgen sg-cmd-pos=5.000000 rev sg-fb-pos=5.000000 rev sg-vel=0.000000 rps sg-acc=0.000000 rps2

[INFO] hw.pins: Pin step.fb set to 5.0 (was 5.0)
Pin step.fb set to 5.0 (was 5.0)
[INFO] hw.stepgen: =human= stepgen sg-cmd-pos=5.000000 rev sg-fb-pos=5.000000 rev sg-vel=0.000000 rps sg-acc=0.000000 rps2

=human= stepgen sg-cmd-pos=5.000000 rev sg-fb-pos=5.000000 rev sg-vel=0.000000 rps sg-acc=0.000000 rps2

[INFO] hw.pins: Pin step.fb set to 5.0 (was 5.0)
Pin step.fb set to 5.0 (was 5.0)
[INFO] hw.stepgen: =human= stepgen sg-cmd-pos=5.000000 rev sg-fb-pos=5.000000 rev sg-vel=0.000000 rps sg-acc=0.000000 rps2

=human= stepgen sg-cmd-pos=5.000000 rev sg-fb-pos=5.000000 rev sg-vel=0.000000 rps sg-acc=0.000000 rps2

[INFO] hw.pins: Pin step.fb set to 5.0 (was 5.0)
Pin step.fb set to 5.0 (was 5.0)
[INFO] hw.stepgen: =human= stepgen sg-cmd-pos=5.000000 rev sg-fb-pos=5.000000 rev sg-vel=0.000000 rps sg-acc=0.000000 rps2

=human= stepgen sg-cmd-pos=5.000000 rev sg-fb-pos=5.000000 rev sg-vel=0.000000 rps sg-acc=0.000000 rps2

[INFO] hw.pins: Pin step.fb set to 5.0 (was 5.0)
Pin step.fb set to 5.0 (was 5.0)
[INFO] hw.stepgen: =human= stepgen sg-cmd-pos=5.000000 rev sg-fb-pos=5.000000 rev sg-vel=0.000000 rps sg-acc=0.000000 rps2

=human= stepgen sg-cmd-pos=5.000000 rev sg-fb-pos=5.000000 rev sg-vel=0.000000 rps sg-acc=0.000000 rps2

[INFO] hw.pins: Pin step.fb set to 5.0 (was 5.0)
Pin step.fb set to 5.0 (was 5.0)
[INFO] hw.stepgen: =human= stepgen sg-cmd-pos=5.000000 rev sg-fb-pos=5.000000 rev sg-vel=0.000000 rps sg-acc=0.000000 rps2

=human= stepgen sg-cmd-pos=5.000000 rev sg-fb-pos=5.000000 rev sg-vel=0.000000 rps sg-acc=0.000000 rps2

[INFO] hw.pins: Pin step.fb set to 5.0 (was 5.0)
Pin step.fb set to 5.0 (was 5.0)
[INFO] hw.stepgen: =human= stepgen sg-cmd-pos=5.000000 rev sg-fb-pos=5.000000 rev sg-vel=0.000000 rps sg-acc=0.000000 rps2

=human= stepgen sg-cmd-pos=5.000000 rev sg-fb-pos=5.000000 rev sg-vel=0.000000 rps sg-acc=0.000000 rps2

[INFO] hw.pins: Pin step.fb set to 5.0 (was 5.0)
Pin step.fb set to 5.0 (was 5.0)
[INFO] hw.stepgen: =human= stepgen sg-cmd-pos=5.000000 rev sg-fb-pos=5.000000 rev sg-vel=0.000000 rps sg-acc=0.000000 rps2

=human= stepgen sg-cmd-pos=5.000000 rev sg-fb-pos=5.000000 rev sg-vel=0.000000 rps sg-acc=0.000000 rps2

[INFO] hw.pins: Pin step.fb set to 5.0 (was 5.0)
Pin step.fb set to 5.0 (was 5.0)
[INFO] hw.stepgen: =human= stepgen sg-cmd-pos=5.000000 rev sg-fb-pos=5.000000 rev sg-vel=0.000000 rps sg-acc=0.000000 rps2

=human= stepgen sg-cmd-pos=5.000000 rev sg-fb-pos=5.000000 rev sg-vel=0.000000 rps sg-acc=0.000000 rps2

[INFO] hw.pins: Pin step.fb set to 5.0 (was 5.0)
Pin step.fb set to 5.0 (was 5.0)
[INFO] hw.stepgen: =human= stepgen sg-cmd-pos=5.000000 rev sg-fb-pos=5.000000 rev sg-vel=0.000000 rps sg-acc=0.000000 rps2

=human= stepgen sg-cmd-pos=5.000000 rev sg-fb-pos=5.000000 rev sg-vel=0.000000 rps sg-acc=0.000000 rps2

[INFO] hw.pins: Pin step.fb set to 5.0 (was 5.0)
Pin step.fb set to 5.0 (was 5.0)
[INFO] hw.stepgen: =human= stepgen sg-cmd-pos=5.000000 rev sg-fb-pos=5.000000 rev sg-vel=0.000000 rps sg-acc=0.000000 rps2

=human= stepgen sg-cmd-pos=5.000000 rev sg-fb-pos=5.000000 rev sg-vel=0.000000 rps sg-acc=0.000000 rps2

[INFO] hw.pins: Pin step.fb set to 5.0 (was 5.0)
Pin step.fb set to 5.0 (was 5.0)
[INFO] hw.stepgen: =human= stepgen sg-cmd-pos=5.000000 rev sg-fb-pos=5.000000 rev sg-vel=0.000000 rps sg-acc=0.000000 rps2

=human= stepgen sg-cmd-pos=5.000000 rev sg-fb-pos=5.000000 rev sg-vel=0.000000 rps sg-acc=0.000000 rps2

[INFO] hw.pins: Pin step.fb set to 5.0 (was 5.0)
Pin step.fb set to 5.0 (was 5.0)
[INFO] hw.stepgen: =human= stepgen sg-cmd-pos=5.000000 rev sg-fb-pos=5.000000 rev sg-vel=0.000000 rps sg-acc=0.000000 rps2

=human= stepgen sg-cmd-pos=5.000000 rev sg-fb-pos=5.000000 rev sg-vel=0.000000 rps sg-acc=0.000000 rps2

[INFO] hw.pins: Pin step.fb set to 5.0 (was 5.0)
Pin step.fb set to 5.0 (was 5.0)
[INFO] hw.stepgen: =human= stepgen sg-cmd-pos=5.000000 rev sg-fb-pos=5.000000 rev sg-vel=0.000000 rps sg-acc=0.000000 rps2

=human= stepgen sg-cmd-pos=5.000000 rev sg-fb-pos=5.000000 rev sg-vel=0.000000 rps sg-acc=0.000000 rps2

[INFO] hw.pins: Pin step.fb set to 5.0 (was 5.0)
Pin step.fb set to 5.0 (was 5.0)
[INFO] hw.stepgen: =human= stepgen sg-cmd-pos=5.000000 rev sg-fb-pos=5.000000 rev sg-vel=0.000000 rps sg-acc=0.000000 rps2

=human= stepgen sg-cmd-pos=5.000000 rev sg-fb-pos=5.000000 rev sg-vel=0.000000 rps sg-acc=0.000000 rps2

[INFO] hw.pins: Pin step.fb set to 5.0 (was 5.0)
Pin step.fb set to 5.0 (was 5.0)
[INFO] hw.stepgen: =human= stepgen sg-cmd-pos=5.000000 rev sg-fb-pos=5.000000 rev sg-vel=0.000000 rps sg-acc=0.000000 rps2

=human= stepgen sg-cmd-pos=5.000000 rev sg-fb-pos=5.000000 rev sg-vel=0.000000 rps sg-acc=0.000000 rps2

[INFO] hw.pins: Pin step.fb set to 5.0 (was 5.0)
Pin step.fb set to 5.0 (was 5.0)
[INFO] hw.stepgen: =human= stepgen sg-cmd-pos=5.000000 rev sg-fb-pos=5.000000 rev sg-vel=0.000000 rps sg-acc=0.000000 rps2

=human= stepgen sg-cmd-pos=5.000000 rev sg-fb-pos=5.000000 rev sg-vel=0.000000 rps sg-acc=0.000000 rps2

[INFO] hw.pins: Pin step.fb set to 5.0 (was 5.0)
Pin step.fb set to 5.0 (was 5.0)
[INFO] hw.stepgen: =human= stepgen sg-cmd-pos=5.000000 rev sg-fb-pos=5.000000 rev sg-vel=0.000000 rps sg-acc=0.000000 rps2

=human= stepgen sg-cmd-pos=5.000000 rev sg-fb-pos=5.000000 rev sg-vel=0.000000 rps sg-acc=0.000000 rps2

[INFO] hw.pins: Pin step.fb set to 5.0 (was 5.0)
Pin step.fb set to 5.0 (was 5.0)
[INFO] hw.stepgen: =human= stepgen sg-cmd-pos=5.000000 rev sg-fb-pos=5.000000 rev sg-vel=0.000000 rps sg-acc=0.000000 rps2

=human= stepgen sg-cmd-pos=5.000000 rev sg-fb-pos=5.000000 rev sg-vel=0.000000 rps sg-acc=0.000000 rps2

[INFO] hw.pins: Pin step.fb set to 5.0 (was 5.0)
Pin step.fb set to 5.0 (was 5.0)
[INFO] hw.stepgen: =human= stepgen sg-cmd-pos=5.000000 rev sg-fb-pos=5.000000 rev sg-vel=0.000000 rps sg-acc=0.000000 rps2

=human= stepgen sg-cmd-pos=5.000000 rev sg-fb-pos=5.000000 rev sg-vel=0.000000 rps sg-acc=0.000000 rps2

[INFO] hw.pins: Pin step.fb set to 5.0 (was 5.0)
Pin step.fb set to 5.0 (was 5.0)
[INFO] hw.stepgen: =human= stepgen sg-cmd-pos=5.000000 rev sg-fb-pos=5.000000 rev sg-vel=0.000000 rps sg-acc=0.000000 rps2

=human= stepgen sg-cmd-pos=5.000000 rev sg-fb-pos=5.000000 rev sg-vel=0.000000 rps sg-acc=0.000000 rps2

[INFO] hw.pins: Pin step.fb set to 5.0 (was 5.0)
Pin step.fb set to 5.0 (was 5.0)
[INFO] hw.stepgen: =human= stepgen sg-cmd-pos=5.000000 rev sg-fb-pos=5.000000 rev sg-vel=0.000000 rps sg-acc=0.000000 rps2

=human= stepgen sg-cmd-pos=5.000000 rev sg-fb-pos=5.000000 rev sg-vel=0.000000 rps sg-acc=0.000000 rps2

[INFO] hw.pins: Pin step.fb set to 5.0 (was 5.0)
Pin step.fb set to 5.0 (was 5.0)
[INFO] hw.stepgen: =human= stepgen sg-cmd-pos=5.000000 rev sg-fb-pos=5.000000 rev sg-vel=0.000000 rps sg-acc=0.000000 rps2

=human= stepgen sg-cmd-pos=5.000000 rev sg-fb-pos=5.000000 rev sg-vel=0.000000 rps sg-acc=0.000000 rps2

[INFO] hw.pins: Pin step.fb set to 5.0 (was 5.0)
Pin step.fb set to 5.0 (was 5.0)
[INFO] hw.stepgen: =human= stepgen sg-cmd-pos=5.000000 rev sg-fb-pos=5.000000 rev sg-vel=0.000000 rps sg-acc=0.000000 rps2

=human= stepgen sg-cmd-pos=5.000000 rev sg-fb-pos=5.000000 rev sg-vel=0.000000 rps sg-acc=0.000000 rps2

[INFO] hw.pins: Pin step.fb set to 5.0 (was 5.0)
Pin step.fb set to 5.0 (was 5.0)
[INFO] hw.stepgen: =human= stepgen sg-cmd-pos=5.000000 rev sg-fb-pos=5.000000 rev sg-vel=0.000000 rps sg-acc=0.000000 rps2

=human= stepgen sg-cmd-pos=5.000000 rev sg-fb-pos=5.000000 rev sg-vel=0.000000 rps sg-acc=0.000000 rps2

[INFO] hw.pins: Pin step.fb set to 5.0 (was 5.0)
Pin step.fb set to 5.0 (was 5.0)
[INFO] hw.stepgen: =human= stepgen sg-cmd-pos=5.000000 rev sg-fb-pos=5.000000 rev sg-vel=0.000000 rps sg-acc=0.000000 rps2

=human= stepgen sg-cmd-pos=5.000000 rev sg-fb-pos=5.000000 rev sg-vel=0.000000 rps sg-acc=0.000000 rps2

[INFO] hw.pins: Pin step.fb set to 5.0 (was 5.0)
Pin step.fb set to 5.0 (was 5.0)
[INFO] hw.stepgen: =human= stepgen sg-cmd-pos=5.000000 rev sg-fb-pos=5.000000 rev sg-vel=0.000000 rps sg-acc=0.000000 rps2

=human= stepgen sg-cmd-pos=5.000000 rev sg-fb-pos=5.000000 rev sg-vel=0.000000 rps sg-acc=0.000000 rps2

[INFO] hw.pins: Pin step.fb set to 5.0 (was 5.0)
Pin step.fb set to 5.0 (was 5.0)
[INFO] hw.stepgen: =human= stepgen sg-cmd-pos=5.000000 rev sg-fb-pos=5.000000 rev sg-vel=0.000000 rps sg-acc=0.000000 rps2

=human= stepgen sg-cmd-pos=5.000000 rev sg-fb-pos=5.000000 rev sg-vel=0.000000 rps sg-acc=0.000000 rps2

[INFO] hw.pins: Pin step.fb set to 5.0 (was 5.0)
Pin step.fb set to 5.0 (was 5.0)
[INFO] hw.stepgen: =human= stepgen sg-cmd-pos=5.000000 rev sg-fb-pos=5.000000 rev sg-vel=0.000000 rps sg-acc=0.000000 rps2

=human= stepgen sg-cmd-pos=5.000000 rev sg-fb-pos=5.000000 rev sg-vel=0.000000 rps sg-acc=0.000000 rps2

[INFO] hw.pins: Pin step.fb set to 5.0 (was 5.0)
Pin step.fb set to 5.0 (was 5.0)
[INFO] hw.stepgen: =human= stepgen sg-cmd-pos=5.000000 rev sg-fb-pos=5.000000 rev sg-vel=0.000000 rps sg-acc=0.000000 rps2

=human= stepgen sg-cmd-pos=5.000000 rev sg-fb-pos=5.000000 rev sg-vel=0.000000 rps sg-acc=0.000000 rps2

[INFO] hw.pins: Pin step.fb set to 5.0 (was 5.0)
Pin step.fb set to 5.0 (was 5.0)
[INFO] hw.stepgen: =human= stepgen sg-cmd-pos=5.000000 rev sg-fb-pos=5.000000 rev sg-vel=0.000000 rps sg-acc=0.000000 rps2

=human= stepgen sg-cmd-pos=5.000000 rev sg-fb-pos=5.000000 rev sg-vel=0.000000 rps sg-acc=0.000000 rps2

[INFO] hw.pins: Pin step.fb set to 5.0 (was 5.0)
Pin step.fb set to 5.0 (was 5.0)
[INFO] hw.stepgen: =human= stepgen sg-cmd-pos=5.000000 rev sg-fb-pos=5.000000 rev sg-vel=0.000000 rps sg-acc=0.000000 rps2

=human= stepgen sg-cmd-pos=5.000000 rev sg-fb-pos=5.000000 rev sg-vel=0.000000 rps sg-acc=0.000000 rps2

[INFO] hw.pins: Pin step.fb set to 5.0 (was 5.0)
Pin step.fb set to 5.0 (was 5.0)
[INFO] hw.stepgen: =human= stepgen sg-cmd-pos=5.000000 rev sg-fb-pos=5.000000 rev sg-vel=0.000000 rps sg-acc=0.000000 rps2

=human= stepgen sg-cmd-pos=5.000000 rev sg-fb-pos=5.000000 rev sg-vel=0.000000 rps sg-acc=0.000000 rps2

[INFO] hw.pins: Pin step.fb set to 5.0 (was 5.0)
Pin step.fb set to 5.0 (was 5.0)
[INFO] hw.stepgen: =human= stepgen sg-cmd-pos=5.000000 rev sg-fb-pos=5.000000 rev sg-vel=0.000000 rps sg-acc=0.000000 rps2

=human= stepgen sg-cmd-pos=5.000000 rev sg-fb-pos=5.000000 rev sg-vel=0.000000 rps sg-acc=0.000000 rps2

[INFO] hw.pins: Pin step.fb set to 5.0 (was 5.0)
Pin step.fb set to 5.0 (was 5.0)
[INFO] hw.stepgen: =human= stepgen sg-cmd-pos=5.000000 rev sg-fb-pos=5.000000 rev sg-vel=0.000000 rps sg-acc=0.000000 rps2

=human= stepgen sg-cmd-pos=5.000000 rev sg-fb-pos=5.000000 rev sg-vel=0.000000 rps sg-acc=0.000000 rps2

[INFO] hw.pins: Pin step.fb set to 5.0 (was 5.0)
Pin step.fb set to 5.0 (was 5.0)
[INFO] hw.stepgen: =human= stepgen sg-cmd-pos=5.000000 rev sg-fb-pos=5.000000 rev sg-vel=0.000000 rps sg-acc=0.000000 rps2

=human= stepgen sg-cmd-pos=5.000000 rev sg-fb-pos=5.000000 rev sg-vel=0.000000 rps sg-acc=0.000000 rps2

[INFO] hw.pins: Pin step.fb set to 5.0 (was 5.0)
Pin step.fb set to 5.0 (was 5.0)
[INFO] hw.stepgen: =human= stepgen sg-cmd-pos=5.000000 rev sg-fb-pos=5.000000 rev sg-vel=0.000000 rps sg-acc=0.000000 rps2

=human= stepgen sg-cmd-pos=5.000000 rev sg-fb-pos=5.000000 rev sg-vel=0.000000 rps sg-acc=0.000000 rps2

[INFO] hw.pins: Pin step.fb set to 5.0 (was 5.0)
Pin step.fb set to 5.0 (was 5.0)
[INFO] hw.stepgen: =human= stepgen sg-cmd-pos=5.000000 rev sg-fb-pos=5.000000 rev sg-vel=0.000000 rps sg-acc=0.000000 rps2

=human= stepgen sg-cmd-pos=5.000000 rev sg-fb-pos=5.000000 rev sg-vel=0.000000 rps sg-acc=0.000000 rps2

[INFO] hw.pins: Pin step.fb set to 5.0 (was 5.0)
Pin step.fb set to 5.0 (was 5.0)
[INFO] hw.stepgen: =human= stepgen sg-cmd-pos=5.000000 rev sg-fb-pos=5.000000 rev sg-vel=0.000000 rps sg-acc=0.000000 rps2

=human= stepgen sg-cmd-pos=5.000000 rev sg-fb-pos=5.000000 rev sg-vel=0.000000 rps sg-acc=0.000000 rps2

[INFO] hw.pins: Pin step.fb set to 5.0 (was 5.0)
Pin step.fb set to 5.0 (was 5.0)
[INFO] hw.stepgen: =human= stepgen sg-cmd-pos=5.000000 rev sg-fb-pos=5.000000 rev sg-vel=0.000000 rps sg-acc=0.000000 rps2

=human= stepgen sg-cmd-pos=5.000000 rev sg-fb-pos=5.000000 rev sg-vel=0.000000 rps sg-acc=0.000000 rps2

[INFO] hw.pins: Pin step.fb set to 5.0 (was 5.0)
Pin step.fb set to 5.0 (was 5.0)
[INFO] hw.stepgen: =human= stepgen sg-cmd-pos=5.000000 rev sg-fb-pos=5.000000 rev sg-vel=0.000000 rps sg-acc=0.000000 rps2

=human= stepgen sg-cmd-pos=5.000000 rev sg-fb-pos=5.000000 rev sg-vel=0.000000 rps sg-acc=0.000000 rps2

[INFO] hw.pins: Pin step.fb set to 5.0 (was 5.0)
Pin step.fb set to 5.0 (was 5.0)
[INFO] hw.stepgen: =human= stepgen sg-cmd-pos=5.000000 rev sg-fb-pos=5.000000 rev sg-vel=0.000000 rps sg-acc=0.000000 rps2

=human= stepgen sg-cmd-pos=5.000000 rev sg-fb-pos=5.000000 rev sg-vel=0.000000 rps sg-acc=0.000000 rps2

[INFO] hw.pins: Pin step.fb set to 5.0 (was 5.0)
Pin step.fb set to 5.0 (was 5.0)
[INFO] hw.stepgen: =human= stepgen sg-cmd-pos=5.000000 rev sg-fb-pos=5.000000 rev sg-vel=0.000000 rps sg-acc=0.000000 rps2

=human= stepgen sg-cmd-pos=5.000000 rev sg-fb-pos=5.000000 rev sg-vel=0.000000 rps sg-acc=0.000000 rps2

[INFO] hw.pins: Pin step.fb set to 5.0 (was 5.0)
Pin step.fb set to 5.0 (was 5.0)
[INFO] hw.stepgen: =human= stepgen sg-cmd-pos=5.000000 rev sg-fb-pos=5.000000 rev sg-vel=0.000000 rps sg-acc=0.000000 rps2

=human= stepgen sg-cmd-pos=5.000000 rev sg-fb-pos=5.000000 rev sg-vel=0.000000 rps sg-acc=0.000000 rps2

[INFO] hw.pins: Pin step.fb set to 5.0 (was 5.0)
Pin step.fb set to 5.0 (was 5.0)
[INFO] hw.stepgen: =human= stepgen sg-cmd-pos=5.000000 rev sg-fb-pos=5.000000 rev sg-vel=0.000000 rps sg-acc=0.000000 rps2

=human= stepgen sg-cmd-pos=5.000000 rev sg-fb-pos=5.000000 rev sg-vel=0.000000 rps sg-acc=0.000000 rps2

[INFO] hw.pins: Pin step.fb set to 5.0 (was 5.0)
Pin step.fb set to 5.0 (was 5.0)
[INFO] hw.stepgen: =human= stepgen sg-cmd-pos=5.000000 rev sg-fb-pos=5.000000 rev sg-vel=0.000000 rps sg-acc=0.000000 rps2

=human= stepgen sg-cmd-pos=5.000000 rev sg-fb-pos=5.000000 rev sg-vel=0.000000 rps sg-acc=0.000000 rps2

[INFO] hw.pins: Pin step.fb set to 5.0 (was 5.0)
Pin step.fb set to 5.0 (was 5.0)
[INFO] hw.stepgen: =human= stepgen sg-cmd-pos=5.000000 rev sg-fb-pos=5.000000 rev sg-vel=0.000000 rps sg-acc=0.000000 rps2

=human= stepgen sg-cmd-pos=5.000000 rev sg-fb-pos=5.000000 rev sg-vel=0.000000 rps sg-acc=0.000000 rps2

[INFO] hw.pins: Pin step.fb set to 5.0 (was 5.0)
Pin step.fb set to 5.0 (was 5.0)
[INFO] hw.stepgen: =human= stepgen sg-cmd-pos=5.000000 rev sg-fb-pos=5.000000 rev sg-vel=0.000000 rps sg-acc=0.000000 rps2

=human= stepgen sg-cmd-pos=5.000000 rev sg-fb-pos=5.000000 rev sg-vel=0.000000 rps sg-acc=0.000000 rps2

[INFO] hw.pins: Pin step.fb set to 5.0 (was 5.0)
Pin step.fb set to 5.0 (was 5.0)
[INFO] hw.stepgen: =human= stepgen sg-cmd-pos=5.000000 rev sg-fb-pos=5.000000 rev sg-vel=0.000000 rps sg-acc=0.000000 rps2

=human= stepgen sg-cmd-pos=5.000000 rev sg-fb-pos=5.000000 rev sg-vel=0.000000 rps sg-acc=0.000000 rps2

[INFO] hw.pins: Pin step.fb set to 5.0 (was 5.0)
Pin step.fb set to 5.0 (was 5.0)
[INFO] hw.stepgen: =human= stepgen sg-cmd-pos=5.000000 rev sg-fb-pos=5.000000 rev sg-vel=0.000000 rps sg-acc=0.000000 rps2

=human= stepgen sg-cmd-pos=5.000000 rev sg-fb-pos=5.000000 rev sg-vel=0.000000 rps sg-acc=0.000000 rps2

[INFO] hw.pins: Pin step.fb set to 5.0 (was 5.0)
Pin step.fb set to 5.0 (was 5.0)
[INFO] hw.stepgen: =human= stepgen sg-cmd-pos=5.000000 rev sg-fb-pos=5.000000 rev sg-vel=0.000000 rps sg-acc=0.000000 rps2

=human= stepgen sg-cmd-pos=5.000000 rev sg-fb-pos=5.000000 rev sg-vel=0.000000 rps sg-acc=0.000000 rps2

[INFO] hw.pins: Pin step.fb set to 5.0 (was 5.0)
Pin step.fb set to 5.0 (was 5.0)
[INFO] hw.stepgen: =human= stepgen sg-cmd-pos=5.000000 rev sg-fb-pos=5.000000 rev sg-vel=0.000000 rps sg-acc=0.000000 rps2

=human= stepgen sg-cmd-pos=5.000000 rev sg-fb-pos=5.000000 rev sg-vel=0.000000 rps sg-acc=0.000000 rps2

[INFO] hw.pins: Pin step.fb set to 5.0 (was 5.0)
Pin step.fb set to 5.0 (was 5.0)
[INFO] hw.stepgen: =human= stepgen sg-cmd-pos=5.000000 rev sg-fb-pos=5.000000 rev sg-vel=0.000000 rps sg-acc=0.000000 rps2

=human= stepgen sg-cmd-pos=5.000000 rev sg-fb-pos=5.000000 rev sg-vel=0.000000 rps sg-acc=0.000000 rps2

[INFO] hw.pins: Pin step.fb set to 5.0 (was 5.0)
Pin step.fb set to 5.0 (was 5.0)
[INFO] hw.stepgen: =human= stepgen sg-cmd-pos=5.000000 rev sg-fb-pos=5.000000 rev sg-vel=0.000000 rps sg-acc=0.000000 rps2

=human= stepgen sg-cmd-pos=5.000000 rev sg-fb-pos=5.000000 rev sg-vel=0.000000 rps sg-acc=0.000000 rps2

[INFO] hw.pins: Pin step.fb set to 5.0 (was 5.0)
Pin step.fb set to 5.0 (was 5.0)
[INFO] hw.stepgen: =human= stepgen sg-cmd-pos=5.000000 rev sg-fb-pos=5.000000 rev sg-vel=0.000000 rps sg-acc=0.000000 rps2

=human= stepgen sg-cmd-pos=5.000000 rev sg-fb-pos=5.000000 rev sg-vel=0.000000 rps sg-acc=0.000000 rps2

[INFO] hw.pins: Pin step.fb set to 5.0 (was 5.0)
Pin step.fb set to 5.0 (was 5.0)
[INFO] hw.stepgen: =human= stepgen sg-cmd-pos=5.000000 rev sg-fb-pos=5.000000 rev sg-vel=0.000000 rps sg-acc=0.000000 rps2

=human= stepgen sg-cmd-pos=5.000000 rev sg-fb-pos=5.000000 rev sg-vel=0.000000 rps sg-acc=0.000000 rps2

[INFO] hw.pins: Pin step.fb set to 5.0 (was 5.0)
Pin step.fb set to 5.0 (was 5.0)
[INFO] hw.stepgen: =human= stepgen sg-cmd-pos=5.000000 rev sg-fb-pos=5.000000 rev sg-vel=0.000000 rps sg-acc=0.000000 rps2

=human= stepgen sg-cmd-pos=5.000000 rev sg-fb-pos=5.000000 rev sg-vel=0.000000 rps sg-acc=0.000000 rps2

[INFO] hw.pins: Pin step.fb set to 5.0 (was 5.0)
Pin step.fb set to 5.0 (was 5.0)
[INFO] hw.stepgen: =human= stepgen sg-cmd-pos=5.000000 rev sg-fb-pos=5.000000 rev sg-vel=0.000000 rps sg-acc=0.000000 rps2

=human= stepgen sg-cmd-pos=5.000000 rev sg-fb-pos=5.000000 rev sg-vel=0.000000 rps sg-acc=0.000000 rps2

[INFO] hw.pins: Pin step.fb set to 5.0 (was 5.0)
Pin step.fb set to 5.0 (was 5.0)
[INFO] hw.stepgen: =human= stepgen sg-cmd-pos=5.000000 rev sg-fb-pos=5.000000 rev sg-vel=0.000000 rps sg-acc=0.000000 rps2

=human= stepgen sg-cmd-pos=5.000000 rev sg-fb-pos=5.000000 rev sg-vel=0.000000 rps sg-acc=0.000000 rps2

[INFO] hw.pins: Pin step.fb set to 5.0 (was 5.0)
Pin step.fb set to 5.0 (was 5.0)
[INFO] hw.stepgen: =human= stepgen sg-cmd-pos=5.000000 rev sg-fb-pos=5.000000 rev sg-vel=0.000000 rps sg-acc=0.000000 rps2

=human= stepgen sg-cmd-pos=5.000000 rev sg-fb-pos=5.000000 rev sg-vel=0.000000 rps sg-acc=0.000000 rps2

[INFO] hw.pins: Pin step.fb set to 5.0 (was 5.0)
Pin step.fb set to 5.0 (was 5.0)
[INFO] hw.stepgen: =human= stepgen sg-cmd-pos=5.000000 rev sg-fb-pos=5.000000 rev sg-vel=0.000000 rps sg-acc=0.000000 rps2

=human= stepgen sg-cmd-pos=5.000000 rev sg-fb-pos=5.000000 rev sg-vel=0.000000 rps sg-acc=0.000000 rps2

[INFO] hw.pins: Pin step.fb set to 5.0 (was 5.0)
Pin step.fb set to 5.0 (was 5.0)
[INFO] hw.stepgen: =human= stepgen sg-cmd-pos=5.000000 rev sg-fb-pos=5.000000 rev sg-vel=0.000000 rps sg-acc=0.000000 rps2

=human= stepgen sg-cmd-pos=5.000000 rev sg-fb-pos=5.000000 rev sg-vel=0.000000 rps sg-acc=0.000000 rps2

[INFO] hw.pins: Pin step.fb set to 5.0 (was 5.0)
Pin step.fb set to 5.0 (was 5.0)
[INFO] hw.stepgen: =human= stepgen sg-cmd-pos=5.000000 rev sg-fb-pos=5.000000 rev sg-vel=0.000000 rps sg-acc=0.000000 rps2

=human= stepgen sg-cmd-pos=5.000000 rev sg-fb-pos=5.000000 rev sg-vel=0.000000 rps sg-acc=0.000000 rps2

[INFO] hw.pins: Pin step.fb set to 5.0 (was 5.0)
Pin step.fb set to 5.0 (was 5.0)
[INFO] hw.stepgen: =human= stepgen sg-cmd-pos=5.000000 rev sg-fb-pos=5.000000 rev sg-vel=0.000000 rps sg-acc=0.000000 rps2

=human= stepgen sg-cmd-pos=5.000000 rev sg-fb-pos=5.000000 rev sg-vel=0.000000 rps sg-acc=0.000000 rps2

[INFO] hw.pins: Pin step.fb set to 5.0 (was 5.0)
Pin step.fb set to 5.0 (was 5.0)
[INFO] hw.stepgen: =human= stepgen sg-cmd-pos=5.000000 rev sg-fb-pos=5.000000 rev sg-vel=0.000000 rps sg-acc=0.000000 rps2

=human= stepgen sg-cmd-pos=5.000000 rev sg-fb-pos=5.000000 rev sg-vel=0.000000 rps sg-acc=0.000000 rps2

[INFO] hw.pins: Pin step.fb set to 5.0 (was 5.0)
Pin step.fb set to 5.0 (was 5.0)
[INFO] hw.stepgen: =human= stepgen sg-cmd-pos=5.000000 rev sg-fb-pos=5.000000 rev sg-vel=0.000000 rps sg-acc=0.000000 rps2

=human= stepgen sg-cmd-pos=5.000000 rev sg-fb-pos=5.000000 rev sg-vel=0.000000 rps sg-acc=0.000000 rps2

[INFO] hw.pins: Pin step.fb set to 5.0 (was 5.0)
Pin step.fb set to 5.0 (was 5.0)
[INFO] hw.stepgen: =human= stepgen sg-cmd-pos=5.000000 rev sg-fb-pos=5.000000 rev sg-vel=0.000000 rps sg-acc=0.000000 rps2

=human= stepgen sg-cmd-pos=5.000000 rev sg-fb-pos=5.000000 rev sg-vel=0.000000 rps sg-acc=0.000000 rps2

[INFO] hw.pins: Pin step.fb set to 5.0 (was 5.0)
Pin step.fb set to 5.0 (was 5.0)
[INFO] hw.stepgen: =human= stepgen sg-cmd-pos=5.000000 rev sg-fb-pos=5.000000 rev sg-vel=0.000000 rps sg-acc=0.000000 rps2

=human= stepgen sg-cmd-pos=5.000000 rev sg-fb-pos=5.000000 rev sg-vel=0.000000 rps sg-acc=0.000000 rps2

[INFO] hw.pins: Pin step.fb set to 5.0 (was 5.0)
Pin step.fb set to 5.0 (was 5.0)
[INFO] hw.stepgen: =human= stepgen sg-cmd-pos=5.000000 rev sg-fb-pos=5.000000 rev sg-vel=0.000000 rps sg-acc=0.000000 rps2

=human= stepgen sg-cmd-pos=5.000000 rev sg-fb-pos=5.000000 rev sg-vel=0.000000 rps sg-acc=0.000000 rps2

[INFO] hw.pins: Pin step.fb set to 5.0 (was 5.0)
Pin step.fb set to 5.0 (was 5.0)
[INFO] hw.stepgen: =human= stepgen sg-cmd-pos=5.000000 rev sg-fb-pos=5.000000 rev sg-vel=0.000000 rps sg-acc=0.000000 rps2

=human= stepgen sg-cmd-pos=5.000000 rev sg-fb-pos=5.000000 rev sg-vel=0.000000 rps sg-acc=0.000000 rps2

[INFO] hw.pins: Pin step.fb set to 5.0 (was 5.0)
Pin step.fb set to 5.0 (was 5.0)
[INFO] hw.stepgen: =human= stepgen sg-cmd-pos=5.000000 rev sg-fb-pos=5.000000 rev sg-vel=0.000000 rps sg-acc=0.000000 rps2

=human= stepgen sg-cmd-pos=5.000000 rev sg-fb-pos=5.000000 rev sg-vel=0.000000 rps sg-acc=0.000000 rps2

[INFO] hw.pins: Pin step.fb set to 5.0 (was 5.0)
Pin step.fb set to 5.0 (was 5.0)
[INFO] hw.stepgen: =human= stepgen sg-cmd-pos=5.000000 rev sg-fb-pos=5.000000 rev sg-vel=0.000000 rps sg-acc=0.000000 rps2

=human= stepgen sg-cmd-pos=5.000000 rev sg-fb-pos=5.000000 rev sg-vel=0.000000 rps sg-acc=0.000000 rps2

[INFO] hw.pins: Pin step.fb set to 5.0 (was 5.0)
Pin step.fb set to 5.0 (was 5.0)
[INFO] hw.stepgen: =human= stepgen sg-cmd-pos=5.000000 rev sg-fb-pos=5.000000 rev sg-vel=0.000000 rps sg-acc=0.000000 rps2

=human= stepgen sg-cmd-pos=5.000000 rev sg-fb-pos=5.000000 rev sg-vel=0.000000 rps sg-acc=0.000000 rps2

[INFO] hw.pins: Pin step.fb set to 5.0 (was 5.0)
Pin step.fb set to 5.0 (was 5.0)
[INFO] hw.stepgen: =human= stepgen sg-cmd-pos=5.000000 rev sg-fb-pos=5.000000 rev sg-vel=0.000000 rps sg-acc=0.000000 rps2

=human= stepgen sg-cmd-pos=5.000000 rev sg-fb-pos=5.000000 rev sg-vel=0.000000 rps sg-acc=0.000000 rps2

[INFO] hw.pins: Pin step.fb set to 5.0 (was 5.0)
Pin step.fb set to 5.0 (was 5.0)
[INFO] hw.stepgen: =human= stepgen sg-cmd-pos=5.000000 rev sg-fb-pos=5.000000 rev sg-vel=0.000000 rps sg-acc=0.000000 rps2

=human= stepgen sg-cmd-pos=5.000000 rev sg-fb-pos=5.000000 rev sg-vel=0.000000 rps sg-acc=0.000000 rps2

[INFO] hw.pins: Pin step.fb set to 5.0 (was 5.0)
Pin step.fb set to 5.0 (was 5.0)
[INFO] hw.stepgen: =human= stepgen sg-cmd-pos=5.000000 rev sg-fb-pos=5.000000 rev sg-vel=0.000000 rps sg-acc=0.000000 rps2

=human= stepgen sg-cmd-pos=5.000000 rev sg-fb-pos=5.000000 rev sg-vel=0.000000 rps sg-acc=0.000000 rps2

[INFO] hw.pins: Pin step.fb set to 5.0 (was 5.0)
Pin step.fb set to 5.0 (was 5.0)
[INFO] hw.stepgen: =human= stepgen sg-cmd-pos=5.000000 rev sg-fb-pos=5.000000 rev sg-vel=0.000000 rps sg-acc=0.000000 rps2

=human= stepgen sg-cmd-pos=5.000000 rev sg-fb-pos=5.000000 rev sg-vel=0.000000 rps sg-acc=0.000000 rps2

[INFO] hw.pins: Pin step.fb set to 5.0 (was 5.0)
Pin step.fb set to 5.0 (was 5.0)
[INFO] hw.stepgen: =human= stepgen sg-cmd-pos=5.000000 rev sg-fb-pos=5.000000 rev sg-vel=0.000000 rps sg-acc=0.000000 rps2

=human= stepgen sg-cmd-pos=5.000000 rev sg-fb-pos=5.000000 rev sg-vel=0.000000 rps sg-acc=0.000000 rps2

[INFO] hw.pins: Pin step.fb set to 5.0 (was 5.0)
Pin step.fb set to 5.0 (was 5.0)
[INFO] hw.stepgen: =human= stepgen sg-cmd-pos=5.000000 rev sg-fb-pos=5.000000 rev sg-vel=0.000000 rps sg-acc=0.000000 rps2

=human= stepgen sg-cmd-pos=5.000000 rev sg-fb-pos=5.000000 rev sg-vel=0.000000 rps sg-acc=0.000000 rps2

[INFO] hw.pins: Pin step.fb set to 5.0 (was 5.0)
Pin step.fb set to 5.0 (was 5.0)
[INFO] hw.stepgen: =human= stepgen sg-cmd-pos=5.000000 rev sg-fb-pos=5.000000 rev sg-vel=0.000000 rps sg-acc=0.000000 rps2

=human= stepgen sg-cmd-pos=5.000000 rev sg-fb-pos=5.000000 rev sg-vel=0.000000 rps sg-acc=0.000000 rps2

[INFO] hw.pins: Pin step.fb set to 5.0 (was 5.0)
Pin step.fb set to 5.0 (was 5.0)
[INFO] hw.stepgen: =human= stepgen sg-cmd-pos=5.000000 rev sg-fb-pos=5.000000 rev sg-vel=0.000000 rps sg-acc=0.000000 rps2

=human= stepgen sg-cmd-pos=5.000000 rev sg-fb-pos=5.000000 rev sg-vel=0.000000 rps sg-acc=0.000000 rps2

PASSED
tests/test_stepgen_sim.py::test_human_log_idle_to_idle_state 
-------------------------------- live log setup --------------------------------
=human= test name=test_human_log_idle_to_idle_state event=start
[INFO] hw.pins: Pin step.cmd set to 0.0 (was 0)
-------------------------------- live log call ---------------------------------
Pin step.cmd set to 0.0 (was 0)
[INFO] hw.pins: Pin step.fb set to 0.0 (was 0)
Pin step.fb set to 0.0 (was 0)
[INFO] hw.stepgen: =human= stepgen sg-cmd-pos=0.000000 rev sg-fb-pos=0.000000 rev sg-vel=0.000000 rps sg-acc=0.000000 rps2

=human= stepgen sg-cmd-pos=0.000000 rev sg-fb-pos=0.000000 rev sg-vel=0.000000 rps sg-acc=0.000000 rps2

[INFO] hw.pins: Pin step.fb set to 0.0 (was 0.0)
Pin step.fb set to 0.0 (was 0.0)
[INFO] hw.stepgen: =human= stepgen sg-cmd-pos=0.000000 rev sg-fb-pos=0.000000 rev sg-vel=0.000000 rps sg-acc=0.000000 rps2

=human= stepgen sg-cmd-pos=0.000000 rev sg-fb-pos=0.000000 rev sg-vel=0.000000 rps sg-acc=0.000000 rps2

[INFO] hw.pins: Pin step.fb set to 0.0 (was 0.0)
Pin step.fb set to 0.0 (was 0.0)
[INFO] hw.stepgen: =human= stepgen sg-cmd-pos=0.000000 rev sg-fb-pos=0.000000 rev sg-vel=0.000000 rps sg-acc=0.000000 rps2

=human= stepgen sg-cmd-pos=0.000000 rev sg-fb-pos=0.000000 rev sg-vel=0.000000 rps sg-acc=0.000000 rps2

[INFO] hw.pins: Pin step.fb set to 0.0 (was 0.0)
Pin step.fb set to 0.0 (was 0.0)
[INFO] hw.stepgen: =human= stepgen sg-cmd-pos=0.000000 rev sg-fb-pos=0.000000 rev sg-vel=0.000000 rps sg-acc=0.000000 rps2

=human= stepgen sg-cmd-pos=0.000000 rev sg-fb-pos=0.000000 rev sg-vel=0.000000 rps sg-acc=0.000000 rps2

[INFO] hw.pins: Pin step.fb set to 0.0 (was 0.0)
Pin step.fb set to 0.0 (was 0.0)
[INFO] hw.stepgen: =human= stepgen sg-cmd-pos=0.000000 rev sg-fb-pos=0.000000 rev sg-vel=0.000000 rps sg-acc=0.000000 rps2

=human= stepgen sg-cmd-pos=0.000000 rev sg-fb-pos=0.000000 rev sg-vel=0.000000 rps sg-acc=0.000000 rps2

[INFO] hw.pins: Pin step.fb set to 0.0 (was 0.0)
Pin step.fb set to 0.0 (was 0.0)
[INFO] hw.stepgen: =human= stepgen sg-cmd-pos=0.000000 rev sg-fb-pos=0.000000 rev sg-vel=0.000000 rps sg-acc=0.000000 rps2

=human= stepgen sg-cmd-pos=0.000000 rev sg-fb-pos=0.000000 rev sg-vel=0.000000 rps sg-acc=0.000000 rps2

[INFO] hw.pins: Pin step.fb set to 0.0 (was 0.0)
Pin step.fb set to 0.0 (was 0.0)
[INFO] hw.stepgen: =human= stepgen sg-cmd-pos=0.000000 rev sg-fb-pos=0.000000 rev sg-vel=0.000000 rps sg-acc=0.000000 rps2

=human= stepgen sg-cmd-pos=0.000000 rev sg-fb-pos=0.000000 rev sg-vel=0.000000 rps sg-acc=0.000000 rps2

[INFO] hw.pins: Pin step.fb set to 0.0 (was 0.0)
Pin step.fb set to 0.0 (was 0.0)
[INFO] hw.stepgen: =human= stepgen sg-cmd-pos=0.000000 rev sg-fb-pos=0.000000 rev sg-vel=0.000000 rps sg-acc=0.000000 rps2

=human= stepgen sg-cmd-pos=0.000000 rev sg-fb-pos=0.000000 rev sg-vel=0.000000 rps sg-acc=0.000000 rps2

[INFO] hw.pins: Pin step.fb set to 0.0 (was 0.0)
Pin step.fb set to 0.0 (was 0.0)
[INFO] hw.stepgen: =human= stepgen sg-cmd-pos=0.000000 rev sg-fb-pos=0.000000 rev sg-vel=0.000000 rps sg-acc=0.000000 rps2

=human= stepgen sg-cmd-pos=0.000000 rev sg-fb-pos=0.000000 rev sg-vel=0.000000 rps sg-acc=0.000000 rps2

[INFO] hw.pins: Pin step.fb set to 0.0 (was 0.0)
Pin step.fb set to 0.0 (was 0.0)
[INFO] hw.stepgen: =human= stepgen sg-cmd-pos=0.000000 rev sg-fb-pos=0.000000 rev sg-vel=0.000000 rps sg-acc=0.000000 rps2

=human= stepgen sg-cmd-pos=0.000000 rev sg-fb-pos=0.000000 rev sg-vel=0.000000 rps sg-acc=0.000000 rps2

PASSED
tests/test_stepgen_sim.py::test_human_log_motion_to_idle_contains_zero_velocity 
-------------------------------- live log setup --------------------------------
=human= test name=test_human_log_motion_to_idle_contains_zero_velocity event=start
[INFO] hw.pins: Pin step.cmd set to 1.0 (was 0)
-------------------------------- live log call ---------------------------------
Pin step.cmd set to 1.0 (was 0)
[INFO] hw.pins: Pin step.fb set to 4e-06 (was 0)
Pin step.fb set to 4e-06 (was 0)
[INFO] hw.stepgen: =human= stepgen sg-cmd-pos=1.000000 rev sg-fb-pos=0.000004 rev sg-vel=0.008000 rps sg-acc=8.000000 rps2

=human= stepgen sg-cmd-pos=1.000000 rev sg-fb-pos=0.000004 rev sg-vel=0.008000 rps sg-acc=8.000000 rps2

[INFO] hw.pins: Pin step.fb set to 1.6e-05 (was 4e-06)
Pin step.fb set to 1.6e-05 (was 4e-06)
[INFO] hw.stepgen: =human= stepgen sg-cmd-pos=1.000000 rev sg-fb-pos=0.000016 rev sg-vel=0.016000 rps sg-acc=8.000000 rps2

=human= stepgen sg-cmd-pos=1.000000 rev sg-fb-pos=0.000016 rev sg-vel=0.016000 rps sg-acc=8.000000 rps2

[INFO] hw.pins: Pin step.fb set to 3.5999999999999994e-05 (was 1.6e-05)
Pin step.fb set to 3.5999999999999994e-05 (was 1.6e-05)
[INFO] hw.stepgen: =human= stepgen sg-cmd-pos=1.000000 rev sg-fb-pos=0.000036 rev sg-vel=0.024000 rps sg-acc=8.000000 rps2

=human= stepgen sg-cmd-pos=1.000000 rev sg-fb-pos=0.000036 rev sg-vel=0.024000 rps sg-acc=8.000000 rps2

[INFO] hw.pins: Pin step.fb set to 6.4e-05 (was 3.5999999999999994e-05)
Pin step.fb set to 6.4e-05 (was 3.5999999999999994e-05)
[INFO] hw.stepgen: =human= stepgen sg-cmd-pos=1.000000 rev sg-fb-pos=0.000064 rev sg-vel=0.032000 rps sg-acc=8.000000 rps2

=human= stepgen sg-cmd-pos=1.000000 rev sg-fb-pos=0.000064 rev sg-vel=0.032000 rps sg-acc=8.000000 rps2

[INFO] hw.pins: Pin step.fb set to 9.999999999999999e-05 (was 6.4e-05)
Pin step.fb set to 9.999999999999999e-05 (was 6.4e-05)
[INFO] hw.stepgen: =human= stepgen sg-cmd-pos=1.000000 rev sg-fb-pos=0.000100 rev sg-vel=0.040000 rps sg-acc=8.000000 rps2

=human= stepgen sg-cmd-pos=1.000000 rev sg-fb-pos=0.000100 rev sg-vel=0.040000 rps sg-acc=8.000000 rps2

[INFO] hw.pins: Pin step.fb set to 0.000144 (was 9.999999999999999e-05)
Pin step.fb set to 0.000144 (was 9.999999999999999e-05)
[INFO] hw.stepgen: =human= stepgen sg-cmd-pos=1.000000 rev sg-fb-pos=0.000144 rev sg-vel=0.048000 rps sg-acc=8.000000 rps2

=human= stepgen sg-cmd-pos=1.000000 rev sg-fb-pos=0.000144 rev sg-vel=0.048000 rps sg-acc=8.000000 rps2

[INFO] hw.pins: Pin step.fb set to 0.000196 (was 0.000144)
Pin step.fb set to 0.000196 (was 0.000144)
[INFO] hw.stepgen: =human= stepgen sg-cmd-pos=1.000000 rev sg-fb-pos=0.000196 rev sg-vel=0.056000 rps sg-acc=8.000000 rps2

=human= stepgen sg-cmd-pos=1.000000 rev sg-fb-pos=0.000196 rev sg-vel=0.056000 rps sg-acc=8.000000 rps2

[INFO] hw.pins: Pin step.fb set to 0.000256 (was 0.000196)
Pin step.fb set to 0.000256 (was 0.000196)
[INFO] hw.stepgen: =human= stepgen sg-cmd-pos=1.000000 rev sg-fb-pos=0.000256 rev sg-vel=0.064000 rps sg-acc=8.000000 rps2

=human= stepgen sg-cmd-pos=1.000000 rev sg-fb-pos=0.000256 rev sg-vel=0.064000 rps sg-acc=8.000000 rps2

[INFO] hw.pins: Pin step.fb set to 0.00032399999999999996 (was 0.000256)
Pin step.fb set to 0.00032399999999999996 (was 0.000256)
[INFO] hw.stepgen: =human= stepgen sg-cmd-pos=1.000000 rev sg-fb-pos=0.000324 rev sg-vel=0.072000 rps sg-acc=8.000000 rps2

=human= stepgen sg-cmd-pos=1.000000 rev sg-fb-pos=0.000324 rev sg-vel=0.072000 rps sg-acc=8.000000 rps2

[INFO] hw.pins: Pin step.fb set to 0.00039999999999999996 (was 0.00032399999999999996)
Pin step.fb set to 0.00039999999999999996 (was 0.00032399999999999996)
[INFO] hw.stepgen: =human= stepgen sg-cmd-pos=1.000000 rev sg-fb-pos=0.000400 rev sg-vel=0.080000 rps sg-acc=8.000000 rps2

=human= stepgen sg-cmd-pos=1.000000 rev sg-fb-pos=0.000400 rev sg-vel=0.080000 rps sg-acc=8.000000 rps2

[INFO] hw.pins: Pin step.fb set to 0.000484 (was 0.00039999999999999996)
Pin step.fb set to 0.000484 (was 0.00039999999999999996)
[INFO] hw.stepgen: =human= stepgen sg-cmd-pos=1.000000 rev sg-fb-pos=0.000484 rev sg-vel=0.088000 rps sg-acc=8.000000 rps2

=human= stepgen sg-cmd-pos=1.000000 rev sg-fb-pos=0.000484 rev sg-vel=0.088000 rps sg-acc=8.000000 rps2

[INFO] hw.pins: Pin step.fb set to 0.000576 (was 0.000484)
Pin step.fb set to 0.000576 (was 0.000484)
[INFO] hw.stepgen: =human= stepgen sg-cmd-pos=1.000000 rev sg-fb-pos=0.000576 rev sg-vel=0.096000 rps sg-acc=8.000000 rps2

=human= stepgen sg-cmd-pos=1.000000 rev sg-fb-pos=0.000576 rev sg-vel=0.096000 rps sg-acc=8.000000 rps2

[INFO] hw.pins: Pin step.fb set to 0.0006760000000000001 (was 0.000576)
Pin step.fb set to 0.0006760000000000001 (was 0.000576)
[INFO] hw.stepgen: =human= stepgen sg-cmd-pos=1.000000 rev sg-fb-pos=0.000676 rev sg-vel=0.104000 rps sg-acc=8.000000 rps2

=human= stepgen sg-cmd-pos=1.000000 rev sg-fb-pos=0.000676 rev sg-vel=0.104000 rps sg-acc=8.000000 rps2

[INFO] hw.pins: Pin step.fb set to 0.0007840000000000001 (was 0.0006760000000000001)
Pin step.fb set to 0.0007840000000000001 (was 0.0006760000000000001)
[INFO] hw.stepgen: =human= stepgen sg-cmd-pos=1.000000 rev sg-fb-pos=0.000784 rev sg-vel=0.112000 rps sg-acc=8.000000 rps2

=human= stepgen sg-cmd-pos=1.000000 rev sg-fb-pos=0.000784 rev sg-vel=0.112000 rps sg-acc=8.000000 rps2

[INFO] hw.pins: Pin step.fb set to 0.0009000000000000002 (was 0.0007840000000000001)
Pin step.fb set to 0.0009000000000000002 (was 0.0007840000000000001)
[INFO] hw.stepgen: =human= stepgen sg-cmd-pos=1.000000 rev sg-fb-pos=0.000900 rev sg-vel=0.120000 rps sg-acc=8.000000 rps2

=human= stepgen sg-cmd-pos=1.000000 rev sg-fb-pos=0.000900 rev sg-vel=0.120000 rps sg-acc=8.000000 rps2

[INFO] hw.pins: Pin step.fb set to 0.0010240000000000002 (was 0.0009000000000000002)
Pin step.fb set to 0.0010240000000000002 (was 0.0009000000000000002)
[INFO] hw.stepgen: =human= stepgen sg-cmd-pos=1.000000 rev sg-fb-pos=0.001024 rev sg-vel=0.128000 rps sg-acc=8.000000 rps2

=human= stepgen sg-cmd-pos=1.000000 rev sg-fb-pos=0.001024 rev sg-vel=0.128000 rps sg-acc=8.000000 rps2

[INFO] hw.pins: Pin step.fb set to 0.0011560000000000003 (was 0.0010240000000000002)
Pin step.fb set to 0.0011560000000000003 (was 0.0010240000000000002)
[INFO] hw.stepgen: =human= stepgen sg-cmd-pos=1.000000 rev sg-fb-pos=0.001156 rev sg-vel=0.136000 rps sg-acc=8.000000 rps2

=human= stepgen sg-cmd-pos=1.000000 rev sg-fb-pos=0.001156 rev sg-vel=0.136000 rps sg-acc=8.000000 rps2

[INFO] hw.pins: Pin step.fb set to 0.0012960000000000005 (was 0.0011560000000000003)
Pin step.fb set to 0.0012960000000000005 (was 0.0011560000000000003)
[INFO] hw.stepgen: =human= stepgen sg-cmd-pos=1.000000 rev sg-fb-pos=0.001296 rev sg-vel=0.144000 rps sg-acc=8.000000 rps2

=human= stepgen sg-cmd-pos=1.000000 rev sg-fb-pos=0.001296 rev sg-vel=0.144000 rps sg-acc=8.000000 rps2

[INFO] hw.pins: Pin step.fb set to 0.0014440000000000006 (was 0.0012960000000000005)
Pin step.fb set to 0.0014440000000000006 (was 0.0012960000000000005)
[INFO] hw.stepgen: =human= stepgen sg-cmd-pos=1.000000 rev sg-fb-pos=0.001444 rev sg-vel=0.152000 rps sg-acc=8.000000 rps2

=human= stepgen sg-cmd-pos=1.000000 rev sg-fb-pos=0.001444 rev sg-vel=0.152000 rps sg-acc=8.000000 rps2

[INFO] hw.pins: Pin step.fb set to 0.0016000000000000007 (was 0.0014440000000000006)
Pin step.fb set to 0.0016000000000000007 (was 0.0014440000000000006)
[INFO] hw.stepgen: =human= stepgen sg-cmd-pos=1.000000 rev sg-fb-pos=0.001600 rev sg-vel=0.160000 rps sg-acc=8.000000 rps2

=human= stepgen sg-cmd-pos=1.000000 rev sg-fb-pos=0.001600 rev sg-vel=0.160000 rps sg-acc=8.000000 rps2

[INFO] hw.pins: Pin step.fb set to 0.0017640000000000008 (was 0.0016000000000000007)
Pin step.fb set to 0.0017640000000000008 (was 0.0016000000000000007)
[INFO] hw.stepgen: =human= stepgen sg-cmd-pos=1.000000 rev sg-fb-pos=0.001764 rev sg-vel=0.168000 rps sg-acc=8.000000 rps2

=human= stepgen sg-cmd-pos=1.000000 rev sg-fb-pos=0.001764 rev sg-vel=0.168000 rps sg-acc=8.000000 rps2

[INFO] hw.pins: Pin step.fb set to 0.0019360000000000009 (was 0.0017640000000000008)
Pin step.fb set to 0.0019360000000000009 (was 0.0017640000000000008)
[INFO] hw.stepgen: =human= stepgen sg-cmd-pos=1.000000 rev sg-fb-pos=0.001936 rev sg-vel=0.176000 rps sg-acc=8.000000 rps2

=human= stepgen sg-cmd-pos=1.000000 rev sg-fb-pos=0.001936 rev sg-vel=0.176000 rps sg-acc=8.000000 rps2

[INFO] hw.pins: Pin step.fb set to 0.002116000000000001 (was 0.0019360000000000009)
Pin step.fb set to 0.002116000000000001 (was 0.0019360000000000009)
[INFO] hw.stepgen: =human= stepgen sg-cmd-pos=1.000000 rev sg-fb-pos=0.002116 rev sg-vel=0.184000 rps sg-acc=8.000000 rps2

=human= stepgen sg-cmd-pos=1.000000 rev sg-fb-pos=0.002116 rev sg-vel=0.184000 rps sg-acc=8.000000 rps2

[INFO] hw.pins: Pin step.fb set to 0.0023040000000000014 (was 0.002116000000000001)
Pin step.fb set to 0.0023040000000000014 (was 0.002116000000000001)
[INFO] hw.stepgen: =human= stepgen sg-cmd-pos=1.000000 rev sg-fb-pos=0.002304 rev sg-vel=0.192000 rps sg-acc=8.000000 rps2

=human= stepgen sg-cmd-pos=1.000000 rev sg-fb-pos=0.002304 rev sg-vel=0.192000 rps sg-acc=8.000000 rps2

[INFO] hw.pins: Pin step.fb set to 0.0025000000000000014 (was 0.0023040000000000014)
Pin step.fb set to 0.0025000000000000014 (was 0.0023040000000000014)
[INFO] hw.stepgen: =human= stepgen sg-cmd-pos=1.000000 rev sg-fb-pos=0.002500 rev sg-vel=0.200000 rps sg-acc=8.000000 rps2

=human= stepgen sg-cmd-pos=1.000000 rev sg-fb-pos=0.002500 rev sg-vel=0.200000 rps sg-acc=8.000000 rps2

[INFO] hw.pins: Pin step.fb set to 0.0027040000000000015 (was 0.0025000000000000014)
Pin step.fb set to 0.0027040000000000015 (was 0.0025000000000000014)
[INFO] hw.stepgen: =human= stepgen sg-cmd-pos=1.000000 rev sg-fb-pos=0.002704 rev sg-vel=0.208000 rps sg-acc=8.000000 rps2

=human= stepgen sg-cmd-pos=1.000000 rev sg-fb-pos=0.002704 rev sg-vel=0.208000 rps sg-acc=8.000000 rps2

[INFO] hw.pins: Pin step.fb set to 0.0029160000000000015 (was 0.0027040000000000015)
Pin step.fb set to 0.0029160000000000015 (was 0.0027040000000000015)
[INFO] hw.stepgen: =human= stepgen sg-cmd-pos=1.000000 rev sg-fb-pos=0.002916 rev sg-vel=0.216000 rps sg-acc=8.000000 rps2

=human= stepgen sg-cmd-pos=1.000000 rev sg-fb-pos=0.002916 rev sg-vel=0.216000 rps sg-acc=8.000000 rps2

[INFO] hw.pins: Pin step.fb set to 0.0031360000000000016 (was 0.0029160000000000015)
Pin step.fb set to 0.0031360000000000016 (was 0.0029160000000000015)
[INFO] hw.stepgen: =human= stepgen sg-cmd-pos=1.000000 rev sg-fb-pos=0.003136 rev sg-vel=0.224000 rps sg-acc=8.000000 rps2

=human= stepgen sg-cmd-pos=1.000000 rev sg-fb-pos=0.003136 rev sg-vel=0.224000 rps sg-acc=8.000000 rps2

[INFO] hw.pins: Pin step.fb set to 0.003364000000000002 (was 0.0031360000000000016)
Pin step.fb set to 0.003364000000000002 (was 0.0031360000000000016)
[INFO] hw.stepgen: =human= stepgen sg-cmd-pos=1.000000 rev sg-fb-pos=0.003364 rev sg-vel=0.232000 rps sg-acc=8.000000 rps2

=human= stepgen sg-cmd-pos=1.000000 rev sg-fb-pos=0.003364 rev sg-vel=0.232000 rps sg-acc=8.000000 rps2

[INFO] hw.pins: Pin step.fb set to 0.003600000000000002 (was 0.003364000000000002)
Pin step.fb set to 0.003600000000000002 (was 0.003364000000000002)
[INFO] hw.stepgen: =human= stepgen sg-cmd-pos=1.000000 rev sg-fb-pos=0.003600 rev sg-vel=0.240000 rps sg-acc=8.000000 rps2

=human= stepgen sg-cmd-pos=1.000000 rev sg-fb-pos=0.003600 rev sg-vel=0.240000 rps sg-acc=8.000000 rps2

[INFO] hw.pins: Pin step.fb set to 0.0038440000000000024 (was 0.003600000000000002)
Pin step.fb set to 0.0038440000000000024 (was 0.003600000000000002)
[INFO] hw.stepgen: =human= stepgen sg-cmd-pos=1.000000 rev sg-fb-pos=0.003844 rev sg-vel=0.248000 rps sg-acc=8.000000 rps2

=human= stepgen sg-cmd-pos=1.000000 rev sg-fb-pos=0.003844 rev sg-vel=0.248000 rps sg-acc=8.000000 rps2

[INFO] hw.pins: Pin step.fb set to 0.004096000000000002 (was 0.0038440000000000024)
Pin step.fb set to 0.004096000000000002 (was 0.0038440000000000024)
[INFO] hw.stepgen: =human= stepgen sg-cmd-pos=1.000000 rev sg-fb-pos=0.004096 rev sg-vel=0.256000 rps sg-acc=8.000000 rps2

=human= stepgen sg-cmd-pos=1.000000 rev sg-fb-pos=0.004096 rev sg-vel=0.256000 rps sg-acc=8.000000 rps2

[INFO] hw.pins: Pin step.fb set to 0.004356000000000002 (was 0.004096000000000002)
Pin step.fb set to 0.004356000000000002 (was 0.004096000000000002)
[INFO] hw.stepgen: =human= stepgen sg-cmd-pos=1.000000 rev sg-fb-pos=0.004356 rev sg-vel=0.264000 rps sg-acc=8.000000 rps2

=human= stepgen sg-cmd-pos=1.000000 rev sg-fb-pos=0.004356 rev sg-vel=0.264000 rps sg-acc=8.000000 rps2

[INFO] hw.pins: Pin step.fb set to 0.004624000000000002 (was 0.004356000000000002)
Pin step.fb set to 0.004624000000000002 (was 0.004356000000000002)
[INFO] hw.stepgen: =human= stepgen sg-cmd-pos=1.000000 rev sg-fb-pos=0.004624 rev sg-vel=0.272000 rps sg-acc=8.000000 rps2

=human= stepgen sg-cmd-pos=1.000000 rev sg-fb-pos=0.004624 rev sg-vel=0.272000 rps sg-acc=8.000000 rps2

[INFO] hw.pins: Pin step.fb set to 0.0049000000000000024 (was 0.004624000000000002)
Pin step.fb set to 0.0049000000000000024 (was 0.004624000000000002)
[INFO] hw.stepgen: =human= stepgen sg-cmd-pos=1.000000 rev sg-fb-pos=0.004900 rev sg-vel=0.280000 rps sg-acc=8.000000 rps2

=human= stepgen sg-cmd-pos=1.000000 rev sg-fb-pos=0.004900 rev sg-vel=0.280000 rps sg-acc=8.000000 rps2

[INFO] hw.pins: Pin step.fb set to 0.005184000000000003 (was 0.0049000000000000024)
Pin step.fb set to 0.005184000000000003 (was 0.0049000000000000024)
[INFO] hw.stepgen: =human= stepgen sg-cmd-pos=1.000000 rev sg-fb-pos=0.005184 rev sg-vel=0.288000 rps sg-acc=8.000000 rps2

=human= stepgen sg-cmd-pos=1.000000 rev sg-fb-pos=0.005184 rev sg-vel=0.288000 rps sg-acc=8.000000 rps2

[INFO] hw.pins: Pin step.fb set to 0.0054760000000000034 (was 0.005184000000000003)
Pin step.fb set to 0.0054760000000000034 (was 0.005184000000000003)
[INFO] hw.stepgen: =human= stepgen sg-cmd-pos=1.000000 rev sg-fb-pos=0.005476 rev sg-vel=0.296000 rps sg-acc=8.000000 rps2

=human= stepgen sg-cmd-pos=1.000000 rev sg-fb-pos=0.005476 rev sg-vel=0.296000 rps sg-acc=8.000000 rps2

[INFO] hw.pins: Pin step.fb set to 0.005776000000000003 (was 0.0054760000000000034)
Pin step.fb set to 0.005776000000000003 (was 0.0054760000000000034)
[INFO] hw.stepgen: =human= stepgen sg-cmd-pos=1.000000 rev sg-fb-pos=0.005776 rev sg-vel=0.304000 rps sg-acc=8.000000 rps2

=human= stepgen sg-cmd-pos=1.000000 rev sg-fb-pos=0.005776 rev sg-vel=0.304000 rps sg-acc=8.000000 rps2

[INFO] hw.pins: Pin step.fb set to 0.0060840000000000035 (was 0.005776000000000003)
Pin step.fb set to 0.0060840000000000035 (was 0.005776000000000003)
[INFO] hw.stepgen: =human= stepgen sg-cmd-pos=1.000000 rev sg-fb-pos=0.006084 rev sg-vel=0.312000 rps sg-acc=8.000000 rps2

=human= stepgen sg-cmd-pos=1.000000 rev sg-fb-pos=0.006084 rev sg-vel=0.312000 rps sg-acc=8.000000 rps2

[INFO] hw.pins: Pin step.fb set to 0.006400000000000004 (was 0.0060840000000000035)
Pin step.fb set to 0.006400000000000004 (was 0.0060840000000000035)
[INFO] hw.stepgen: =human= stepgen sg-cmd-pos=1.000000 rev sg-fb-pos=0.006400 rev sg-vel=0.320000 rps sg-acc=8.000000 rps2

=human= stepgen sg-cmd-pos=1.000000 rev sg-fb-pos=0.006400 rev sg-vel=0.320000 rps sg-acc=8.000000 rps2

[INFO] hw.pins: Pin step.fb set to 0.006724000000000004 (was 0.006400000000000004)
Pin step.fb set to 0.006724000000000004 (was 0.006400000000000004)
[INFO] hw.stepgen: =human= stepgen sg-cmd-pos=1.000000 rev sg-fb-pos=0.006724 rev sg-vel=0.328000 rps sg-acc=8.000000 rps2

=human= stepgen sg-cmd-pos=1.000000 rev sg-fb-pos=0.006724 rev sg-vel=0.328000 rps sg-acc=8.000000 rps2

[INFO] hw.pins: Pin step.fb set to 0.007056000000000004 (was 0.006724000000000004)
Pin step.fb set to 0.007056000000000004 (was 0.006724000000000004)
[INFO] hw.stepgen: =human= stepgen sg-cmd-pos=1.000000 rev sg-fb-pos=0.007056 rev sg-vel=0.336000 rps sg-acc=8.000000 rps2

=human= stepgen sg-cmd-pos=1.000000 rev sg-fb-pos=0.007056 rev sg-vel=0.336000 rps sg-acc=8.000000 rps2

[INFO] hw.pins: Pin step.fb set to 0.007396000000000004 (was 0.007056000000000004)
Pin step.fb set to 0.007396000000000004 (was 0.007056000000000004)
[INFO] hw.stepgen: =human= stepgen sg-cmd-pos=1.000000 rev sg-fb-pos=0.007396 rev sg-vel=0.344000 rps sg-acc=8.000000 rps2

=human= stepgen sg-cmd-pos=1.000000 rev sg-fb-pos=0.007396 rev sg-vel=0.344000 rps sg-acc=8.000000 rps2

[INFO] hw.pins: Pin step.fb set to 0.007744000000000004 (was 0.007396000000000004)
Pin step.fb set to 0.007744000000000004 (was 0.007396000000000004)
[INFO] hw.stepgen: =human= stepgen sg-cmd-pos=1.000000 rev sg-fb-pos=0.007744 rev sg-vel=0.352000 rps sg-acc=8.000000 rps2

=human= stepgen sg-cmd-pos=1.000000 rev sg-fb-pos=0.007744 rev sg-vel=0.352000 rps sg-acc=8.000000 rps2

[INFO] hw.pins: Pin step.fb set to 0.008100000000000005 (was 0.007744000000000004)
Pin step.fb set to 0.008100000000000005 (was 0.007744000000000004)
[INFO] hw.stepgen: =human= stepgen sg-cmd-pos=1.000000 rev sg-fb-pos=0.008100 rev sg-vel=0.360000 rps sg-acc=8.000000 rps2

=human= stepgen sg-cmd-pos=1.000000 rev sg-fb-pos=0.008100 rev sg-vel=0.360000 rps sg-acc=8.000000 rps2

[INFO] hw.pins: Pin step.fb set to 0.008464000000000005 (was 0.008100000000000005)
Pin step.fb set to 0.008464000000000005 (was 0.008100000000000005)
[INFO] hw.stepgen: =human= stepgen sg-cmd-pos=1.000000 rev sg-fb-pos=0.008464 rev sg-vel=0.368000 rps sg-acc=8.000000 rps2

=human= stepgen sg-cmd-pos=1.000000 rev sg-fb-pos=0.008464 rev sg-vel=0.368000 rps sg-acc=8.000000 rps2

[INFO] hw.pins: Pin step.fb set to 0.008836000000000005 (was 0.008464000000000005)
Pin step.fb set to 0.008836000000000005 (was 0.008464000000000005)
[INFO] hw.stepgen: =human= stepgen sg-cmd-pos=1.000000 rev sg-fb-pos=0.008836 rev sg-vel=0.376000 rps sg-acc=8.000000 rps2

=human= stepgen sg-cmd-pos=1.000000 rev sg-fb-pos=0.008836 rev sg-vel=0.376000 rps sg-acc=8.000000 rps2

[INFO] hw.pins: Pin step.fb set to 0.009216000000000005 (was 0.008836000000000005)
Pin step.fb set to 0.009216000000000005 (was 0.008836000000000005)
[INFO] hw.stepgen: =human= stepgen sg-cmd-pos=1.000000 rev sg-fb-pos=0.009216 rev sg-vel=0.384000 rps sg-acc=8.000000 rps2

=human= stepgen sg-cmd-pos=1.000000 rev sg-fb-pos=0.009216 rev sg-vel=0.384000 rps sg-acc=8.000000 rps2

[INFO] hw.pins: Pin step.fb set to 0.009604000000000005 (was 0.009216000000000005)
Pin step.fb set to 0.009604000000000005 (was 0.009216000000000005)
[INFO] hw.stepgen: =human= stepgen sg-cmd-pos=1.000000 rev sg-fb-pos=0.009604 rev sg-vel=0.392000 rps sg-acc=8.000000 rps2

=human= stepgen sg-cmd-pos=1.000000 rev sg-fb-pos=0.009604 rev sg-vel=0.392000 rps sg-acc=8.000000 rps2

[INFO] hw.pins: Pin step.fb set to 0.010000000000000005 (was 0.009604000000000005)
Pin step.fb set to 0.010000000000000005 (was 0.009604000000000005)
[INFO] hw.stepgen: =human= stepgen sg-cmd-pos=1.000000 rev sg-fb-pos=0.010000 rev sg-vel=0.400000 rps sg-acc=8.000000 rps2

=human= stepgen sg-cmd-pos=1.000000 rev sg-fb-pos=0.010000 rev sg-vel=0.400000 rps sg-acc=8.000000 rps2

[INFO] hw.pins: Pin step.fb set to 0.010404000000000005 (was 0.010000000000000005)
Pin step.fb set to 0.010404000000000005 (was 0.010000000000000005)
[INFO] hw.stepgen: =human= stepgen sg-cmd-pos=1.000000 rev sg-fb-pos=0.010404 rev sg-vel=0.408000 rps sg-acc=8.000000 rps2

=human= stepgen sg-cmd-pos=1.000000 rev sg-fb-pos=0.010404 rev sg-vel=0.408000 rps sg-acc=8.000000 rps2

[INFO] hw.pins: Pin step.fb set to 0.010816000000000006 (was 0.010404000000000005)
Pin step.fb set to 0.010816000000000006 (was 0.010404000000000005)
[INFO] hw.stepgen: =human= stepgen sg-cmd-pos=1.000000 rev sg-fb-pos=0.010816 rev sg-vel=0.416000 rps sg-acc=8.000000 rps2

=human= stepgen sg-cmd-pos=1.000000 rev sg-fb-pos=0.010816 rev sg-vel=0.416000 rps sg-acc=8.000000 rps2

[INFO] hw.pins: Pin step.fb set to 0.011236000000000006 (was 0.010816000000000006)
Pin step.fb set to 0.011236000000000006 (was 0.010816000000000006)
[INFO] hw.stepgen: =human= stepgen sg-cmd-pos=1.000000 rev sg-fb-pos=0.011236 rev sg-vel=0.424000 rps sg-acc=8.000000 rps2

=human= stepgen sg-cmd-pos=1.000000 rev sg-fb-pos=0.011236 rev sg-vel=0.424000 rps sg-acc=8.000000 rps2

[INFO] hw.pins: Pin step.fb set to 0.011664000000000006 (was 0.011236000000000006)
Pin step.fb set to 0.011664000000000006 (was 0.011236000000000006)
[INFO] hw.stepgen: =human= stepgen sg-cmd-pos=1.000000 rev sg-fb-pos=0.011664 rev sg-vel=0.432000 rps sg-acc=8.000000 rps2

=human= stepgen sg-cmd-pos=1.000000 rev sg-fb-pos=0.011664 rev sg-vel=0.432000 rps sg-acc=8.000000 rps2

[INFO] hw.pins: Pin step.fb set to 0.012100000000000007 (was 0.011664000000000006)
Pin step.fb set to 0.012100000000000007 (was 0.011664000000000006)
[INFO] hw.stepgen: =human= stepgen sg-cmd-pos=1.000000 rev sg-fb-pos=0.012100 rev sg-vel=0.440000 rps sg-acc=8.000000 rps2

=human= stepgen sg-cmd-pos=1.000000 rev sg-fb-pos=0.012100 rev sg-vel=0.440000 rps sg-acc=8.000000 rps2

[INFO] hw.pins: Pin step.fb set to 0.012544000000000007 (was 0.012100000000000007)
Pin step.fb set to 0.012544000000000007 (was 0.012100000000000007)
[INFO] hw.stepgen: =human= stepgen sg-cmd-pos=1.000000 rev sg-fb-pos=0.012544 rev sg-vel=0.448000 rps sg-acc=8.000000 rps2

=human= stepgen sg-cmd-pos=1.000000 rev sg-fb-pos=0.012544 rev sg-vel=0.448000 rps sg-acc=8.000000 rps2

[INFO] hw.pins: Pin step.fb set to 0.012996000000000008 (was 0.012544000000000007)
Pin step.fb set to 0.012996000000000008 (was 0.012544000000000007)
[INFO] hw.stepgen: =human= stepgen sg-cmd-pos=1.000000 rev sg-fb-pos=0.012996 rev sg-vel=0.456000 rps sg-acc=8.000000 rps2

=human= stepgen sg-cmd-pos=1.000000 rev sg-fb-pos=0.012996 rev sg-vel=0.456000 rps sg-acc=8.000000 rps2

[INFO] hw.pins: Pin step.fb set to 0.013456000000000008 (was 0.012996000000000008)
Pin step.fb set to 0.013456000000000008 (was 0.012996000000000008)
[INFO] hw.stepgen: =human= stepgen sg-cmd-pos=1.000000 rev sg-fb-pos=0.013456 rev sg-vel=0.464000 rps sg-acc=8.000000 rps2

=human= stepgen sg-cmd-pos=1.000000 rev sg-fb-pos=0.013456 rev sg-vel=0.464000 rps sg-acc=8.000000 rps2

[INFO] hw.pins: Pin step.fb set to 0.013924000000000008 (was 0.013456000000000008)
Pin step.fb set to 0.013924000000000008 (was 0.013456000000000008)
[INFO] hw.stepgen: =human= stepgen sg-cmd-pos=1.000000 rev sg-fb-pos=0.013924 rev sg-vel=0.472000 rps sg-acc=8.000000 rps2

=human= stepgen sg-cmd-pos=1.000000 rev sg-fb-pos=0.013924 rev sg-vel=0.472000 rps sg-acc=8.000000 rps2

[INFO] hw.pins: Pin step.fb set to 0.014400000000000008 (was 0.013924000000000008)
Pin step.fb set to 0.014400000000000008 (was 0.013924000000000008)
[INFO] hw.stepgen: =human= stepgen sg-cmd-pos=1.000000 rev sg-fb-pos=0.014400 rev sg-vel=0.480000 rps sg-acc=8.000000 rps2

=human= stepgen sg-cmd-pos=1.000000 rev sg-fb-pos=0.014400 rev sg-vel=0.480000 rps sg-acc=8.000000 rps2

[INFO] hw.pins: Pin step.fb set to 0.014884000000000008 (was 0.014400000000000008)
Pin step.fb set to 0.014884000000000008 (was 0.014400000000000008)
[INFO] hw.stepgen: =human= stepgen sg-cmd-pos=1.000000 rev sg-fb-pos=0.014884 rev sg-vel=0.488000 rps sg-acc=8.000000 rps2

=human= stepgen sg-cmd-pos=1.000000 rev sg-fb-pos=0.014884 rev sg-vel=0.488000 rps sg-acc=8.000000 rps2

[INFO] hw.pins: Pin step.fb set to 0.01537600000000001 (was 0.014884000000000008)
Pin step.fb set to 0.01537600000000001 (was 0.014884000000000008)
[INFO] hw.stepgen: =human= stepgen sg-cmd-pos=1.000000 rev sg-fb-pos=0.015376 rev sg-vel=0.496000 rps sg-acc=8.000000 rps2

=human= stepgen sg-cmd-pos=1.000000 rev sg-fb-pos=0.015376 rev sg-vel=0.496000 rps sg-acc=8.000000 rps2

[INFO] hw.pins: Pin step.fb set to 0.015876000000000008 (was 0.01537600000000001)
Pin step.fb set to 0.015876000000000008 (was 0.01537600000000001)
[INFO] hw.stepgen: =human= stepgen sg-cmd-pos=1.000000 rev sg-fb-pos=0.015876 rev sg-vel=0.504000 rps sg-acc=8.000000 rps2

=human= stepgen sg-cmd-pos=1.000000 rev sg-fb-pos=0.015876 rev sg-vel=0.504000 rps sg-acc=8.000000 rps2

[INFO] hw.pins: Pin step.fb set to 0.01638400000000001 (was 0.015876000000000008)
Pin step.fb set to 0.01638400000000001 (was 0.015876000000000008)
[INFO] hw.stepgen: =human= stepgen sg-cmd-pos=1.000000 rev sg-fb-pos=0.016384 rev sg-vel=0.512000 rps sg-acc=8.000000 rps2

=human= stepgen sg-cmd-pos=1.000000 rev sg-fb-pos=0.016384 rev sg-vel=0.512000 rps sg-acc=8.000000 rps2

[INFO] hw.pins: Pin step.fb set to 0.01690000000000001 (was 0.01638400000000001)
Pin step.fb set to 0.01690000000000001 (was 0.01638400000000001)
[INFO] hw.stepgen: =human= stepgen sg-cmd-pos=1.000000 rev sg-fb-pos=0.016900 rev sg-vel=0.520000 rps sg-acc=8.000000 rps2

=human= stepgen sg-cmd-pos=1.000000 rev sg-fb-pos=0.016900 rev sg-vel=0.520000 rps sg-acc=8.000000 rps2

[INFO] hw.pins: Pin step.fb set to 0.01742400000000001 (was 0.01690000000000001)
Pin step.fb set to 0.01742400000000001 (was 0.01690000000000001)
[INFO] hw.stepgen: =human= stepgen sg-cmd-pos=1.000000 rev sg-fb-pos=0.017424 rev sg-vel=0.528000 rps sg-acc=8.000000 rps2

=human= stepgen sg-cmd-pos=1.000000 rev sg-fb-pos=0.017424 rev sg-vel=0.528000 rps sg-acc=8.000000 rps2

[INFO] hw.pins: Pin step.fb set to 0.01795600000000001 (was 0.01742400000000001)
Pin step.fb set to 0.01795600000000001 (was 0.01742400000000001)
[INFO] hw.stepgen: =human= stepgen sg-cmd-pos=1.000000 rev sg-fb-pos=0.017956 rev sg-vel=0.536000 rps sg-acc=8.000000 rps2

=human= stepgen sg-cmd-pos=1.000000 rev sg-fb-pos=0.017956 rev sg-vel=0.536000 rps sg-acc=8.000000 rps2

[INFO] hw.pins: Pin step.fb set to 0.01849600000000001 (was 0.01795600000000001)
Pin step.fb set to 0.01849600000000001 (was 0.01795600000000001)
[INFO] hw.stepgen: =human= stepgen sg-cmd-pos=1.000000 rev sg-fb-pos=0.018496 rev sg-vel=0.544000 rps sg-acc=8.000000 rps2

=human= stepgen sg-cmd-pos=1.000000 rev sg-fb-pos=0.018496 rev sg-vel=0.544000 rps sg-acc=8.000000 rps2

[INFO] hw.pins: Pin step.fb set to 0.01904400000000001 (was 0.01849600000000001)
Pin step.fb set to 0.01904400000000001 (was 0.01849600000000001)
[INFO] hw.stepgen: =human= stepgen sg-cmd-pos=1.000000 rev sg-fb-pos=0.019044 rev sg-vel=0.552000 rps sg-acc=8.000000 rps2

=human= stepgen sg-cmd-pos=1.000000 rev sg-fb-pos=0.019044 rev sg-vel=0.552000 rps sg-acc=8.000000 rps2

[INFO] hw.pins: Pin step.fb set to 0.01960000000000001 (was 0.01904400000000001)
Pin step.fb set to 0.01960000000000001 (was 0.01904400000000001)
[INFO] hw.stepgen: =human= stepgen sg-cmd-pos=1.000000 rev sg-fb-pos=0.019600 rev sg-vel=0.560000 rps sg-acc=8.000000 rps2

=human= stepgen sg-cmd-pos=1.000000 rev sg-fb-pos=0.019600 rev sg-vel=0.560000 rps sg-acc=8.000000 rps2

[INFO] hw.pins: Pin step.fb set to 0.020164000000000012 (was 0.01960000000000001)
Pin step.fb set to 0.020164000000000012 (was 0.01960000000000001)
[INFO] hw.stepgen: =human= stepgen sg-cmd-pos=1.000000 rev sg-fb-pos=0.020164 rev sg-vel=0.568000 rps sg-acc=8.000000 rps2

=human= stepgen sg-cmd-pos=1.000000 rev sg-fb-pos=0.020164 rev sg-vel=0.568000 rps sg-acc=8.000000 rps2

[INFO] hw.pins: Pin step.fb set to 0.02073600000000001 (was 0.020164000000000012)
Pin step.fb set to 0.02073600000000001 (was 0.020164000000000012)
[INFO] hw.stepgen: =human= stepgen sg-cmd-pos=1.000000 rev sg-fb-pos=0.020736 rev sg-vel=0.576000 rps sg-acc=8.000000 rps2

=human= stepgen sg-cmd-pos=1.000000 rev sg-fb-pos=0.020736 rev sg-vel=0.576000 rps sg-acc=8.000000 rps2

[INFO] hw.pins: Pin step.fb set to 0.021316000000000012 (was 0.02073600000000001)
Pin step.fb set to 0.021316000000000012 (was 0.02073600000000001)
[INFO] hw.stepgen: =human= stepgen sg-cmd-pos=1.000000 rev sg-fb-pos=0.021316 rev sg-vel=0.584000 rps sg-acc=8.000000 rps2

=human= stepgen sg-cmd-pos=1.000000 rev sg-fb-pos=0.021316 rev sg-vel=0.584000 rps sg-acc=8.000000 rps2

[INFO] hw.pins: Pin step.fb set to 0.021904000000000014 (was 0.021316000000000012)
Pin step.fb set to 0.021904000000000014 (was 0.021316000000000012)
[INFO] hw.stepgen: =human= stepgen sg-cmd-pos=1.000000 rev sg-fb-pos=0.021904 rev sg-vel=0.592000 rps sg-acc=8.000000 rps2

=human= stepgen sg-cmd-pos=1.000000 rev sg-fb-pos=0.021904 rev sg-vel=0.592000 rps sg-acc=8.000000 rps2

[INFO] hw.pins: Pin step.fb set to 0.022500000000000013 (was 0.021904000000000014)
Pin step.fb set to 0.022500000000000013 (was 0.021904000000000014)
[INFO] hw.stepgen: =human= stepgen sg-cmd-pos=1.000000 rev sg-fb-pos=0.022500 rev sg-vel=0.600000 rps sg-acc=8.000000 rps2

=human= stepgen sg-cmd-pos=1.000000 rev sg-fb-pos=0.022500 rev sg-vel=0.600000 rps sg-acc=8.000000 rps2

[INFO] hw.pins: Pin step.fb set to 0.023104000000000013 (was 0.022500000000000013)
Pin step.fb set to 0.023104000000000013 (was 0.022500000000000013)
[INFO] hw.stepgen: =human= stepgen sg-cmd-pos=1.000000 rev sg-fb-pos=0.023104 rev sg-vel=0.608000 rps sg-acc=8.000000 rps2

=human= stepgen sg-cmd-pos=1.000000 rev sg-fb-pos=0.023104 rev sg-vel=0.608000 rps sg-acc=8.000000 rps2

[INFO] hw.pins: Pin step.fb set to 0.023716000000000015 (was 0.023104000000000013)
Pin step.fb set to 0.023716000000000015 (was 0.023104000000000013)
[INFO] hw.stepgen: =human= stepgen sg-cmd-pos=1.000000 rev sg-fb-pos=0.023716 rev sg-vel=0.616000 rps sg-acc=8.000000 rps2

=human= stepgen sg-cmd-pos=1.000000 rev sg-fb-pos=0.023716 rev sg-vel=0.616000 rps sg-acc=8.000000 rps2

[INFO] hw.pins: Pin step.fb set to 0.024336000000000014 (was 0.023716000000000015)
Pin step.fb set to 0.024336000000000014 (was 0.023716000000000015)
[INFO] hw.stepgen: =human= stepgen sg-cmd-pos=1.000000 rev sg-fb-pos=0.024336 rev sg-vel=0.624000 rps sg-acc=8.000000 rps2

=human= stepgen sg-cmd-pos=1.000000 rev sg-fb-pos=0.024336 rev sg-vel=0.624000 rps sg-acc=8.000000 rps2

[INFO] hw.pins: Pin step.fb set to 0.024964000000000014 (was 0.024336000000000014)
Pin step.fb set to 0.024964000000000014 (was 0.024336000000000014)
[INFO] hw.stepgen: =human= stepgen sg-cmd-pos=1.000000 rev sg-fb-pos=0.024964 rev sg-vel=0.632000 rps sg-acc=8.000000 rps2

=human= stepgen sg-cmd-pos=1.000000 rev sg-fb-pos=0.024964 rev sg-vel=0.632000 rps sg-acc=8.000000 rps2

[INFO] hw.pins: Pin step.fb set to 0.025600000000000015 (was 0.024964000000000014)
Pin step.fb set to 0.025600000000000015 (was 0.024964000000000014)
[INFO] hw.stepgen: =human= stepgen sg-cmd-pos=1.000000 rev sg-fb-pos=0.025600 rev sg-vel=0.640000 rps sg-acc=8.000000 rps2

=human= stepgen sg-cmd-pos=1.000000 rev sg-fb-pos=0.025600 rev sg-vel=0.640000 rps sg-acc=8.000000 rps2

[INFO] hw.pins: Pin step.fb set to 0.026244000000000017 (was 0.025600000000000015)
Pin step.fb set to 0.026244000000000017 (was 0.025600000000000015)
[INFO] hw.stepgen: =human= stepgen sg-cmd-pos=1.000000 rev sg-fb-pos=0.026244 rev sg-vel=0.648000 rps sg-acc=8.000000 rps2

=human= stepgen sg-cmd-pos=1.000000 rev sg-fb-pos=0.026244 rev sg-vel=0.648000 rps sg-acc=8.000000 rps2

[INFO] hw.pins: Pin step.fb set to 0.026896000000000017 (was 0.026244000000000017)
Pin step.fb set to 0.026896000000000017 (was 0.026244000000000017)
[INFO] hw.stepgen: =human= stepgen sg-cmd-pos=1.000000 rev sg-fb-pos=0.026896 rev sg-vel=0.656000 rps sg-acc=8.000000 rps2

=human= stepgen sg-cmd-pos=1.000000 rev sg-fb-pos=0.026896 rev sg-vel=0.656000 rps sg-acc=8.000000 rps2

[INFO] hw.pins: Pin step.fb set to 0.027556000000000018 (was 0.026896000000000017)
Pin step.fb set to 0.027556000000000018 (was 0.026896000000000017)
[INFO] hw.stepgen: =human= stepgen sg-cmd-pos=1.000000 rev sg-fb-pos=0.027556 rev sg-vel=0.664000 rps sg-acc=8.000000 rps2

=human= stepgen sg-cmd-pos=1.000000 rev sg-fb-pos=0.027556 rev sg-vel=0.664000 rps sg-acc=8.000000 rps2

[INFO] hw.pins: Pin step.fb set to 0.02822400000000002 (was 0.027556000000000018)
Pin step.fb set to 0.02822400000000002 (was 0.027556000000000018)
[INFO] hw.stepgen: =human= stepgen sg-cmd-pos=1.000000 rev sg-fb-pos=0.028224 rev sg-vel=0.672000 rps sg-acc=8.000000 rps2

=human= stepgen sg-cmd-pos=1.000000 rev sg-fb-pos=0.028224 rev sg-vel=0.672000 rps sg-acc=8.000000 rps2

[INFO] hw.pins: Pin step.fb set to 0.02890000000000002 (was 0.02822400000000002)
Pin step.fb set to 0.02890000000000002 (was 0.02822400000000002)
[INFO] hw.stepgen: =human= stepgen sg-cmd-pos=1.000000 rev sg-fb-pos=0.028900 rev sg-vel=0.680000 rps sg-acc=8.000000 rps2

=human= stepgen sg-cmd-pos=1.000000 rev sg-fb-pos=0.028900 rev sg-vel=0.680000 rps sg-acc=8.000000 rps2

[INFO] hw.pins: Pin step.fb set to 0.02958400000000002 (was 0.02890000000000002)
Pin step.fb set to 0.02958400000000002 (was 0.02890000000000002)
[INFO] hw.stepgen: =human= stepgen sg-cmd-pos=1.000000 rev sg-fb-pos=0.029584 rev sg-vel=0.688000 rps sg-acc=8.000000 rps2

=human= stepgen sg-cmd-pos=1.000000 rev sg-fb-pos=0.029584 rev sg-vel=0.688000 rps sg-acc=8.000000 rps2

[INFO] hw.pins: Pin step.fb set to 0.03027600000000002 (was 0.02958400000000002)
Pin step.fb set to 0.03027600000000002 (was 0.02958400000000002)
[INFO] hw.stepgen: =human= stepgen sg-cmd-pos=1.000000 rev sg-fb-pos=0.030276 rev sg-vel=0.696000 rps sg-acc=8.000000 rps2

=human= stepgen sg-cmd-pos=1.000000 rev sg-fb-pos=0.030276 rev sg-vel=0.696000 rps sg-acc=8.000000 rps2

[INFO] hw.pins: Pin step.fb set to 0.03097600000000002 (was 0.03027600000000002)
Pin step.fb set to 0.03097600000000002 (was 0.03027600000000002)
[INFO] hw.stepgen: =human= stepgen sg-cmd-pos=1.000000 rev sg-fb-pos=0.030976 rev sg-vel=0.704000 rps sg-acc=8.000000 rps2

=human= stepgen sg-cmd-pos=1.000000 rev sg-fb-pos=0.030976 rev sg-vel=0.704000 rps sg-acc=8.000000 rps2

[INFO] hw.pins: Pin step.fb set to 0.031684000000000025 (was 0.03097600000000002)
Pin step.fb set to 0.031684000000000025 (was 0.03097600000000002)
[INFO] hw.stepgen: =human= stepgen sg-cmd-pos=1.000000 rev sg-fb-pos=0.031684 rev sg-vel=0.712000 rps sg-acc=8.000000 rps2

=human= stepgen sg-cmd-pos=1.000000 rev sg-fb-pos=0.031684 rev sg-vel=0.712000 rps sg-acc=8.000000 rps2

[INFO] hw.pins: Pin step.fb set to 0.032400000000000026 (was 0.031684000000000025)
Pin step.fb set to 0.032400000000000026 (was 0.031684000000000025)
[INFO] hw.stepgen: =human= stepgen sg-cmd-pos=1.000000 rev sg-fb-pos=0.032400 rev sg-vel=0.720000 rps sg-acc=8.000000 rps2

=human= stepgen sg-cmd-pos=1.000000 rev sg-fb-pos=0.032400 rev sg-vel=0.720000 rps sg-acc=8.000000 rps2

[INFO] hw.pins: Pin step.fb set to 0.03312400000000003 (was 0.032400000000000026)
Pin step.fb set to 0.03312400000000003 (was 0.032400000000000026)
[INFO] hw.stepgen: =human= stepgen sg-cmd-pos=1.000000 rev sg-fb-pos=0.033124 rev sg-vel=0.728000 rps sg-acc=8.000000 rps2

=human= stepgen sg-cmd-pos=1.000000 rev sg-fb-pos=0.033124 rev sg-vel=0.728000 rps sg-acc=8.000000 rps2

[INFO] hw.pins: Pin step.fb set to 0.03385600000000003 (was 0.03312400000000003)
Pin step.fb set to 0.03385600000000003 (was 0.03312400000000003)
[INFO] hw.stepgen: =human= stepgen sg-cmd-pos=1.000000 rev sg-fb-pos=0.033856 rev sg-vel=0.736000 rps sg-acc=8.000000 rps2

=human= stepgen sg-cmd-pos=1.000000 rev sg-fb-pos=0.033856 rev sg-vel=0.736000 rps sg-acc=8.000000 rps2

[INFO] hw.pins: Pin step.fb set to 0.03459600000000003 (was 0.03385600000000003)
Pin step.fb set to 0.03459600000000003 (was 0.03385600000000003)
[INFO] hw.stepgen: =human= stepgen sg-cmd-pos=1.000000 rev sg-fb-pos=0.034596 rev sg-vel=0.744000 rps sg-acc=8.000000 rps2

=human= stepgen sg-cmd-pos=1.000000 rev sg-fb-pos=0.034596 rev sg-vel=0.744000 rps sg-acc=8.000000 rps2

[INFO] hw.pins: Pin step.fb set to 0.03534400000000003 (was 0.03459600000000003)
Pin step.fb set to 0.03534400000000003 (was 0.03459600000000003)
[INFO] hw.stepgen: =human= stepgen sg-cmd-pos=1.000000 rev sg-fb-pos=0.035344 rev sg-vel=0.752000 rps sg-acc=8.000000 rps2

=human= stepgen sg-cmd-pos=1.000000 rev sg-fb-pos=0.035344 rev sg-vel=0.752000 rps sg-acc=8.000000 rps2

[INFO] hw.pins: Pin step.fb set to 0.03610000000000003 (was 0.03534400000000003)
Pin step.fb set to 0.03610000000000003 (was 0.03534400000000003)
[INFO] hw.stepgen: =human= stepgen sg-cmd-pos=1.000000 rev sg-fb-pos=0.036100 rev sg-vel=0.760000 rps sg-acc=8.000000 rps2

=human= stepgen sg-cmd-pos=1.000000 rev sg-fb-pos=0.036100 rev sg-vel=0.760000 rps sg-acc=8.000000 rps2

[INFO] hw.pins: Pin step.fb set to 0.03686400000000003 (was 0.03610000000000003)
Pin step.fb set to 0.03686400000000003 (was 0.03610000000000003)
[INFO] hw.stepgen: =human= stepgen sg-cmd-pos=1.000000 rev sg-fb-pos=0.036864 rev sg-vel=0.768000 rps sg-acc=8.000000 rps2

=human= stepgen sg-cmd-pos=1.000000 rev sg-fb-pos=0.036864 rev sg-vel=0.768000 rps sg-acc=8.000000 rps2

[INFO] hw.pins: Pin step.fb set to 0.03763600000000003 (was 0.03686400000000003)
Pin step.fb set to 0.03763600000000003 (was 0.03686400000000003)
[INFO] hw.stepgen: =human= stepgen sg-cmd-pos=1.000000 rev sg-fb-pos=0.037636 rev sg-vel=0.776000 rps sg-acc=8.000000 rps2

=human= stepgen sg-cmd-pos=1.000000 rev sg-fb-pos=0.037636 rev sg-vel=0.776000 rps sg-acc=8.000000 rps2

[INFO] hw.pins: Pin step.fb set to 0.03841600000000003 (was 0.03763600000000003)
Pin step.fb set to 0.03841600000000003 (was 0.03763600000000003)
[INFO] hw.stepgen: =human= stepgen sg-cmd-pos=1.000000 rev sg-fb-pos=0.038416 rev sg-vel=0.784000 rps sg-acc=8.000000 rps2

=human= stepgen sg-cmd-pos=1.000000 rev sg-fb-pos=0.038416 rev sg-vel=0.784000 rps sg-acc=8.000000 rps2

[INFO] hw.pins: Pin step.fb set to 0.03920400000000004 (was 0.03841600000000003)
Pin step.fb set to 0.03920400000000004 (was 0.03841600000000003)
[INFO] hw.stepgen: =human= stepgen sg-cmd-pos=1.000000 rev sg-fb-pos=0.039204 rev sg-vel=0.792000 rps sg-acc=8.000000 rps2

=human= stepgen sg-cmd-pos=1.000000 rev sg-fb-pos=0.039204 rev sg-vel=0.792000 rps sg-acc=8.000000 rps2

[INFO] hw.pins: Pin step.fb set to 0.040000000000000036 (was 0.03920400000000004)
Pin step.fb set to 0.040000000000000036 (was 0.03920400000000004)
[INFO] hw.stepgen: =human= stepgen sg-cmd-pos=1.000000 rev sg-fb-pos=0.040000 rev sg-vel=0.800000 rps sg-acc=8.000000 rps2

=human= stepgen sg-cmd-pos=1.000000 rev sg-fb-pos=0.040000 rev sg-vel=0.800000 rps sg-acc=8.000000 rps2

[INFO] hw.pins: Pin step.fb set to 0.040804000000000035 (was 0.040000000000000036)
Pin step.fb set to 0.040804000000000035 (was 0.040000000000000036)
[INFO] hw.stepgen: =human= stepgen sg-cmd-pos=1.000000 rev sg-fb-pos=0.040804 rev sg-vel=0.808000 rps sg-acc=8.000000 rps2

=human= stepgen sg-cmd-pos=1.000000 rev sg-fb-pos=0.040804 rev sg-vel=0.808000 rps sg-acc=8.000000 rps2

[INFO] hw.pins: Pin step.fb set to 0.041616000000000035 (was 0.040804000000000035)
Pin step.fb set to 0.041616000000000035 (was 0.040804000000000035)
[INFO] hw.stepgen: =human= stepgen sg-cmd-pos=1.000000 rev sg-fb-pos=0.041616 rev sg-vel=0.816000 rps sg-acc=8.000000 rps2

=human= stepgen sg-cmd-pos=1.000000 rev sg-fb-pos=0.041616 rev sg-vel=0.816000 rps sg-acc=8.000000 rps2

[INFO] hw.pins: Pin step.fb set to 0.042436000000000036 (was 0.041616000000000035)
Pin step.fb set to 0.042436000000000036 (was 0.041616000000000035)
[INFO] hw.stepgen: =human= stepgen sg-cmd-pos=1.000000 rev sg-fb-pos=0.042436 rev sg-vel=0.824000 rps sg-acc=8.000000 rps2

=human= stepgen sg-cmd-pos=1.000000 rev sg-fb-pos=0.042436 rev sg-vel=0.824000 rps sg-acc=8.000000 rps2

[INFO] hw.pins: Pin step.fb set to 0.04326400000000004 (was 0.042436000000000036)
Pin step.fb set to 0.04326400000000004 (was 0.042436000000000036)
[INFO] hw.stepgen: =human= stepgen sg-cmd-pos=1.000000 rev sg-fb-pos=0.043264 rev sg-vel=0.832000 rps sg-acc=8.000000 rps2

=human= stepgen sg-cmd-pos=1.000000 rev sg-fb-pos=0.043264 rev sg-vel=0.832000 rps sg-acc=8.000000 rps2

[INFO] hw.pins: Pin step.fb set to 0.04410000000000004 (was 0.04326400000000004)
Pin step.fb set to 0.04410000000000004 (was 0.04326400000000004)
[INFO] hw.stepgen: =human= stepgen sg-cmd-pos=1.000000 rev sg-fb-pos=0.044100 rev sg-vel=0.840000 rps sg-acc=8.000000 rps2

=human= stepgen sg-cmd-pos=1.000000 rev sg-fb-pos=0.044100 rev sg-vel=0.840000 rps sg-acc=8.000000 rps2

[INFO] hw.pins: Pin step.fb set to 0.04494400000000004 (was 0.04410000000000004)
Pin step.fb set to 0.04494400000000004 (was 0.04410000000000004)
[INFO] hw.stepgen: =human= stepgen sg-cmd-pos=1.000000 rev sg-fb-pos=0.044944 rev sg-vel=0.848000 rps sg-acc=8.000000 rps2

=human= stepgen sg-cmd-pos=1.000000 rev sg-fb-pos=0.044944 rev sg-vel=0.848000 rps sg-acc=8.000000 rps2

[INFO] hw.pins: Pin step.fb set to 0.04579600000000004 (was 0.04494400000000004)
Pin step.fb set to 0.04579600000000004 (was 0.04494400000000004)
[INFO] hw.stepgen: =human= stepgen sg-cmd-pos=1.000000 rev sg-fb-pos=0.045796 rev sg-vel=0.856000 rps sg-acc=8.000000 rps2

=human= stepgen sg-cmd-pos=1.000000 rev sg-fb-pos=0.045796 rev sg-vel=0.856000 rps sg-acc=8.000000 rps2

[INFO] hw.pins: Pin step.fb set to 0.04665600000000004 (was 0.04579600000000004)
Pin step.fb set to 0.04665600000000004 (was 0.04579600000000004)
[INFO] hw.stepgen: =human= stepgen sg-cmd-pos=1.000000 rev sg-fb-pos=0.046656 rev sg-vel=0.864000 rps sg-acc=8.000000 rps2

=human= stepgen sg-cmd-pos=1.000000 rev sg-fb-pos=0.046656 rev sg-vel=0.864000 rps sg-acc=8.000000 rps2

[INFO] hw.pins: Pin step.fb set to 0.04752400000000004 (was 0.04665600000000004)
Pin step.fb set to 0.04752400000000004 (was 0.04665600000000004)
[INFO] hw.stepgen: =human= stepgen sg-cmd-pos=1.000000 rev sg-fb-pos=0.047524 rev sg-vel=0.872000 rps sg-acc=8.000000 rps2

=human= stepgen sg-cmd-pos=1.000000 rev sg-fb-pos=0.047524 rev sg-vel=0.872000 rps sg-acc=8.000000 rps2

[INFO] hw.pins: Pin step.fb set to 0.04840000000000004 (was 0.04752400000000004)
Pin step.fb set to 0.04840000000000004 (was 0.04752400000000004)
[INFO] hw.stepgen: =human= stepgen sg-cmd-pos=1.000000 rev sg-fb-pos=0.048400 rev sg-vel=0.880000 rps sg-acc=8.000000 rps2

=human= stepgen sg-cmd-pos=1.000000 rev sg-fb-pos=0.048400 rev sg-vel=0.880000 rps sg-acc=8.000000 rps2

[INFO] hw.pins: Pin step.fb set to 0.04928400000000004 (was 0.04840000000000004)
Pin step.fb set to 0.04928400000000004 (was 0.04840000000000004)
[INFO] hw.stepgen: =human= stepgen sg-cmd-pos=1.000000 rev sg-fb-pos=0.049284 rev sg-vel=0.888000 rps sg-acc=8.000000 rps2

=human= stepgen sg-cmd-pos=1.000000 rev sg-fb-pos=0.049284 rev sg-vel=0.888000 rps sg-acc=8.000000 rps2

[INFO] hw.pins: Pin step.fb set to 0.05017600000000005 (was 0.04928400000000004)
Pin step.fb set to 0.05017600000000005 (was 0.04928400000000004)
[INFO] hw.stepgen: =human= stepgen sg-cmd-pos=1.000000 rev sg-fb-pos=0.050176 rev sg-vel=0.896000 rps sg-acc=8.000000 rps2

=human= stepgen sg-cmd-pos=1.000000 rev sg-fb-pos=0.050176 rev sg-vel=0.896000 rps sg-acc=8.000000 rps2

[INFO] hw.pins: Pin step.fb set to 0.051076000000000045 (was 0.05017600000000005)
Pin step.fb set to 0.051076000000000045 (was 0.05017600000000005)
[INFO] hw.stepgen: =human= stepgen sg-cmd-pos=1.000000 rev sg-fb-pos=0.051076 rev sg-vel=0.904000 rps sg-acc=8.000000 rps2

=human= stepgen sg-cmd-pos=1.000000 rev sg-fb-pos=0.051076 rev sg-vel=0.904000 rps sg-acc=8.000000 rps2

[INFO] hw.pins: Pin step.fb set to 0.051984000000000044 (was 0.051076000000000045)
Pin step.fb set to 0.051984000000000044 (was 0.051076000000000045)
[INFO] hw.stepgen: =human= stepgen sg-cmd-pos=1.000000 rev sg-fb-pos=0.051984 rev sg-vel=0.912000 rps sg-acc=8.000000 rps2

=human= stepgen sg-cmd-pos=1.000000 rev sg-fb-pos=0.051984 rev sg-vel=0.912000 rps sg-acc=8.000000 rps2

[INFO] hw.pins: Pin step.fb set to 0.052900000000000044 (was 0.051984000000000044)
Pin step.fb set to 0.052900000000000044 (was 0.051984000000000044)
[INFO] hw.stepgen: =human= stepgen sg-cmd-pos=1.000000 rev sg-fb-pos=0.052900 rev sg-vel=0.920000 rps sg-acc=8.000000 rps2

=human= stepgen sg-cmd-pos=1.000000 rev sg-fb-pos=0.052900 rev sg-vel=0.920000 rps sg-acc=8.000000 rps2

[INFO] hw.pins: Pin step.fb set to 0.053824000000000045 (was 0.052900000000000044)
Pin step.fb set to 0.053824000000000045 (was 0.052900000000000044)
[INFO] hw.stepgen: =human= stepgen sg-cmd-pos=1.000000 rev sg-fb-pos=0.053824 rev sg-vel=0.928000 rps sg-acc=8.000000 rps2

=human= stepgen sg-cmd-pos=1.000000 rev sg-fb-pos=0.053824 rev sg-vel=0.928000 rps sg-acc=8.000000 rps2

[INFO] hw.pins: Pin step.fb set to 0.05475600000000005 (was 0.053824000000000045)
Pin step.fb set to 0.05475600000000005 (was 0.053824000000000045)
[INFO] hw.stepgen: =human= stepgen sg-cmd-pos=1.000000 rev sg-fb-pos=0.054756 rev sg-vel=0.936000 rps sg-acc=8.000000 rps2

=human= stepgen sg-cmd-pos=1.000000 rev sg-fb-pos=0.054756 rev sg-vel=0.936000 rps sg-acc=8.000000 rps2

[INFO] hw.pins: Pin step.fb set to 0.05569600000000005 (was 0.05475600000000005)
Pin step.fb set to 0.05569600000000005 (was 0.05475600000000005)
[INFO] hw.stepgen: =human= stepgen sg-cmd-pos=1.000000 rev sg-fb-pos=0.055696 rev sg-vel=0.944000 rps sg-acc=8.000000 rps2

=human= stepgen sg-cmd-pos=1.000000 rev sg-fb-pos=0.055696 rev sg-vel=0.944000 rps sg-acc=8.000000 rps2

[INFO] hw.pins: Pin step.fb set to 0.05664400000000005 (was 0.05569600000000005)
Pin step.fb set to 0.05664400000000005 (was 0.05569600000000005)
[INFO] hw.stepgen: =human= stepgen sg-cmd-pos=1.000000 rev sg-fb-pos=0.056644 rev sg-vel=0.952000 rps sg-acc=8.000000 rps2

=human= stepgen sg-cmd-pos=1.000000 rev sg-fb-pos=0.056644 rev sg-vel=0.952000 rps sg-acc=8.000000 rps2

[INFO] hw.pins: Pin step.fb set to 0.05760000000000005 (was 0.05664400000000005)
Pin step.fb set to 0.05760000000000005 (was 0.05664400000000005)
[INFO] hw.stepgen: =human= stepgen sg-cmd-pos=1.000000 rev sg-fb-pos=0.057600 rev sg-vel=0.960000 rps sg-acc=8.000000 rps2

=human= stepgen sg-cmd-pos=1.000000 rev sg-fb-pos=0.057600 rev sg-vel=0.960000 rps sg-acc=8.000000 rps2

[INFO] hw.pins: Pin step.fb set to 0.05856400000000005 (was 0.05760000000000005)
Pin step.fb set to 0.05856400000000005 (was 0.05760000000000005)
[INFO] hw.stepgen: =human= stepgen sg-cmd-pos=1.000000 rev sg-fb-pos=0.058564 rev sg-vel=0.968000 rps sg-acc=8.000000 rps2

=human= stepgen sg-cmd-pos=1.000000 rev sg-fb-pos=0.058564 rev sg-vel=0.968000 rps sg-acc=8.000000 rps2

[INFO] hw.pins: Pin step.fb set to 0.05953600000000005 (was 0.05856400000000005)
Pin step.fb set to 0.05953600000000005 (was 0.05856400000000005)
[INFO] hw.stepgen: =human= stepgen sg-cmd-pos=1.000000 rev sg-fb-pos=0.059536 rev sg-vel=0.976000 rps sg-acc=8.000000 rps2

=human= stepgen sg-cmd-pos=1.000000 rev sg-fb-pos=0.059536 rev sg-vel=0.976000 rps sg-acc=8.000000 rps2

[INFO] hw.pins: Pin step.fb set to 0.06051600000000005 (was 0.05953600000000005)
Pin step.fb set to 0.06051600000000005 (was 0.05953600000000005)
[INFO] hw.stepgen: =human= stepgen sg-cmd-pos=1.000000 rev sg-fb-pos=0.060516 rev sg-vel=0.984000 rps sg-acc=8.000000 rps2

=human= stepgen sg-cmd-pos=1.000000 rev sg-fb-pos=0.060516 rev sg-vel=0.984000 rps sg-acc=8.000000 rps2

[INFO] hw.pins: Pin step.fb set to 0.06150400000000005 (was 0.06051600000000005)
Pin step.fb set to 0.06150400000000005 (was 0.06051600000000005)
[INFO] hw.stepgen: =human= stepgen sg-cmd-pos=1.000000 rev sg-fb-pos=0.061504 rev sg-vel=0.992000 rps sg-acc=8.000000 rps2

=human= stepgen sg-cmd-pos=1.000000 rev sg-fb-pos=0.061504 rev sg-vel=0.992000 rps sg-acc=8.000000 rps2

[INFO] hw.pins: Pin step.fb set to 0.06250000000000006 (was 0.06150400000000005)
Pin step.fb set to 0.06250000000000006 (was 0.06150400000000005)
[INFO] hw.stepgen: =human= stepgen sg-cmd-pos=1.000000 rev sg-fb-pos=0.062500 rev sg-vel=1.000000 rps sg-acc=8.000000 rps2

=human= stepgen sg-cmd-pos=1.000000 rev sg-fb-pos=0.062500 rev sg-vel=1.000000 rps sg-acc=8.000000 rps2

[INFO] hw.pins: Pin step.fb set to 0.06350400000000006 (was 0.06250000000000006)
Pin step.fb set to 0.06350400000000006 (was 0.06250000000000006)
[INFO] hw.stepgen: =human= stepgen sg-cmd-pos=1.000000 rev sg-fb-pos=0.063504 rev sg-vel=1.008000 rps sg-acc=8.000000 rps2

=human= stepgen sg-cmd-pos=1.000000 rev sg-fb-pos=0.063504 rev sg-vel=1.008000 rps sg-acc=8.000000 rps2

[INFO] hw.pins: Pin step.fb set to 0.06451600000000006 (was 0.06350400000000006)
Pin step.fb set to 0.06451600000000006 (was 0.06350400000000006)
[INFO] hw.stepgen: =human= stepgen sg-cmd-pos=1.000000 rev sg-fb-pos=0.064516 rev sg-vel=1.016000 rps sg-acc=8.000000 rps2

=human= stepgen sg-cmd-pos=1.000000 rev sg-fb-pos=0.064516 rev sg-vel=1.016000 rps sg-acc=8.000000 rps2

[INFO] hw.pins: Pin step.fb set to 0.06553600000000007 (was 0.06451600000000006)
Pin step.fb set to 0.06553600000000007 (was 0.06451600000000006)
[INFO] hw.stepgen: =human= stepgen sg-cmd-pos=1.000000 rev sg-fb-pos=0.065536 rev sg-vel=1.024000 rps sg-acc=8.000000 rps2

=human= stepgen sg-cmd-pos=1.000000 rev sg-fb-pos=0.065536 rev sg-vel=1.024000 rps sg-acc=8.000000 rps2

[INFO] hw.pins: Pin step.fb set to 0.06656400000000007 (was 0.06553600000000007)
Pin step.fb set to 0.06656400000000007 (was 0.06553600000000007)
[INFO] hw.stepgen: =human= stepgen sg-cmd-pos=1.000000 rev sg-fb-pos=0.066564 rev sg-vel=1.032000 rps sg-acc=8.000000 rps2

=human= stepgen sg-cmd-pos=1.000000 rev sg-fb-pos=0.066564 rev sg-vel=1.032000 rps sg-acc=8.000000 rps2

[INFO] hw.pins: Pin step.fb set to 0.06760000000000006 (was 0.06656400000000007)
Pin step.fb set to 0.06760000000000006 (was 0.06656400000000007)
[INFO] hw.stepgen: =human= stepgen sg-cmd-pos=1.000000 rev sg-fb-pos=0.067600 rev sg-vel=1.040000 rps sg-acc=8.000000 rps2

=human= stepgen sg-cmd-pos=1.000000 rev sg-fb-pos=0.067600 rev sg-vel=1.040000 rps sg-acc=8.000000 rps2

[INFO] hw.pins: Pin step.fb set to 0.06864400000000007 (was 0.06760000000000006)
Pin step.fb set to 0.06864400000000007 (was 0.06760000000000006)
[INFO] hw.stepgen: =human= stepgen sg-cmd-pos=1.000000 rev sg-fb-pos=0.068644 rev sg-vel=1.048000 rps sg-acc=8.000000 rps2

=human= stepgen sg-cmd-pos=1.000000 rev sg-fb-pos=0.068644 rev sg-vel=1.048000 rps sg-acc=8.000000 rps2

[INFO] hw.pins: Pin step.fb set to 0.06969600000000006 (was 0.06864400000000007)
Pin step.fb set to 0.06969600000000006 (was 0.06864400000000007)
[INFO] hw.stepgen: =human= stepgen sg-cmd-pos=1.000000 rev sg-fb-pos=0.069696 rev sg-vel=1.056000 rps sg-acc=8.000000 rps2

=human= stepgen sg-cmd-pos=1.000000 rev sg-fb-pos=0.069696 rev sg-vel=1.056000 rps sg-acc=8.000000 rps2

[INFO] hw.pins: Pin step.fb set to 0.07075600000000007 (was 0.06969600000000006)
Pin step.fb set to 0.07075600000000007 (was 0.06969600000000006)
[INFO] hw.stepgen: =human= stepgen sg-cmd-pos=1.000000 rev sg-fb-pos=0.070756 rev sg-vel=1.064000 rps sg-acc=8.000000 rps2

=human= stepgen sg-cmd-pos=1.000000 rev sg-fb-pos=0.070756 rev sg-vel=1.064000 rps sg-acc=8.000000 rps2

[INFO] hw.pins: Pin step.fb set to 0.07182400000000007 (was 0.07075600000000007)
Pin step.fb set to 0.07182400000000007 (was 0.07075600000000007)
[INFO] hw.stepgen: =human= stepgen sg-cmd-pos=1.000000 rev sg-fb-pos=0.071824 rev sg-vel=1.072000 rps sg-acc=8.000000 rps2

=human= stepgen sg-cmd-pos=1.000000 rev sg-fb-pos=0.071824 rev sg-vel=1.072000 rps sg-acc=8.000000 rps2

[INFO] hw.pins: Pin step.fb set to 0.07290000000000008 (was 0.07182400000000007)
Pin step.fb set to 0.07290000000000008 (was 0.07182400000000007)
[INFO] hw.stepgen: =human= stepgen sg-cmd-pos=1.000000 rev sg-fb-pos=0.072900 rev sg-vel=1.080000 rps sg-acc=8.000000 rps2

=human= stepgen sg-cmd-pos=1.000000 rev sg-fb-pos=0.072900 rev sg-vel=1.080000 rps sg-acc=8.000000 rps2

[INFO] hw.pins: Pin step.fb set to 0.07398400000000008 (was 0.07290000000000008)
Pin step.fb set to 0.07398400000000008 (was 0.07290000000000008)
[INFO] hw.stepgen: =human= stepgen sg-cmd-pos=1.000000 rev sg-fb-pos=0.073984 rev sg-vel=1.088000 rps sg-acc=8.000000 rps2

=human= stepgen sg-cmd-pos=1.000000 rev sg-fb-pos=0.073984 rev sg-vel=1.088000 rps sg-acc=8.000000 rps2

[INFO] hw.pins: Pin step.fb set to 0.07507600000000007 (was 0.07398400000000008)
Pin step.fb set to 0.07507600000000007 (was 0.07398400000000008)
[INFO] hw.stepgen: =human= stepgen sg-cmd-pos=1.000000 rev sg-fb-pos=0.075076 rev sg-vel=1.096000 rps sg-acc=8.000000 rps2

=human= stepgen sg-cmd-pos=1.000000 rev sg-fb-pos=0.075076 rev sg-vel=1.096000 rps sg-acc=8.000000 rps2

[INFO] hw.pins: Pin step.fb set to 0.07617600000000008 (was 0.07507600000000007)
Pin step.fb set to 0.07617600000000008 (was 0.07507600000000007)
[INFO] hw.stepgen: =human= stepgen sg-cmd-pos=1.000000 rev sg-fb-pos=0.076176 rev sg-vel=1.104000 rps sg-acc=8.000000 rps2

=human= stepgen sg-cmd-pos=1.000000 rev sg-fb-pos=0.076176 rev sg-vel=1.104000 rps sg-acc=8.000000 rps2

[INFO] hw.pins: Pin step.fb set to 0.07728400000000007 (was 0.07617600000000008)
Pin step.fb set to 0.07728400000000007 (was 0.07617600000000008)
[INFO] hw.stepgen: =human= stepgen sg-cmd-pos=1.000000 rev sg-fb-pos=0.077284 rev sg-vel=1.112000 rps sg-acc=8.000000 rps2

=human= stepgen sg-cmd-pos=1.000000 rev sg-fb-pos=0.077284 rev sg-vel=1.112000 rps sg-acc=8.000000 rps2

[INFO] hw.pins: Pin step.fb set to 0.07840000000000008 (was 0.07728400000000007)
Pin step.fb set to 0.07840000000000008 (was 0.07728400000000007)
[INFO] hw.stepgen: =human= stepgen sg-cmd-pos=1.000000 rev sg-fb-pos=0.078400 rev sg-vel=1.120000 rps sg-acc=8.000000 rps2

=human= stepgen sg-cmd-pos=1.000000 rev sg-fb-pos=0.078400 rev sg-vel=1.120000 rps sg-acc=8.000000 rps2

[INFO] hw.pins: Pin step.fb set to 0.07952400000000008 (was 0.07840000000000008)
Pin step.fb set to 0.07952400000000008 (was 0.07840000000000008)
[INFO] hw.stepgen: =human= stepgen sg-cmd-pos=1.000000 rev sg-fb-pos=0.079524 rev sg-vel=1.128000 rps sg-acc=8.000000 rps2

=human= stepgen sg-cmd-pos=1.000000 rev sg-fb-pos=0.079524 rev sg-vel=1.128000 rps sg-acc=8.000000 rps2

[INFO] hw.pins: Pin step.fb set to 0.08065600000000007 (was 0.07952400000000008)
Pin step.fb set to 0.08065600000000007 (was 0.07952400000000008)
[INFO] hw.stepgen: =human= stepgen sg-cmd-pos=1.000000 rev sg-fb-pos=0.080656 rev sg-vel=1.136000 rps sg-acc=8.000000 rps2

=human= stepgen sg-cmd-pos=1.000000 rev sg-fb-pos=0.080656 rev sg-vel=1.136000 rps sg-acc=8.000000 rps2

[INFO] hw.pins: Pin step.fb set to 0.08179600000000008 (was 0.08065600000000007)
Pin step.fb set to 0.08179600000000008 (was 0.08065600000000007)
[INFO] hw.stepgen: =human= stepgen sg-cmd-pos=1.000000 rev sg-fb-pos=0.081796 rev sg-vel=1.144000 rps sg-acc=8.000000 rps2

=human= stepgen sg-cmd-pos=1.000000 rev sg-fb-pos=0.081796 rev sg-vel=1.144000 rps sg-acc=8.000000 rps2

[INFO] hw.pins: Pin step.fb set to 0.08294400000000007 (was 0.08179600000000008)
Pin step.fb set to 0.08294400000000007 (was 0.08179600000000008)
[INFO] hw.stepgen: =human= stepgen sg-cmd-pos=1.000000 rev sg-fb-pos=0.082944 rev sg-vel=1.152000 rps sg-acc=8.000000 rps2

=human= stepgen sg-cmd-pos=1.000000 rev sg-fb-pos=0.082944 rev sg-vel=1.152000 rps sg-acc=8.000000 rps2

[INFO] hw.pins: Pin step.fb set to 0.08410000000000008 (was 0.08294400000000007)
Pin step.fb set to 0.08410000000000008 (was 0.08294400000000007)
[INFO] hw.stepgen: =human= stepgen sg-cmd-pos=1.000000 rev sg-fb-pos=0.084100 rev sg-vel=1.160000 rps sg-acc=8.000000 rps2

=human= stepgen sg-cmd-pos=1.000000 rev sg-fb-pos=0.084100 rev sg-vel=1.160000 rps sg-acc=8.000000 rps2

[INFO] hw.pins: Pin step.fb set to 0.08526400000000008 (was 0.08410000000000008)
Pin step.fb set to 0.08526400000000008 (was 0.08410000000000008)
[INFO] hw.stepgen: =human= stepgen sg-cmd-pos=1.000000 rev sg-fb-pos=0.085264 rev sg-vel=1.168000 rps sg-acc=8.000000 rps2

=human= stepgen sg-cmd-pos=1.000000 rev sg-fb-pos=0.085264 rev sg-vel=1.168000 rps sg-acc=8.000000 rps2

[INFO] hw.pins: Pin step.fb set to 0.08643600000000008 (was 0.08526400000000008)
Pin step.fb set to 0.08643600000000008 (was 0.08526400000000008)
[INFO] hw.stepgen: =human= stepgen sg-cmd-pos=1.000000 rev sg-fb-pos=0.086436 rev sg-vel=1.176000 rps sg-acc=8.000000 rps2

=human= stepgen sg-cmd-pos=1.000000 rev sg-fb-pos=0.086436 rev sg-vel=1.176000 rps sg-acc=8.000000 rps2

[INFO] hw.pins: Pin step.fb set to 0.08761600000000008 (was 0.08643600000000008)
Pin step.fb set to 0.08761600000000008 (was 0.08643600000000008)
[INFO] hw.stepgen: =human= stepgen sg-cmd-pos=1.000000 rev sg-fb-pos=0.087616 rev sg-vel=1.184000 rps sg-acc=8.000000 rps2

=human= stepgen sg-cmd-pos=1.000000 rev sg-fb-pos=0.087616 rev sg-vel=1.184000 rps sg-acc=8.000000 rps2

[INFO] hw.pins: Pin step.fb set to 0.08880400000000008 (was 0.08761600000000008)
Pin step.fb set to 0.08880400000000008 (was 0.08761600000000008)
[INFO] hw.stepgen: =human= stepgen sg-cmd-pos=1.000000 rev sg-fb-pos=0.088804 rev sg-vel=1.192000 rps sg-acc=8.000000 rps2

=human= stepgen sg-cmd-pos=1.000000 rev sg-fb-pos=0.088804 rev sg-vel=1.192000 rps sg-acc=8.000000 rps2

[INFO] hw.pins: Pin step.fb set to 0.09000000000000008 (was 0.08880400000000008)
Pin step.fb set to 0.09000000000000008 (was 0.08880400000000008)
[INFO] hw.stepgen: =human= stepgen sg-cmd-pos=1.000000 rev sg-fb-pos=0.090000 rev sg-vel=1.200000 rps sg-acc=8.000000 rps2

=human= stepgen sg-cmd-pos=1.000000 rev sg-fb-pos=0.090000 rev sg-vel=1.200000 rps sg-acc=8.000000 rps2

[INFO] hw.pins: Pin step.fb set to 0.09120400000000008 (was 0.09000000000000008)
Pin step.fb set to 0.09120400000000008 (was 0.09000000000000008)
[INFO] hw.stepgen: =human= stepgen sg-cmd-pos=1.000000 rev sg-fb-pos=0.091204 rev sg-vel=1.208000 rps sg-acc=8.000000 rps2

=human= stepgen sg-cmd-pos=1.000000 rev sg-fb-pos=0.091204 rev sg-vel=1.208000 rps sg-acc=8.000000 rps2

[INFO] hw.pins: Pin step.fb set to 0.09241600000000008 (was 0.09120400000000008)
Pin step.fb set to 0.09241600000000008 (was 0.09120400000000008)
[INFO] hw.stepgen: =human= stepgen sg-cmd-pos=1.000000 rev sg-fb-pos=0.092416 rev sg-vel=1.216000 rps sg-acc=8.000000 rps2

=human= stepgen sg-cmd-pos=1.000000 rev sg-fb-pos=0.092416 rev sg-vel=1.216000 rps sg-acc=8.000000 rps2

[INFO] hw.pins: Pin step.fb set to 0.09363600000000008 (was 0.09241600000000008)
Pin step.fb set to 0.09363600000000008 (was 0.09241600000000008)
[INFO] hw.stepgen: =human= stepgen sg-cmd-pos=1.000000 rev sg-fb-pos=0.093636 rev sg-vel=1.224000 rps sg-acc=8.000000 rps2

=human= stepgen sg-cmd-pos=1.000000 rev sg-fb-pos=0.093636 rev sg-vel=1.224000 rps sg-acc=8.000000 rps2

[INFO] hw.pins: Pin step.fb set to 0.09486400000000009 (was 0.09363600000000008)
Pin step.fb set to 0.09486400000000009 (was 0.09363600000000008)
[INFO] hw.stepgen: =human= stepgen sg-cmd-pos=1.000000 rev sg-fb-pos=0.094864 rev sg-vel=1.232000 rps sg-acc=8.000000 rps2

=human= stepgen sg-cmd-pos=1.000000 rev sg-fb-pos=0.094864 rev sg-vel=1.232000 rps sg-acc=8.000000 rps2

[INFO] hw.pins: Pin step.fb set to 0.09610000000000009 (was 0.09486400000000009)
Pin step.fb set to 0.09610000000000009 (was 0.09486400000000009)
[INFO] hw.stepgen: =human= stepgen sg-cmd-pos=1.000000 rev sg-fb-pos=0.096100 rev sg-vel=1.240000 rps sg-acc=8.000000 rps2

=human= stepgen sg-cmd-pos=1.000000 rev sg-fb-pos=0.096100 rev sg-vel=1.240000 rps sg-acc=8.000000 rps2

[INFO] hw.pins: Pin step.fb set to 0.09734400000000008 (was 0.09610000000000009)
Pin step.fb set to 0.09734400000000008 (was 0.09610000000000009)
[INFO] hw.stepgen: =human= stepgen sg-cmd-pos=1.000000 rev sg-fb-pos=0.097344 rev sg-vel=1.248000 rps sg-acc=8.000000 rps2

=human= stepgen sg-cmd-pos=1.000000 rev sg-fb-pos=0.097344 rev sg-vel=1.248000 rps sg-acc=8.000000 rps2

[INFO] hw.pins: Pin step.fb set to 0.09859600000000009 (was 0.09734400000000008)
Pin step.fb set to 0.09859600000000009 (was 0.09734400000000008)
[INFO] hw.stepgen: =human= stepgen sg-cmd-pos=1.000000 rev sg-fb-pos=0.098596 rev sg-vel=1.256000 rps sg-acc=8.000000 rps2

=human= stepgen sg-cmd-pos=1.000000 rev sg-fb-pos=0.098596 rev sg-vel=1.256000 rps sg-acc=8.000000 rps2

[INFO] hw.pins: Pin step.fb set to 0.09985600000000008 (was 0.09859600000000009)
Pin step.fb set to 0.09985600000000008 (was 0.09859600000000009)
[INFO] hw.stepgen: =human= stepgen sg-cmd-pos=1.000000 rev sg-fb-pos=0.099856 rev sg-vel=1.264000 rps sg-acc=8.000000 rps2

=human= stepgen sg-cmd-pos=1.000000 rev sg-fb-pos=0.099856 rev sg-vel=1.264000 rps sg-acc=8.000000 rps2

[INFO] hw.pins: Pin step.fb set to 0.10112400000000009 (was 0.09985600000000008)
Pin step.fb set to 0.10112400000000009 (was 0.09985600000000008)
[INFO] hw.stepgen: =human= stepgen sg-cmd-pos=1.000000 rev sg-fb-pos=0.101124 rev sg-vel=1.272000 rps sg-acc=8.000000 rps2

=human= stepgen sg-cmd-pos=1.000000 rev sg-fb-pos=0.101124 rev sg-vel=1.272000 rps sg-acc=8.000000 rps2

[INFO] hw.pins: Pin step.fb set to 0.10240000000000009 (was 0.10112400000000009)
Pin step.fb set to 0.10240000000000009 (was 0.10112400000000009)
[INFO] hw.stepgen: =human= stepgen sg-cmd-pos=1.000000 rev sg-fb-pos=0.102400 rev sg-vel=1.280000 rps sg-acc=8.000000 rps2

=human= stepgen sg-cmd-pos=1.000000 rev sg-fb-pos=0.102400 rev sg-vel=1.280000 rps sg-acc=8.000000 rps2

[INFO] hw.pins: Pin step.fb set to 0.1036840000000001 (was 0.10240000000000009)
Pin step.fb set to 0.1036840000000001 (was 0.10240000000000009)
[INFO] hw.stepgen: =human= stepgen sg-cmd-pos=1.000000 rev sg-fb-pos=0.103684 rev sg-vel=1.288000 rps sg-acc=8.000000 rps2

=human= stepgen sg-cmd-pos=1.000000 rev sg-fb-pos=0.103684 rev sg-vel=1.288000 rps sg-acc=8.000000 rps2

[INFO] hw.pins: Pin step.fb set to 0.1049760000000001 (was 0.1036840000000001)
Pin step.fb set to 0.1049760000000001 (was 0.1036840000000001)
[INFO] hw.stepgen: =human= stepgen sg-cmd-pos=1.000000 rev sg-fb-pos=0.104976 rev sg-vel=1.296000 rps sg-acc=8.000000 rps2

=human= stepgen sg-cmd-pos=1.000000 rev sg-fb-pos=0.104976 rev sg-vel=1.296000 rps sg-acc=8.000000 rps2

[INFO] hw.pins: Pin step.fb set to 0.10627600000000009 (was 0.1049760000000001)
Pin step.fb set to 0.10627600000000009 (was 0.1049760000000001)
[INFO] hw.stepgen: =human= stepgen sg-cmd-pos=1.000000 rev sg-fb-pos=0.106276 rev sg-vel=1.304000 rps sg-acc=8.000000 rps2

=human= stepgen sg-cmd-pos=1.000000 rev sg-fb-pos=0.106276 rev sg-vel=1.304000 rps sg-acc=8.000000 rps2

[INFO] hw.pins: Pin step.fb set to 0.1075840000000001 (was 0.10627600000000009)
Pin step.fb set to 0.1075840000000001 (was 0.10627600000000009)
[INFO] hw.stepgen: =human= stepgen sg-cmd-pos=1.000000 rev sg-fb-pos=0.107584 rev sg-vel=1.312000 rps sg-acc=8.000000 rps2

=human= stepgen sg-cmd-pos=1.000000 rev sg-fb-pos=0.107584 rev sg-vel=1.312000 rps sg-acc=8.000000 rps2

[INFO] hw.pins: Pin step.fb set to 0.1089000000000001 (was 0.1075840000000001)
Pin step.fb set to 0.1089000000000001 (was 0.1075840000000001)
[INFO] hw.stepgen: =human= stepgen sg-cmd-pos=1.000000 rev sg-fb-pos=0.108900 rev sg-vel=1.320000 rps sg-acc=8.000000 rps2

=human= stepgen sg-cmd-pos=1.000000 rev sg-fb-pos=0.108900 rev sg-vel=1.320000 rps sg-acc=8.000000 rps2

[INFO] hw.pins: Pin step.fb set to 0.1102240000000001 (was 0.1089000000000001)
Pin step.fb set to 0.1102240000000001 (was 0.1089000000000001)
[INFO] hw.stepgen: =human= stepgen sg-cmd-pos=1.000000 rev sg-fb-pos=0.110224 rev sg-vel=1.328000 rps sg-acc=8.000000 rps2

=human= stepgen sg-cmd-pos=1.000000 rev sg-fb-pos=0.110224 rev sg-vel=1.328000 rps sg-acc=8.000000 rps2

[INFO] hw.pins: Pin step.fb set to 0.1115560000000001 (was 0.1102240000000001)
Pin step.fb set to 0.1115560000000001 (was 0.1102240000000001)
[INFO] hw.stepgen: =human= stepgen sg-cmd-pos=1.000000 rev sg-fb-pos=0.111556 rev sg-vel=1.336000 rps sg-acc=8.000000 rps2

=human= stepgen sg-cmd-pos=1.000000 rev sg-fb-pos=0.111556 rev sg-vel=1.336000 rps sg-acc=8.000000 rps2

[INFO] hw.pins: Pin step.fb set to 0.11289600000000011 (was 0.1115560000000001)
Pin step.fb set to 0.11289600000000011 (was 0.1115560000000001)
[INFO] hw.stepgen: =human= stepgen sg-cmd-pos=1.000000 rev sg-fb-pos=0.112896 rev sg-vel=1.344000 rps sg-acc=8.000000 rps2

=human= stepgen sg-cmd-pos=1.000000 rev sg-fb-pos=0.112896 rev sg-vel=1.344000 rps sg-acc=8.000000 rps2

[INFO] hw.pins: Pin step.fb set to 0.11424400000000011 (was 0.11289600000000011)
Pin step.fb set to 0.11424400000000011 (was 0.11289600000000011)
[INFO] hw.stepgen: =human= stepgen sg-cmd-pos=1.000000 rev sg-fb-pos=0.114244 rev sg-vel=1.352000 rps sg-acc=8.000000 rps2

=human= stepgen sg-cmd-pos=1.000000 rev sg-fb-pos=0.114244 rev sg-vel=1.352000 rps sg-acc=8.000000 rps2

[INFO] hw.pins: Pin step.fb set to 0.1156000000000001 (was 0.11424400000000011)
Pin step.fb set to 0.1156000000000001 (was 0.11424400000000011)
[INFO] hw.stepgen: =human= stepgen sg-cmd-pos=1.000000 rev sg-fb-pos=0.115600 rev sg-vel=1.360000 rps sg-acc=8.000000 rps2

=human= stepgen sg-cmd-pos=1.000000 rev sg-fb-pos=0.115600 rev sg-vel=1.360000 rps sg-acc=8.000000 rps2

[INFO] hw.pins: Pin step.fb set to 0.11696400000000011 (was 0.1156000000000001)
Pin step.fb set to 0.11696400000000011 (was 0.1156000000000001)
[INFO] hw.stepgen: =human= stepgen sg-cmd-pos=1.000000 rev sg-fb-pos=0.116964 rev sg-vel=1.368000 rps sg-acc=8.000000 rps2

=human= stepgen sg-cmd-pos=1.000000 rev sg-fb-pos=0.116964 rev sg-vel=1.368000 rps sg-acc=8.000000 rps2

[INFO] hw.pins: Pin step.fb set to 0.11833600000000011 (was 0.11696400000000011)
Pin step.fb set to 0.11833600000000011 (was 0.11696400000000011)
[INFO] hw.stepgen: =human= stepgen sg-cmd-pos=1.000000 rev sg-fb-pos=0.118336 rev sg-vel=1.376000 rps sg-acc=8.000000 rps2

=human= stepgen sg-cmd-pos=1.000000 rev sg-fb-pos=0.118336 rev sg-vel=1.376000 rps sg-acc=8.000000 rps2

[INFO] hw.pins: Pin step.fb set to 0.11971600000000011 (was 0.11833600000000011)
Pin step.fb set to 0.11971600000000011 (was 0.11833600000000011)
[INFO] hw.stepgen: =human= stepgen sg-cmd-pos=1.000000 rev sg-fb-pos=0.119716 rev sg-vel=1.384000 rps sg-acc=8.000000 rps2

=human= stepgen sg-cmd-pos=1.000000 rev sg-fb-pos=0.119716 rev sg-vel=1.384000 rps sg-acc=8.000000 rps2

[INFO] hw.pins: Pin step.fb set to 0.12110400000000011 (was 0.11971600000000011)
Pin step.fb set to 0.12110400000000011 (was 0.11971600000000011)
[INFO] hw.stepgen: =human= stepgen sg-cmd-pos=1.000000 rev sg-fb-pos=0.121104 rev sg-vel=1.392000 rps sg-acc=8.000000 rps2

=human= stepgen sg-cmd-pos=1.000000 rev sg-fb-pos=0.121104 rev sg-vel=1.392000 rps sg-acc=8.000000 rps2

[INFO] hw.pins: Pin step.fb set to 0.12250000000000011 (was 0.12110400000000011)
Pin step.fb set to 0.12250000000000011 (was 0.12110400000000011)
[INFO] hw.stepgen: =human= stepgen sg-cmd-pos=1.000000 rev sg-fb-pos=0.122500 rev sg-vel=1.400000 rps sg-acc=8.000000 rps2

=human= stepgen sg-cmd-pos=1.000000 rev sg-fb-pos=0.122500 rev sg-vel=1.400000 rps sg-acc=8.000000 rps2

[INFO] hw.pins: Pin step.fb set to 0.12390400000000011 (was 0.12250000000000011)
Pin step.fb set to 0.12390400000000011 (was 0.12250000000000011)
[INFO] hw.stepgen: =human= stepgen sg-cmd-pos=1.000000 rev sg-fb-pos=0.123904 rev sg-vel=1.408000 rps sg-acc=8.000000 rps2

=human= stepgen sg-cmd-pos=1.000000 rev sg-fb-pos=0.123904 rev sg-vel=1.408000 rps sg-acc=8.000000 rps2

[INFO] hw.pins: Pin step.fb set to 0.12531600000000012 (was 0.12390400000000011)
Pin step.fb set to 0.12531600000000012 (was 0.12390400000000011)
[INFO] hw.stepgen: =human= stepgen sg-cmd-pos=1.000000 rev sg-fb-pos=0.125316 rev sg-vel=1.416000 rps sg-acc=8.000000 rps2

=human= stepgen sg-cmd-pos=1.000000 rev sg-fb-pos=0.125316 rev sg-vel=1.416000 rps sg-acc=8.000000 rps2

[INFO] hw.pins: Pin step.fb set to 0.12673600000000013 (was 0.12531600000000012)
Pin step.fb set to 0.12673600000000013 (was 0.12531600000000012)
[INFO] hw.stepgen: =human= stepgen sg-cmd-pos=1.000000 rev sg-fb-pos=0.126736 rev sg-vel=1.424000 rps sg-acc=8.000000 rps2

=human= stepgen sg-cmd-pos=1.000000 rev sg-fb-pos=0.126736 rev sg-vel=1.424000 rps sg-acc=8.000000 rps2

[INFO] hw.pins: Pin step.fb set to 0.12816400000000014 (was 0.12673600000000013)
Pin step.fb set to 0.12816400000000014 (was 0.12673600000000013)
[INFO] hw.stepgen: =human= stepgen sg-cmd-pos=1.000000 rev sg-fb-pos=0.128164 rev sg-vel=1.432000 rps sg-acc=8.000000 rps2

=human= stepgen sg-cmd-pos=1.000000 rev sg-fb-pos=0.128164 rev sg-vel=1.432000 rps sg-acc=8.000000 rps2

[INFO] hw.pins: Pin step.fb set to 0.12960000000000013 (was 0.12816400000000014)
Pin step.fb set to 0.12960000000000013 (was 0.12816400000000014)
[INFO] hw.stepgen: =human= stepgen sg-cmd-pos=1.000000 rev sg-fb-pos=0.129600 rev sg-vel=1.440000 rps sg-acc=8.000000 rps2

=human= stepgen sg-cmd-pos=1.000000 rev sg-fb-pos=0.129600 rev sg-vel=1.440000 rps sg-acc=8.000000 rps2

[INFO] hw.pins: Pin step.fb set to 0.13104400000000013 (was 0.12960000000000013)
Pin step.fb set to 0.13104400000000013 (was 0.12960000000000013)
[INFO] hw.stepgen: =human= stepgen sg-cmd-pos=1.000000 rev sg-fb-pos=0.131044 rev sg-vel=1.448000 rps sg-acc=8.000000 rps2

=human= stepgen sg-cmd-pos=1.000000 rev sg-fb-pos=0.131044 rev sg-vel=1.448000 rps sg-acc=8.000000 rps2

[INFO] hw.pins: Pin step.fb set to 0.13249600000000014 (was 0.13104400000000013)
Pin step.fb set to 0.13249600000000014 (was 0.13104400000000013)
[INFO] hw.stepgen: =human= stepgen sg-cmd-pos=1.000000 rev sg-fb-pos=0.132496 rev sg-vel=1.456000 rps sg-acc=8.000000 rps2

=human= stepgen sg-cmd-pos=1.000000 rev sg-fb-pos=0.132496 rev sg-vel=1.456000 rps sg-acc=8.000000 rps2

[INFO] hw.pins: Pin step.fb set to 0.13395600000000013 (was 0.13249600000000014)
Pin step.fb set to 0.13395600000000013 (was 0.13249600000000014)
[INFO] hw.stepgen: =human= stepgen sg-cmd-pos=1.000000 rev sg-fb-pos=0.133956 rev sg-vel=1.464000 rps sg-acc=8.000000 rps2

=human= stepgen sg-cmd-pos=1.000000 rev sg-fb-pos=0.133956 rev sg-vel=1.464000 rps sg-acc=8.000000 rps2

[INFO] hw.pins: Pin step.fb set to 0.13542400000000013 (was 0.13395600000000013)
Pin step.fb set to 0.13542400000000013 (was 0.13395600000000013)
[INFO] hw.stepgen: =human= stepgen sg-cmd-pos=1.000000 rev sg-fb-pos=0.135424 rev sg-vel=1.472000 rps sg-acc=8.000000 rps2

=human= stepgen sg-cmd-pos=1.000000 rev sg-fb-pos=0.135424 rev sg-vel=1.472000 rps sg-acc=8.000000 rps2

[INFO] hw.pins: Pin step.fb set to 0.13690000000000013 (was 0.13542400000000013)
Pin step.fb set to 0.13690000000000013 (was 0.13542400000000013)
[INFO] hw.stepgen: =human= stepgen sg-cmd-pos=1.000000 rev sg-fb-pos=0.136900 rev sg-vel=1.480000 rps sg-acc=8.000000 rps2

=human= stepgen sg-cmd-pos=1.000000 rev sg-fb-pos=0.136900 rev sg-vel=1.480000 rps sg-acc=8.000000 rps2

[INFO] hw.pins: Pin step.fb set to 0.13838400000000015 (was 0.13690000000000013)
Pin step.fb set to 0.13838400000000015 (was 0.13690000000000013)
[INFO] hw.stepgen: =human= stepgen sg-cmd-pos=1.000000 rev sg-fb-pos=0.138384 rev sg-vel=1.488000 rps sg-acc=8.000000 rps2

=human= stepgen sg-cmd-pos=1.000000 rev sg-fb-pos=0.138384 rev sg-vel=1.488000 rps sg-acc=8.000000 rps2

[INFO] hw.pins: Pin step.fb set to 0.13987600000000014 (was 0.13838400000000015)
Pin step.fb set to 0.13987600000000014 (was 0.13838400000000015)
[INFO] hw.stepgen: =human= stepgen sg-cmd-pos=1.000000 rev sg-fb-pos=0.139876 rev sg-vel=1.496000 rps sg-acc=8.000000 rps2

=human= stepgen sg-cmd-pos=1.000000 rev sg-fb-pos=0.139876 rev sg-vel=1.496000 rps sg-acc=8.000000 rps2

[INFO] hw.pins: Pin step.fb set to 0.14137600000000014 (was 0.13987600000000014)
Pin step.fb set to 0.14137600000000014 (was 0.13987600000000014)
[INFO] hw.stepgen: =human= stepgen sg-cmd-pos=1.000000 rev sg-fb-pos=0.141376 rev sg-vel=1.504000 rps sg-acc=8.000000 rps2

=human= stepgen sg-cmd-pos=1.000000 rev sg-fb-pos=0.141376 rev sg-vel=1.504000 rps sg-acc=8.000000 rps2

[INFO] hw.pins: Pin step.fb set to 0.14288400000000015 (was 0.14137600000000014)
Pin step.fb set to 0.14288400000000015 (was 0.14137600000000014)
[INFO] hw.stepgen: =human= stepgen sg-cmd-pos=1.000000 rev sg-fb-pos=0.142884 rev sg-vel=1.512000 rps sg-acc=8.000000 rps2

=human= stepgen sg-cmd-pos=1.000000 rev sg-fb-pos=0.142884 rev sg-vel=1.512000 rps sg-acc=8.000000 rps2

[INFO] hw.pins: Pin step.fb set to 0.14440000000000014 (was 0.14288400000000015)
Pin step.fb set to 0.14440000000000014 (was 0.14288400000000015)
[INFO] hw.stepgen: =human= stepgen sg-cmd-pos=1.000000 rev sg-fb-pos=0.144400 rev sg-vel=1.520000 rps sg-acc=8.000000 rps2

=human= stepgen sg-cmd-pos=1.000000 rev sg-fb-pos=0.144400 rev sg-vel=1.520000 rps sg-acc=8.000000 rps2

[INFO] hw.pins: Pin step.fb set to 0.14592400000000014 (was 0.14440000000000014)
Pin step.fb set to 0.14592400000000014 (was 0.14440000000000014)
[INFO] hw.stepgen: =human= stepgen sg-cmd-pos=1.000000 rev sg-fb-pos=0.145924 rev sg-vel=1.528000 rps sg-acc=8.000000 rps2

=human= stepgen sg-cmd-pos=1.000000 rev sg-fb-pos=0.145924 rev sg-vel=1.528000 rps sg-acc=8.000000 rps2

[INFO] hw.pins: Pin step.fb set to 0.14745600000000014 (was 0.14592400000000014)
Pin step.fb set to 0.14745600000000014 (was 0.14592400000000014)
[INFO] hw.stepgen: =human= stepgen sg-cmd-pos=1.000000 rev sg-fb-pos=0.147456 rev sg-vel=1.536000 rps sg-acc=8.000000 rps2

=human= stepgen sg-cmd-pos=1.000000 rev sg-fb-pos=0.147456 rev sg-vel=1.536000 rps sg-acc=8.000000 rps2

[INFO] hw.pins: Pin step.fb set to 0.14899600000000016 (was 0.14745600000000014)
Pin step.fb set to 0.14899600000000016 (was 0.14745600000000014)
[INFO] hw.stepgen: =human= stepgen sg-cmd-pos=1.000000 rev sg-fb-pos=0.148996 rev sg-vel=1.544000 rps sg-acc=8.000000 rps2

=human= stepgen sg-cmd-pos=1.000000 rev sg-fb-pos=0.148996 rev sg-vel=1.544000 rps sg-acc=8.000000 rps2

[INFO] hw.pins: Pin step.fb set to 0.15054400000000015 (was 0.14899600000000016)
Pin step.fb set to 0.15054400000000015 (was 0.14899600000000016)
[INFO] hw.stepgen: =human= stepgen sg-cmd-pos=1.000000 rev sg-fb-pos=0.150544 rev sg-vel=1.552000 rps sg-acc=8.000000 rps2

=human= stepgen sg-cmd-pos=1.000000 rev sg-fb-pos=0.150544 rev sg-vel=1.552000 rps sg-acc=8.000000 rps2

[INFO] hw.pins: Pin step.fb set to 0.15210000000000015 (was 0.15054400000000015)
Pin step.fb set to 0.15210000000000015 (was 0.15054400000000015)
[INFO] hw.stepgen: =human= stepgen sg-cmd-pos=1.000000 rev sg-fb-pos=0.152100 rev sg-vel=1.560000 rps sg-acc=8.000000 rps2

=human= stepgen sg-cmd-pos=1.000000 rev sg-fb-pos=0.152100 rev sg-vel=1.560000 rps sg-acc=8.000000 rps2

[INFO] hw.pins: Pin step.fb set to 0.15366400000000016 (was 0.15210000000000015)
Pin step.fb set to 0.15366400000000016 (was 0.15210000000000015)
[INFO] hw.stepgen: =human= stepgen sg-cmd-pos=1.000000 rev sg-fb-pos=0.153664 rev sg-vel=1.568000 rps sg-acc=8.000000 rps2

=human= stepgen sg-cmd-pos=1.000000 rev sg-fb-pos=0.153664 rev sg-vel=1.568000 rps sg-acc=8.000000 rps2

[INFO] hw.pins: Pin step.fb set to 0.15523600000000015 (was 0.15366400000000016)
Pin step.fb set to 0.15523600000000015 (was 0.15366400000000016)
[INFO] hw.stepgen: =human= stepgen sg-cmd-pos=1.000000 rev sg-fb-pos=0.155236 rev sg-vel=1.576000 rps sg-acc=8.000000 rps2

=human= stepgen sg-cmd-pos=1.000000 rev sg-fb-pos=0.155236 rev sg-vel=1.576000 rps sg-acc=8.000000 rps2

[INFO] hw.pins: Pin step.fb set to 0.15681600000000015 (was 0.15523600000000015)
Pin step.fb set to 0.15681600000000015 (was 0.15523600000000015)
[INFO] hw.stepgen: =human= stepgen sg-cmd-pos=1.000000 rev sg-fb-pos=0.156816 rev sg-vel=1.584000 rps sg-acc=8.000000 rps2

=human= stepgen sg-cmd-pos=1.000000 rev sg-fb-pos=0.156816 rev sg-vel=1.584000 rps sg-acc=8.000000 rps2

[INFO] hw.pins: Pin step.fb set to 0.15840400000000016 (was 0.15681600000000015)
Pin step.fb set to 0.15840400000000016 (was 0.15681600000000015)
[INFO] hw.stepgen: =human= stepgen sg-cmd-pos=1.000000 rev sg-fb-pos=0.158404 rev sg-vel=1.592000 rps sg-acc=8.000000 rps2

=human= stepgen sg-cmd-pos=1.000000 rev sg-fb-pos=0.158404 rev sg-vel=1.592000 rps sg-acc=8.000000 rps2

[INFO] hw.pins: Pin step.fb set to 0.16000000000000017 (was 0.15840400000000016)
Pin step.fb set to 0.16000000000000017 (was 0.15840400000000016)
[INFO] hw.stepgen: =human= stepgen sg-cmd-pos=1.000000 rev sg-fb-pos=0.160000 rev sg-vel=1.600000 rps sg-acc=8.000000 rps2

=human= stepgen sg-cmd-pos=1.000000 rev sg-fb-pos=0.160000 rev sg-vel=1.600000 rps sg-acc=8.000000 rps2

[INFO] hw.pins: Pin step.fb set to 0.16160400000000016 (was 0.16000000000000017)
Pin step.fb set to 0.16160400000000016 (was 0.16000000000000017)
[INFO] hw.stepgen: =human= stepgen sg-cmd-pos=1.000000 rev sg-fb-pos=0.161604 rev sg-vel=1.608000 rps sg-acc=8.000000 rps2

=human= stepgen sg-cmd-pos=1.000000 rev sg-fb-pos=0.161604 rev sg-vel=1.608000 rps sg-acc=8.000000 rps2

[INFO] hw.pins: Pin step.fb set to 0.16321600000000017 (was 0.16160400000000016)
Pin step.fb set to 0.16321600000000017 (was 0.16160400000000016)
[INFO] hw.stepgen: =human= stepgen sg-cmd-pos=1.000000 rev sg-fb-pos=0.163216 rev sg-vel=1.616000 rps sg-acc=8.000000 rps2

=human= stepgen sg-cmd-pos=1.000000 rev sg-fb-pos=0.163216 rev sg-vel=1.616000 rps sg-acc=8.000000 rps2

[INFO] hw.pins: Pin step.fb set to 0.16483600000000018 (was 0.16321600000000017)
Pin step.fb set to 0.16483600000000018 (was 0.16321600000000017)
[INFO] hw.stepgen: =human= stepgen sg-cmd-pos=1.000000 rev sg-fb-pos=0.164836 rev sg-vel=1.624000 rps sg-acc=8.000000 rps2

=human= stepgen sg-cmd-pos=1.000000 rev sg-fb-pos=0.164836 rev sg-vel=1.624000 rps sg-acc=8.000000 rps2

[INFO] hw.pins: Pin step.fb set to 0.16646400000000017 (was 0.16483600000000018)
Pin step.fb set to 0.16646400000000017 (was 0.16483600000000018)
[INFO] hw.stepgen: =human= stepgen sg-cmd-pos=1.000000 rev sg-fb-pos=0.166464 rev sg-vel=1.632000 rps sg-acc=8.000000 rps2

=human= stepgen sg-cmd-pos=1.000000 rev sg-fb-pos=0.166464 rev sg-vel=1.632000 rps sg-acc=8.000000 rps2

[INFO] hw.pins: Pin step.fb set to 0.16810000000000017 (was 0.16646400000000017)
Pin step.fb set to 0.16810000000000017 (was 0.16646400000000017)
[INFO] hw.stepgen: =human= stepgen sg-cmd-pos=1.000000 rev sg-fb-pos=0.168100 rev sg-vel=1.640000 rps sg-acc=8.000000 rps2

=human= stepgen sg-cmd-pos=1.000000 rev sg-fb-pos=0.168100 rev sg-vel=1.640000 rps sg-acc=8.000000 rps2

[INFO] hw.pins: Pin step.fb set to 0.16974400000000017 (was 0.16810000000000017)
Pin step.fb set to 0.16974400000000017 (was 0.16810000000000017)
[INFO] hw.stepgen: =human= stepgen sg-cmd-pos=1.000000 rev sg-fb-pos=0.169744 rev sg-vel=1.648000 rps sg-acc=8.000000 rps2

=human= stepgen sg-cmd-pos=1.000000 rev sg-fb-pos=0.169744 rev sg-vel=1.648000 rps sg-acc=8.000000 rps2

[INFO] hw.pins: Pin step.fb set to 0.1713960000000002 (was 0.16974400000000017)
Pin step.fb set to 0.1713960000000002 (was 0.16974400000000017)
[INFO] hw.stepgen: =human= stepgen sg-cmd-pos=1.000000 rev sg-fb-pos=0.171396 rev sg-vel=1.656000 rps sg-acc=8.000000 rps2

=human= stepgen sg-cmd-pos=1.000000 rev sg-fb-pos=0.171396 rev sg-vel=1.656000 rps sg-acc=8.000000 rps2

[INFO] hw.pins: Pin step.fb set to 0.17305600000000018 (was 0.1713960000000002)
Pin step.fb set to 0.17305600000000018 (was 0.1713960000000002)
[INFO] hw.stepgen: =human= stepgen sg-cmd-pos=1.000000 rev sg-fb-pos=0.173056 rev sg-vel=1.664000 rps sg-acc=8.000000 rps2

=human= stepgen sg-cmd-pos=1.000000 rev sg-fb-pos=0.173056 rev sg-vel=1.664000 rps sg-acc=8.000000 rps2

[INFO] hw.pins: Pin step.fb set to 0.17472400000000018 (was 0.17305600000000018)
Pin step.fb set to 0.17472400000000018 (was 0.17305600000000018)
[INFO] hw.stepgen: =human= stepgen sg-cmd-pos=1.000000 rev sg-fb-pos=0.174724 rev sg-vel=1.672000 rps sg-acc=8.000000 rps2

=human= stepgen sg-cmd-pos=1.000000 rev sg-fb-pos=0.174724 rev sg-vel=1.672000 rps sg-acc=8.000000 rps2

[INFO] hw.pins: Pin step.fb set to 0.1764000000000002 (was 0.17472400000000018)
Pin step.fb set to 0.1764000000000002 (was 0.17472400000000018)
[INFO] hw.stepgen: =human= stepgen sg-cmd-pos=1.000000 rev sg-fb-pos=0.176400 rev sg-vel=1.680000 rps sg-acc=8.000000 rps2

=human= stepgen sg-cmd-pos=1.000000 rev sg-fb-pos=0.176400 rev sg-vel=1.680000 rps sg-acc=8.000000 rps2

[INFO] hw.pins: Pin step.fb set to 0.1780840000000002 (was 0.1764000000000002)
Pin step.fb set to 0.1780840000000002 (was 0.1764000000000002)
[INFO] hw.stepgen: =human= stepgen sg-cmd-pos=1.000000 rev sg-fb-pos=0.178084 rev sg-vel=1.688000 rps sg-acc=8.000000 rps2

=human= stepgen sg-cmd-pos=1.000000 rev sg-fb-pos=0.178084 rev sg-vel=1.688000 rps sg-acc=8.000000 rps2

[INFO] hw.pins: Pin step.fb set to 0.17977600000000019 (was 0.1780840000000002)
Pin step.fb set to 0.17977600000000019 (was 0.1780840000000002)
[INFO] hw.stepgen: =human= stepgen sg-cmd-pos=1.000000 rev sg-fb-pos=0.179776 rev sg-vel=1.696000 rps sg-acc=8.000000 rps2

=human= stepgen sg-cmd-pos=1.000000 rev sg-fb-pos=0.179776 rev sg-vel=1.696000 rps sg-acc=8.000000 rps2

[INFO] hw.pins: Pin step.fb set to 0.1814760000000002 (was 0.17977600000000019)
Pin step.fb set to 0.1814760000000002 (was 0.17977600000000019)
[INFO] hw.stepgen: =human= stepgen sg-cmd-pos=1.000000 rev sg-fb-pos=0.181476 rev sg-vel=1.704000 rps sg-acc=8.000000 rps2

=human= stepgen sg-cmd-pos=1.000000 rev sg-fb-pos=0.181476 rev sg-vel=1.704000 rps sg-acc=8.000000 rps2

[INFO] hw.pins: Pin step.fb set to 0.1831840000000002 (was 0.1814760000000002)
Pin step.fb set to 0.1831840000000002 (was 0.1814760000000002)
[INFO] hw.stepgen: =human= stepgen sg-cmd-pos=1.000000 rev sg-fb-pos=0.183184 rev sg-vel=1.712000 rps sg-acc=8.000000 rps2

=human= stepgen sg-cmd-pos=1.000000 rev sg-fb-pos=0.183184 rev sg-vel=1.712000 rps sg-acc=8.000000 rps2

[INFO] hw.pins: Pin step.fb set to 0.1849000000000002 (was 0.1831840000000002)
Pin step.fb set to 0.1849000000000002 (was 0.1831840000000002)
[INFO] hw.stepgen: =human= stepgen sg-cmd-pos=1.000000 rev sg-fb-pos=0.184900 rev sg-vel=1.720000 rps sg-acc=8.000000 rps2

=human= stepgen sg-cmd-pos=1.000000 rev sg-fb-pos=0.184900 rev sg-vel=1.720000 rps sg-acc=8.000000 rps2

[INFO] hw.pins: Pin step.fb set to 0.1866240000000002 (was 0.1849000000000002)
Pin step.fb set to 0.1866240000000002 (was 0.1849000000000002)
[INFO] hw.stepgen: =human= stepgen sg-cmd-pos=1.000000 rev sg-fb-pos=0.186624 rev sg-vel=1.728000 rps sg-acc=8.000000 rps2

=human= stepgen sg-cmd-pos=1.000000 rev sg-fb-pos=0.186624 rev sg-vel=1.728000 rps sg-acc=8.000000 rps2

[INFO] hw.pins: Pin step.fb set to 0.18835600000000022 (was 0.1866240000000002)
Pin step.fb set to 0.18835600000000022 (was 0.1866240000000002)
[INFO] hw.stepgen: =human= stepgen sg-cmd-pos=1.000000 rev sg-fb-pos=0.188356 rev sg-vel=1.736000 rps sg-acc=8.000000 rps2

=human= stepgen sg-cmd-pos=1.000000 rev sg-fb-pos=0.188356 rev sg-vel=1.736000 rps sg-acc=8.000000 rps2

[INFO] hw.pins: Pin step.fb set to 0.1900960000000002 (was 0.18835600000000022)
Pin step.fb set to 0.1900960000000002 (was 0.18835600000000022)
[INFO] hw.stepgen: =human= stepgen sg-cmd-pos=1.000000 rev sg-fb-pos=0.190096 rev sg-vel=1.744000 rps sg-acc=8.000000 rps2

=human= stepgen sg-cmd-pos=1.000000 rev sg-fb-pos=0.190096 rev sg-vel=1.744000 rps sg-acc=8.000000 rps2

[INFO] hw.pins: Pin step.fb set to 0.1918440000000002 (was 0.1900960000000002)
Pin step.fb set to 0.1918440000000002 (was 0.1900960000000002)
[INFO] hw.stepgen: =human= stepgen sg-cmd-pos=1.000000 rev sg-fb-pos=0.191844 rev sg-vel=1.752000 rps sg-acc=8.000000 rps2

=human= stepgen sg-cmd-pos=1.000000 rev sg-fb-pos=0.191844 rev sg-vel=1.752000 rps sg-acc=8.000000 rps2

[INFO] hw.pins: Pin step.fb set to 0.19360000000000022 (was 0.1918440000000002)
Pin step.fb set to 0.19360000000000022 (was 0.1918440000000002)
[INFO] hw.stepgen: =human= stepgen sg-cmd-pos=1.000000 rev sg-fb-pos=0.193600 rev sg-vel=1.760000 rps sg-acc=8.000000 rps2

=human= stepgen sg-cmd-pos=1.000000 rev sg-fb-pos=0.193600 rev sg-vel=1.760000 rps sg-acc=8.000000 rps2

[INFO] hw.pins: Pin step.fb set to 0.1953640000000002 (was 0.19360000000000022)
Pin step.fb set to 0.1953640000000002 (was 0.19360000000000022)
[INFO] hw.stepgen: =human= stepgen sg-cmd-pos=1.000000 rev sg-fb-pos=0.195364 rev sg-vel=1.768000 rps sg-acc=8.000000 rps2

=human= stepgen sg-cmd-pos=1.000000 rev sg-fb-pos=0.195364 rev sg-vel=1.768000 rps sg-acc=8.000000 rps2

[INFO] hw.pins: Pin step.fb set to 0.1971360000000002 (was 0.1953640000000002)
Pin step.fb set to 0.1971360000000002 (was 0.1953640000000002)
[INFO] hw.stepgen: =human= stepgen sg-cmd-pos=1.000000 rev sg-fb-pos=0.197136 rev sg-vel=1.776000 rps sg-acc=8.000000 rps2

=human= stepgen sg-cmd-pos=1.000000 rev sg-fb-pos=0.197136 rev sg-vel=1.776000 rps sg-acc=8.000000 rps2

[INFO] hw.pins: Pin step.fb set to 0.1989160000000002 (was 0.1971360000000002)
Pin step.fb set to 0.1989160000000002 (was 0.1971360000000002)
[INFO] hw.stepgen: =human= stepgen sg-cmd-pos=1.000000 rev sg-fb-pos=0.198916 rev sg-vel=1.784000 rps sg-acc=8.000000 rps2

=human= stepgen sg-cmd-pos=1.000000 rev sg-fb-pos=0.198916 rev sg-vel=1.784000 rps sg-acc=8.000000 rps2

[INFO] hw.pins: Pin step.fb set to 0.20070400000000022 (was 0.1989160000000002)
Pin step.fb set to 0.20070400000000022 (was 0.1989160000000002)
[INFO] hw.stepgen: =human= stepgen sg-cmd-pos=1.000000 rev sg-fb-pos=0.200704 rev sg-vel=1.792000 rps sg-acc=8.000000 rps2

=human= stepgen sg-cmd-pos=1.000000 rev sg-fb-pos=0.200704 rev sg-vel=1.792000 rps sg-acc=8.000000 rps2

[INFO] hw.pins: Pin step.fb set to 0.2025000000000002 (was 0.20070400000000022)
Pin step.fb set to 0.2025000000000002 (was 0.20070400000000022)
[INFO] hw.stepgen: =human= stepgen sg-cmd-pos=1.000000 rev sg-fb-pos=0.202500 rev sg-vel=1.800000 rps sg-acc=8.000000 rps2

=human= stepgen sg-cmd-pos=1.000000 rev sg-fb-pos=0.202500 rev sg-vel=1.800000 rps sg-acc=8.000000 rps2

[INFO] hw.pins: Pin step.fb set to 0.2043040000000002 (was 0.2025000000000002)
Pin step.fb set to 0.2043040000000002 (was 0.2025000000000002)
[INFO] hw.stepgen: =human= stepgen sg-cmd-pos=1.000000 rev sg-fb-pos=0.204304 rev sg-vel=1.808000 rps sg-acc=8.000000 rps2

=human= stepgen sg-cmd-pos=1.000000 rev sg-fb-pos=0.204304 rev sg-vel=1.808000 rps sg-acc=8.000000 rps2

[INFO] hw.pins: Pin step.fb set to 0.20611600000000022 (was 0.2043040000000002)
Pin step.fb set to 0.20611600000000022 (was 0.2043040000000002)
[INFO] hw.stepgen: =human= stepgen sg-cmd-pos=1.000000 rev sg-fb-pos=0.206116 rev sg-vel=1.816000 rps sg-acc=8.000000 rps2

=human= stepgen sg-cmd-pos=1.000000 rev sg-fb-pos=0.206116 rev sg-vel=1.816000 rps sg-acc=8.000000 rps2

[INFO] hw.pins: Pin step.fb set to 0.2079360000000002 (was 0.20611600000000022)
Pin step.fb set to 0.2079360000000002 (was 0.20611600000000022)
[INFO] hw.stepgen: =human= stepgen sg-cmd-pos=1.000000 rev sg-fb-pos=0.207936 rev sg-vel=1.824000 rps sg-acc=8.000000 rps2

=human= stepgen sg-cmd-pos=1.000000 rev sg-fb-pos=0.207936 rev sg-vel=1.824000 rps sg-acc=8.000000 rps2

[INFO] hw.pins: Pin step.fb set to 0.2097640000000002 (was 0.2079360000000002)
Pin step.fb set to 0.2097640000000002 (was 0.2079360000000002)
[INFO] hw.stepgen: =human= stepgen sg-cmd-pos=1.000000 rev sg-fb-pos=0.209764 rev sg-vel=1.832000 rps sg-acc=8.000000 rps2

=human= stepgen sg-cmd-pos=1.000000 rev sg-fb-pos=0.209764 rev sg-vel=1.832000 rps sg-acc=8.000000 rps2

[INFO] hw.pins: Pin step.fb set to 0.2116000000000002 (was 0.2097640000000002)
Pin step.fb set to 0.2116000000000002 (was 0.2097640000000002)
[INFO] hw.stepgen: =human= stepgen sg-cmd-pos=1.000000 rev sg-fb-pos=0.211600 rev sg-vel=1.840000 rps sg-acc=8.000000 rps2

=human= stepgen sg-cmd-pos=1.000000 rev sg-fb-pos=0.211600 rev sg-vel=1.840000 rps sg-acc=8.000000 rps2

[INFO] hw.pins: Pin step.fb set to 0.21344400000000022 (was 0.2116000000000002)
Pin step.fb set to 0.21344400000000022 (was 0.2116000000000002)
[INFO] hw.stepgen: =human= stepgen sg-cmd-pos=1.000000 rev sg-fb-pos=0.213444 rev sg-vel=1.848000 rps sg-acc=8.000000 rps2

=human= stepgen sg-cmd-pos=1.000000 rev sg-fb-pos=0.213444 rev sg-vel=1.848000 rps sg-acc=8.000000 rps2

[INFO] hw.pins: Pin step.fb set to 0.2152960000000002 (was 0.21344400000000022)
Pin step.fb set to 0.2152960000000002 (was 0.21344400000000022)
[INFO] hw.stepgen: =human= stepgen sg-cmd-pos=1.000000 rev sg-fb-pos=0.215296 rev sg-vel=1.856000 rps sg-acc=8.000000 rps2

=human= stepgen sg-cmd-pos=1.000000 rev sg-fb-pos=0.215296 rev sg-vel=1.856000 rps sg-acc=8.000000 rps2

[INFO] hw.pins: Pin step.fb set to 0.2171560000000002 (was 0.2152960000000002)
Pin step.fb set to 0.2171560000000002 (was 0.2152960000000002)
[INFO] hw.stepgen: =human= stepgen sg-cmd-pos=1.000000 rev sg-fb-pos=0.217156 rev sg-vel=1.864000 rps sg-acc=8.000000 rps2

=human= stepgen sg-cmd-pos=1.000000 rev sg-fb-pos=0.217156 rev sg-vel=1.864000 rps sg-acc=8.000000 rps2

[INFO] hw.pins: Pin step.fb set to 0.21902400000000022 (was 0.2171560000000002)
Pin step.fb set to 0.21902400000000022 (was 0.2171560000000002)
[INFO] hw.stepgen: =human= stepgen sg-cmd-pos=1.000000 rev sg-fb-pos=0.219024 rev sg-vel=1.872000 rps sg-acc=8.000000 rps2

=human= stepgen sg-cmd-pos=1.000000 rev sg-fb-pos=0.219024 rev sg-vel=1.872000 rps sg-acc=8.000000 rps2

[INFO] hw.pins: Pin step.fb set to 0.2209000000000002 (was 0.21902400000000022)
Pin step.fb set to 0.2209000000000002 (was 0.21902400000000022)
[INFO] hw.stepgen: =human= stepgen sg-cmd-pos=1.000000 rev sg-fb-pos=0.220900 rev sg-vel=1.880000 rps sg-acc=8.000000 rps2

=human= stepgen sg-cmd-pos=1.000000 rev sg-fb-pos=0.220900 rev sg-vel=1.880000 rps sg-acc=8.000000 rps2

[INFO] hw.pins: Pin step.fb set to 0.2227840000000002 (was 0.2209000000000002)
Pin step.fb set to 0.2227840000000002 (was 0.2209000000000002)
[INFO] hw.stepgen: =human= stepgen sg-cmd-pos=1.000000 rev sg-fb-pos=0.222784 rev sg-vel=1.888000 rps sg-acc=8.000000 rps2

=human= stepgen sg-cmd-pos=1.000000 rev sg-fb-pos=0.222784 rev sg-vel=1.888000 rps sg-acc=8.000000 rps2

[INFO] hw.pins: Pin step.fb set to 0.2246760000000002 (was 0.2227840000000002)
Pin step.fb set to 0.2246760000000002 (was 0.2227840000000002)
[INFO] hw.stepgen: =human= stepgen sg-cmd-pos=1.000000 rev sg-fb-pos=0.224676 rev sg-vel=1.896000 rps sg-acc=8.000000 rps2

=human= stepgen sg-cmd-pos=1.000000 rev sg-fb-pos=0.224676 rev sg-vel=1.896000 rps sg-acc=8.000000 rps2

[INFO] hw.pins: Pin step.fb set to 0.22657600000000022 (was 0.2246760000000002)
Pin step.fb set to 0.22657600000000022 (was 0.2246760000000002)
[INFO] hw.stepgen: =human= stepgen sg-cmd-pos=1.000000 rev sg-fb-pos=0.226576 rev sg-vel=1.904000 rps sg-acc=8.000000 rps2

=human= stepgen sg-cmd-pos=1.000000 rev sg-fb-pos=0.226576 rev sg-vel=1.904000 rps sg-acc=8.000000 rps2

[INFO] hw.pins: Pin step.fb set to 0.22848400000000021 (was 0.22657600000000022)
Pin step.fb set to 0.22848400000000021 (was 0.22657600000000022)
[INFO] hw.stepgen: =human= stepgen sg-cmd-pos=1.000000 rev sg-fb-pos=0.228484 rev sg-vel=1.912000 rps sg-acc=8.000000 rps2

=human= stepgen sg-cmd-pos=1.000000 rev sg-fb-pos=0.228484 rev sg-vel=1.912000 rps sg-acc=8.000000 rps2

[INFO] hw.pins: Pin step.fb set to 0.23040000000000022 (was 0.22848400000000021)
Pin step.fb set to 0.23040000000000022 (was 0.22848400000000021)
[INFO] hw.stepgen: =human= stepgen sg-cmd-pos=1.000000 rev sg-fb-pos=0.230400 rev sg-vel=1.920000 rps sg-acc=8.000000 rps2

=human= stepgen sg-cmd-pos=1.000000 rev sg-fb-pos=0.230400 rev sg-vel=1.920000 rps sg-acc=8.000000 rps2

[INFO] hw.pins: Pin step.fb set to 0.23232400000000022 (was 0.23040000000000022)
Pin step.fb set to 0.23232400000000022 (was 0.23040000000000022)
[INFO] hw.stepgen: =human= stepgen sg-cmd-pos=1.000000 rev sg-fb-pos=0.232324 rev sg-vel=1.928000 rps sg-acc=8.000000 rps2

=human= stepgen sg-cmd-pos=1.000000 rev sg-fb-pos=0.232324 rev sg-vel=1.928000 rps sg-acc=8.000000 rps2

[INFO] hw.pins: Pin step.fb set to 0.23425600000000021 (was 0.23232400000000022)
Pin step.fb set to 0.23425600000000021 (was 0.23232400000000022)
[INFO] hw.stepgen: =human= stepgen sg-cmd-pos=1.000000 rev sg-fb-pos=0.234256 rev sg-vel=1.936000 rps sg-acc=8.000000 rps2

=human= stepgen sg-cmd-pos=1.000000 rev sg-fb-pos=0.234256 rev sg-vel=1.936000 rps sg-acc=8.000000 rps2

[INFO] hw.pins: Pin step.fb set to 0.2361960000000002 (was 0.23425600000000021)
Pin step.fb set to 0.2361960000000002 (was 0.23425600000000021)
[INFO] hw.stepgen: =human= stepgen sg-cmd-pos=1.000000 rev sg-fb-pos=0.236196 rev sg-vel=1.944000 rps sg-acc=8.000000 rps2

=human= stepgen sg-cmd-pos=1.000000 rev sg-fb-pos=0.236196 rev sg-vel=1.944000 rps sg-acc=8.000000 rps2

[INFO] hw.pins: Pin step.fb set to 0.23814400000000022 (was 0.2361960000000002)
Pin step.fb set to 0.23814400000000022 (was 0.2361960000000002)
[INFO] hw.stepgen: =human= stepgen sg-cmd-pos=1.000000 rev sg-fb-pos=0.238144 rev sg-vel=1.952000 rps sg-acc=8.000000 rps2

=human= stepgen sg-cmd-pos=1.000000 rev sg-fb-pos=0.238144 rev sg-vel=1.952000 rps sg-acc=8.000000 rps2

[INFO] hw.pins: Pin step.fb set to 0.24010000000000023 (was 0.23814400000000022)
Pin step.fb set to 0.24010000000000023 (was 0.23814400000000022)
[INFO] hw.stepgen: =human= stepgen sg-cmd-pos=1.000000 rev sg-fb-pos=0.240100 rev sg-vel=1.960000 rps sg-acc=8.000000 rps2

=human= stepgen sg-cmd-pos=1.000000 rev sg-fb-pos=0.240100 rev sg-vel=1.960000 rps sg-acc=8.000000 rps2

[INFO] hw.pins: Pin step.fb set to 0.24206400000000022 (was 0.24010000000000023)
Pin step.fb set to 0.24206400000000022 (was 0.24010000000000023)
[INFO] hw.stepgen: =human= stepgen sg-cmd-pos=1.000000 rev sg-fb-pos=0.242064 rev sg-vel=1.968000 rps sg-acc=8.000000 rps2

=human= stepgen sg-cmd-pos=1.000000 rev sg-fb-pos=0.242064 rev sg-vel=1.968000 rps sg-acc=8.000000 rps2

[INFO] hw.pins: Pin step.fb set to 0.24403600000000022 (was 0.24206400000000022)
Pin step.fb set to 0.24403600000000022 (was 0.24206400000000022)
[INFO] hw.stepgen: =human= stepgen sg-cmd-pos=1.000000 rev sg-fb-pos=0.244036 rev sg-vel=1.976000 rps sg-acc=8.000000 rps2

=human= stepgen sg-cmd-pos=1.000000 rev sg-fb-pos=0.244036 rev sg-vel=1.976000 rps sg-acc=8.000000 rps2

[INFO] hw.pins: Pin step.fb set to 0.24601600000000023 (was 0.24403600000000022)
Pin step.fb set to 0.24601600000000023 (was 0.24403600000000022)
[INFO] hw.stepgen: =human= stepgen sg-cmd-pos=1.000000 rev sg-fb-pos=0.246016 rev sg-vel=1.984000 rps sg-acc=8.000000 rps2

=human= stepgen sg-cmd-pos=1.000000 rev sg-fb-pos=0.246016 rev sg-vel=1.984000 rps sg-acc=8.000000 rps2

[INFO] hw.pins: Pin step.fb set to 0.24800400000000022 (was 0.24601600000000023)
Pin step.fb set to 0.24800400000000022 (was 0.24601600000000023)
[INFO] hw.stepgen: =human= stepgen sg-cmd-pos=1.000000 rev sg-fb-pos=0.248004 rev sg-vel=1.992000 rps sg-acc=8.000000 rps2

=human= stepgen sg-cmd-pos=1.000000 rev sg-fb-pos=0.248004 rev sg-vel=1.992000 rps sg-acc=8.000000 rps2

[INFO] hw.pins: Pin step.fb set to 0.2500000000000002 (was 0.24800400000000022)
Pin step.fb set to 0.2500000000000002 (was 0.24800400000000022)
[INFO] hw.stepgen: =human= stepgen sg-cmd-pos=1.000000 rev sg-fb-pos=0.250000 rev sg-vel=2.000000 rps sg-acc=8.000000 rps2

=human= stepgen sg-cmd-pos=1.000000 rev sg-fb-pos=0.250000 rev sg-vel=2.000000 rps sg-acc=8.000000 rps2

[INFO] hw.pins: Pin step.fb set to 0.25200400000000023 (was 0.2500000000000002)
Pin step.fb set to 0.25200400000000023 (was 0.2500000000000002)
[INFO] hw.stepgen: =human= stepgen sg-cmd-pos=1.000000 rev sg-fb-pos=0.252004 rev sg-vel=2.008000 rps sg-acc=8.000000 rps2

=human= stepgen sg-cmd-pos=1.000000 rev sg-fb-pos=0.252004 rev sg-vel=2.008000 rps sg-acc=8.000000 rps2

[INFO] hw.pins: Pin step.fb set to 0.25401600000000024 (was 0.25200400000000023)
Pin step.fb set to 0.25401600000000024 (was 0.25200400000000023)
[INFO] hw.stepgen: =human= stepgen sg-cmd-pos=1.000000 rev sg-fb-pos=0.254016 rev sg-vel=2.016000 rps sg-acc=8.000000 rps2

=human= stepgen sg-cmd-pos=1.000000 rev sg-fb-pos=0.254016 rev sg-vel=2.016000 rps sg-acc=8.000000 rps2

[INFO] hw.pins: Pin step.fb set to 0.25603600000000026 (was 0.25401600000000024)
Pin step.fb set to 0.25603600000000026 (was 0.25401600000000024)
[INFO] hw.stepgen: =human= stepgen sg-cmd-pos=1.000000 rev sg-fb-pos=0.256036 rev sg-vel=2.024000 rps sg-acc=8.000000 rps2

=human= stepgen sg-cmd-pos=1.000000 rev sg-fb-pos=0.256036 rev sg-vel=2.024000 rps sg-acc=8.000000 rps2

[INFO] hw.pins: Pin step.fb set to 0.25806400000000024 (was 0.25603600000000026)
Pin step.fb set to 0.25806400000000024 (was 0.25603600000000026)
[INFO] hw.stepgen: =human= stepgen sg-cmd-pos=1.000000 rev sg-fb-pos=0.258064 rev sg-vel=2.032000 rps sg-acc=8.000000 rps2

=human= stepgen sg-cmd-pos=1.000000 rev sg-fb-pos=0.258064 rev sg-vel=2.032000 rps sg-acc=8.000000 rps2

[INFO] hw.pins: Pin step.fb set to 0.2601000000000002 (was 0.25806400000000024)
Pin step.fb set to 0.2601000000000002 (was 0.25806400000000024)
[INFO] hw.stepgen: =human= stepgen sg-cmd-pos=1.000000 rev sg-fb-pos=0.260100 rev sg-vel=2.040000 rps sg-acc=8.000000 rps2

=human= stepgen sg-cmd-pos=1.000000 rev sg-fb-pos=0.260100 rev sg-vel=2.040000 rps sg-acc=8.000000 rps2

[INFO] hw.pins: Pin step.fb set to 0.2621440000000002 (was 0.2601000000000002)
Pin step.fb set to 0.2621440000000002 (was 0.2601000000000002)
[INFO] hw.stepgen: =human= stepgen sg-cmd-pos=1.000000 rev sg-fb-pos=0.262144 rev sg-vel=2.048000 rps sg-acc=8.000000 rps2

=human= stepgen sg-cmd-pos=1.000000 rev sg-fb-pos=0.262144 rev sg-vel=2.048000 rps sg-acc=8.000000 rps2

[INFO] hw.pins: Pin step.fb set to 0.2641960000000002 (was 0.2621440000000002)
Pin step.fb set to 0.2641960000000002 (was 0.2621440000000002)
[INFO] hw.stepgen: =human= stepgen sg-cmd-pos=1.000000 rev sg-fb-pos=0.264196 rev sg-vel=2.056000 rps sg-acc=8.000000 rps2

=human= stepgen sg-cmd-pos=1.000000 rev sg-fb-pos=0.264196 rev sg-vel=2.056000 rps sg-acc=8.000000 rps2

[INFO] hw.pins: Pin step.fb set to 0.2662560000000002 (was 0.2641960000000002)
Pin step.fb set to 0.2662560000000002 (was 0.2641960000000002)
[INFO] hw.stepgen: =human= stepgen sg-cmd-pos=1.000000 rev sg-fb-pos=0.266256 rev sg-vel=2.064000 rps sg-acc=8.000000 rps2

=human= stepgen sg-cmd-pos=1.000000 rev sg-fb-pos=0.266256 rev sg-vel=2.064000 rps sg-acc=8.000000 rps2

[INFO] hw.pins: Pin step.fb set to 0.26832400000000023 (was 0.2662560000000002)
Pin step.fb set to 0.26832400000000023 (was 0.2662560000000002)
[INFO] hw.stepgen: =human= stepgen sg-cmd-pos=1.000000 rev sg-fb-pos=0.268324 rev sg-vel=2.072000 rps sg-acc=8.000000 rps2

=human= stepgen sg-cmd-pos=1.000000 rev sg-fb-pos=0.268324 rev sg-vel=2.072000 rps sg-acc=8.000000 rps2

[INFO] hw.pins: Pin step.fb set to 0.27040000000000025 (was 0.26832400000000023)
Pin step.fb set to 0.27040000000000025 (was 0.26832400000000023)
[INFO] hw.stepgen: =human= stepgen sg-cmd-pos=1.000000 rev sg-fb-pos=0.270400 rev sg-vel=2.080000 rps sg-acc=8.000000 rps2

=human= stepgen sg-cmd-pos=1.000000 rev sg-fb-pos=0.270400 rev sg-vel=2.080000 rps sg-acc=8.000000 rps2

[INFO] hw.pins: Pin step.fb set to 0.2724840000000002 (was 0.27040000000000025)
Pin step.fb set to 0.2724840000000002 (was 0.27040000000000025)
[INFO] hw.stepgen: =human= stepgen sg-cmd-pos=1.000000 rev sg-fb-pos=0.272484 rev sg-vel=2.088000 rps sg-acc=8.000000 rps2

=human= stepgen sg-cmd-pos=1.000000 rev sg-fb-pos=0.272484 rev sg-vel=2.088000 rps sg-acc=8.000000 rps2

[INFO] hw.pins: Pin step.fb set to 0.2745760000000002 (was 0.2724840000000002)
Pin step.fb set to 0.2745760000000002 (was 0.2724840000000002)
[INFO] hw.stepgen: =human= stepgen sg-cmd-pos=1.000000 rev sg-fb-pos=0.274576 rev sg-vel=2.096000 rps sg-acc=8.000000 rps2

=human= stepgen sg-cmd-pos=1.000000 rev sg-fb-pos=0.274576 rev sg-vel=2.096000 rps sg-acc=8.000000 rps2

[INFO] hw.pins: Pin step.fb set to 0.2766760000000002 (was 0.2745760000000002)
Pin step.fb set to 0.2766760000000002 (was 0.2745760000000002)
[INFO] hw.stepgen: =human= stepgen sg-cmd-pos=1.000000 rev sg-fb-pos=0.276676 rev sg-vel=2.104000 rps sg-acc=8.000000 rps2

=human= stepgen sg-cmd-pos=1.000000 rev sg-fb-pos=0.276676 rev sg-vel=2.104000 rps sg-acc=8.000000 rps2

[INFO] hw.pins: Pin step.fb set to 0.2787840000000002 (was 0.2766760000000002)
Pin step.fb set to 0.2787840000000002 (was 0.2766760000000002)
[INFO] hw.stepgen: =human= stepgen sg-cmd-pos=1.000000 rev sg-fb-pos=0.278784 rev sg-vel=2.112000 rps sg-acc=8.000000 rps2

=human= stepgen sg-cmd-pos=1.000000 rev sg-fb-pos=0.278784 rev sg-vel=2.112000 rps sg-acc=8.000000 rps2

[INFO] hw.pins: Pin step.fb set to 0.2809000000000002 (was 0.2787840000000002)
Pin step.fb set to 0.2809000000000002 (was 0.2787840000000002)
[INFO] hw.stepgen: =human= stepgen sg-cmd-pos=1.000000 rev sg-fb-pos=0.280900 rev sg-vel=2.120000 rps sg-acc=8.000000 rps2

=human= stepgen sg-cmd-pos=1.000000 rev sg-fb-pos=0.280900 rev sg-vel=2.120000 rps sg-acc=8.000000 rps2

[INFO] hw.pins: Pin step.fb set to 0.2830240000000002 (was 0.2809000000000002)
Pin step.fb set to 0.2830240000000002 (was 0.2809000000000002)
[INFO] hw.stepgen: =human= stepgen sg-cmd-pos=1.000000 rev sg-fb-pos=0.283024 rev sg-vel=2.128000 rps sg-acc=8.000000 rps2

=human= stepgen sg-cmd-pos=1.000000 rev sg-fb-pos=0.283024 rev sg-vel=2.128000 rps sg-acc=8.000000 rps2

[INFO] hw.pins: Pin step.fb set to 0.28515600000000024 (was 0.2830240000000002)
Pin step.fb set to 0.28515600000000024 (was 0.2830240000000002)
[INFO] hw.stepgen: =human= stepgen sg-cmd-pos=1.000000 rev sg-fb-pos=0.285156 rev sg-vel=2.136000 rps sg-acc=8.000000 rps2

=human= stepgen sg-cmd-pos=1.000000 rev sg-fb-pos=0.285156 rev sg-vel=2.136000 rps sg-acc=8.000000 rps2

[INFO] hw.pins: Pin step.fb set to 0.2872960000000002 (was 0.28515600000000024)
Pin step.fb set to 0.2872960000000002 (was 0.28515600000000024)
[INFO] hw.stepgen: =human= stepgen sg-cmd-pos=1.000000 rev sg-fb-pos=0.287296 rev sg-vel=2.144000 rps sg-acc=8.000000 rps2

=human= stepgen sg-cmd-pos=1.000000 rev sg-fb-pos=0.287296 rev sg-vel=2.144000 rps sg-acc=8.000000 rps2

[INFO] hw.pins: Pin step.fb set to 0.2894440000000002 (was 0.2872960000000002)
Pin step.fb set to 0.2894440000000002 (was 0.2872960000000002)
[INFO] hw.stepgen: =human= stepgen sg-cmd-pos=1.000000 rev sg-fb-pos=0.289444 rev sg-vel=2.152000 rps sg-acc=8.000000 rps2

=human= stepgen sg-cmd-pos=1.000000 rev sg-fb-pos=0.289444 rev sg-vel=2.152000 rps sg-acc=8.000000 rps2

[INFO] hw.pins: Pin step.fb set to 0.2916000000000002 (was 0.2894440000000002)
Pin step.fb set to 0.2916000000000002 (was 0.2894440000000002)
[INFO] hw.stepgen: =human= stepgen sg-cmd-pos=1.000000 rev sg-fb-pos=0.291600 rev sg-vel=2.160000 rps sg-acc=8.000000 rps2

=human= stepgen sg-cmd-pos=1.000000 rev sg-fb-pos=0.291600 rev sg-vel=2.160000 rps sg-acc=8.000000 rps2

[INFO] hw.pins: Pin step.fb set to 0.2937640000000002 (was 0.2916000000000002)
Pin step.fb set to 0.2937640000000002 (was 0.2916000000000002)
[INFO] hw.stepgen: =human= stepgen sg-cmd-pos=1.000000 rev sg-fb-pos=0.293764 rev sg-vel=2.168000 rps sg-acc=8.000000 rps2

=human= stepgen sg-cmd-pos=1.000000 rev sg-fb-pos=0.293764 rev sg-vel=2.168000 rps sg-acc=8.000000 rps2

[INFO] hw.pins: Pin step.fb set to 0.2959360000000002 (was 0.2937640000000002)
Pin step.fb set to 0.2959360000000002 (was 0.2937640000000002)
[INFO] hw.stepgen: =human= stepgen sg-cmd-pos=1.000000 rev sg-fb-pos=0.295936 rev sg-vel=2.176000 rps sg-acc=8.000000 rps2

=human= stepgen sg-cmd-pos=1.000000 rev sg-fb-pos=0.295936 rev sg-vel=2.176000 rps sg-acc=8.000000 rps2

[INFO] hw.pins: Pin step.fb set to 0.2981160000000002 (was 0.2959360000000002)
Pin step.fb set to 0.2981160000000002 (was 0.2959360000000002)
[INFO] hw.stepgen: =human= stepgen sg-cmd-pos=1.000000 rev sg-fb-pos=0.298116 rev sg-vel=2.184000 rps sg-acc=8.000000 rps2

=human= stepgen sg-cmd-pos=1.000000 rev sg-fb-pos=0.298116 rev sg-vel=2.184000 rps sg-acc=8.000000 rps2

[INFO] hw.pins: Pin step.fb set to 0.30030400000000024 (was 0.2981160000000002)
Pin step.fb set to 0.30030400000000024 (was 0.2981160000000002)
[INFO] hw.stepgen: =human= stepgen sg-cmd-pos=1.000000 rev sg-fb-pos=0.300304 rev sg-vel=2.192000 rps sg-acc=8.000000 rps2

=human= stepgen sg-cmd-pos=1.000000 rev sg-fb-pos=0.300304 rev sg-vel=2.192000 rps sg-acc=8.000000 rps2

[INFO] hw.pins: Pin step.fb set to 0.3025000000000002 (was 0.30030400000000024)
Pin step.fb set to 0.3025000000000002 (was 0.30030400000000024)
[INFO] hw.stepgen: =human= stepgen sg-cmd-pos=1.000000 rev sg-fb-pos=0.302500 rev sg-vel=2.200000 rps sg-acc=8.000000 rps2

=human= stepgen sg-cmd-pos=1.000000 rev sg-fb-pos=0.302500 rev sg-vel=2.200000 rps sg-acc=8.000000 rps2

[INFO] hw.pins: Pin step.fb set to 0.3047040000000002 (was 0.3025000000000002)
Pin step.fb set to 0.3047040000000002 (was 0.3025000000000002)
[INFO] hw.stepgen: =human= stepgen sg-cmd-pos=1.000000 rev sg-fb-pos=0.304704 rev sg-vel=2.208000 rps sg-acc=8.000000 rps2

=human= stepgen sg-cmd-pos=1.000000 rev sg-fb-pos=0.304704 rev sg-vel=2.208000 rps sg-acc=8.000000 rps2

[INFO] hw.pins: Pin step.fb set to 0.3069160000000002 (was 0.3047040000000002)
Pin step.fb set to 0.3069160000000002 (was 0.3047040000000002)
[INFO] hw.stepgen: =human= stepgen sg-cmd-pos=1.000000 rev sg-fb-pos=0.306916 rev sg-vel=2.216000 rps sg-acc=8.000000 rps2

=human= stepgen sg-cmd-pos=1.000000 rev sg-fb-pos=0.306916 rev sg-vel=2.216000 rps sg-acc=8.000000 rps2

[INFO] hw.pins: Pin step.fb set to 0.3091360000000002 (was 0.3069160000000002)
Pin step.fb set to 0.3091360000000002 (was 0.3069160000000002)
[INFO] hw.stepgen: =human= stepgen sg-cmd-pos=1.000000 rev sg-fb-pos=0.309136 rev sg-vel=2.224000 rps sg-acc=8.000000 rps2

=human= stepgen sg-cmd-pos=1.000000 rev sg-fb-pos=0.309136 rev sg-vel=2.224000 rps sg-acc=8.000000 rps2

[INFO] hw.pins: Pin step.fb set to 0.3113640000000002 (was 0.3091360000000002)
Pin step.fb set to 0.3113640000000002 (was 0.3091360000000002)
[INFO] hw.stepgen: =human= stepgen sg-cmd-pos=1.000000 rev sg-fb-pos=0.311364 rev sg-vel=2.232000 rps sg-acc=8.000000 rps2

=human= stepgen sg-cmd-pos=1.000000 rev sg-fb-pos=0.311364 rev sg-vel=2.232000 rps sg-acc=8.000000 rps2

[INFO] hw.pins: Pin step.fb set to 0.3136000000000002 (was 0.3113640000000002)
Pin step.fb set to 0.3136000000000002 (was 0.3113640000000002)
[INFO] hw.stepgen: =human= stepgen sg-cmd-pos=1.000000 rev sg-fb-pos=0.313600 rev sg-vel=2.240000 rps sg-acc=8.000000 rps2

=human= stepgen sg-cmd-pos=1.000000 rev sg-fb-pos=0.313600 rev sg-vel=2.240000 rps sg-acc=8.000000 rps2

[INFO] hw.pins: Pin step.fb set to 0.31584400000000024 (was 0.3136000000000002)
Pin step.fb set to 0.31584400000000024 (was 0.3136000000000002)
[INFO] hw.stepgen: =human= stepgen sg-cmd-pos=1.000000 rev sg-fb-pos=0.315844 rev sg-vel=2.248000 rps sg-acc=8.000000 rps2

=human= stepgen sg-cmd-pos=1.000000 rev sg-fb-pos=0.315844 rev sg-vel=2.248000 rps sg-acc=8.000000 rps2

[INFO] hw.pins: Pin step.fb set to 0.3180960000000002 (was 0.31584400000000024)
Pin step.fb set to 0.3180960000000002 (was 0.31584400000000024)
[INFO] hw.stepgen: =human= stepgen sg-cmd-pos=1.000000 rev sg-fb-pos=0.318096 rev sg-vel=2.256000 rps sg-acc=8.000000 rps2

=human= stepgen sg-cmd-pos=1.000000 rev sg-fb-pos=0.318096 rev sg-vel=2.256000 rps sg-acc=8.000000 rps2

[INFO] hw.pins: Pin step.fb set to 0.3203560000000002 (was 0.3180960000000002)
Pin step.fb set to 0.3203560000000002 (was 0.3180960000000002)
[INFO] hw.stepgen: =human= stepgen sg-cmd-pos=1.000000 rev sg-fb-pos=0.320356 rev sg-vel=2.264000 rps sg-acc=8.000000 rps2

=human= stepgen sg-cmd-pos=1.000000 rev sg-fb-pos=0.320356 rev sg-vel=2.264000 rps sg-acc=8.000000 rps2

[INFO] hw.pins: Pin step.fb set to 0.3226240000000002 (was 0.3203560000000002)
Pin step.fb set to 0.3226240000000002 (was 0.3203560000000002)
[INFO] hw.stepgen: =human= stepgen sg-cmd-pos=1.000000 rev sg-fb-pos=0.322624 rev sg-vel=2.272000 rps sg-acc=8.000000 rps2

=human= stepgen sg-cmd-pos=1.000000 rev sg-fb-pos=0.322624 rev sg-vel=2.272000 rps sg-acc=8.000000 rps2

[INFO] hw.pins: Pin step.fb set to 0.3249000000000002 (was 0.3226240000000002)
Pin step.fb set to 0.3249000000000002 (was 0.3226240000000002)
[INFO] hw.stepgen: =human= stepgen sg-cmd-pos=1.000000 rev sg-fb-pos=0.324900 rev sg-vel=2.280000 rps sg-acc=8.000000 rps2

=human= stepgen sg-cmd-pos=1.000000 rev sg-fb-pos=0.324900 rev sg-vel=2.280000 rps sg-acc=8.000000 rps2

[INFO] hw.pins: Pin step.fb set to 0.3271840000000002 (was 0.3249000000000002)
Pin step.fb set to 0.3271840000000002 (was 0.3249000000000002)
[INFO] hw.stepgen: =human= stepgen sg-cmd-pos=1.000000 rev sg-fb-pos=0.327184 rev sg-vel=2.288000 rps sg-acc=8.000000 rps2

=human= stepgen sg-cmd-pos=1.000000 rev sg-fb-pos=0.327184 rev sg-vel=2.288000 rps sg-acc=8.000000 rps2

[INFO] hw.pins: Pin step.fb set to 0.3294760000000002 (was 0.3271840000000002)
Pin step.fb set to 0.3294760000000002 (was 0.3271840000000002)
[INFO] hw.stepgen: =human= stepgen sg-cmd-pos=1.000000 rev sg-fb-pos=0.329476 rev sg-vel=2.296000 rps sg-acc=8.000000 rps2

=human= stepgen sg-cmd-pos=1.000000 rev sg-fb-pos=0.329476 rev sg-vel=2.296000 rps sg-acc=8.000000 rps2

[INFO] hw.pins: Pin step.fb set to 0.33177600000000024 (was 0.3294760000000002)
Pin step.fb set to 0.33177600000000024 (was 0.3294760000000002)
[INFO] hw.stepgen: =human= stepgen sg-cmd-pos=1.000000 rev sg-fb-pos=0.331776 rev sg-vel=2.304000 rps sg-acc=8.000000 rps2

=human= stepgen sg-cmd-pos=1.000000 rev sg-fb-pos=0.331776 rev sg-vel=2.304000 rps sg-acc=8.000000 rps2

[INFO] hw.pins: Pin step.fb set to 0.3340840000000002 (was 0.33177600000000024)
Pin step.fb set to 0.3340840000000002 (was 0.33177600000000024)
[INFO] hw.stepgen: =human= stepgen sg-cmd-pos=1.000000 rev sg-fb-pos=0.334084 rev sg-vel=2.312000 rps sg-acc=8.000000 rps2

=human= stepgen sg-cmd-pos=1.000000 rev sg-fb-pos=0.334084 rev sg-vel=2.312000 rps sg-acc=8.000000 rps2

[INFO] hw.pins: Pin step.fb set to 0.3364000000000002 (was 0.3340840000000002)
Pin step.fb set to 0.3364000000000002 (was 0.3340840000000002)
[INFO] hw.stepgen: =human= stepgen sg-cmd-pos=1.000000 rev sg-fb-pos=0.336400 rev sg-vel=2.320000 rps sg-acc=8.000000 rps2

=human= stepgen sg-cmd-pos=1.000000 rev sg-fb-pos=0.336400 rev sg-vel=2.320000 rps sg-acc=8.000000 rps2

[INFO] hw.pins: Pin step.fb set to 0.3387240000000002 (was 0.3364000000000002)
Pin step.fb set to 0.3387240000000002 (was 0.3364000000000002)
[INFO] hw.stepgen: =human= stepgen sg-cmd-pos=1.000000 rev sg-fb-pos=0.338724 rev sg-vel=2.328000 rps sg-acc=8.000000 rps2

=human= stepgen sg-cmd-pos=1.000000 rev sg-fb-pos=0.338724 rev sg-vel=2.328000 rps sg-acc=8.000000 rps2

[INFO] hw.pins: Pin step.fb set to 0.3410560000000002 (was 0.3387240000000002)
Pin step.fb set to 0.3410560000000002 (was 0.3387240000000002)
[INFO] hw.stepgen: =human= stepgen sg-cmd-pos=1.000000 rev sg-fb-pos=0.341056 rev sg-vel=2.336000 rps sg-acc=8.000000 rps2

=human= stepgen sg-cmd-pos=1.000000 rev sg-fb-pos=0.341056 rev sg-vel=2.336000 rps sg-acc=8.000000 rps2

[INFO] hw.pins: Pin step.fb set to 0.3433960000000002 (was 0.3410560000000002)
Pin step.fb set to 0.3433960000000002 (was 0.3410560000000002)
[INFO] hw.stepgen: =human= stepgen sg-cmd-pos=1.000000 rev sg-fb-pos=0.343396 rev sg-vel=2.344000 rps sg-acc=8.000000 rps2

=human= stepgen sg-cmd-pos=1.000000 rev sg-fb-pos=0.343396 rev sg-vel=2.344000 rps sg-acc=8.000000 rps2

[INFO] hw.pins: Pin step.fb set to 0.3457440000000002 (was 0.3433960000000002)
Pin step.fb set to 0.3457440000000002 (was 0.3433960000000002)
[INFO] hw.stepgen: =human= stepgen sg-cmd-pos=1.000000 rev sg-fb-pos=0.345744 rev sg-vel=2.352000 rps sg-acc=8.000000 rps2

=human= stepgen sg-cmd-pos=1.000000 rev sg-fb-pos=0.345744 rev sg-vel=2.352000 rps sg-acc=8.000000 rps2

[INFO] hw.pins: Pin step.fb set to 0.34810000000000024 (was 0.3457440000000002)
Pin step.fb set to 0.34810000000000024 (was 0.3457440000000002)
[INFO] hw.stepgen: =human= stepgen sg-cmd-pos=1.000000 rev sg-fb-pos=0.348100 rev sg-vel=2.360000 rps sg-acc=8.000000 rps2

=human= stepgen sg-cmd-pos=1.000000 rev sg-fb-pos=0.348100 rev sg-vel=2.360000 rps sg-acc=8.000000 rps2

[INFO] hw.pins: Pin step.fb set to 0.3504640000000002 (was 0.34810000000000024)
Pin step.fb set to 0.3504640000000002 (was 0.34810000000000024)
[INFO] hw.stepgen: =human= stepgen sg-cmd-pos=1.000000 rev sg-fb-pos=0.350464 rev sg-vel=2.368000 rps sg-acc=8.000000 rps2

=human= stepgen sg-cmd-pos=1.000000 rev sg-fb-pos=0.350464 rev sg-vel=2.368000 rps sg-acc=8.000000 rps2

[INFO] hw.pins: Pin step.fb set to 0.3528360000000002 (was 0.3504640000000002)
Pin step.fb set to 0.3528360000000002 (was 0.3504640000000002)
[INFO] hw.stepgen: =human= stepgen sg-cmd-pos=1.000000 rev sg-fb-pos=0.352836 rev sg-vel=2.376000 rps sg-acc=8.000000 rps2

=human= stepgen sg-cmd-pos=1.000000 rev sg-fb-pos=0.352836 rev sg-vel=2.376000 rps sg-acc=8.000000 rps2

[INFO] hw.pins: Pin step.fb set to 0.3552160000000002 (was 0.3528360000000002)
Pin step.fb set to 0.3552160000000002 (was 0.3528360000000002)
[INFO] hw.stepgen: =human= stepgen sg-cmd-pos=1.000000 rev sg-fb-pos=0.355216 rev sg-vel=2.384000 rps sg-acc=8.000000 rps2

=human= stepgen sg-cmd-pos=1.000000 rev sg-fb-pos=0.355216 rev sg-vel=2.384000 rps sg-acc=8.000000 rps2

[INFO] hw.pins: Pin step.fb set to 0.3576040000000002 (was 0.3552160000000002)
Pin step.fb set to 0.3576040000000002 (was 0.3552160000000002)
[INFO] hw.stepgen: =human= stepgen sg-cmd-pos=1.000000 rev sg-fb-pos=0.357604 rev sg-vel=2.392000 rps sg-acc=8.000000 rps2

=human= stepgen sg-cmd-pos=1.000000 rev sg-fb-pos=0.357604 rev sg-vel=2.392000 rps sg-acc=8.000000 rps2

[INFO] hw.pins: Pin step.fb set to 0.3600000000000002 (was 0.3576040000000002)
Pin step.fb set to 0.3600000000000002 (was 0.3576040000000002)
[INFO] hw.stepgen: =human= stepgen sg-cmd-pos=1.000000 rev sg-fb-pos=0.360000 rev sg-vel=2.400000 rps sg-acc=8.000000 rps2

=human= stepgen sg-cmd-pos=1.000000 rev sg-fb-pos=0.360000 rev sg-vel=2.400000 rps sg-acc=8.000000 rps2

[INFO] hw.pins: Pin step.fb set to 0.3624040000000002 (was 0.3600000000000002)
Pin step.fb set to 0.3624040000000002 (was 0.3600000000000002)
[INFO] hw.stepgen: =human= stepgen sg-cmd-pos=1.000000 rev sg-fb-pos=0.362404 rev sg-vel=2.408000 rps sg-acc=8.000000 rps2

=human= stepgen sg-cmd-pos=1.000000 rev sg-fb-pos=0.362404 rev sg-vel=2.408000 rps sg-acc=8.000000 rps2

[INFO] hw.pins: Pin step.fb set to 0.36481600000000025 (was 0.3624040000000002)
Pin step.fb set to 0.36481600000000025 (was 0.3624040000000002)
[INFO] hw.stepgen: =human= stepgen sg-cmd-pos=1.000000 rev sg-fb-pos=0.364816 rev sg-vel=2.416000 rps sg-acc=8.000000 rps2

=human= stepgen sg-cmd-pos=1.000000 rev sg-fb-pos=0.364816 rev sg-vel=2.416000 rps sg-acc=8.000000 rps2

[INFO] hw.pins: Pin step.fb set to 0.36723600000000023 (was 0.36481600000000025)
Pin step.fb set to 0.36723600000000023 (was 0.36481600000000025)
[INFO] hw.stepgen: =human= stepgen sg-cmd-pos=1.000000 rev sg-fb-pos=0.367236 rev sg-vel=2.424000 rps sg-acc=8.000000 rps2

=human= stepgen sg-cmd-pos=1.000000 rev sg-fb-pos=0.367236 rev sg-vel=2.424000 rps sg-acc=8.000000 rps2

[INFO] hw.pins: Pin step.fb set to 0.3696640000000002 (was 0.36723600000000023)
Pin step.fb set to 0.3696640000000002 (was 0.36723600000000023)
[INFO] hw.stepgen: =human= stepgen sg-cmd-pos=1.000000 rev sg-fb-pos=0.369664 rev sg-vel=2.432000 rps sg-acc=8.000000 rps2

=human= stepgen sg-cmd-pos=1.000000 rev sg-fb-pos=0.369664 rev sg-vel=2.432000 rps sg-acc=8.000000 rps2

[INFO] hw.pins: Pin step.fb set to 0.3721000000000002 (was 0.3696640000000002)
Pin step.fb set to 0.3721000000000002 (was 0.3696640000000002)
[INFO] hw.stepgen: =human= stepgen sg-cmd-pos=1.000000 rev sg-fb-pos=0.372100 rev sg-vel=2.440000 rps sg-acc=8.000000 rps2

=human= stepgen sg-cmd-pos=1.000000 rev sg-fb-pos=0.372100 rev sg-vel=2.440000 rps sg-acc=8.000000 rps2

[INFO] hw.pins: Pin step.fb set to 0.3745440000000002 (was 0.3721000000000002)
Pin step.fb set to 0.3745440000000002 (was 0.3721000000000002)
[INFO] hw.stepgen: =human= stepgen sg-cmd-pos=1.000000 rev sg-fb-pos=0.374544 rev sg-vel=2.448000 rps sg-acc=8.000000 rps2

=human= stepgen sg-cmd-pos=1.000000 rev sg-fb-pos=0.374544 rev sg-vel=2.448000 rps sg-acc=8.000000 rps2

[INFO] hw.pins: Pin step.fb set to 0.3769960000000002 (was 0.3745440000000002)
Pin step.fb set to 0.3769960000000002 (was 0.3745440000000002)
[INFO] hw.stepgen: =human= stepgen sg-cmd-pos=1.000000 rev sg-fb-pos=0.376996 rev sg-vel=2.456000 rps sg-acc=8.000000 rps2

=human= stepgen sg-cmd-pos=1.000000 rev sg-fb-pos=0.376996 rev sg-vel=2.456000 rps sg-acc=8.000000 rps2

[INFO] hw.pins: Pin step.fb set to 0.37945600000000024 (was 0.3769960000000002)
Pin step.fb set to 0.37945600000000024 (was 0.3769960000000002)
[INFO] hw.stepgen: =human= stepgen sg-cmd-pos=1.000000 rev sg-fb-pos=0.379456 rev sg-vel=2.464000 rps sg-acc=8.000000 rps2

=human= stepgen sg-cmd-pos=1.000000 rev sg-fb-pos=0.379456 rev sg-vel=2.464000 rps sg-acc=8.000000 rps2

[INFO] hw.pins: Pin step.fb set to 0.38192400000000026 (was 0.37945600000000024)
Pin step.fb set to 0.38192400000000026 (was 0.37945600000000024)
[INFO] hw.stepgen: =human= stepgen sg-cmd-pos=1.000000 rev sg-fb-pos=0.381924 rev sg-vel=2.472000 rps sg-acc=8.000000 rps2

=human= stepgen sg-cmd-pos=1.000000 rev sg-fb-pos=0.381924 rev sg-vel=2.472000 rps sg-acc=8.000000 rps2

[INFO] hw.pins: Pin step.fb set to 0.38440000000000024 (was 0.38192400000000026)
Pin step.fb set to 0.38440000000000024 (was 0.38192400000000026)
[INFO] hw.stepgen: =human= stepgen sg-cmd-pos=1.000000 rev sg-fb-pos=0.384400 rev sg-vel=2.480000 rps sg-acc=8.000000 rps2

=human= stepgen sg-cmd-pos=1.000000 rev sg-fb-pos=0.384400 rev sg-vel=2.480000 rps sg-acc=8.000000 rps2

[INFO] hw.pins: Pin step.fb set to 0.3868840000000002 (was 0.38440000000000024)
Pin step.fb set to 0.3868840000000002 (was 0.38440000000000024)
[INFO] hw.stepgen: =human= stepgen sg-cmd-pos=1.000000 rev sg-fb-pos=0.386884 rev sg-vel=2.488000 rps sg-acc=8.000000 rps2

=human= stepgen sg-cmd-pos=1.000000 rev sg-fb-pos=0.386884 rev sg-vel=2.488000 rps sg-acc=8.000000 rps2

[INFO] hw.pins: Pin step.fb set to 0.3893760000000002 (was 0.3868840000000002)
Pin step.fb set to 0.3893760000000002 (was 0.3868840000000002)
[INFO] hw.stepgen: =human= stepgen sg-cmd-pos=1.000000 rev sg-fb-pos=0.389376 rev sg-vel=2.496000 rps sg-acc=8.000000 rps2

=human= stepgen sg-cmd-pos=1.000000 rev sg-fb-pos=0.389376 rev sg-vel=2.496000 rps sg-acc=8.000000 rps2

[INFO] hw.pins: Pin step.fb set to 0.3918760000000002 (was 0.3893760000000002)
Pin step.fb set to 0.3918760000000002 (was 0.3893760000000002)
[INFO] hw.stepgen: =human= stepgen sg-cmd-pos=1.000000 rev sg-fb-pos=0.391876 rev sg-vel=2.504000 rps sg-acc=8.000000 rps2

=human= stepgen sg-cmd-pos=1.000000 rev sg-fb-pos=0.391876 rev sg-vel=2.504000 rps sg-acc=8.000000 rps2

[INFO] hw.pins: Pin step.fb set to 0.39438400000000023 (was 0.3918760000000002)
Pin step.fb set to 0.39438400000000023 (was 0.3918760000000002)
[INFO] hw.stepgen: =human= stepgen sg-cmd-pos=1.000000 rev sg-fb-pos=0.394384 rev sg-vel=2.512000 rps sg-acc=8.000000 rps2

=human= stepgen sg-cmd-pos=1.000000 rev sg-fb-pos=0.394384 rev sg-vel=2.512000 rps sg-acc=8.000000 rps2

[INFO] hw.pins: Pin step.fb set to 0.39690000000000025 (was 0.39438400000000023)
Pin step.fb set to 0.39690000000000025 (was 0.39438400000000023)
[INFO] hw.stepgen: =human= stepgen sg-cmd-pos=1.000000 rev sg-fb-pos=0.396900 rev sg-vel=2.520000 rps sg-acc=8.000000 rps2

=human= stepgen sg-cmd-pos=1.000000 rev sg-fb-pos=0.396900 rev sg-vel=2.520000 rps sg-acc=8.000000 rps2

[INFO] hw.pins: Pin step.fb set to 0.3994240000000003 (was 0.39690000000000025)
Pin step.fb set to 0.3994240000000003 (was 0.39690000000000025)
[INFO] hw.stepgen: =human= stepgen sg-cmd-pos=1.000000 rev sg-fb-pos=0.399424 rev sg-vel=2.528000 rps sg-acc=8.000000 rps2

=human= stepgen sg-cmd-pos=1.000000 rev sg-fb-pos=0.399424 rev sg-vel=2.528000 rps sg-acc=8.000000 rps2

[INFO] hw.pins: Pin step.fb set to 0.40195600000000026 (was 0.3994240000000003)
Pin step.fb set to 0.40195600000000026 (was 0.3994240000000003)
[INFO] hw.stepgen: =human= stepgen sg-cmd-pos=1.000000 rev sg-fb-pos=0.401956 rev sg-vel=2.536000 rps sg-acc=8.000000 rps2

=human= stepgen sg-cmd-pos=1.000000 rev sg-fb-pos=0.401956 rev sg-vel=2.536000 rps sg-acc=8.000000 rps2

[INFO] hw.pins: Pin step.fb set to 0.40449600000000024 (was 0.40195600000000026)
Pin step.fb set to 0.40449600000000024 (was 0.40195600000000026)
[INFO] hw.stepgen: =human= stepgen sg-cmd-pos=1.000000 rev sg-fb-pos=0.404496 rev sg-vel=2.544000 rps sg-acc=8.000000 rps2

=human= stepgen sg-cmd-pos=1.000000 rev sg-fb-pos=0.404496 rev sg-vel=2.544000 rps sg-acc=8.000000 rps2

[INFO] hw.pins: Pin step.fb set to 0.40704400000000024 (was 0.40449600000000024)
Pin step.fb set to 0.40704400000000024 (was 0.40449600000000024)
[INFO] hw.stepgen: =human= stepgen sg-cmd-pos=1.000000 rev sg-fb-pos=0.407044 rev sg-vel=2.552000 rps sg-acc=8.000000 rps2

=human= stepgen sg-cmd-pos=1.000000 rev sg-fb-pos=0.407044 rev sg-vel=2.552000 rps sg-acc=8.000000 rps2

[INFO] hw.pins: Pin step.fb set to 0.40960000000000024 (was 0.40704400000000024)
Pin step.fb set to 0.40960000000000024 (was 0.40704400000000024)
[INFO] hw.stepgen: =human= stepgen sg-cmd-pos=1.000000 rev sg-fb-pos=0.409600 rev sg-vel=2.560000 rps sg-acc=8.000000 rps2

=human= stepgen sg-cmd-pos=1.000000 rev sg-fb-pos=0.409600 rev sg-vel=2.560000 rps sg-acc=8.000000 rps2

[INFO] hw.pins: Pin step.fb set to 0.41216400000000025 (was 0.40960000000000024)
Pin step.fb set to 0.41216400000000025 (was 0.40960000000000024)
[INFO] hw.stepgen: =human= stepgen sg-cmd-pos=1.000000 rev sg-fb-pos=0.412164 rev sg-vel=2.568000 rps sg-acc=8.000000 rps2

=human= stepgen sg-cmd-pos=1.000000 rev sg-fb-pos=0.412164 rev sg-vel=2.568000 rps sg-acc=8.000000 rps2

[INFO] hw.pins: Pin step.fb set to 0.41473600000000027 (was 0.41216400000000025)
Pin step.fb set to 0.41473600000000027 (was 0.41216400000000025)
[INFO] hw.stepgen: =human= stepgen sg-cmd-pos=1.000000 rev sg-fb-pos=0.414736 rev sg-vel=2.576000 rps sg-acc=8.000000 rps2

=human= stepgen sg-cmd-pos=1.000000 rev sg-fb-pos=0.414736 rev sg-vel=2.576000 rps sg-acc=8.000000 rps2

[INFO] hw.pins: Pin step.fb set to 0.4173160000000003 (was 0.41473600000000027)
Pin step.fb set to 0.4173160000000003 (was 0.41473600000000027)
[INFO] hw.stepgen: =human= stepgen sg-cmd-pos=1.000000 rev sg-fb-pos=0.417316 rev sg-vel=2.584000 rps sg-acc=8.000000 rps2

=human= stepgen sg-cmd-pos=1.000000 rev sg-fb-pos=0.417316 rev sg-vel=2.584000 rps sg-acc=8.000000 rps2

[INFO] hw.pins: Pin step.fb set to 0.4199040000000003 (was 0.4173160000000003)
Pin step.fb set to 0.4199040000000003 (was 0.4173160000000003)
[INFO] hw.stepgen: =human= stepgen sg-cmd-pos=1.000000 rev sg-fb-pos=0.419904 rev sg-vel=2.592000 rps sg-acc=8.000000 rps2

=human= stepgen sg-cmd-pos=1.000000 rev sg-fb-pos=0.419904 rev sg-vel=2.592000 rps sg-acc=8.000000 rps2

[INFO] hw.pins: Pin step.fb set to 0.42250000000000026 (was 0.4199040000000003)
Pin step.fb set to 0.42250000000000026 (was 0.4199040000000003)
[INFO] hw.stepgen: =human= stepgen sg-cmd-pos=1.000000 rev sg-fb-pos=0.422500 rev sg-vel=2.600000 rps sg-acc=8.000000 rps2

=human= stepgen sg-cmd-pos=1.000000 rev sg-fb-pos=0.422500 rev sg-vel=2.600000 rps sg-acc=8.000000 rps2

[INFO] hw.pins: Pin step.fb set to 0.42510400000000026 (was 0.42250000000000026)
Pin step.fb set to 0.42510400000000026 (was 0.42250000000000026)
[INFO] hw.stepgen: =human= stepgen sg-cmd-pos=1.000000 rev sg-fb-pos=0.425104 rev sg-vel=2.608000 rps sg-acc=8.000000 rps2

=human= stepgen sg-cmd-pos=1.000000 rev sg-fb-pos=0.425104 rev sg-vel=2.608000 rps sg-acc=8.000000 rps2

[INFO] hw.pins: Pin step.fb set to 0.42771600000000026 (was 0.42510400000000026)
Pin step.fb set to 0.42771600000000026 (was 0.42510400000000026)
[INFO] hw.stepgen: =human= stepgen sg-cmd-pos=1.000000 rev sg-fb-pos=0.427716 rev sg-vel=2.616000 rps sg-acc=8.000000 rps2

=human= stepgen sg-cmd-pos=1.000000 rev sg-fb-pos=0.427716 rev sg-vel=2.616000 rps sg-acc=8.000000 rps2

[INFO] hw.pins: Pin step.fb set to 0.4303360000000003 (was 0.42771600000000026)
Pin step.fb set to 0.4303360000000003 (was 0.42771600000000026)
[INFO] hw.stepgen: =human= stepgen sg-cmd-pos=1.000000 rev sg-fb-pos=0.430336 rev sg-vel=2.624000 rps sg-acc=8.000000 rps2

=human= stepgen sg-cmd-pos=1.000000 rev sg-fb-pos=0.430336 rev sg-vel=2.624000 rps sg-acc=8.000000 rps2

[INFO] hw.pins: Pin step.fb set to 0.4329640000000003 (was 0.4303360000000003)
Pin step.fb set to 0.4329640000000003 (was 0.4303360000000003)
[INFO] hw.stepgen: =human= stepgen sg-cmd-pos=1.000000 rev sg-fb-pos=0.432964 rev sg-vel=2.632000 rps sg-acc=8.000000 rps2

=human= stepgen sg-cmd-pos=1.000000 rev sg-fb-pos=0.432964 rev sg-vel=2.632000 rps sg-acc=8.000000 rps2

[INFO] hw.pins: Pin step.fb set to 0.4356000000000003 (was 0.4329640000000003)
Pin step.fb set to 0.4356000000000003 (was 0.4329640000000003)
[INFO] hw.stepgen: =human= stepgen sg-cmd-pos=1.000000 rev sg-fb-pos=0.435600 rev sg-vel=2.640000 rps sg-acc=8.000000 rps2

=human= stepgen sg-cmd-pos=1.000000 rev sg-fb-pos=0.435600 rev sg-vel=2.640000 rps sg-acc=8.000000 rps2

[INFO] hw.pins: Pin step.fb set to 0.4382440000000003 (was 0.4356000000000003)
Pin step.fb set to 0.4382440000000003 (was 0.4356000000000003)
[INFO] hw.stepgen: =human= stepgen sg-cmd-pos=1.000000 rev sg-fb-pos=0.438244 rev sg-vel=2.648000 rps sg-acc=8.000000 rps2

=human= stepgen sg-cmd-pos=1.000000 rev sg-fb-pos=0.438244 rev sg-vel=2.648000 rps sg-acc=8.000000 rps2

[INFO] hw.pins: Pin step.fb set to 0.4408960000000003 (was 0.4382440000000003)
Pin step.fb set to 0.4408960000000003 (was 0.4382440000000003)
[INFO] hw.stepgen: =human= stepgen sg-cmd-pos=1.000000 rev sg-fb-pos=0.440896 rev sg-vel=2.656000 rps sg-acc=8.000000 rps2

=human= stepgen sg-cmd-pos=1.000000 rev sg-fb-pos=0.440896 rev sg-vel=2.656000 rps sg-acc=8.000000 rps2

[INFO] hw.pins: Pin step.fb set to 0.4435560000000003 (was 0.4408960000000003)
Pin step.fb set to 0.4435560000000003 (was 0.4408960000000003)
[INFO] hw.stepgen: =human= stepgen sg-cmd-pos=1.000000 rev sg-fb-pos=0.443556 rev sg-vel=2.664000 rps sg-acc=8.000000 rps2

=human= stepgen sg-cmd-pos=1.000000 rev sg-fb-pos=0.443556 rev sg-vel=2.664000 rps sg-acc=8.000000 rps2

[INFO] hw.pins: Pin step.fb set to 0.4462240000000003 (was 0.4435560000000003)
Pin step.fb set to 0.4462240000000003 (was 0.4435560000000003)
[INFO] hw.stepgen: =human= stepgen sg-cmd-pos=1.000000 rev sg-fb-pos=0.446224 rev sg-vel=2.672000 rps sg-acc=8.000000 rps2

=human= stepgen sg-cmd-pos=1.000000 rev sg-fb-pos=0.446224 rev sg-vel=2.672000 rps sg-acc=8.000000 rps2

[INFO] hw.pins: Pin step.fb set to 0.4489000000000003 (was 0.4462240000000003)
Pin step.fb set to 0.4489000000000003 (was 0.4462240000000003)
[INFO] hw.stepgen: =human= stepgen sg-cmd-pos=1.000000 rev sg-fb-pos=0.448900 rev sg-vel=2.680000 rps sg-acc=8.000000 rps2

=human= stepgen sg-cmd-pos=1.000000 rev sg-fb-pos=0.448900 rev sg-vel=2.680000 rps sg-acc=8.000000 rps2

[INFO] hw.pins: Pin step.fb set to 0.4515840000000003 (was 0.4489000000000003)
Pin step.fb set to 0.4515840000000003 (was 0.4489000000000003)
[INFO] hw.stepgen: =human= stepgen sg-cmd-pos=1.000000 rev sg-fb-pos=0.451584 rev sg-vel=2.688000 rps sg-acc=8.000000 rps2

=human= stepgen sg-cmd-pos=1.000000 rev sg-fb-pos=0.451584 rev sg-vel=2.688000 rps sg-acc=8.000000 rps2

[INFO] hw.pins: Pin step.fb set to 0.45427600000000035 (was 0.4515840000000003)
Pin step.fb set to 0.45427600000000035 (was 0.4515840000000003)
[INFO] hw.stepgen: =human= stepgen sg-cmd-pos=1.000000 rev sg-fb-pos=0.454276 rev sg-vel=2.696000 rps sg-acc=8.000000 rps2

=human= stepgen sg-cmd-pos=1.000000 rev sg-fb-pos=0.454276 rev sg-vel=2.696000 rps sg-acc=8.000000 rps2

[INFO] hw.pins: Pin step.fb set to 0.4569760000000003 (was 0.45427600000000035)
Pin step.fb set to 0.4569760000000003 (was 0.45427600000000035)
[INFO] hw.stepgen: =human= stepgen sg-cmd-pos=1.000000 rev sg-fb-pos=0.456976 rev sg-vel=2.704000 rps sg-acc=8.000000 rps2

=human= stepgen sg-cmd-pos=1.000000 rev sg-fb-pos=0.456976 rev sg-vel=2.704000 rps sg-acc=8.000000 rps2

[INFO] hw.pins: Pin step.fb set to 0.4596840000000003 (was 0.4569760000000003)
Pin step.fb set to 0.4596840000000003 (was 0.4569760000000003)
[INFO] hw.stepgen: =human= stepgen sg-cmd-pos=1.000000 rev sg-fb-pos=0.459684 rev sg-vel=2.712000 rps sg-acc=8.000000 rps2

=human= stepgen sg-cmd-pos=1.000000 rev sg-fb-pos=0.459684 rev sg-vel=2.712000 rps sg-acc=8.000000 rps2

[INFO] hw.pins: Pin step.fb set to 0.4624000000000003 (was 0.4596840000000003)
Pin step.fb set to 0.4624000000000003 (was 0.4596840000000003)
[INFO] hw.stepgen: =human= stepgen sg-cmd-pos=1.000000 rev sg-fb-pos=0.462400 rev sg-vel=2.720000 rps sg-acc=8.000000 rps2

=human= stepgen sg-cmd-pos=1.000000 rev sg-fb-pos=0.462400 rev sg-vel=2.720000 rps sg-acc=8.000000 rps2

[INFO] hw.pins: Pin step.fb set to 0.4651240000000003 (was 0.4624000000000003)
Pin step.fb set to 0.4651240000000003 (was 0.4624000000000003)
[INFO] hw.stepgen: =human= stepgen sg-cmd-pos=1.000000 rev sg-fb-pos=0.465124 rev sg-vel=2.728000 rps sg-acc=8.000000 rps2

=human= stepgen sg-cmd-pos=1.000000 rev sg-fb-pos=0.465124 rev sg-vel=2.728000 rps sg-acc=8.000000 rps2

[INFO] hw.pins: Pin step.fb set to 0.4678560000000003 (was 0.4651240000000003)
Pin step.fb set to 0.4678560000000003 (was 0.4651240000000003)
[INFO] hw.stepgen: =human= stepgen sg-cmd-pos=1.000000 rev sg-fb-pos=0.467856 rev sg-vel=2.736000 rps sg-acc=8.000000 rps2

=human= stepgen sg-cmd-pos=1.000000 rev sg-fb-pos=0.467856 rev sg-vel=2.736000 rps sg-acc=8.000000 rps2

[INFO] hw.pins: Pin step.fb set to 0.47059600000000035 (was 0.4678560000000003)
Pin step.fb set to 0.47059600000000035 (was 0.4678560000000003)
[INFO] hw.stepgen: =human= stepgen sg-cmd-pos=1.000000 rev sg-fb-pos=0.470596 rev sg-vel=2.744000 rps sg-acc=8.000000 rps2

=human= stepgen sg-cmd-pos=1.000000 rev sg-fb-pos=0.470596 rev sg-vel=2.744000 rps sg-acc=8.000000 rps2

[INFO] hw.pins: Pin step.fb set to 0.4733440000000004 (was 0.47059600000000035)
Pin step.fb set to 0.4733440000000004 (was 0.47059600000000035)
[INFO] hw.stepgen: =human= stepgen sg-cmd-pos=1.000000 rev sg-fb-pos=0.473344 rev sg-vel=2.752000 rps sg-acc=8.000000 rps2

=human= stepgen sg-cmd-pos=1.000000 rev sg-fb-pos=0.473344 rev sg-vel=2.752000 rps sg-acc=8.000000 rps2

[INFO] hw.pins: Pin step.fb set to 0.47610000000000036 (was 0.4733440000000004)
Pin step.fb set to 0.47610000000000036 (was 0.4733440000000004)
[INFO] hw.stepgen: =human= stepgen sg-cmd-pos=1.000000 rev sg-fb-pos=0.476100 rev sg-vel=2.760000 rps sg-acc=8.000000 rps2

=human= stepgen sg-cmd-pos=1.000000 rev sg-fb-pos=0.476100 rev sg-vel=2.760000 rps sg-acc=8.000000 rps2

[INFO] hw.pins: Pin step.fb set to 0.47886400000000034 (was 0.47610000000000036)
Pin step.fb set to 0.47886400000000034 (was 0.47610000000000036)
[INFO] hw.stepgen: =human= stepgen sg-cmd-pos=1.000000 rev sg-fb-pos=0.478864 rev sg-vel=2.768000 rps sg-acc=8.000000 rps2

=human= stepgen sg-cmd-pos=1.000000 rev sg-fb-pos=0.478864 rev sg-vel=2.768000 rps sg-acc=8.000000 rps2

[INFO] hw.pins: Pin step.fb set to 0.48163600000000034 (was 0.47886400000000034)
Pin step.fb set to 0.48163600000000034 (was 0.47886400000000034)
[INFO] hw.stepgen: =human= stepgen sg-cmd-pos=1.000000 rev sg-fb-pos=0.481636 rev sg-vel=2.776000 rps sg-acc=8.000000 rps2

=human= stepgen sg-cmd-pos=1.000000 rev sg-fb-pos=0.481636 rev sg-vel=2.776000 rps sg-acc=8.000000 rps2

[INFO] hw.pins: Pin step.fb set to 0.48441600000000035 (was 0.48163600000000034)
Pin step.fb set to 0.48441600000000035 (was 0.48163600000000034)
[INFO] hw.stepgen: =human= stepgen sg-cmd-pos=1.000000 rev sg-fb-pos=0.484416 rev sg-vel=2.784000 rps sg-acc=8.000000 rps2

=human= stepgen sg-cmd-pos=1.000000 rev sg-fb-pos=0.484416 rev sg-vel=2.784000 rps sg-acc=8.000000 rps2

[INFO] hw.pins: Pin step.fb set to 0.48720400000000036 (was 0.48441600000000035)
Pin step.fb set to 0.48720400000000036 (was 0.48441600000000035)
[INFO] hw.stepgen: =human= stepgen sg-cmd-pos=1.000000 rev sg-fb-pos=0.487204 rev sg-vel=2.792000 rps sg-acc=8.000000 rps2

=human= stepgen sg-cmd-pos=1.000000 rev sg-fb-pos=0.487204 rev sg-vel=2.792000 rps sg-acc=8.000000 rps2

[INFO] hw.pins: Pin step.fb set to 0.4900000000000004 (was 0.48720400000000036)
Pin step.fb set to 0.4900000000000004 (was 0.48720400000000036)
[INFO] hw.stepgen: =human= stepgen sg-cmd-pos=1.000000 rev sg-fb-pos=0.490000 rev sg-vel=2.800000 rps sg-acc=8.000000 rps2

=human= stepgen sg-cmd-pos=1.000000 rev sg-fb-pos=0.490000 rev sg-vel=2.800000 rps sg-acc=8.000000 rps2

[INFO] hw.pins: Pin step.fb set to 0.4928040000000004 (was 0.4900000000000004)
Pin step.fb set to 0.4928040000000004 (was 0.4900000000000004)
[INFO] hw.stepgen: =human= stepgen sg-cmd-pos=1.000000 rev sg-fb-pos=0.492804 rev sg-vel=2.808000 rps sg-acc=8.000000 rps2

=human= stepgen sg-cmd-pos=1.000000 rev sg-fb-pos=0.492804 rev sg-vel=2.808000 rps sg-acc=8.000000 rps2

[INFO] hw.pins: Pin step.fb set to 0.4956160000000004 (was 0.4928040000000004)
Pin step.fb set to 0.4956160000000004 (was 0.4928040000000004)
[INFO] hw.stepgen: =human= stepgen sg-cmd-pos=1.000000 rev sg-fb-pos=0.495616 rev sg-vel=2.816000 rps sg-acc=8.000000 rps2

=human= stepgen sg-cmd-pos=1.000000 rev sg-fb-pos=0.495616 rev sg-vel=2.816000 rps sg-acc=8.000000 rps2

[INFO] hw.pins: Pin step.fb set to 0.4984360000000004 (was 0.4956160000000004)
Pin step.fb set to 0.4984360000000004 (was 0.4956160000000004)
[INFO] hw.stepgen: =human= stepgen sg-cmd-pos=1.000000 rev sg-fb-pos=0.498436 rev sg-vel=2.824000 rps sg-acc=8.000000 rps2

=human= stepgen sg-cmd-pos=1.000000 rev sg-fb-pos=0.498436 rev sg-vel=2.824000 rps sg-acc=8.000000 rps2

[INFO] hw.pins: Pin step.fb set to 0.5012640000000004 (was 0.4984360000000004)
Pin step.fb set to 0.5012640000000004 (was 0.4984360000000004)
[INFO] hw.stepgen: =human= stepgen sg-cmd-pos=1.000000 rev sg-fb-pos=0.501264 rev sg-vel=2.832000 rps sg-acc=8.000000 rps2

=human= stepgen sg-cmd-pos=1.000000 rev sg-fb-pos=0.501264 rev sg-vel=2.832000 rps sg-acc=8.000000 rps2

[INFO] hw.pins: Pin step.fb set to 0.5040920000000004 (was 0.5012640000000004)
Pin step.fb set to 0.5040920000000004 (was 0.5012640000000004)
[INFO] hw.stepgen: =human= stepgen sg-cmd-pos=1.000000 rev sg-fb-pos=0.504092 rev sg-vel=2.824000 rps sg-acc=-8.000000 rps2

=human= stepgen sg-cmd-pos=1.000000 rev sg-fb-pos=0.504092 rev sg-vel=2.824000 rps sg-acc=-8.000000 rps2

[INFO] hw.pins: Pin step.fb set to 0.5069120000000005 (was 0.5040920000000004)
Pin step.fb set to 0.5069120000000005 (was 0.5040920000000004)
[INFO] hw.stepgen: =human= stepgen sg-cmd-pos=1.000000 rev sg-fb-pos=0.506912 rev sg-vel=2.816000 rps sg-acc=-8.000000 rps2

=human= stepgen sg-cmd-pos=1.000000 rev sg-fb-pos=0.506912 rev sg-vel=2.816000 rps sg-acc=-8.000000 rps2

[INFO] hw.pins: Pin step.fb set to 0.5097240000000005 (was 0.5069120000000005)
Pin step.fb set to 0.5097240000000005 (was 0.5069120000000005)
[INFO] hw.stepgen: =human= stepgen sg-cmd-pos=1.000000 rev sg-fb-pos=0.509724 rev sg-vel=2.808000 rps sg-acc=-8.000000 rps2

=human= stepgen sg-cmd-pos=1.000000 rev sg-fb-pos=0.509724 rev sg-vel=2.808000 rps sg-acc=-8.000000 rps2

[INFO] hw.pins: Pin step.fb set to 0.5125280000000005 (was 0.5097240000000005)
Pin step.fb set to 0.5125280000000005 (was 0.5097240000000005)
[INFO] hw.stepgen: =human= stepgen sg-cmd-pos=1.000000 rev sg-fb-pos=0.512528 rev sg-vel=2.800000 rps sg-acc=-8.000000 rps2

=human= stepgen sg-cmd-pos=1.000000 rev sg-fb-pos=0.512528 rev sg-vel=2.800000 rps sg-acc=-8.000000 rps2

[INFO] hw.pins: Pin step.fb set to 0.5153240000000006 (was 0.5125280000000005)
Pin step.fb set to 0.5153240000000006 (was 0.5125280000000005)
[INFO] hw.stepgen: =human= stepgen sg-cmd-pos=1.000000 rev sg-fb-pos=0.515324 rev sg-vel=2.792000 rps sg-acc=-8.000000 rps2

=human= stepgen sg-cmd-pos=1.000000 rev sg-fb-pos=0.515324 rev sg-vel=2.792000 rps sg-acc=-8.000000 rps2

[INFO] hw.pins: Pin step.fb set to 0.5181120000000006 (was 0.5153240000000006)
Pin step.fb set to 0.5181120000000006 (was 0.5153240000000006)
[INFO] hw.stepgen: =human= stepgen sg-cmd-pos=1.000000 rev sg-fb-pos=0.518112 rev sg-vel=2.784000 rps sg-acc=-8.000000 rps2

=human= stepgen sg-cmd-pos=1.000000 rev sg-fb-pos=0.518112 rev sg-vel=2.784000 rps sg-acc=-8.000000 rps2

[INFO] hw.pins: Pin step.fb set to 0.5208920000000006 (was 0.5181120000000006)
Pin step.fb set to 0.5208920000000006 (was 0.5181120000000006)
[INFO] hw.stepgen: =human= stepgen sg-cmd-pos=1.000000 rev sg-fb-pos=0.520892 rev sg-vel=2.776000 rps sg-acc=-8.000000 rps2

=human= stepgen sg-cmd-pos=1.000000 rev sg-fb-pos=0.520892 rev sg-vel=2.776000 rps sg-acc=-8.000000 rps2

[INFO] hw.pins: Pin step.fb set to 0.5236640000000006 (was 0.5208920000000006)
Pin step.fb set to 0.5236640000000006 (was 0.5208920000000006)
[INFO] hw.stepgen: =human= stepgen sg-cmd-pos=1.000000 rev sg-fb-pos=0.523664 rev sg-vel=2.768000 rps sg-acc=-8.000000 rps2

=human= stepgen sg-cmd-pos=1.000000 rev sg-fb-pos=0.523664 rev sg-vel=2.768000 rps sg-acc=-8.000000 rps2

[INFO] hw.pins: Pin step.fb set to 0.5264280000000006 (was 0.5236640000000006)
Pin step.fb set to 0.5264280000000006 (was 0.5236640000000006)
[INFO] hw.stepgen: =human= stepgen sg-cmd-pos=1.000000 rev sg-fb-pos=0.526428 rev sg-vel=2.760000 rps sg-acc=-8.000000 rps2

=human= stepgen sg-cmd-pos=1.000000 rev sg-fb-pos=0.526428 rev sg-vel=2.760000 rps sg-acc=-8.000000 rps2

[INFO] hw.pins: Pin step.fb set to 0.5291840000000005 (was 0.5264280000000006)
Pin step.fb set to 0.5291840000000005 (was 0.5264280000000006)
[INFO] hw.stepgen: =human= stepgen sg-cmd-pos=1.000000 rev sg-fb-pos=0.529184 rev sg-vel=2.752000 rps sg-acc=-8.000000 rps2

=human= stepgen sg-cmd-pos=1.000000 rev sg-fb-pos=0.529184 rev sg-vel=2.752000 rps sg-acc=-8.000000 rps2

[INFO] hw.pins: Pin step.fb set to 0.5319320000000005 (was 0.5291840000000005)
Pin step.fb set to 0.5319320000000005 (was 0.5291840000000005)
[INFO] hw.stepgen: =human= stepgen sg-cmd-pos=1.000000 rev sg-fb-pos=0.531932 rev sg-vel=2.744000 rps sg-acc=-8.000000 rps2

=human= stepgen sg-cmd-pos=1.000000 rev sg-fb-pos=0.531932 rev sg-vel=2.744000 rps sg-acc=-8.000000 rps2

[INFO] hw.pins: Pin step.fb set to 0.5346720000000005 (was 0.5319320000000005)
Pin step.fb set to 0.5346720000000005 (was 0.5319320000000005)
[INFO] hw.stepgen: =human= stepgen sg-cmd-pos=1.000000 rev sg-fb-pos=0.534672 rev sg-vel=2.736000 rps sg-acc=-8.000000 rps2

=human= stepgen sg-cmd-pos=1.000000 rev sg-fb-pos=0.534672 rev sg-vel=2.736000 rps sg-acc=-8.000000 rps2

[INFO] hw.pins: Pin step.fb set to 0.5374040000000004 (was 0.5346720000000005)
Pin step.fb set to 0.5374040000000004 (was 0.5346720000000005)
[INFO] hw.stepgen: =human= stepgen sg-cmd-pos=1.000000 rev sg-fb-pos=0.537404 rev sg-vel=2.728000 rps sg-acc=-8.000000 rps2

=human= stepgen sg-cmd-pos=1.000000 rev sg-fb-pos=0.537404 rev sg-vel=2.728000 rps sg-acc=-8.000000 rps2

[INFO] hw.pins: Pin step.fb set to 0.5401280000000004 (was 0.5374040000000004)
Pin step.fb set to 0.5401280000000004 (was 0.5374040000000004)
[INFO] hw.stepgen: =human= stepgen sg-cmd-pos=1.000000 rev sg-fb-pos=0.540128 rev sg-vel=2.720000 rps sg-acc=-8.000000 rps2

=human= stepgen sg-cmd-pos=1.000000 rev sg-fb-pos=0.540128 rev sg-vel=2.720000 rps sg-acc=-8.000000 rps2

[INFO] hw.pins: Pin step.fb set to 0.5428440000000004 (was 0.5401280000000004)
Pin step.fb set to 0.5428440000000004 (was 0.5401280000000004)
[INFO] hw.stepgen: =human= stepgen sg-cmd-pos=1.000000 rev sg-fb-pos=0.542844 rev sg-vel=2.712000 rps sg-acc=-8.000000 rps2

=human= stepgen sg-cmd-pos=1.000000 rev sg-fb-pos=0.542844 rev sg-vel=2.712000 rps sg-acc=-8.000000 rps2

[INFO] hw.pins: Pin step.fb set to 0.5455520000000005 (was 0.5428440000000004)
Pin step.fb set to 0.5455520000000005 (was 0.5428440000000004)
[INFO] hw.stepgen: =human= stepgen sg-cmd-pos=1.000000 rev sg-fb-pos=0.545552 rev sg-vel=2.704000 rps sg-acc=-8.000000 rps2

=human= stepgen sg-cmd-pos=1.000000 rev sg-fb-pos=0.545552 rev sg-vel=2.704000 rps sg-acc=-8.000000 rps2

[INFO] hw.pins: Pin step.fb set to 0.5482520000000005 (was 0.5455520000000005)
Pin step.fb set to 0.5482520000000005 (was 0.5455520000000005)
[INFO] hw.stepgen: =human= stepgen sg-cmd-pos=1.000000 rev sg-fb-pos=0.548252 rev sg-vel=2.696000 rps sg-acc=-8.000000 rps2

=human= stepgen sg-cmd-pos=1.000000 rev sg-fb-pos=0.548252 rev sg-vel=2.696000 rps sg-acc=-8.000000 rps2

[INFO] hw.pins: Pin step.fb set to 0.5509440000000005 (was 0.5482520000000005)
Pin step.fb set to 0.5509440000000005 (was 0.5482520000000005)
[INFO] hw.stepgen: =human= stepgen sg-cmd-pos=1.000000 rev sg-fb-pos=0.550944 rev sg-vel=2.688000 rps sg-acc=-8.000000 rps2

=human= stepgen sg-cmd-pos=1.000000 rev sg-fb-pos=0.550944 rev sg-vel=2.688000 rps sg-acc=-8.000000 rps2

[INFO] hw.pins: Pin step.fb set to 0.5536280000000006 (was 0.5509440000000005)
Pin step.fb set to 0.5536280000000006 (was 0.5509440000000005)
[INFO] hw.stepgen: =human= stepgen sg-cmd-pos=1.000000 rev sg-fb-pos=0.553628 rev sg-vel=2.680000 rps sg-acc=-8.000000 rps2

=human= stepgen sg-cmd-pos=1.000000 rev sg-fb-pos=0.553628 rev sg-vel=2.680000 rps sg-acc=-8.000000 rps2

[INFO] hw.pins: Pin step.fb set to 0.5563040000000006 (was 0.5536280000000006)
Pin step.fb set to 0.5563040000000006 (was 0.5536280000000006)
[INFO] hw.stepgen: =human= stepgen sg-cmd-pos=1.000000 rev sg-fb-pos=0.556304 rev sg-vel=2.672000 rps sg-acc=-8.000000 rps2

=human= stepgen sg-cmd-pos=1.000000 rev sg-fb-pos=0.556304 rev sg-vel=2.672000 rps sg-acc=-8.000000 rps2

[INFO] hw.pins: Pin step.fb set to 0.5589720000000006 (was 0.5563040000000006)
Pin step.fb set to 0.5589720000000006 (was 0.5563040000000006)
[INFO] hw.stepgen: =human= stepgen sg-cmd-pos=1.000000 rev sg-fb-pos=0.558972 rev sg-vel=2.664000 rps sg-acc=-8.000000 rps2

=human= stepgen sg-cmd-pos=1.000000 rev sg-fb-pos=0.558972 rev sg-vel=2.664000 rps sg-acc=-8.000000 rps2

[INFO] hw.pins: Pin step.fb set to 0.5616320000000006 (was 0.5589720000000006)
Pin step.fb set to 0.5616320000000006 (was 0.5589720000000006)
[INFO] hw.stepgen: =human= stepgen sg-cmd-pos=1.000000 rev sg-fb-pos=0.561632 rev sg-vel=2.656000 rps sg-acc=-8.000000 rps2

=human= stepgen sg-cmd-pos=1.000000 rev sg-fb-pos=0.561632 rev sg-vel=2.656000 rps sg-acc=-8.000000 rps2

[INFO] hw.pins: Pin step.fb set to 0.5642840000000006 (was 0.5616320000000006)
Pin step.fb set to 0.5642840000000006 (was 0.5616320000000006)
[INFO] hw.stepgen: =human= stepgen sg-cmd-pos=1.000000 rev sg-fb-pos=0.564284 rev sg-vel=2.648000 rps sg-acc=-8.000000 rps2

=human= stepgen sg-cmd-pos=1.000000 rev sg-fb-pos=0.564284 rev sg-vel=2.648000 rps sg-acc=-8.000000 rps2

[INFO] hw.pins: Pin step.fb set to 0.5669280000000005 (was 0.5642840000000006)
Pin step.fb set to 0.5669280000000005 (was 0.5642840000000006)
[INFO] hw.stepgen: =human= stepgen sg-cmd-pos=1.000000 rev sg-fb-pos=0.566928 rev sg-vel=2.640000 rps sg-acc=-8.000000 rps2

=human= stepgen sg-cmd-pos=1.000000 rev sg-fb-pos=0.566928 rev sg-vel=2.640000 rps sg-acc=-8.000000 rps2

[INFO] hw.pins: Pin step.fb set to 0.5695640000000005 (was 0.5669280000000005)
Pin step.fb set to 0.5695640000000005 (was 0.5669280000000005)
[INFO] hw.stepgen: =human= stepgen sg-cmd-pos=1.000000 rev sg-fb-pos=0.569564 rev sg-vel=2.632000 rps sg-acc=-8.000000 rps2

=human= stepgen sg-cmd-pos=1.000000 rev sg-fb-pos=0.569564 rev sg-vel=2.632000 rps sg-acc=-8.000000 rps2

[INFO] hw.pins: Pin step.fb set to 0.5721920000000005 (was 0.5695640000000005)
Pin step.fb set to 0.5721920000000005 (was 0.5695640000000005)
[INFO] hw.stepgen: =human= stepgen sg-cmd-pos=1.000000 rev sg-fb-pos=0.572192 rev sg-vel=2.624000 rps sg-acc=-8.000000 rps2

=human= stepgen sg-cmd-pos=1.000000 rev sg-fb-pos=0.572192 rev sg-vel=2.624000 rps sg-acc=-8.000000 rps2

[INFO] hw.pins: Pin step.fb set to 0.5748120000000004 (was 0.5721920000000005)
Pin step.fb set to 0.5748120000000004 (was 0.5721920000000005)
[INFO] hw.stepgen: =human= stepgen sg-cmd-pos=1.000000 rev sg-fb-pos=0.574812 rev sg-vel=2.616000 rps sg-acc=-8.000000 rps2

=human= stepgen sg-cmd-pos=1.000000 rev sg-fb-pos=0.574812 rev sg-vel=2.616000 rps sg-acc=-8.000000 rps2

[INFO] hw.pins: Pin step.fb set to 0.5774240000000004 (was 0.5748120000000004)
Pin step.fb set to 0.5774240000000004 (was 0.5748120000000004)
[INFO] hw.stepgen: =human= stepgen sg-cmd-pos=1.000000 rev sg-fb-pos=0.577424 rev sg-vel=2.608000 rps sg-acc=-8.000000 rps2

=human= stepgen sg-cmd-pos=1.000000 rev sg-fb-pos=0.577424 rev sg-vel=2.608000 rps sg-acc=-8.000000 rps2

[INFO] hw.pins: Pin step.fb set to 0.5800280000000004 (was 0.5774240000000004)
Pin step.fb set to 0.5800280000000004 (was 0.5774240000000004)
[INFO] hw.stepgen: =human= stepgen sg-cmd-pos=1.000000 rev sg-fb-pos=0.580028 rev sg-vel=2.600000 rps sg-acc=-8.000000 rps2

=human= stepgen sg-cmd-pos=1.000000 rev sg-fb-pos=0.580028 rev sg-vel=2.600000 rps sg-acc=-8.000000 rps2

[INFO] hw.pins: Pin step.fb set to 0.5826240000000005 (was 0.5800280000000004)
Pin step.fb set to 0.5826240000000005 (was 0.5800280000000004)
[INFO] hw.stepgen: =human= stepgen sg-cmd-pos=1.000000 rev sg-fb-pos=0.582624 rev sg-vel=2.592000 rps sg-acc=-8.000000 rps2

=human= stepgen sg-cmd-pos=1.000000 rev sg-fb-pos=0.582624 rev sg-vel=2.592000 rps sg-acc=-8.000000 rps2

[INFO] hw.pins: Pin step.fb set to 0.5852120000000005 (was 0.5826240000000005)
Pin step.fb set to 0.5852120000000005 (was 0.5826240000000005)
[INFO] hw.stepgen: =human= stepgen sg-cmd-pos=1.000000 rev sg-fb-pos=0.585212 rev sg-vel=2.584000 rps sg-acc=-8.000000 rps2

=human= stepgen sg-cmd-pos=1.000000 rev sg-fb-pos=0.585212 rev sg-vel=2.584000 rps sg-acc=-8.000000 rps2

[INFO] hw.pins: Pin step.fb set to 0.5877920000000005 (was 0.5852120000000005)
Pin step.fb set to 0.5877920000000005 (was 0.5852120000000005)
[INFO] hw.stepgen: =human= stepgen sg-cmd-pos=1.000000 rev sg-fb-pos=0.587792 rev sg-vel=2.576000 rps sg-acc=-8.000000 rps2

=human= stepgen sg-cmd-pos=1.000000 rev sg-fb-pos=0.587792 rev sg-vel=2.576000 rps sg-acc=-8.000000 rps2

[INFO] hw.pins: Pin step.fb set to 0.5903640000000006 (was 0.5877920000000005)
Pin step.fb set to 0.5903640000000006 (was 0.5877920000000005)
[INFO] hw.stepgen: =human= stepgen sg-cmd-pos=1.000000 rev sg-fb-pos=0.590364 rev sg-vel=2.568000 rps sg-acc=-8.000000 rps2

=human= stepgen sg-cmd-pos=1.000000 rev sg-fb-pos=0.590364 rev sg-vel=2.568000 rps sg-acc=-8.000000 rps2

[INFO] hw.pins: Pin step.fb set to 0.5929280000000006 (was 0.5903640000000006)
Pin step.fb set to 0.5929280000000006 (was 0.5903640000000006)
[INFO] hw.stepgen: =human= stepgen sg-cmd-pos=1.000000 rev sg-fb-pos=0.592928 rev sg-vel=2.560000 rps sg-acc=-8.000000 rps2

=human= stepgen sg-cmd-pos=1.000000 rev sg-fb-pos=0.592928 rev sg-vel=2.560000 rps sg-acc=-8.000000 rps2

[INFO] hw.pins: Pin step.fb set to 0.5954840000000006 (was 0.5929280000000006)
Pin step.fb set to 0.5954840000000006 (was 0.5929280000000006)
[INFO] hw.stepgen: =human= stepgen sg-cmd-pos=1.000000 rev sg-fb-pos=0.595484 rev sg-vel=2.552000 rps sg-acc=-8.000000 rps2

=human= stepgen sg-cmd-pos=1.000000 rev sg-fb-pos=0.595484 rev sg-vel=2.552000 rps sg-acc=-8.000000 rps2

[INFO] hw.pins: Pin step.fb set to 0.5980320000000006 (was 0.5954840000000006)
Pin step.fb set to 0.5980320000000006 (was 0.5954840000000006)
[INFO] hw.stepgen: =human= stepgen sg-cmd-pos=1.000000 rev sg-fb-pos=0.598032 rev sg-vel=2.544000 rps sg-acc=-8.000000 rps2

=human= stepgen sg-cmd-pos=1.000000 rev sg-fb-pos=0.598032 rev sg-vel=2.544000 rps sg-acc=-8.000000 rps2

[INFO] hw.pins: Pin step.fb set to 0.6005720000000005 (was 0.5980320000000006)
Pin step.fb set to 0.6005720000000005 (was 0.5980320000000006)
[INFO] hw.stepgen: =human= stepgen sg-cmd-pos=1.000000 rev sg-fb-pos=0.600572 rev sg-vel=2.536000 rps sg-acc=-8.000000 rps2

=human= stepgen sg-cmd-pos=1.000000 rev sg-fb-pos=0.600572 rev sg-vel=2.536000 rps sg-acc=-8.000000 rps2

[INFO] hw.pins: Pin step.fb set to 0.6031040000000005 (was 0.6005720000000005)
Pin step.fb set to 0.6031040000000005 (was 0.6005720000000005)
[INFO] hw.stepgen: =human= stepgen sg-cmd-pos=1.000000 rev sg-fb-pos=0.603104 rev sg-vel=2.528000 rps sg-acc=-8.000000 rps2

=human= stepgen sg-cmd-pos=1.000000 rev sg-fb-pos=0.603104 rev sg-vel=2.528000 rps sg-acc=-8.000000 rps2

[INFO] hw.pins: Pin step.fb set to 0.6056280000000005 (was 0.6031040000000005)
Pin step.fb set to 0.6056280000000005 (was 0.6031040000000005)
[INFO] hw.stepgen: =human= stepgen sg-cmd-pos=1.000000 rev sg-fb-pos=0.605628 rev sg-vel=2.520000 rps sg-acc=-8.000000 rps2

=human= stepgen sg-cmd-pos=1.000000 rev sg-fb-pos=0.605628 rev sg-vel=2.520000 rps sg-acc=-8.000000 rps2

[INFO] hw.pins: Pin step.fb set to 0.6081440000000005 (was 0.6056280000000005)
Pin step.fb set to 0.6081440000000005 (was 0.6056280000000005)
[INFO] hw.stepgen: =human= stepgen sg-cmd-pos=1.000000 rev sg-fb-pos=0.608144 rev sg-vel=2.512000 rps sg-acc=-8.000000 rps2

=human= stepgen sg-cmd-pos=1.000000 rev sg-fb-pos=0.608144 rev sg-vel=2.512000 rps sg-acc=-8.000000 rps2

[INFO] hw.pins: Pin step.fb set to 0.6106520000000004 (was 0.6081440000000005)
Pin step.fb set to 0.6106520000000004 (was 0.6081440000000005)
[INFO] hw.stepgen: =human= stepgen sg-cmd-pos=1.000000 rev sg-fb-pos=0.610652 rev sg-vel=2.504000 rps sg-acc=-8.000000 rps2

=human= stepgen sg-cmd-pos=1.000000 rev sg-fb-pos=0.610652 rev sg-vel=2.504000 rps sg-acc=-8.000000 rps2

[INFO] hw.pins: Pin step.fb set to 0.6131520000000004 (was 0.6106520000000004)
Pin step.fb set to 0.6131520000000004 (was 0.6106520000000004)
[INFO] hw.stepgen: =human= stepgen sg-cmd-pos=1.000000 rev sg-fb-pos=0.613152 rev sg-vel=2.496000 rps sg-acc=-8.000000 rps2

=human= stepgen sg-cmd-pos=1.000000 rev sg-fb-pos=0.613152 rev sg-vel=2.496000 rps sg-acc=-8.000000 rps2

[INFO] hw.pins: Pin step.fb set to 0.6156440000000004 (was 0.6131520000000004)
Pin step.fb set to 0.6156440000000004 (was 0.6131520000000004)
[INFO] hw.stepgen: =human= stepgen sg-cmd-pos=1.000000 rev sg-fb-pos=0.615644 rev sg-vel=2.488000 rps sg-acc=-8.000000 rps2

=human= stepgen sg-cmd-pos=1.000000 rev sg-fb-pos=0.615644 rev sg-vel=2.488000 rps sg-acc=-8.000000 rps2

[INFO] hw.pins: Pin step.fb set to 0.6181280000000005 (was 0.6156440000000004)
Pin step.fb set to 0.6181280000000005 (was 0.6156440000000004)
[INFO] hw.stepgen: =human= stepgen sg-cmd-pos=1.000000 rev sg-fb-pos=0.618128 rev sg-vel=2.480000 rps sg-acc=-8.000000 rps2

=human= stepgen sg-cmd-pos=1.000000 rev sg-fb-pos=0.618128 rev sg-vel=2.480000 rps sg-acc=-8.000000 rps2

[INFO] hw.pins: Pin step.fb set to 0.6206040000000005 (was 0.6181280000000005)
Pin step.fb set to 0.6206040000000005 (was 0.6181280000000005)
[INFO] hw.stepgen: =human= stepgen sg-cmd-pos=1.000000 rev sg-fb-pos=0.620604 rev sg-vel=2.472000 rps sg-acc=-8.000000 rps2

=human= stepgen sg-cmd-pos=1.000000 rev sg-fb-pos=0.620604 rev sg-vel=2.472000 rps sg-acc=-8.000000 rps2

[INFO] hw.pins: Pin step.fb set to 0.6230720000000005 (was 0.6206040000000005)
Pin step.fb set to 0.6230720000000005 (was 0.6206040000000005)
[INFO] hw.stepgen: =human= stepgen sg-cmd-pos=1.000000 rev sg-fb-pos=0.623072 rev sg-vel=2.464000 rps sg-acc=-8.000000 rps2

=human= stepgen sg-cmd-pos=1.000000 rev sg-fb-pos=0.623072 rev sg-vel=2.464000 rps sg-acc=-8.000000 rps2

[INFO] hw.pins: Pin step.fb set to 0.6255320000000005 (was 0.6230720000000005)
Pin step.fb set to 0.6255320000000005 (was 0.6230720000000005)
[INFO] hw.stepgen: =human= stepgen sg-cmd-pos=1.000000 rev sg-fb-pos=0.625532 rev sg-vel=2.456000 rps sg-acc=-8.000000 rps2

=human= stepgen sg-cmd-pos=1.000000 rev sg-fb-pos=0.625532 rev sg-vel=2.456000 rps sg-acc=-8.000000 rps2

[INFO] hw.pins: Pin step.fb set to 0.6279840000000005 (was 0.6255320000000005)
Pin step.fb set to 0.6279840000000005 (was 0.6255320000000005)
[INFO] hw.stepgen: =human= stepgen sg-cmd-pos=1.000000 rev sg-fb-pos=0.627984 rev sg-vel=2.448000 rps sg-acc=-8.000000 rps2

=human= stepgen sg-cmd-pos=1.000000 rev sg-fb-pos=0.627984 rev sg-vel=2.448000 rps sg-acc=-8.000000 rps2

[INFO] hw.pins: Pin step.fb set to 0.6304280000000005 (was 0.6279840000000005)
Pin step.fb set to 0.6304280000000005 (was 0.6279840000000005)
[INFO] hw.stepgen: =human= stepgen sg-cmd-pos=1.000000 rev sg-fb-pos=0.630428 rev sg-vel=2.440000 rps sg-acc=-8.000000 rps2

=human= stepgen sg-cmd-pos=1.000000 rev sg-fb-pos=0.630428 rev sg-vel=2.440000 rps sg-acc=-8.000000 rps2

[INFO] hw.pins: Pin step.fb set to 0.6328640000000005 (was 0.6304280000000005)
Pin step.fb set to 0.6328640000000005 (was 0.6304280000000005)
[INFO] hw.stepgen: =human= stepgen sg-cmd-pos=1.000000 rev sg-fb-pos=0.632864 rev sg-vel=2.432000 rps sg-acc=-8.000000 rps2

=human= stepgen sg-cmd-pos=1.000000 rev sg-fb-pos=0.632864 rev sg-vel=2.432000 rps sg-acc=-8.000000 rps2

[INFO] hw.pins: Pin step.fb set to 0.6352920000000005 (was 0.6328640000000005)
Pin step.fb set to 0.6352920000000005 (was 0.6328640000000005)
[INFO] hw.stepgen: =human= stepgen sg-cmd-pos=1.000000 rev sg-fb-pos=0.635292 rev sg-vel=2.424000 rps sg-acc=-8.000000 rps2

=human= stepgen sg-cmd-pos=1.000000 rev sg-fb-pos=0.635292 rev sg-vel=2.424000 rps sg-acc=-8.000000 rps2

[INFO] hw.pins: Pin step.fb set to 0.6377120000000005 (was 0.6352920000000005)
Pin step.fb set to 0.6377120000000005 (was 0.6352920000000005)
[INFO] hw.stepgen: =human= stepgen sg-cmd-pos=1.000000 rev sg-fb-pos=0.637712 rev sg-vel=2.416000 rps sg-acc=-8.000000 rps2

=human= stepgen sg-cmd-pos=1.000000 rev sg-fb-pos=0.637712 rev sg-vel=2.416000 rps sg-acc=-8.000000 rps2

[INFO] hw.pins: Pin step.fb set to 0.6401240000000005 (was 0.6377120000000005)
Pin step.fb set to 0.6401240000000005 (was 0.6377120000000005)
[INFO] hw.stepgen: =human= stepgen sg-cmd-pos=1.000000 rev sg-fb-pos=0.640124 rev sg-vel=2.408000 rps sg-acc=-8.000000 rps2

=human= stepgen sg-cmd-pos=1.000000 rev sg-fb-pos=0.640124 rev sg-vel=2.408000 rps sg-acc=-8.000000 rps2

[INFO] hw.pins: Pin step.fb set to 0.6425280000000004 (was 0.6401240000000005)
Pin step.fb set to 0.6425280000000004 (was 0.6401240000000005)
[INFO] hw.stepgen: =human= stepgen sg-cmd-pos=1.000000 rev sg-fb-pos=0.642528 rev sg-vel=2.400000 rps sg-acc=-8.000000 rps2

=human= stepgen sg-cmd-pos=1.000000 rev sg-fb-pos=0.642528 rev sg-vel=2.400000 rps sg-acc=-8.000000 rps2

[INFO] hw.pins: Pin step.fb set to 0.6449240000000004 (was 0.6425280000000004)
Pin step.fb set to 0.6449240000000004 (was 0.6425280000000004)
[INFO] hw.stepgen: =human= stepgen sg-cmd-pos=1.000000 rev sg-fb-pos=0.644924 rev sg-vel=2.392000 rps sg-acc=-8.000000 rps2

=human= stepgen sg-cmd-pos=1.000000 rev sg-fb-pos=0.644924 rev sg-vel=2.392000 rps sg-acc=-8.000000 rps2

[INFO] hw.pins: Pin step.fb set to 0.6473120000000004 (was 0.6449240000000004)
Pin step.fb set to 0.6473120000000004 (was 0.6449240000000004)
[INFO] hw.stepgen: =human= stepgen sg-cmd-pos=1.000000 rev sg-fb-pos=0.647312 rev sg-vel=2.384000 rps sg-acc=-8.000000 rps2

=human= stepgen sg-cmd-pos=1.000000 rev sg-fb-pos=0.647312 rev sg-vel=2.384000 rps sg-acc=-8.000000 rps2

[INFO] hw.pins: Pin step.fb set to 0.6496920000000005 (was 0.6473120000000004)
Pin step.fb set to 0.6496920000000005 (was 0.6473120000000004)
[INFO] hw.stepgen: =human= stepgen sg-cmd-pos=1.000000 rev sg-fb-pos=0.649692 rev sg-vel=2.376000 rps sg-acc=-8.000000 rps2

=human= stepgen sg-cmd-pos=1.000000 rev sg-fb-pos=0.649692 rev sg-vel=2.376000 rps sg-acc=-8.000000 rps2

[INFO] hw.pins: Pin step.fb set to 0.6520640000000005 (was 0.6496920000000005)
Pin step.fb set to 0.6520640000000005 (was 0.6496920000000005)
[INFO] hw.stepgen: =human= stepgen sg-cmd-pos=1.000000 rev sg-fb-pos=0.652064 rev sg-vel=2.368000 rps sg-acc=-8.000000 rps2

=human= stepgen sg-cmd-pos=1.000000 rev sg-fb-pos=0.652064 rev sg-vel=2.368000 rps sg-acc=-8.000000 rps2

[INFO] hw.pins: Pin step.fb set to 0.6544280000000006 (was 0.6520640000000005)
Pin step.fb set to 0.6544280000000006 (was 0.6520640000000005)
[INFO] hw.stepgen: =human= stepgen sg-cmd-pos=1.000000 rev sg-fb-pos=0.654428 rev sg-vel=2.360000 rps sg-acc=-8.000000 rps2

=human= stepgen sg-cmd-pos=1.000000 rev sg-fb-pos=0.654428 rev sg-vel=2.360000 rps sg-acc=-8.000000 rps2

[INFO] hw.pins: Pin step.fb set to 0.6567840000000006 (was 0.6544280000000006)
Pin step.fb set to 0.6567840000000006 (was 0.6544280000000006)
[INFO] hw.stepgen: =human= stepgen sg-cmd-pos=1.000000 rev sg-fb-pos=0.656784 rev sg-vel=2.352000 rps sg-acc=-8.000000 rps2

=human= stepgen sg-cmd-pos=1.000000 rev sg-fb-pos=0.656784 rev sg-vel=2.352000 rps sg-acc=-8.000000 rps2

[INFO] hw.pins: Pin step.fb set to 0.6591320000000006 (was 0.6567840000000006)
Pin step.fb set to 0.6591320000000006 (was 0.6567840000000006)
[INFO] hw.stepgen: =human= stepgen sg-cmd-pos=1.000000 rev sg-fb-pos=0.659132 rev sg-vel=2.344000 rps sg-acc=-8.000000 rps2

=human= stepgen sg-cmd-pos=1.000000 rev sg-fb-pos=0.659132 rev sg-vel=2.344000 rps sg-acc=-8.000000 rps2

[INFO] hw.pins: Pin step.fb set to 0.6614720000000006 (was 0.6591320000000006)
Pin step.fb set to 0.6614720000000006 (was 0.6591320000000006)
[INFO] hw.stepgen: =human= stepgen sg-cmd-pos=1.000000 rev sg-fb-pos=0.661472 rev sg-vel=2.336000 rps sg-acc=-8.000000 rps2

=human= stepgen sg-cmd-pos=1.000000 rev sg-fb-pos=0.661472 rev sg-vel=2.336000 rps sg-acc=-8.000000 rps2

[INFO] hw.pins: Pin step.fb set to 0.6638040000000006 (was 0.6614720000000006)
Pin step.fb set to 0.6638040000000006 (was 0.6614720000000006)
[INFO] hw.stepgen: =human= stepgen sg-cmd-pos=1.000000 rev sg-fb-pos=0.663804 rev sg-vel=2.328000 rps sg-acc=-8.000000 rps2

=human= stepgen sg-cmd-pos=1.000000 rev sg-fb-pos=0.663804 rev sg-vel=2.328000 rps sg-acc=-8.000000 rps2

[INFO] hw.pins: Pin step.fb set to 0.6661280000000006 (was 0.6638040000000006)
Pin step.fb set to 0.6661280000000006 (was 0.6638040000000006)
[INFO] hw.stepgen: =human= stepgen sg-cmd-pos=1.000000 rev sg-fb-pos=0.666128 rev sg-vel=2.320000 rps sg-acc=-8.000000 rps2

=human= stepgen sg-cmd-pos=1.000000 rev sg-fb-pos=0.666128 rev sg-vel=2.320000 rps sg-acc=-8.000000 rps2

[INFO] hw.pins: Pin step.fb set to 0.6684440000000006 (was 0.6661280000000006)
Pin step.fb set to 0.6684440000000006 (was 0.6661280000000006)
[INFO] hw.stepgen: =human= stepgen sg-cmd-pos=1.000000 rev sg-fb-pos=0.668444 rev sg-vel=2.312000 rps sg-acc=-8.000000 rps2

=human= stepgen sg-cmd-pos=1.000000 rev sg-fb-pos=0.668444 rev sg-vel=2.312000 rps sg-acc=-8.000000 rps2

[INFO] hw.pins: Pin step.fb set to 0.6707520000000006 (was 0.6684440000000006)
Pin step.fb set to 0.6707520000000006 (was 0.6684440000000006)
[INFO] hw.stepgen: =human= stepgen sg-cmd-pos=1.000000 rev sg-fb-pos=0.670752 rev sg-vel=2.304000 rps sg-acc=-8.000000 rps2

=human= stepgen sg-cmd-pos=1.000000 rev sg-fb-pos=0.670752 rev sg-vel=2.304000 rps sg-acc=-8.000000 rps2

[INFO] hw.pins: Pin step.fb set to 0.6730520000000005 (was 0.6707520000000006)
Pin step.fb set to 0.6730520000000005 (was 0.6707520000000006)
[INFO] hw.stepgen: =human= stepgen sg-cmd-pos=1.000000 rev sg-fb-pos=0.673052 rev sg-vel=2.296000 rps sg-acc=-8.000000 rps2

=human= stepgen sg-cmd-pos=1.000000 rev sg-fb-pos=0.673052 rev sg-vel=2.296000 rps sg-acc=-8.000000 rps2

[INFO] hw.pins: Pin step.fb set to 0.6753440000000005 (was 0.6730520000000005)
Pin step.fb set to 0.6753440000000005 (was 0.6730520000000005)
[INFO] hw.stepgen: =human= stepgen sg-cmd-pos=1.000000 rev sg-fb-pos=0.675344 rev sg-vel=2.288000 rps sg-acc=-8.000000 rps2

=human= stepgen sg-cmd-pos=1.000000 rev sg-fb-pos=0.675344 rev sg-vel=2.288000 rps sg-acc=-8.000000 rps2

[INFO] hw.pins: Pin step.fb set to 0.6776280000000005 (was 0.6753440000000005)
Pin step.fb set to 0.6776280000000005 (was 0.6753440000000005)
[INFO] hw.stepgen: =human= stepgen sg-cmd-pos=1.000000 rev sg-fb-pos=0.677628 rev sg-vel=2.280000 rps sg-acc=-8.000000 rps2

=human= stepgen sg-cmd-pos=1.000000 rev sg-fb-pos=0.677628 rev sg-vel=2.280000 rps sg-acc=-8.000000 rps2

[INFO] hw.pins: Pin step.fb set to 0.6799040000000005 (was 0.6776280000000005)
Pin step.fb set to 0.6799040000000005 (was 0.6776280000000005)
[INFO] hw.stepgen: =human= stepgen sg-cmd-pos=1.000000 rev sg-fb-pos=0.679904 rev sg-vel=2.272000 rps sg-acc=-8.000000 rps2

=human= stepgen sg-cmd-pos=1.000000 rev sg-fb-pos=0.679904 rev sg-vel=2.272000 rps sg-acc=-8.000000 rps2

[INFO] hw.pins: Pin step.fb set to 0.6821720000000006 (was 0.6799040000000005)
Pin step.fb set to 0.6821720000000006 (was 0.6799040000000005)
[INFO] hw.stepgen: =human= stepgen sg-cmd-pos=1.000000 rev sg-fb-pos=0.682172 rev sg-vel=2.264000 rps sg-acc=-8.000000 rps2

=human= stepgen sg-cmd-pos=1.000000 rev sg-fb-pos=0.682172 rev sg-vel=2.264000 rps sg-acc=-8.000000 rps2

[INFO] hw.pins: Pin step.fb set to 0.6844320000000006 (was 0.6821720000000006)
Pin step.fb set to 0.6844320000000006 (was 0.6821720000000006)
[INFO] hw.stepgen: =human= stepgen sg-cmd-pos=1.000000 rev sg-fb-pos=0.684432 rev sg-vel=2.256000 rps sg-acc=-8.000000 rps2

=human= stepgen sg-cmd-pos=1.000000 rev sg-fb-pos=0.684432 rev sg-vel=2.256000 rps sg-acc=-8.000000 rps2

[INFO] hw.pins: Pin step.fb set to 0.6866840000000006 (was 0.6844320000000006)
Pin step.fb set to 0.6866840000000006 (was 0.6844320000000006)
[INFO] hw.stepgen: =human= stepgen sg-cmd-pos=1.000000 rev sg-fb-pos=0.686684 rev sg-vel=2.248000 rps sg-acc=-8.000000 rps2

=human= stepgen sg-cmd-pos=1.000000 rev sg-fb-pos=0.686684 rev sg-vel=2.248000 rps sg-acc=-8.000000 rps2

[INFO] hw.pins: Pin step.fb set to 0.6889280000000007 (was 0.6866840000000006)
Pin step.fb set to 0.6889280000000007 (was 0.6866840000000006)
[INFO] hw.stepgen: =human= stepgen sg-cmd-pos=1.000000 rev sg-fb-pos=0.688928 rev sg-vel=2.240000 rps sg-acc=-8.000000 rps2

=human= stepgen sg-cmd-pos=1.000000 rev sg-fb-pos=0.688928 rev sg-vel=2.240000 rps sg-acc=-8.000000 rps2

[INFO] hw.pins: Pin step.fb set to 0.6911640000000007 (was 0.6889280000000007)
Pin step.fb set to 0.6911640000000007 (was 0.6889280000000007)
[INFO] hw.stepgen: =human= stepgen sg-cmd-pos=1.000000 rev sg-fb-pos=0.691164 rev sg-vel=2.232000 rps sg-acc=-8.000000 rps2

=human= stepgen sg-cmd-pos=1.000000 rev sg-fb-pos=0.691164 rev sg-vel=2.232000 rps sg-acc=-8.000000 rps2

[INFO] hw.pins: Pin step.fb set to 0.6933920000000007 (was 0.6911640000000007)
Pin step.fb set to 0.6933920000000007 (was 0.6911640000000007)
[INFO] hw.stepgen: =human= stepgen sg-cmd-pos=1.000000 rev sg-fb-pos=0.693392 rev sg-vel=2.224000 rps sg-acc=-8.000000 rps2

=human= stepgen sg-cmd-pos=1.000000 rev sg-fb-pos=0.693392 rev sg-vel=2.224000 rps sg-acc=-8.000000 rps2

[INFO] hw.pins: Pin step.fb set to 0.6956120000000007 (was 0.6933920000000007)
Pin step.fb set to 0.6956120000000007 (was 0.6933920000000007)
[INFO] hw.stepgen: =human= stepgen sg-cmd-pos=1.000000 rev sg-fb-pos=0.695612 rev sg-vel=2.216000 rps sg-acc=-8.000000 rps2

=human= stepgen sg-cmd-pos=1.000000 rev sg-fb-pos=0.695612 rev sg-vel=2.216000 rps sg-acc=-8.000000 rps2

[INFO] hw.pins: Pin step.fb set to 0.6978240000000007 (was 0.6956120000000007)
Pin step.fb set to 0.6978240000000007 (was 0.6956120000000007)
[INFO] hw.stepgen: =human= stepgen sg-cmd-pos=1.000000 rev sg-fb-pos=0.697824 rev sg-vel=2.208000 rps sg-acc=-8.000000 rps2

=human= stepgen sg-cmd-pos=1.000000 rev sg-fb-pos=0.697824 rev sg-vel=2.208000 rps sg-acc=-8.000000 rps2

[INFO] hw.pins: Pin step.fb set to 0.7000280000000006 (was 0.6978240000000007)
Pin step.fb set to 0.7000280000000006 (was 0.6978240000000007)
[INFO] hw.stepgen: =human= stepgen sg-cmd-pos=1.000000 rev sg-fb-pos=0.700028 rev sg-vel=2.200000 rps sg-acc=-8.000000 rps2

=human= stepgen sg-cmd-pos=1.000000 rev sg-fb-pos=0.700028 rev sg-vel=2.200000 rps sg-acc=-8.000000 rps2

[INFO] hw.pins: Pin step.fb set to 0.7022240000000006 (was 0.7000280000000006)
Pin step.fb set to 0.7022240000000006 (was 0.7000280000000006)
[INFO] hw.stepgen: =human= stepgen sg-cmd-pos=1.000000 rev sg-fb-pos=0.702224 rev sg-vel=2.192000 rps sg-acc=-8.000000 rps2

=human= stepgen sg-cmd-pos=1.000000 rev sg-fb-pos=0.702224 rev sg-vel=2.192000 rps sg-acc=-8.000000 rps2

[INFO] hw.pins: Pin step.fb set to 0.7044120000000006 (was 0.7022240000000006)
Pin step.fb set to 0.7044120000000006 (was 0.7022240000000006)
[INFO] hw.stepgen: =human= stepgen sg-cmd-pos=1.000000 rev sg-fb-pos=0.704412 rev sg-vel=2.184000 rps sg-acc=-8.000000 rps2

=human= stepgen sg-cmd-pos=1.000000 rev sg-fb-pos=0.704412 rev sg-vel=2.184000 rps sg-acc=-8.000000 rps2

[INFO] hw.pins: Pin step.fb set to 0.7065920000000006 (was 0.7044120000000006)
Pin step.fb set to 0.7065920000000006 (was 0.7044120000000006)
[INFO] hw.stepgen: =human= stepgen sg-cmd-pos=1.000000 rev sg-fb-pos=0.706592 rev sg-vel=2.176000 rps sg-acc=-8.000000 rps2

=human= stepgen sg-cmd-pos=1.000000 rev sg-fb-pos=0.706592 rev sg-vel=2.176000 rps sg-acc=-8.000000 rps2

[INFO] hw.pins: Pin step.fb set to 0.7087640000000005 (was 0.7065920000000006)
Pin step.fb set to 0.7087640000000005 (was 0.7065920000000006)
[INFO] hw.stepgen: =human= stepgen sg-cmd-pos=1.000000 rev sg-fb-pos=0.708764 rev sg-vel=2.168000 rps sg-acc=-8.000000 rps2

=human= stepgen sg-cmd-pos=1.000000 rev sg-fb-pos=0.708764 rev sg-vel=2.168000 rps sg-acc=-8.000000 rps2

[INFO] hw.pins: Pin step.fb set to 0.7109280000000006 (was 0.7087640000000005)
Pin step.fb set to 0.7109280000000006 (was 0.7087640000000005)
[INFO] hw.stepgen: =human= stepgen sg-cmd-pos=1.000000 rev sg-fb-pos=0.710928 rev sg-vel=2.160000 rps sg-acc=-8.000000 rps2

=human= stepgen sg-cmd-pos=1.000000 rev sg-fb-pos=0.710928 rev sg-vel=2.160000 rps sg-acc=-8.000000 rps2

[INFO] hw.pins: Pin step.fb set to 0.7130840000000006 (was 0.7109280000000006)
Pin step.fb set to 0.7130840000000006 (was 0.7109280000000006)
[INFO] hw.stepgen: =human= stepgen sg-cmd-pos=1.000000 rev sg-fb-pos=0.713084 rev sg-vel=2.152000 rps sg-acc=-8.000000 rps2

=human= stepgen sg-cmd-pos=1.000000 rev sg-fb-pos=0.713084 rev sg-vel=2.152000 rps sg-acc=-8.000000 rps2

[INFO] hw.pins: Pin step.fb set to 0.7152320000000006 (was 0.7130840000000006)
Pin step.fb set to 0.7152320000000006 (was 0.7130840000000006)
[INFO] hw.stepgen: =human= stepgen sg-cmd-pos=1.000000 rev sg-fb-pos=0.715232 rev sg-vel=2.144000 rps sg-acc=-8.000000 rps2

=human= stepgen sg-cmd-pos=1.000000 rev sg-fb-pos=0.715232 rev sg-vel=2.144000 rps sg-acc=-8.000000 rps2

[INFO] hw.pins: Pin step.fb set to 0.7173720000000007 (was 0.7152320000000006)
Pin step.fb set to 0.7173720000000007 (was 0.7152320000000006)
[INFO] hw.stepgen: =human= stepgen sg-cmd-pos=1.000000 rev sg-fb-pos=0.717372 rev sg-vel=2.136000 rps sg-acc=-8.000000 rps2

=human= stepgen sg-cmd-pos=1.000000 rev sg-fb-pos=0.717372 rev sg-vel=2.136000 rps sg-acc=-8.000000 rps2

[INFO] hw.pins: Pin step.fb set to 0.7195040000000007 (was 0.7173720000000007)
Pin step.fb set to 0.7195040000000007 (was 0.7173720000000007)
[INFO] hw.stepgen: =human= stepgen sg-cmd-pos=1.000000 rev sg-fb-pos=0.719504 rev sg-vel=2.128000 rps sg-acc=-8.000000 rps2

=human= stepgen sg-cmd-pos=1.000000 rev sg-fb-pos=0.719504 rev sg-vel=2.128000 rps sg-acc=-8.000000 rps2

[INFO] hw.pins: Pin step.fb set to 0.7216280000000007 (was 0.7195040000000007)
Pin step.fb set to 0.7216280000000007 (was 0.7195040000000007)
[INFO] hw.stepgen: =human= stepgen sg-cmd-pos=1.000000 rev sg-fb-pos=0.721628 rev sg-vel=2.120000 rps sg-acc=-8.000000 rps2

=human= stepgen sg-cmd-pos=1.000000 rev sg-fb-pos=0.721628 rev sg-vel=2.120000 rps sg-acc=-8.000000 rps2

[INFO] hw.pins: Pin step.fb set to 0.7237440000000007 (was 0.7216280000000007)
Pin step.fb set to 0.7237440000000007 (was 0.7216280000000007)
[INFO] hw.stepgen: =human= stepgen sg-cmd-pos=1.000000 rev sg-fb-pos=0.723744 rev sg-vel=2.112000 rps sg-acc=-8.000000 rps2

=human= stepgen sg-cmd-pos=1.000000 rev sg-fb-pos=0.723744 rev sg-vel=2.112000 rps sg-acc=-8.000000 rps2

[INFO] hw.pins: Pin step.fb set to 0.7258520000000007 (was 0.7237440000000007)
Pin step.fb set to 0.7258520000000007 (was 0.7237440000000007)
[INFO] hw.stepgen: =human= stepgen sg-cmd-pos=1.000000 rev sg-fb-pos=0.725852 rev sg-vel=2.104000 rps sg-acc=-8.000000 rps2

=human= stepgen sg-cmd-pos=1.000000 rev sg-fb-pos=0.725852 rev sg-vel=2.104000 rps sg-acc=-8.000000 rps2

[INFO] hw.pins: Pin step.fb set to 0.7279520000000007 (was 0.7258520000000007)
Pin step.fb set to 0.7279520000000007 (was 0.7258520000000007)
[INFO] hw.stepgen: =human= stepgen sg-cmd-pos=1.000000 rev sg-fb-pos=0.727952 rev sg-vel=2.096000 rps sg-acc=-8.000000 rps2

=human= stepgen sg-cmd-pos=1.000000 rev sg-fb-pos=0.727952 rev sg-vel=2.096000 rps sg-acc=-8.000000 rps2

[INFO] hw.pins: Pin step.fb set to 0.7300440000000007 (was 0.7279520000000007)
Pin step.fb set to 0.7300440000000007 (was 0.7279520000000007)
[INFO] hw.stepgen: =human= stepgen sg-cmd-pos=1.000000 rev sg-fb-pos=0.730044 rev sg-vel=2.088000 rps sg-acc=-8.000000 rps2

=human= stepgen sg-cmd-pos=1.000000 rev sg-fb-pos=0.730044 rev sg-vel=2.088000 rps sg-acc=-8.000000 rps2

[INFO] hw.pins: Pin step.fb set to 0.7321280000000007 (was 0.7300440000000007)
Pin step.fb set to 0.7321280000000007 (was 0.7300440000000007)
[INFO] hw.stepgen: =human= stepgen sg-cmd-pos=1.000000 rev sg-fb-pos=0.732128 rev sg-vel=2.080000 rps sg-acc=-8.000000 rps2

=human= stepgen sg-cmd-pos=1.000000 rev sg-fb-pos=0.732128 rev sg-vel=2.080000 rps sg-acc=-8.000000 rps2

[INFO] hw.pins: Pin step.fb set to 0.7342040000000006 (was 0.7321280000000007)
Pin step.fb set to 0.7342040000000006 (was 0.7321280000000007)
[INFO] hw.stepgen: =human= stepgen sg-cmd-pos=1.000000 rev sg-fb-pos=0.734204 rev sg-vel=2.072000 rps sg-acc=-8.000000 rps2

=human= stepgen sg-cmd-pos=1.000000 rev sg-fb-pos=0.734204 rev sg-vel=2.072000 rps sg-acc=-8.000000 rps2

[INFO] hw.pins: Pin step.fb set to 0.7362720000000006 (was 0.7342040000000006)
Pin step.fb set to 0.7362720000000006 (was 0.7342040000000006)
[INFO] hw.stepgen: =human= stepgen sg-cmd-pos=1.000000 rev sg-fb-pos=0.736272 rev sg-vel=2.064000 rps sg-acc=-8.000000 rps2

=human= stepgen sg-cmd-pos=1.000000 rev sg-fb-pos=0.736272 rev sg-vel=2.064000 rps sg-acc=-8.000000 rps2

[INFO] hw.pins: Pin step.fb set to 0.7383320000000005 (was 0.7362720000000006)
Pin step.fb set to 0.7383320000000005 (was 0.7362720000000006)
[INFO] hw.stepgen: =human= stepgen sg-cmd-pos=1.000000 rev sg-fb-pos=0.738332 rev sg-vel=2.056000 rps sg-acc=-8.000000 rps2

=human= stepgen sg-cmd-pos=1.000000 rev sg-fb-pos=0.738332 rev sg-vel=2.056000 rps sg-acc=-8.000000 rps2

[INFO] hw.pins: Pin step.fb set to 0.7403840000000006 (was 0.7383320000000005)
Pin step.fb set to 0.7403840000000006 (was 0.7383320000000005)
[INFO] hw.stepgen: =human= stepgen sg-cmd-pos=1.000000 rev sg-fb-pos=0.740384 rev sg-vel=2.048000 rps sg-acc=-8.000000 rps2

=human= stepgen sg-cmd-pos=1.000000 rev sg-fb-pos=0.740384 rev sg-vel=2.048000 rps sg-acc=-8.000000 rps2

[INFO] hw.pins: Pin step.fb set to 0.7424280000000006 (was 0.7403840000000006)
Pin step.fb set to 0.7424280000000006 (was 0.7403840000000006)
[INFO] hw.stepgen: =human= stepgen sg-cmd-pos=1.000000 rev sg-fb-pos=0.742428 rev sg-vel=2.040000 rps sg-acc=-8.000000 rps2

=human= stepgen sg-cmd-pos=1.000000 rev sg-fb-pos=0.742428 rev sg-vel=2.040000 rps sg-acc=-8.000000 rps2

[INFO] hw.pins: Pin step.fb set to 0.7444640000000007 (was 0.7424280000000006)
Pin step.fb set to 0.7444640000000007 (was 0.7424280000000006)
[INFO] hw.stepgen: =human= stepgen sg-cmd-pos=1.000000 rev sg-fb-pos=0.744464 rev sg-vel=2.032000 rps sg-acc=-8.000000 rps2

=human= stepgen sg-cmd-pos=1.000000 rev sg-fb-pos=0.744464 rev sg-vel=2.032000 rps sg-acc=-8.000000 rps2

[INFO] hw.pins: Pin step.fb set to 0.7464920000000007 (was 0.7444640000000007)
Pin step.fb set to 0.7464920000000007 (was 0.7444640000000007)
[INFO] hw.stepgen: =human= stepgen sg-cmd-pos=1.000000 rev sg-fb-pos=0.746492 rev sg-vel=2.024000 rps sg-acc=-8.000000 rps2

=human= stepgen sg-cmd-pos=1.000000 rev sg-fb-pos=0.746492 rev sg-vel=2.024000 rps sg-acc=-8.000000 rps2

[INFO] hw.pins: Pin step.fb set to 0.7485120000000007 (was 0.7464920000000007)
Pin step.fb set to 0.7485120000000007 (was 0.7464920000000007)
[INFO] hw.stepgen: =human= stepgen sg-cmd-pos=1.000000 rev sg-fb-pos=0.748512 rev sg-vel=2.016000 rps sg-acc=-8.000000 rps2

=human= stepgen sg-cmd-pos=1.000000 rev sg-fb-pos=0.748512 rev sg-vel=2.016000 rps sg-acc=-8.000000 rps2

[INFO] hw.pins: Pin step.fb set to 0.7505240000000007 (was 0.7485120000000007)
Pin step.fb set to 0.7505240000000007 (was 0.7485120000000007)
[INFO] hw.stepgen: =human= stepgen sg-cmd-pos=1.000000 rev sg-fb-pos=0.750524 rev sg-vel=2.008000 rps sg-acc=-8.000000 rps2

=human= stepgen sg-cmd-pos=1.000000 rev sg-fb-pos=0.750524 rev sg-vel=2.008000 rps sg-acc=-8.000000 rps2

[INFO] hw.pins: Pin step.fb set to 0.7525280000000008 (was 0.7505240000000007)
Pin step.fb set to 0.7525280000000008 (was 0.7505240000000007)
[INFO] hw.stepgen: =human= stepgen sg-cmd-pos=1.000000 rev sg-fb-pos=0.752528 rev sg-vel=2.000000 rps sg-acc=-8.000000 rps2

=human= stepgen sg-cmd-pos=1.000000 rev sg-fb-pos=0.752528 rev sg-vel=2.000000 rps sg-acc=-8.000000 rps2

[INFO] hw.pins: Pin step.fb set to 0.7545240000000007 (was 0.7525280000000008)
Pin step.fb set to 0.7545240000000007 (was 0.7525280000000008)
[INFO] hw.stepgen: =human= stepgen sg-cmd-pos=1.000000 rev sg-fb-pos=0.754524 rev sg-vel=1.992000 rps sg-acc=-8.000000 rps2

=human= stepgen sg-cmd-pos=1.000000 rev sg-fb-pos=0.754524 rev sg-vel=1.992000 rps sg-acc=-8.000000 rps2

[INFO] hw.pins: Pin step.fb set to 0.7565120000000007 (was 0.7545240000000007)
Pin step.fb set to 0.7565120000000007 (was 0.7545240000000007)
[INFO] hw.stepgen: =human= stepgen sg-cmd-pos=1.000000 rev sg-fb-pos=0.756512 rev sg-vel=1.984000 rps sg-acc=-8.000000 rps2

=human= stepgen sg-cmd-pos=1.000000 rev sg-fb-pos=0.756512 rev sg-vel=1.984000 rps sg-acc=-8.000000 rps2

[INFO] hw.pins: Pin step.fb set to 0.7584920000000007 (was 0.7565120000000007)
Pin step.fb set to 0.7584920000000007 (was 0.7565120000000007)
[INFO] hw.stepgen: =human= stepgen sg-cmd-pos=1.000000 rev sg-fb-pos=0.758492 rev sg-vel=1.976000 rps sg-acc=-8.000000 rps2

=human= stepgen sg-cmd-pos=1.000000 rev sg-fb-pos=0.758492 rev sg-vel=1.976000 rps sg-acc=-8.000000 rps2

[INFO] hw.pins: Pin step.fb set to 0.7604640000000007 (was 0.7584920000000007)
Pin step.fb set to 0.7604640000000007 (was 0.7584920000000007)
[INFO] hw.stepgen: =human= stepgen sg-cmd-pos=1.000000 rev sg-fb-pos=0.760464 rev sg-vel=1.968000 rps sg-acc=-8.000000 rps2

=human= stepgen sg-cmd-pos=1.000000 rev sg-fb-pos=0.760464 rev sg-vel=1.968000 rps sg-acc=-8.000000 rps2

[INFO] hw.pins: Pin step.fb set to 0.7624280000000007 (was 0.7604640000000007)
Pin step.fb set to 0.7624280000000007 (was 0.7604640000000007)
[INFO] hw.stepgen: =human= stepgen sg-cmd-pos=1.000000 rev sg-fb-pos=0.762428 rev sg-vel=1.960000 rps sg-acc=-8.000000 rps2

=human= stepgen sg-cmd-pos=1.000000 rev sg-fb-pos=0.762428 rev sg-vel=1.960000 rps sg-acc=-8.000000 rps2

[INFO] hw.pins: Pin step.fb set to 0.7643840000000006 (was 0.7624280000000007)
Pin step.fb set to 0.7643840000000006 (was 0.7624280000000007)
[INFO] hw.stepgen: =human= stepgen sg-cmd-pos=1.000000 rev sg-fb-pos=0.764384 rev sg-vel=1.952000 rps sg-acc=-8.000000 rps2

=human= stepgen sg-cmd-pos=1.000000 rev sg-fb-pos=0.764384 rev sg-vel=1.952000 rps sg-acc=-8.000000 rps2

[INFO] hw.pins: Pin step.fb set to 0.7663320000000006 (was 0.7643840000000006)
Pin step.fb set to 0.7663320000000006 (was 0.7643840000000006)
[INFO] hw.stepgen: =human= stepgen sg-cmd-pos=1.000000 rev sg-fb-pos=0.766332 rev sg-vel=1.944000 rps sg-acc=-8.000000 rps2

=human= stepgen sg-cmd-pos=1.000000 rev sg-fb-pos=0.766332 rev sg-vel=1.944000 rps sg-acc=-8.000000 rps2

[INFO] hw.pins: Pin step.fb set to 0.7682720000000006 (was 0.7663320000000006)
Pin step.fb set to 0.7682720000000006 (was 0.7663320000000006)
[INFO] hw.stepgen: =human= stepgen sg-cmd-pos=1.000000 rev sg-fb-pos=0.768272 rev sg-vel=1.936000 rps sg-acc=-8.000000 rps2

=human= stepgen sg-cmd-pos=1.000000 rev sg-fb-pos=0.768272 rev sg-vel=1.936000 rps sg-acc=-8.000000 rps2

[INFO] hw.pins: Pin step.fb set to 0.7702040000000007 (was 0.7682720000000006)
Pin step.fb set to 0.7702040000000007 (was 0.7682720000000006)
[INFO] hw.stepgen: =human= stepgen sg-cmd-pos=1.000000 rev sg-fb-pos=0.770204 rev sg-vel=1.928000 rps sg-acc=-8.000000 rps2

=human= stepgen sg-cmd-pos=1.000000 rev sg-fb-pos=0.770204 rev sg-vel=1.928000 rps sg-acc=-8.000000 rps2

[INFO] hw.pins: Pin step.fb set to 0.7721280000000007 (was 0.7702040000000007)
Pin step.fb set to 0.7721280000000007 (was 0.7702040000000007)
[INFO] hw.stepgen: =human= stepgen sg-cmd-pos=1.000000 rev sg-fb-pos=0.772128 rev sg-vel=1.920000 rps sg-acc=-8.000000 rps2

=human= stepgen sg-cmd-pos=1.000000 rev sg-fb-pos=0.772128 rev sg-vel=1.920000 rps sg-acc=-8.000000 rps2

[INFO] hw.pins: Pin step.fb set to 0.7740440000000007 (was 0.7721280000000007)
Pin step.fb set to 0.7740440000000007 (was 0.7721280000000007)
[INFO] hw.stepgen: =human= stepgen sg-cmd-pos=1.000000 rev sg-fb-pos=0.774044 rev sg-vel=1.912000 rps sg-acc=-8.000000 rps2

=human= stepgen sg-cmd-pos=1.000000 rev sg-fb-pos=0.774044 rev sg-vel=1.912000 rps sg-acc=-8.000000 rps2

[INFO] hw.pins: Pin step.fb set to 0.7759520000000008 (was 0.7740440000000007)
Pin step.fb set to 0.7759520000000008 (was 0.7740440000000007)
[INFO] hw.stepgen: =human= stepgen sg-cmd-pos=1.000000 rev sg-fb-pos=0.775952 rev sg-vel=1.904000 rps sg-acc=-8.000000 rps2

=human= stepgen sg-cmd-pos=1.000000 rev sg-fb-pos=0.775952 rev sg-vel=1.904000 rps sg-acc=-8.000000 rps2

[INFO] hw.pins: Pin step.fb set to 0.7778520000000008 (was 0.7759520000000008)
Pin step.fb set to 0.7778520000000008 (was 0.7759520000000008)
[INFO] hw.stepgen: =human= stepgen sg-cmd-pos=1.000000 rev sg-fb-pos=0.777852 rev sg-vel=1.896000 rps sg-acc=-8.000000 rps2

=human= stepgen sg-cmd-pos=1.000000 rev sg-fb-pos=0.777852 rev sg-vel=1.896000 rps sg-acc=-8.000000 rps2

[INFO] hw.pins: Pin step.fb set to 0.7797440000000008 (was 0.7778520000000008)
Pin step.fb set to 0.7797440000000008 (was 0.7778520000000008)
[INFO] hw.stepgen: =human= stepgen sg-cmd-pos=1.000000 rev sg-fb-pos=0.779744 rev sg-vel=1.888000 rps sg-acc=-8.000000 rps2

=human= stepgen sg-cmd-pos=1.000000 rev sg-fb-pos=0.779744 rev sg-vel=1.888000 rps sg-acc=-8.000000 rps2

[INFO] hw.pins: Pin step.fb set to 0.7816280000000008 (was 0.7797440000000008)
Pin step.fb set to 0.7816280000000008 (was 0.7797440000000008)
[INFO] hw.stepgen: =human= stepgen sg-cmd-pos=1.000000 rev sg-fb-pos=0.781628 rev sg-vel=1.880000 rps sg-acc=-8.000000 rps2

=human= stepgen sg-cmd-pos=1.000000 rev sg-fb-pos=0.781628 rev sg-vel=1.880000 rps sg-acc=-8.000000 rps2

[INFO] hw.pins: Pin step.fb set to 0.7835040000000008 (was 0.7816280000000008)
Pin step.fb set to 0.7835040000000008 (was 0.7816280000000008)
[INFO] hw.stepgen: =human= stepgen sg-cmd-pos=1.000000 rev sg-fb-pos=0.783504 rev sg-vel=1.872000 rps sg-acc=-8.000000 rps2

=human= stepgen sg-cmd-pos=1.000000 rev sg-fb-pos=0.783504 rev sg-vel=1.872000 rps sg-acc=-8.000000 rps2

[INFO] hw.pins: Pin step.fb set to 0.7853720000000007 (was 0.7835040000000008)
Pin step.fb set to 0.7853720000000007 (was 0.7835040000000008)
[INFO] hw.stepgen: =human= stepgen sg-cmd-pos=1.000000 rev sg-fb-pos=0.785372 rev sg-vel=1.864000 rps sg-acc=-8.000000 rps2

=human= stepgen sg-cmd-pos=1.000000 rev sg-fb-pos=0.785372 rev sg-vel=1.864000 rps sg-acc=-8.000000 rps2

[INFO] hw.pins: Pin step.fb set to 0.7872320000000007 (was 0.7853720000000007)
Pin step.fb set to 0.7872320000000007 (was 0.7853720000000007)
[INFO] hw.stepgen: =human= stepgen sg-cmd-pos=1.000000 rev sg-fb-pos=0.787232 rev sg-vel=1.856000 rps sg-acc=-8.000000 rps2

=human= stepgen sg-cmd-pos=1.000000 rev sg-fb-pos=0.787232 rev sg-vel=1.856000 rps sg-acc=-8.000000 rps2

[INFO] hw.pins: Pin step.fb set to 0.7890840000000007 (was 0.7872320000000007)
Pin step.fb set to 0.7890840000000007 (was 0.7872320000000007)
[INFO] hw.stepgen: =human= stepgen sg-cmd-pos=1.000000 rev sg-fb-pos=0.789084 rev sg-vel=1.848000 rps sg-acc=-8.000000 rps2

=human= stepgen sg-cmd-pos=1.000000 rev sg-fb-pos=0.789084 rev sg-vel=1.848000 rps sg-acc=-8.000000 rps2

[INFO] hw.pins: Pin step.fb set to 0.7909280000000006 (was 0.7890840000000007)
Pin step.fb set to 0.7909280000000006 (was 0.7890840000000007)
[INFO] hw.stepgen: =human= stepgen sg-cmd-pos=1.000000 rev sg-fb-pos=0.790928 rev sg-vel=1.840000 rps sg-acc=-8.000000 rps2

=human= stepgen sg-cmd-pos=1.000000 rev sg-fb-pos=0.790928 rev sg-vel=1.840000 rps sg-acc=-8.000000 rps2

[INFO] hw.pins: Pin step.fb set to 0.7927640000000006 (was 0.7909280000000006)
Pin step.fb set to 0.7927640000000006 (was 0.7909280000000006)
[INFO] hw.stepgen: =human= stepgen sg-cmd-pos=1.000000 rev sg-fb-pos=0.792764 rev sg-vel=1.832000 rps sg-acc=-8.000000 rps2

=human= stepgen sg-cmd-pos=1.000000 rev sg-fb-pos=0.792764 rev sg-vel=1.832000 rps sg-acc=-8.000000 rps2

[INFO] hw.pins: Pin step.fb set to 0.7945920000000006 (was 0.7927640000000006)
Pin step.fb set to 0.7945920000000006 (was 0.7927640000000006)
[INFO] hw.stepgen: =human= stepgen sg-cmd-pos=1.000000 rev sg-fb-pos=0.794592 rev sg-vel=1.824000 rps sg-acc=-8.000000 rps2

=human= stepgen sg-cmd-pos=1.000000 rev sg-fb-pos=0.794592 rev sg-vel=1.824000 rps sg-acc=-8.000000 rps2

[INFO] hw.pins: Pin step.fb set to 0.7964120000000007 (was 0.7945920000000006)
Pin step.fb set to 0.7964120000000007 (was 0.7945920000000006)
[INFO] hw.stepgen: =human= stepgen sg-cmd-pos=1.000000 rev sg-fb-pos=0.796412 rev sg-vel=1.816000 rps sg-acc=-8.000000 rps2

=human= stepgen sg-cmd-pos=1.000000 rev sg-fb-pos=0.796412 rev sg-vel=1.816000 rps sg-acc=-8.000000 rps2

[INFO] hw.pins: Pin step.fb set to 0.7982240000000007 (was 0.7964120000000007)
Pin step.fb set to 0.7982240000000007 (was 0.7964120000000007)
[INFO] hw.stepgen: =human= stepgen sg-cmd-pos=1.000000 rev sg-fb-pos=0.798224 rev sg-vel=1.808000 rps sg-acc=-8.000000 rps2

=human= stepgen sg-cmd-pos=1.000000 rev sg-fb-pos=0.798224 rev sg-vel=1.808000 rps sg-acc=-8.000000 rps2

[INFO] hw.pins: Pin step.fb set to 0.8000280000000007 (was 0.7982240000000007)
Pin step.fb set to 0.8000280000000007 (was 0.7982240000000007)
[INFO] hw.stepgen: =human= stepgen sg-cmd-pos=1.000000 rev sg-fb-pos=0.800028 rev sg-vel=1.800000 rps sg-acc=-8.000000 rps2

=human= stepgen sg-cmd-pos=1.000000 rev sg-fb-pos=0.800028 rev sg-vel=1.800000 rps sg-acc=-8.000000 rps2

[INFO] hw.pins: Pin step.fb set to 0.8018240000000008 (was 0.8000280000000007)
Pin step.fb set to 0.8018240000000008 (was 0.8000280000000007)
[INFO] hw.stepgen: =human= stepgen sg-cmd-pos=1.000000 rev sg-fb-pos=0.801824 rev sg-vel=1.792000 rps sg-acc=-8.000000 rps2

=human= stepgen sg-cmd-pos=1.000000 rev sg-fb-pos=0.801824 rev sg-vel=1.792000 rps sg-acc=-8.000000 rps2

[INFO] hw.pins: Pin step.fb set to 0.8036120000000008 (was 0.8018240000000008)
Pin step.fb set to 0.8036120000000008 (was 0.8018240000000008)
[INFO] hw.stepgen: =human= stepgen sg-cmd-pos=1.000000 rev sg-fb-pos=0.803612 rev sg-vel=1.784000 rps sg-acc=-8.000000 rps2

=human= stepgen sg-cmd-pos=1.000000 rev sg-fb-pos=0.803612 rev sg-vel=1.784000 rps sg-acc=-8.000000 rps2

[INFO] hw.pins: Pin step.fb set to 0.8053920000000008 (was 0.8036120000000008)
Pin step.fb set to 0.8053920000000008 (was 0.8036120000000008)
[INFO] hw.stepgen: =human= stepgen sg-cmd-pos=1.000000 rev sg-fb-pos=0.805392 rev sg-vel=1.776000 rps sg-acc=-8.000000 rps2

=human= stepgen sg-cmd-pos=1.000000 rev sg-fb-pos=0.805392 rev sg-vel=1.776000 rps sg-acc=-8.000000 rps2

[INFO] hw.pins: Pin step.fb set to 0.8071640000000008 (was 0.8053920000000008)
Pin step.fb set to 0.8071640000000008 (was 0.8053920000000008)
[INFO] hw.stepgen: =human= stepgen sg-cmd-pos=1.000000 rev sg-fb-pos=0.807164 rev sg-vel=1.768000 rps sg-acc=-8.000000 rps2

=human= stepgen sg-cmd-pos=1.000000 rev sg-fb-pos=0.807164 rev sg-vel=1.768000 rps sg-acc=-8.000000 rps2

[INFO] hw.pins: Pin step.fb set to 0.8089280000000008 (was 0.8071640000000008)
Pin step.fb set to 0.8089280000000008 (was 0.8071640000000008)
[INFO] hw.stepgen: =human= stepgen sg-cmd-pos=1.000000 rev sg-fb-pos=0.808928 rev sg-vel=1.760000 rps sg-acc=-8.000000 rps2

=human= stepgen sg-cmd-pos=1.000000 rev sg-fb-pos=0.808928 rev sg-vel=1.760000 rps sg-acc=-8.000000 rps2

[INFO] hw.pins: Pin step.fb set to 0.8106840000000007 (was 0.8089280000000008)
Pin step.fb set to 0.8106840000000007 (was 0.8089280000000008)
[INFO] hw.stepgen: =human= stepgen sg-cmd-pos=1.000000 rev sg-fb-pos=0.810684 rev sg-vel=1.752000 rps sg-acc=-8.000000 rps2

=human= stepgen sg-cmd-pos=1.000000 rev sg-fb-pos=0.810684 rev sg-vel=1.752000 rps sg-acc=-8.000000 rps2

[INFO] hw.pins: Pin step.fb set to 0.8124320000000007 (was 0.8106840000000007)
Pin step.fb set to 0.8124320000000007 (was 0.8106840000000007)
[INFO] hw.stepgen: =human= stepgen sg-cmd-pos=1.000000 rev sg-fb-pos=0.812432 rev sg-vel=1.744000 rps sg-acc=-8.000000 rps2

=human= stepgen sg-cmd-pos=1.000000 rev sg-fb-pos=0.812432 rev sg-vel=1.744000 rps sg-acc=-8.000000 rps2

[INFO] hw.pins: Pin step.fb set to 0.8141720000000007 (was 0.8124320000000007)
Pin step.fb set to 0.8141720000000007 (was 0.8124320000000007)
[INFO] hw.stepgen: =human= stepgen sg-cmd-pos=1.000000 rev sg-fb-pos=0.814172 rev sg-vel=1.736000 rps sg-acc=-8.000000 rps2

=human= stepgen sg-cmd-pos=1.000000 rev sg-fb-pos=0.814172 rev sg-vel=1.736000 rps sg-acc=-8.000000 rps2

[INFO] hw.pins: Pin step.fb set to 0.8159040000000006 (was 0.8141720000000007)
Pin step.fb set to 0.8159040000000006 (was 0.8141720000000007)
[INFO] hw.stepgen: =human= stepgen sg-cmd-pos=1.000000 rev sg-fb-pos=0.815904 rev sg-vel=1.728000 rps sg-acc=-8.000000 rps2

=human= stepgen sg-cmd-pos=1.000000 rev sg-fb-pos=0.815904 rev sg-vel=1.728000 rps sg-acc=-8.000000 rps2

[INFO] hw.pins: Pin step.fb set to 0.8176280000000006 (was 0.8159040000000006)
Pin step.fb set to 0.8176280000000006 (was 0.8159040000000006)
[INFO] hw.stepgen: =human= stepgen sg-cmd-pos=1.000000 rev sg-fb-pos=0.817628 rev sg-vel=1.720000 rps sg-acc=-8.000000 rps2

=human= stepgen sg-cmd-pos=1.000000 rev sg-fb-pos=0.817628 rev sg-vel=1.720000 rps sg-acc=-8.000000 rps2

[INFO] hw.pins: Pin step.fb set to 0.8193440000000006 (was 0.8176280000000006)
Pin step.fb set to 0.8193440000000006 (was 0.8176280000000006)
[INFO] hw.stepgen: =human= stepgen sg-cmd-pos=1.000000 rev sg-fb-pos=0.819344 rev sg-vel=1.712000 rps sg-acc=-8.000000 rps2

=human= stepgen sg-cmd-pos=1.000000 rev sg-fb-pos=0.819344 rev sg-vel=1.712000 rps sg-acc=-8.000000 rps2

[INFO] hw.pins: Pin step.fb set to 0.8210520000000007 (was 0.8193440000000006)
Pin step.fb set to 0.8210520000000007 (was 0.8193440000000006)
[INFO] hw.stepgen: =human= stepgen sg-cmd-pos=1.000000 rev sg-fb-pos=0.821052 rev sg-vel=1.704000 rps sg-acc=-8.000000 rps2

=human= stepgen sg-cmd-pos=1.000000 rev sg-fb-pos=0.821052 rev sg-vel=1.704000 rps sg-acc=-8.000000 rps2

[INFO] hw.pins: Pin step.fb set to 0.8227520000000007 (was 0.8210520000000007)
Pin step.fb set to 0.8227520000000007 (was 0.8210520000000007)
[INFO] hw.stepgen: =human= stepgen sg-cmd-pos=1.000000 rev sg-fb-pos=0.822752 rev sg-vel=1.696000 rps sg-acc=-8.000000 rps2

=human= stepgen sg-cmd-pos=1.000000 rev sg-fb-pos=0.822752 rev sg-vel=1.696000 rps sg-acc=-8.000000 rps2

[INFO] hw.pins: Pin step.fb set to 0.8244440000000007 (was 0.8227520000000007)
Pin step.fb set to 0.8244440000000007 (was 0.8227520000000007)
[INFO] hw.stepgen: =human= stepgen sg-cmd-pos=1.000000 rev sg-fb-pos=0.824444 rev sg-vel=1.688000 rps sg-acc=-8.000000 rps2

=human= stepgen sg-cmd-pos=1.000000 rev sg-fb-pos=0.824444 rev sg-vel=1.688000 rps sg-acc=-8.000000 rps2

[INFO] hw.pins: Pin step.fb set to 0.8261280000000008 (was 0.8244440000000007)
Pin step.fb set to 0.8261280000000008 (was 0.8244440000000007)
[INFO] hw.stepgen: =human= stepgen sg-cmd-pos=1.000000 rev sg-fb-pos=0.826128 rev sg-vel=1.680000 rps sg-acc=-8.000000 rps2

=human= stepgen sg-cmd-pos=1.000000 rev sg-fb-pos=0.826128 rev sg-vel=1.680000 rps sg-acc=-8.000000 rps2

[INFO] hw.pins: Pin step.fb set to 0.8278040000000008 (was 0.8261280000000008)
Pin step.fb set to 0.8278040000000008 (was 0.8261280000000008)
[INFO] hw.stepgen: =human= stepgen sg-cmd-pos=1.000000 rev sg-fb-pos=0.827804 rev sg-vel=1.672000 rps sg-acc=-8.000000 rps2

=human= stepgen sg-cmd-pos=1.000000 rev sg-fb-pos=0.827804 rev sg-vel=1.672000 rps sg-acc=-8.000000 rps2

[INFO] hw.pins: Pin step.fb set to 0.8294720000000008 (was 0.8278040000000008)
Pin step.fb set to 0.8294720000000008 (was 0.8278040000000008)
[INFO] hw.stepgen: =human= stepgen sg-cmd-pos=1.000000 rev sg-fb-pos=0.829472 rev sg-vel=1.664000 rps sg-acc=-8.000000 rps2

=human= stepgen sg-cmd-pos=1.000000 rev sg-fb-pos=0.829472 rev sg-vel=1.664000 rps sg-acc=-8.000000 rps2

[INFO] hw.pins: Pin step.fb set to 0.8311320000000008 (was 0.8294720000000008)
Pin step.fb set to 0.8311320000000008 (was 0.8294720000000008)
[INFO] hw.stepgen: =human= stepgen sg-cmd-pos=1.000000 rev sg-fb-pos=0.831132 rev sg-vel=1.656000 rps sg-acc=-8.000000 rps2

=human= stepgen sg-cmd-pos=1.000000 rev sg-fb-pos=0.831132 rev sg-vel=1.656000 rps sg-acc=-8.000000 rps2

[INFO] hw.pins: Pin step.fb set to 0.8327840000000007 (was 0.8311320000000008)
Pin step.fb set to 0.8327840000000007 (was 0.8311320000000008)
[INFO] hw.stepgen: =human= stepgen sg-cmd-pos=1.000000 rev sg-fb-pos=0.832784 rev sg-vel=1.648000 rps sg-acc=-8.000000 rps2

=human= stepgen sg-cmd-pos=1.000000 rev sg-fb-pos=0.832784 rev sg-vel=1.648000 rps sg-acc=-8.000000 rps2

[INFO] hw.pins: Pin step.fb set to 0.8344280000000007 (was 0.8327840000000007)
Pin step.fb set to 0.8344280000000007 (was 0.8327840000000007)
[INFO] hw.stepgen: =human= stepgen sg-cmd-pos=1.000000 rev sg-fb-pos=0.834428 rev sg-vel=1.640000 rps sg-acc=-8.000000 rps2

=human= stepgen sg-cmd-pos=1.000000 rev sg-fb-pos=0.834428 rev sg-vel=1.640000 rps sg-acc=-8.000000 rps2

[INFO] hw.pins: Pin step.fb set to 0.8360640000000007 (was 0.8344280000000007)
Pin step.fb set to 0.8360640000000007 (was 0.8344280000000007)
[INFO] hw.stepgen: =human= stepgen sg-cmd-pos=1.000000 rev sg-fb-pos=0.836064 rev sg-vel=1.632000 rps sg-acc=-8.000000 rps2

=human= stepgen sg-cmd-pos=1.000000 rev sg-fb-pos=0.836064 rev sg-vel=1.632000 rps sg-acc=-8.000000 rps2

[INFO] hw.pins: Pin step.fb set to 0.8376920000000007 (was 0.8360640000000007)
Pin step.fb set to 0.8376920000000007 (was 0.8360640000000007)
[INFO] hw.stepgen: =human= stepgen sg-cmd-pos=1.000000 rev sg-fb-pos=0.837692 rev sg-vel=1.624000 rps sg-acc=-8.000000 rps2

=human= stepgen sg-cmd-pos=1.000000 rev sg-fb-pos=0.837692 rev sg-vel=1.624000 rps sg-acc=-8.000000 rps2

[INFO] hw.pins: Pin step.fb set to 0.8393120000000006 (was 0.8376920000000007)
Pin step.fb set to 0.8393120000000006 (was 0.8376920000000007)
[INFO] hw.stepgen: =human= stepgen sg-cmd-pos=1.000000 rev sg-fb-pos=0.839312 rev sg-vel=1.616000 rps sg-acc=-8.000000 rps2

=human= stepgen sg-cmd-pos=1.000000 rev sg-fb-pos=0.839312 rev sg-vel=1.616000 rps sg-acc=-8.000000 rps2

[INFO] hw.pins: Pin step.fb set to 0.8409240000000006 (was 0.8393120000000006)
Pin step.fb set to 0.8409240000000006 (was 0.8393120000000006)
[INFO] hw.stepgen: =human= stepgen sg-cmd-pos=1.000000 rev sg-fb-pos=0.840924 rev sg-vel=1.608000 rps sg-acc=-8.000000 rps2

=human= stepgen sg-cmd-pos=1.000000 rev sg-fb-pos=0.840924 rev sg-vel=1.608000 rps sg-acc=-8.000000 rps2

[INFO] hw.pins: Pin step.fb set to 0.8425280000000006 (was 0.8409240000000006)
Pin step.fb set to 0.8425280000000006 (was 0.8409240000000006)
[INFO] hw.stepgen: =human= stepgen sg-cmd-pos=1.000000 rev sg-fb-pos=0.842528 rev sg-vel=1.600000 rps sg-acc=-8.000000 rps2

=human= stepgen sg-cmd-pos=1.000000 rev sg-fb-pos=0.842528 rev sg-vel=1.600000 rps sg-acc=-8.000000 rps2

[INFO] hw.pins: Pin step.fb set to 0.8441240000000007 (was 0.8425280000000006)
Pin step.fb set to 0.8441240000000007 (was 0.8425280000000006)
[INFO] hw.stepgen: =human= stepgen sg-cmd-pos=1.000000 rev sg-fb-pos=0.844124 rev sg-vel=1.592000 rps sg-acc=-8.000000 rps2

=human= stepgen sg-cmd-pos=1.000000 rev sg-fb-pos=0.844124 rev sg-vel=1.592000 rps sg-acc=-8.000000 rps2

[INFO] hw.pins: Pin step.fb set to 0.8457120000000007 (was 0.8441240000000007)
Pin step.fb set to 0.8457120000000007 (was 0.8441240000000007)
[INFO] hw.stepgen: =human= stepgen sg-cmd-pos=1.000000 rev sg-fb-pos=0.845712 rev sg-vel=1.584000 rps sg-acc=-8.000000 rps2

=human= stepgen sg-cmd-pos=1.000000 rev sg-fb-pos=0.845712 rev sg-vel=1.584000 rps sg-acc=-8.000000 rps2

[INFO] hw.pins: Pin step.fb set to 0.8472920000000007 (was 0.8457120000000007)
Pin step.fb set to 0.8472920000000007 (was 0.8457120000000007)
[INFO] hw.stepgen: =human= stepgen sg-cmd-pos=1.000000 rev sg-fb-pos=0.847292 rev sg-vel=1.576000 rps sg-acc=-8.000000 rps2

=human= stepgen sg-cmd-pos=1.000000 rev sg-fb-pos=0.847292 rev sg-vel=1.576000 rps sg-acc=-8.000000 rps2

[INFO] hw.pins: Pin step.fb set to 0.8488640000000007 (was 0.8472920000000007)
Pin step.fb set to 0.8488640000000007 (was 0.8472920000000007)
[INFO] hw.stepgen: =human= stepgen sg-cmd-pos=1.000000 rev sg-fb-pos=0.848864 rev sg-vel=1.568000 rps sg-acc=-8.000000 rps2

=human= stepgen sg-cmd-pos=1.000000 rev sg-fb-pos=0.848864 rev sg-vel=1.568000 rps sg-acc=-8.000000 rps2

[INFO] hw.pins: Pin step.fb set to 0.8504280000000007 (was 0.8488640000000007)
Pin step.fb set to 0.8504280000000007 (was 0.8488640000000007)
[INFO] hw.stepgen: =human= stepgen sg-cmd-pos=1.000000 rev sg-fb-pos=0.850428 rev sg-vel=1.560000 rps sg-acc=-8.000000 rps2

=human= stepgen sg-cmd-pos=1.000000 rev sg-fb-pos=0.850428 rev sg-vel=1.560000 rps sg-acc=-8.000000 rps2

[INFO] hw.pins: Pin step.fb set to 0.8519840000000007 (was 0.8504280000000007)
Pin step.fb set to 0.8519840000000007 (was 0.8504280000000007)
[INFO] hw.stepgen: =human= stepgen sg-cmd-pos=1.000000 rev sg-fb-pos=0.851984 rev sg-vel=1.552000 rps sg-acc=-8.000000 rps2

=human= stepgen sg-cmd-pos=1.000000 rev sg-fb-pos=0.851984 rev sg-vel=1.552000 rps sg-acc=-8.000000 rps2

[INFO] hw.pins: Pin step.fb set to 0.8535320000000007 (was 0.8519840000000007)
Pin step.fb set to 0.8535320000000007 (was 0.8519840000000007)
[INFO] hw.stepgen: =human= stepgen sg-cmd-pos=1.000000 rev sg-fb-pos=0.853532 rev sg-vel=1.544000 rps sg-acc=-8.000000 rps2

=human= stepgen sg-cmd-pos=1.000000 rev sg-fb-pos=0.853532 rev sg-vel=1.544000 rps sg-acc=-8.000000 rps2

[INFO] hw.pins: Pin step.fb set to 0.8550720000000007 (was 0.8535320000000007)
Pin step.fb set to 0.8550720000000007 (was 0.8535320000000007)
[INFO] hw.stepgen: =human= stepgen sg-cmd-pos=1.000000 rev sg-fb-pos=0.855072 rev sg-vel=1.536000 rps sg-acc=-8.000000 rps2

=human= stepgen sg-cmd-pos=1.000000 rev sg-fb-pos=0.855072 rev sg-vel=1.536000 rps sg-acc=-8.000000 rps2

[INFO] hw.pins: Pin step.fb set to 0.8566040000000007 (was 0.8550720000000007)
Pin step.fb set to 0.8566040000000007 (was 0.8550720000000007)
[INFO] hw.stepgen: =human= stepgen sg-cmd-pos=1.000000 rev sg-fb-pos=0.856604 rev sg-vel=1.528000 rps sg-acc=-8.000000 rps2

=human= stepgen sg-cmd-pos=1.000000 rev sg-fb-pos=0.856604 rev sg-vel=1.528000 rps sg-acc=-8.000000 rps2

[INFO] hw.pins: Pin step.fb set to 0.8581280000000007 (was 0.8566040000000007)
Pin step.fb set to 0.8581280000000007 (was 0.8566040000000007)
[INFO] hw.stepgen: =human= stepgen sg-cmd-pos=1.000000 rev sg-fb-pos=0.858128 rev sg-vel=1.520000 rps sg-acc=-8.000000 rps2

=human= stepgen sg-cmd-pos=1.000000 rev sg-fb-pos=0.858128 rev sg-vel=1.520000 rps sg-acc=-8.000000 rps2

[INFO] hw.pins: Pin step.fb set to 0.8596440000000006 (was 0.8581280000000007)
Pin step.fb set to 0.8596440000000006 (was 0.8581280000000007)
[INFO] hw.stepgen: =human= stepgen sg-cmd-pos=1.000000 rev sg-fb-pos=0.859644 rev sg-vel=1.512000 rps sg-acc=-8.000000 rps2

=human= stepgen sg-cmd-pos=1.000000 rev sg-fb-pos=0.859644 rev sg-vel=1.512000 rps sg-acc=-8.000000 rps2

[INFO] hw.pins: Pin step.fb set to 0.8611520000000006 (was 0.8596440000000006)
Pin step.fb set to 0.8611520000000006 (was 0.8596440000000006)
[INFO] hw.stepgen: =human= stepgen sg-cmd-pos=1.000000 rev sg-fb-pos=0.861152 rev sg-vel=1.504000 rps sg-acc=-8.000000 rps2

=human= stepgen sg-cmd-pos=1.000000 rev sg-fb-pos=0.861152 rev sg-vel=1.504000 rps sg-acc=-8.000000 rps2

[INFO] hw.pins: Pin step.fb set to 0.8626520000000005 (was 0.8611520000000006)
Pin step.fb set to 0.8626520000000005 (was 0.8611520000000006)
[INFO] hw.stepgen: =human= stepgen sg-cmd-pos=1.000000 rev sg-fb-pos=0.862652 rev sg-vel=1.496000 rps sg-acc=-8.000000 rps2

=human= stepgen sg-cmd-pos=1.000000 rev sg-fb-pos=0.862652 rev sg-vel=1.496000 rps sg-acc=-8.000000 rps2

[INFO] hw.pins: Pin step.fb set to 0.8641440000000006 (was 0.8626520000000005)
Pin step.fb set to 0.8641440000000006 (was 0.8626520000000005)
[INFO] hw.stepgen: =human= stepgen sg-cmd-pos=1.000000 rev sg-fb-pos=0.864144 rev sg-vel=1.488000 rps sg-acc=-8.000000 rps2

=human= stepgen sg-cmd-pos=1.000000 rev sg-fb-pos=0.864144 rev sg-vel=1.488000 rps sg-acc=-8.000000 rps2

[INFO] hw.pins: Pin step.fb set to 0.8656280000000006 (was 0.8641440000000006)
Pin step.fb set to 0.8656280000000006 (was 0.8641440000000006)
[INFO] hw.stepgen: =human= stepgen sg-cmd-pos=1.000000 rev sg-fb-pos=0.865628 rev sg-vel=1.480000 rps sg-acc=-8.000000 rps2

=human= stepgen sg-cmd-pos=1.000000 rev sg-fb-pos=0.865628 rev sg-vel=1.480000 rps sg-acc=-8.000000 rps2

[INFO] hw.pins: Pin step.fb set to 0.8671040000000007 (was 0.8656280000000006)
Pin step.fb set to 0.8671040000000007 (was 0.8656280000000006)
[INFO] hw.stepgen: =human= stepgen sg-cmd-pos=1.000000 rev sg-fb-pos=0.867104 rev sg-vel=1.472000 rps sg-acc=-8.000000 rps2

=human= stepgen sg-cmd-pos=1.000000 rev sg-fb-pos=0.867104 rev sg-vel=1.472000 rps sg-acc=-8.000000 rps2

[INFO] hw.pins: Pin step.fb set to 0.8685720000000007 (was 0.8671040000000007)
Pin step.fb set to 0.8685720000000007 (was 0.8671040000000007)
[INFO] hw.stepgen: =human= stepgen sg-cmd-pos=1.000000 rev sg-fb-pos=0.868572 rev sg-vel=1.464000 rps sg-acc=-8.000000 rps2

=human= stepgen sg-cmd-pos=1.000000 rev sg-fb-pos=0.868572 rev sg-vel=1.464000 rps sg-acc=-8.000000 rps2

[INFO] hw.pins: Pin step.fb set to 0.8700320000000007 (was 0.8685720000000007)
Pin step.fb set to 0.8700320000000007 (was 0.8685720000000007)
[INFO] hw.stepgen: =human= stepgen sg-cmd-pos=1.000000 rev sg-fb-pos=0.870032 rev sg-vel=1.456000 rps sg-acc=-8.000000 rps2

=human= stepgen sg-cmd-pos=1.000000 rev sg-fb-pos=0.870032 rev sg-vel=1.456000 rps sg-acc=-8.000000 rps2

[INFO] hw.pins: Pin step.fb set to 0.8714840000000007 (was 0.8700320000000007)
Pin step.fb set to 0.8714840000000007 (was 0.8700320000000007)
[INFO] hw.stepgen: =human= stepgen sg-cmd-pos=1.000000 rev sg-fb-pos=0.871484 rev sg-vel=1.448000 rps sg-acc=-8.000000 rps2

=human= stepgen sg-cmd-pos=1.000000 rev sg-fb-pos=0.871484 rev sg-vel=1.448000 rps sg-acc=-8.000000 rps2

[INFO] hw.pins: Pin step.fb set to 0.8729280000000007 (was 0.8714840000000007)
Pin step.fb set to 0.8729280000000007 (was 0.8714840000000007)
[INFO] hw.stepgen: =human= stepgen sg-cmd-pos=1.000000 rev sg-fb-pos=0.872928 rev sg-vel=1.440000 rps sg-acc=-8.000000 rps2

=human= stepgen sg-cmd-pos=1.000000 rev sg-fb-pos=0.872928 rev sg-vel=1.440000 rps sg-acc=-8.000000 rps2

[INFO] hw.pins: Pin step.fb set to 0.8743640000000007 (was 0.8729280000000007)
Pin step.fb set to 0.8743640000000007 (was 0.8729280000000007)
[INFO] hw.stepgen: =human= stepgen sg-cmd-pos=1.000000 rev sg-fb-pos=0.874364 rev sg-vel=1.432000 rps sg-acc=-8.000000 rps2

=human= stepgen sg-cmd-pos=1.000000 rev sg-fb-pos=0.874364 rev sg-vel=1.432000 rps sg-acc=-8.000000 rps2

[INFO] hw.pins: Pin step.fb set to 0.8757920000000007 (was 0.8743640000000007)
Pin step.fb set to 0.8757920000000007 (was 0.8743640000000007)
[INFO] hw.stepgen: =human= stepgen sg-cmd-pos=1.000000 rev sg-fb-pos=0.875792 rev sg-vel=1.424000 rps sg-acc=-8.000000 rps2

=human= stepgen sg-cmd-pos=1.000000 rev sg-fb-pos=0.875792 rev sg-vel=1.424000 rps sg-acc=-8.000000 rps2

[INFO] hw.pins: Pin step.fb set to 0.8772120000000007 (was 0.8757920000000007)
Pin step.fb set to 0.8772120000000007 (was 0.8757920000000007)
[INFO] hw.stepgen: =human= stepgen sg-cmd-pos=1.000000 rev sg-fb-pos=0.877212 rev sg-vel=1.416000 rps sg-acc=-8.000000 rps2

=human= stepgen sg-cmd-pos=1.000000 rev sg-fb-pos=0.877212 rev sg-vel=1.416000 rps sg-acc=-8.000000 rps2

[INFO] hw.pins: Pin step.fb set to 0.8786240000000006 (was 0.8772120000000007)
Pin step.fb set to 0.8786240000000006 (was 0.8772120000000007)
[INFO] hw.stepgen: =human= stepgen sg-cmd-pos=1.000000 rev sg-fb-pos=0.878624 rev sg-vel=1.408000 rps sg-acc=-8.000000 rps2

=human= stepgen sg-cmd-pos=1.000000 rev sg-fb-pos=0.878624 rev sg-vel=1.408000 rps sg-acc=-8.000000 rps2

[INFO] hw.pins: Pin step.fb set to 0.8800280000000006 (was 0.8786240000000006)
Pin step.fb set to 0.8800280000000006 (was 0.8786240000000006)
[INFO] hw.stepgen: =human= stepgen sg-cmd-pos=1.000000 rev sg-fb-pos=0.880028 rev sg-vel=1.400000 rps sg-acc=-8.000000 rps2

=human= stepgen sg-cmd-pos=1.000000 rev sg-fb-pos=0.880028 rev sg-vel=1.400000 rps sg-acc=-8.000000 rps2

[INFO] hw.pins: Pin step.fb set to 0.8814240000000005 (was 0.8800280000000006)
Pin step.fb set to 0.8814240000000005 (was 0.8800280000000006)
[INFO] hw.stepgen: =human= stepgen sg-cmd-pos=1.000000 rev sg-fb-pos=0.881424 rev sg-vel=1.392000 rps sg-acc=-8.000000 rps2

=human= stepgen sg-cmd-pos=1.000000 rev sg-fb-pos=0.881424 rev sg-vel=1.392000 rps sg-acc=-8.000000 rps2

[INFO] hw.pins: Pin step.fb set to 0.8828120000000006 (was 0.8814240000000005)
Pin step.fb set to 0.8828120000000006 (was 0.8814240000000005)
[INFO] hw.stepgen: =human= stepgen sg-cmd-pos=1.000000 rev sg-fb-pos=0.882812 rev sg-vel=1.384000 rps sg-acc=-8.000000 rps2

=human= stepgen sg-cmd-pos=1.000000 rev sg-fb-pos=0.882812 rev sg-vel=1.384000 rps sg-acc=-8.000000 rps2

[INFO] hw.pins: Pin step.fb set to 0.8841920000000006 (was 0.8828120000000006)
Pin step.fb set to 0.8841920000000006 (was 0.8828120000000006)
[INFO] hw.stepgen: =human= stepgen sg-cmd-pos=1.000000 rev sg-fb-pos=0.884192 rev sg-vel=1.376000 rps sg-acc=-8.000000 rps2

=human= stepgen sg-cmd-pos=1.000000 rev sg-fb-pos=0.884192 rev sg-vel=1.376000 rps sg-acc=-8.000000 rps2

[INFO] hw.pins: Pin step.fb set to 0.8855640000000007 (was 0.8841920000000006)
Pin step.fb set to 0.8855640000000007 (was 0.8841920000000006)
[INFO] hw.stepgen: =human= stepgen sg-cmd-pos=1.000000 rev sg-fb-pos=0.885564 rev sg-vel=1.368000 rps sg-acc=-8.000000 rps2

=human= stepgen sg-cmd-pos=1.000000 rev sg-fb-pos=0.885564 rev sg-vel=1.368000 rps sg-acc=-8.000000 rps2

[INFO] hw.pins: Pin step.fb set to 0.8869280000000007 (was 0.8855640000000007)
Pin step.fb set to 0.8869280000000007 (was 0.8855640000000007)
[INFO] hw.stepgen: =human= stepgen sg-cmd-pos=1.000000 rev sg-fb-pos=0.886928 rev sg-vel=1.360000 rps sg-acc=-8.000000 rps2

=human= stepgen sg-cmd-pos=1.000000 rev sg-fb-pos=0.886928 rev sg-vel=1.360000 rps sg-acc=-8.000000 rps2

[INFO] hw.pins: Pin step.fb set to 0.8882840000000007 (was 0.8869280000000007)
Pin step.fb set to 0.8882840000000007 (was 0.8869280000000007)
[INFO] hw.stepgen: =human= stepgen sg-cmd-pos=1.000000 rev sg-fb-pos=0.888284 rev sg-vel=1.352000 rps sg-acc=-8.000000 rps2

=human= stepgen sg-cmd-pos=1.000000 rev sg-fb-pos=0.888284 rev sg-vel=1.352000 rps sg-acc=-8.000000 rps2

[INFO] hw.pins: Pin step.fb set to 0.8896320000000008 (was 0.8882840000000007)
Pin step.fb set to 0.8896320000000008 (was 0.8882840000000007)
[INFO] hw.stepgen: =human= stepgen sg-cmd-pos=1.000000 rev sg-fb-pos=0.889632 rev sg-vel=1.344000 rps sg-acc=-8.000000 rps2

=human= stepgen sg-cmd-pos=1.000000 rev sg-fb-pos=0.889632 rev sg-vel=1.344000 rps sg-acc=-8.000000 rps2

[INFO] hw.pins: Pin step.fb set to 0.8909720000000008 (was 0.8896320000000008)
Pin step.fb set to 0.8909720000000008 (was 0.8896320000000008)
[INFO] hw.stepgen: =human= stepgen sg-cmd-pos=1.000000 rev sg-fb-pos=0.890972 rev sg-vel=1.336000 rps sg-acc=-8.000000 rps2

=human= stepgen sg-cmd-pos=1.000000 rev sg-fb-pos=0.890972 rev sg-vel=1.336000 rps sg-acc=-8.000000 rps2

[INFO] hw.pins: Pin step.fb set to 0.8923040000000008 (was 0.8909720000000008)
Pin step.fb set to 0.8923040000000008 (was 0.8909720000000008)
[INFO] hw.stepgen: =human= stepgen sg-cmd-pos=1.000000 rev sg-fb-pos=0.892304 rev sg-vel=1.328000 rps sg-acc=-8.000000 rps2

=human= stepgen sg-cmd-pos=1.000000 rev sg-fb-pos=0.892304 rev sg-vel=1.328000 rps sg-acc=-8.000000 rps2

[INFO] hw.pins: Pin step.fb set to 0.8936280000000008 (was 0.8923040000000008)
Pin step.fb set to 0.8936280000000008 (was 0.8923040000000008)
[INFO] hw.stepgen: =human= stepgen sg-cmd-pos=1.000000 rev sg-fb-pos=0.893628 rev sg-vel=1.320000 rps sg-acc=-8.000000 rps2

=human= stepgen sg-cmd-pos=1.000000 rev sg-fb-pos=0.893628 rev sg-vel=1.320000 rps sg-acc=-8.000000 rps2

[INFO] hw.pins: Pin step.fb set to 0.8949440000000007 (was 0.8936280000000008)
Pin step.fb set to 0.8949440000000007 (was 0.8936280000000008)
[INFO] hw.stepgen: =human= stepgen sg-cmd-pos=1.000000 rev sg-fb-pos=0.894944 rev sg-vel=1.312000 rps sg-acc=-8.000000 rps2

=human= stepgen sg-cmd-pos=1.000000 rev sg-fb-pos=0.894944 rev sg-vel=1.312000 rps sg-acc=-8.000000 rps2

[INFO] hw.pins: Pin step.fb set to 0.8962520000000007 (was 0.8949440000000007)
Pin step.fb set to 0.8962520000000007 (was 0.8949440000000007)
[INFO] hw.stepgen: =human= stepgen sg-cmd-pos=1.000000 rev sg-fb-pos=0.896252 rev sg-vel=1.304000 rps sg-acc=-8.000000 rps2

=human= stepgen sg-cmd-pos=1.000000 rev sg-fb-pos=0.896252 rev sg-vel=1.304000 rps sg-acc=-8.000000 rps2

[INFO] hw.pins: Pin step.fb set to 0.8975520000000007 (was 0.8962520000000007)
Pin step.fb set to 0.8975520000000007 (was 0.8962520000000007)
[INFO] hw.stepgen: =human= stepgen sg-cmd-pos=1.000000 rev sg-fb-pos=0.897552 rev sg-vel=1.296000 rps sg-acc=-8.000000 rps2

=human= stepgen sg-cmd-pos=1.000000 rev sg-fb-pos=0.897552 rev sg-vel=1.296000 rps sg-acc=-8.000000 rps2

[INFO] hw.pins: Pin step.fb set to 0.8988440000000006 (was 0.8975520000000007)
Pin step.fb set to 0.8988440000000006 (was 0.8975520000000007)
[INFO] hw.stepgen: =human= stepgen sg-cmd-pos=1.000000 rev sg-fb-pos=0.898844 rev sg-vel=1.288000 rps sg-acc=-8.000000 rps2

=human= stepgen sg-cmd-pos=1.000000 rev sg-fb-pos=0.898844 rev sg-vel=1.288000 rps sg-acc=-8.000000 rps2

[INFO] hw.pins: Pin step.fb set to 0.9001280000000006 (was 0.8988440000000006)
Pin step.fb set to 0.9001280000000006 (was 0.8988440000000006)
[INFO] hw.stepgen: =human= stepgen sg-cmd-pos=1.000000 rev sg-fb-pos=0.900128 rev sg-vel=1.280000 rps sg-acc=-8.000000 rps2

=human= stepgen sg-cmd-pos=1.000000 rev sg-fb-pos=0.900128 rev sg-vel=1.280000 rps sg-acc=-8.000000 rps2

[INFO] hw.pins: Pin step.fb set to 0.9014040000000006 (was 0.9001280000000006)
Pin step.fb set to 0.9014040000000006 (was 0.9001280000000006)
[INFO] hw.stepgen: =human= stepgen sg-cmd-pos=1.000000 rev sg-fb-pos=0.901404 rev sg-vel=1.272000 rps sg-acc=-8.000000 rps2

=human= stepgen sg-cmd-pos=1.000000 rev sg-fb-pos=0.901404 rev sg-vel=1.272000 rps sg-acc=-8.000000 rps2

[INFO] hw.pins: Pin step.fb set to 0.9026720000000007 (was 0.9014040000000006)
Pin step.fb set to 0.9026720000000007 (was 0.9014040000000006)
[INFO] hw.stepgen: =human= stepgen sg-cmd-pos=1.000000 rev sg-fb-pos=0.902672 rev sg-vel=1.264000 rps sg-acc=-8.000000 rps2

=human= stepgen sg-cmd-pos=1.000000 rev sg-fb-pos=0.902672 rev sg-vel=1.264000 rps sg-acc=-8.000000 rps2

[INFO] hw.pins: Pin step.fb set to 0.9039320000000007 (was 0.9026720000000007)
Pin step.fb set to 0.9039320000000007 (was 0.9026720000000007)
[INFO] hw.stepgen: =human= stepgen sg-cmd-pos=1.000000 rev sg-fb-pos=0.903932 rev sg-vel=1.256000 rps sg-acc=-8.000000 rps2

=human= stepgen sg-cmd-pos=1.000000 rev sg-fb-pos=0.903932 rev sg-vel=1.256000 rps sg-acc=-8.000000 rps2

[INFO] hw.pins: Pin step.fb set to 0.9051840000000008 (was 0.9039320000000007)
Pin step.fb set to 0.9051840000000008 (was 0.9039320000000007)
[INFO] hw.stepgen: =human= stepgen sg-cmd-pos=1.000000 rev sg-fb-pos=0.905184 rev sg-vel=1.248000 rps sg-acc=-8.000000 rps2

=human= stepgen sg-cmd-pos=1.000000 rev sg-fb-pos=0.905184 rev sg-vel=1.248000 rps sg-acc=-8.000000 rps2

[INFO] hw.pins: Pin step.fb set to 0.9064280000000008 (was 0.9051840000000008)
Pin step.fb set to 0.9064280000000008 (was 0.9051840000000008)
[INFO] hw.stepgen: =human= stepgen sg-cmd-pos=1.000000 rev sg-fb-pos=0.906428 rev sg-vel=1.240000 rps sg-acc=-8.000000 rps2

=human= stepgen sg-cmd-pos=1.000000 rev sg-fb-pos=0.906428 rev sg-vel=1.240000 rps sg-acc=-8.000000 rps2

[INFO] hw.pins: Pin step.fb set to 0.9076640000000008 (was 0.9064280000000008)
Pin step.fb set to 0.9076640000000008 (was 0.9064280000000008)
[INFO] hw.stepgen: =human= stepgen sg-cmd-pos=1.000000 rev sg-fb-pos=0.907664 rev sg-vel=1.232000 rps sg-acc=-8.000000 rps2

=human= stepgen sg-cmd-pos=1.000000 rev sg-fb-pos=0.907664 rev sg-vel=1.232000 rps sg-acc=-8.000000 rps2

[INFO] hw.pins: Pin step.fb set to 0.9088920000000008 (was 0.9076640000000008)
Pin step.fb set to 0.9088920000000008 (was 0.9076640000000008)
[INFO] hw.stepgen: =human= stepgen sg-cmd-pos=1.000000 rev sg-fb-pos=0.908892 rev sg-vel=1.224000 rps sg-acc=-8.000000 rps2

=human= stepgen sg-cmd-pos=1.000000 rev sg-fb-pos=0.908892 rev sg-vel=1.224000 rps sg-acc=-8.000000 rps2

[INFO] hw.pins: Pin step.fb set to 0.9101120000000008 (was 0.9088920000000008)
Pin step.fb set to 0.9101120000000008 (was 0.9088920000000008)
[INFO] hw.stepgen: =human= stepgen sg-cmd-pos=1.000000 rev sg-fb-pos=0.910112 rev sg-vel=1.216000 rps sg-acc=-8.000000 rps2

=human= stepgen sg-cmd-pos=1.000000 rev sg-fb-pos=0.910112 rev sg-vel=1.216000 rps sg-acc=-8.000000 rps2

[INFO] hw.pins: Pin step.fb set to 0.9113240000000008 (was 0.9101120000000008)
Pin step.fb set to 0.9113240000000008 (was 0.9101120000000008)
[INFO] hw.stepgen: =human= stepgen sg-cmd-pos=1.000000 rev sg-fb-pos=0.911324 rev sg-vel=1.208000 rps sg-acc=-8.000000 rps2

=human= stepgen sg-cmd-pos=1.000000 rev sg-fb-pos=0.911324 rev sg-vel=1.208000 rps sg-acc=-8.000000 rps2

[INFO] hw.pins: Pin step.fb set to 0.9125280000000008 (was 0.9113240000000008)
Pin step.fb set to 0.9125280000000008 (was 0.9113240000000008)
[INFO] hw.stepgen: =human= stepgen sg-cmd-pos=1.000000 rev sg-fb-pos=0.912528 rev sg-vel=1.200000 rps sg-acc=-8.000000 rps2

=human= stepgen sg-cmd-pos=1.000000 rev sg-fb-pos=0.912528 rev sg-vel=1.200000 rps sg-acc=-8.000000 rps2

[INFO] hw.pins: Pin step.fb set to 0.9137240000000008 (was 0.9125280000000008)
Pin step.fb set to 0.9137240000000008 (was 0.9125280000000008)
[INFO] hw.stepgen: =human= stepgen sg-cmd-pos=1.000000 rev sg-fb-pos=0.913724 rev sg-vel=1.192000 rps sg-acc=-8.000000 rps2

=human= stepgen sg-cmd-pos=1.000000 rev sg-fb-pos=0.913724 rev sg-vel=1.192000 rps sg-acc=-8.000000 rps2

[INFO] hw.pins: Pin step.fb set to 0.9149120000000007 (was 0.9137240000000008)
Pin step.fb set to 0.9149120000000007 (was 0.9137240000000008)
[INFO] hw.stepgen: =human= stepgen sg-cmd-pos=1.000000 rev sg-fb-pos=0.914912 rev sg-vel=1.184000 rps sg-acc=-8.000000 rps2

=human= stepgen sg-cmd-pos=1.000000 rev sg-fb-pos=0.914912 rev sg-vel=1.184000 rps sg-acc=-8.000000 rps2

[INFO] hw.pins: Pin step.fb set to 0.9160920000000007 (was 0.9149120000000007)
Pin step.fb set to 0.9160920000000007 (was 0.9149120000000007)
[INFO] hw.stepgen: =human= stepgen sg-cmd-pos=1.000000 rev sg-fb-pos=0.916092 rev sg-vel=1.176000 rps sg-acc=-8.000000 rps2

=human= stepgen sg-cmd-pos=1.000000 rev sg-fb-pos=0.916092 rev sg-vel=1.176000 rps sg-acc=-8.000000 rps2

[INFO] hw.pins: Pin step.fb set to 0.9172640000000006 (was 0.9160920000000007)
Pin step.fb set to 0.9172640000000006 (was 0.9160920000000007)
[INFO] hw.stepgen: =human= stepgen sg-cmd-pos=1.000000 rev sg-fb-pos=0.917264 rev sg-vel=1.168000 rps sg-acc=-8.000000 rps2

=human= stepgen sg-cmd-pos=1.000000 rev sg-fb-pos=0.917264 rev sg-vel=1.168000 rps sg-acc=-8.000000 rps2

[INFO] hw.pins: Pin step.fb set to 0.9184280000000007 (was 0.9172640000000006)
Pin step.fb set to 0.9184280000000007 (was 0.9172640000000006)
[INFO] hw.stepgen: =human= stepgen sg-cmd-pos=1.000000 rev sg-fb-pos=0.918428 rev sg-vel=1.160000 rps sg-acc=-8.000000 rps2

=human= stepgen sg-cmd-pos=1.000000 rev sg-fb-pos=0.918428 rev sg-vel=1.160000 rps sg-acc=-8.000000 rps2

[INFO] hw.pins: Pin step.fb set to 0.9195840000000007 (was 0.9184280000000007)
Pin step.fb set to 0.9195840000000007 (was 0.9184280000000007)
[INFO] hw.stepgen: =human= stepgen sg-cmd-pos=1.000000 rev sg-fb-pos=0.919584 rev sg-vel=1.152000 rps sg-acc=-8.000000 rps2

=human= stepgen sg-cmd-pos=1.000000 rev sg-fb-pos=0.919584 rev sg-vel=1.152000 rps sg-acc=-8.000000 rps2

[INFO] hw.pins: Pin step.fb set to 0.9207320000000008 (was 0.9195840000000007)
Pin step.fb set to 0.9207320000000008 (was 0.9195840000000007)
[INFO] hw.stepgen: =human= stepgen sg-cmd-pos=1.000000 rev sg-fb-pos=0.920732 rev sg-vel=1.144000 rps sg-acc=-8.000000 rps2

=human= stepgen sg-cmd-pos=1.000000 rev sg-fb-pos=0.920732 rev sg-vel=1.144000 rps sg-acc=-8.000000 rps2

[INFO] hw.pins: Pin step.fb set to 0.9218720000000008 (was 0.9207320000000008)
Pin step.fb set to 0.9218720000000008 (was 0.9207320000000008)
[INFO] hw.stepgen: =human= stepgen sg-cmd-pos=1.000000 rev sg-fb-pos=0.921872 rev sg-vel=1.136000 rps sg-acc=-8.000000 rps2

=human= stepgen sg-cmd-pos=1.000000 rev sg-fb-pos=0.921872 rev sg-vel=1.136000 rps sg-acc=-8.000000 rps2

[INFO] hw.pins: Pin step.fb set to 0.9230040000000008 (was 0.9218720000000008)
Pin step.fb set to 0.9230040000000008 (was 0.9218720000000008)
[INFO] hw.stepgen: =human= stepgen sg-cmd-pos=1.000000 rev sg-fb-pos=0.923004 rev sg-vel=1.128000 rps sg-acc=-8.000000 rps2

=human= stepgen sg-cmd-pos=1.000000 rev sg-fb-pos=0.923004 rev sg-vel=1.128000 rps sg-acc=-8.000000 rps2

[INFO] hw.pins: Pin step.fb set to 0.9241280000000008 (was 0.9230040000000008)
Pin step.fb set to 0.9241280000000008 (was 0.9230040000000008)
[INFO] hw.stepgen: =human= stepgen sg-cmd-pos=1.000000 rev sg-fb-pos=0.924128 rev sg-vel=1.120000 rps sg-acc=-8.000000 rps2

=human= stepgen sg-cmd-pos=1.000000 rev sg-fb-pos=0.924128 rev sg-vel=1.120000 rps sg-acc=-8.000000 rps2

[INFO] hw.pins: Pin step.fb set to 0.9252440000000008 (was 0.9241280000000008)
Pin step.fb set to 0.9252440000000008 (was 0.9241280000000008)
[INFO] hw.stepgen: =human= stepgen sg-cmd-pos=1.000000 rev sg-fb-pos=0.925244 rev sg-vel=1.112000 rps sg-acc=-8.000000 rps2

=human= stepgen sg-cmd-pos=1.000000 rev sg-fb-pos=0.925244 rev sg-vel=1.112000 rps sg-acc=-8.000000 rps2

[INFO] hw.pins: Pin step.fb set to 0.9263520000000008 (was 0.9252440000000008)
Pin step.fb set to 0.9263520000000008 (was 0.9252440000000008)
[INFO] hw.stepgen: =human= stepgen sg-cmd-pos=1.000000 rev sg-fb-pos=0.926352 rev sg-vel=1.104000 rps sg-acc=-8.000000 rps2

=human= stepgen sg-cmd-pos=1.000000 rev sg-fb-pos=0.926352 rev sg-vel=1.104000 rps sg-acc=-8.000000 rps2

[INFO] hw.pins: Pin step.fb set to 0.9274520000000008 (was 0.9263520000000008)
Pin step.fb set to 0.9274520000000008 (was 0.9263520000000008)
[INFO] hw.stepgen: =human= stepgen sg-cmd-pos=1.000000 rev sg-fb-pos=0.927452 rev sg-vel=1.096000 rps sg-acc=-8.000000 rps2

=human= stepgen sg-cmd-pos=1.000000 rev sg-fb-pos=0.927452 rev sg-vel=1.096000 rps sg-acc=-8.000000 rps2

[INFO] hw.pins: Pin step.fb set to 0.9285440000000008 (was 0.9274520000000008)
Pin step.fb set to 0.9285440000000008 (was 0.9274520000000008)
[INFO] hw.stepgen: =human= stepgen sg-cmd-pos=1.000000 rev sg-fb-pos=0.928544 rev sg-vel=1.088000 rps sg-acc=-8.000000 rps2

=human= stepgen sg-cmd-pos=1.000000 rev sg-fb-pos=0.928544 rev sg-vel=1.088000 rps sg-acc=-8.000000 rps2

[INFO] hw.pins: Pin step.fb set to 0.9296280000000008 (was 0.9285440000000008)
Pin step.fb set to 0.9296280000000008 (was 0.9285440000000008)
[INFO] hw.stepgen: =human= stepgen sg-cmd-pos=1.000000 rev sg-fb-pos=0.929628 rev sg-vel=1.080000 rps sg-acc=-8.000000 rps2

=human= stepgen sg-cmd-pos=1.000000 rev sg-fb-pos=0.929628 rev sg-vel=1.080000 rps sg-acc=-8.000000 rps2

[INFO] hw.pins: Pin step.fb set to 0.9307040000000008 (was 0.9296280000000008)
Pin step.fb set to 0.9307040000000008 (was 0.9296280000000008)
[INFO] hw.stepgen: =human= stepgen sg-cmd-pos=1.000000 rev sg-fb-pos=0.930704 rev sg-vel=1.072000 rps sg-acc=-8.000000 rps2

=human= stepgen sg-cmd-pos=1.000000 rev sg-fb-pos=0.930704 rev sg-vel=1.072000 rps sg-acc=-8.000000 rps2

[INFO] hw.pins: Pin step.fb set to 0.9317720000000007 (was 0.9307040000000008)
Pin step.fb set to 0.9317720000000007 (was 0.9307040000000008)
[INFO] hw.stepgen: =human= stepgen sg-cmd-pos=1.000000 rev sg-fb-pos=0.931772 rev sg-vel=1.064000 rps sg-acc=-8.000000 rps2

=human= stepgen sg-cmd-pos=1.000000 rev sg-fb-pos=0.931772 rev sg-vel=1.064000 rps sg-acc=-8.000000 rps2

[INFO] hw.pins: Pin step.fb set to 0.9328320000000007 (was 0.9317720000000007)
Pin step.fb set to 0.9328320000000007 (was 0.9317720000000007)
[INFO] hw.stepgen: =human= stepgen sg-cmd-pos=1.000000 rev sg-fb-pos=0.932832 rev sg-vel=1.056000 rps sg-acc=-8.000000 rps2

=human= stepgen sg-cmd-pos=1.000000 rev sg-fb-pos=0.932832 rev sg-vel=1.056000 rps sg-acc=-8.000000 rps2

[INFO] hw.pins: Pin step.fb set to 0.9338840000000007 (was 0.9328320000000007)
Pin step.fb set to 0.9338840000000007 (was 0.9328320000000007)
[INFO] hw.stepgen: =human= stepgen sg-cmd-pos=1.000000 rev sg-fb-pos=0.933884 rev sg-vel=1.048000 rps sg-acc=-8.000000 rps2

=human= stepgen sg-cmd-pos=1.000000 rev sg-fb-pos=0.933884 rev sg-vel=1.048000 rps sg-acc=-8.000000 rps2

[INFO] hw.pins: Pin step.fb set to 0.9349280000000008 (was 0.9338840000000007)
Pin step.fb set to 0.9349280000000008 (was 0.9338840000000007)
[INFO] hw.stepgen: =human= stepgen sg-cmd-pos=1.000000 rev sg-fb-pos=0.934928 rev sg-vel=1.040000 rps sg-acc=-8.000000 rps2

=human= stepgen sg-cmd-pos=1.000000 rev sg-fb-pos=0.934928 rev sg-vel=1.040000 rps sg-acc=-8.000000 rps2

[INFO] hw.pins: Pin step.fb set to 0.9359640000000008 (was 0.9349280000000008)
Pin step.fb set to 0.9359640000000008 (was 0.9349280000000008)
[INFO] hw.stepgen: =human= stepgen sg-cmd-pos=1.000000 rev sg-fb-pos=0.935964 rev sg-vel=1.032000 rps sg-acc=-8.000000 rps2

=human= stepgen sg-cmd-pos=1.000000 rev sg-fb-pos=0.935964 rev sg-vel=1.032000 rps sg-acc=-8.000000 rps2

[INFO] hw.pins: Pin step.fb set to 0.9369920000000008 (was 0.9359640000000008)
Pin step.fb set to 0.9369920000000008 (was 0.9359640000000008)
[INFO] hw.stepgen: =human= stepgen sg-cmd-pos=1.000000 rev sg-fb-pos=0.936992 rev sg-vel=1.024000 rps sg-acc=-8.000000 rps2

=human= stepgen sg-cmd-pos=1.000000 rev sg-fb-pos=0.936992 rev sg-vel=1.024000 rps sg-acc=-8.000000 rps2

[INFO] hw.pins: Pin step.fb set to 0.9380120000000008 (was 0.9369920000000008)
Pin step.fb set to 0.9380120000000008 (was 0.9369920000000008)
[INFO] hw.stepgen: =human= stepgen sg-cmd-pos=1.000000 rev sg-fb-pos=0.938012 rev sg-vel=1.016000 rps sg-acc=-8.000000 rps2

=human= stepgen sg-cmd-pos=1.000000 rev sg-fb-pos=0.938012 rev sg-vel=1.016000 rps sg-acc=-8.000000 rps2

[INFO] hw.pins: Pin step.fb set to 0.9390240000000009 (was 0.9380120000000008)
Pin step.fb set to 0.9390240000000009 (was 0.9380120000000008)
[INFO] hw.stepgen: =human= stepgen sg-cmd-pos=1.000000 rev sg-fb-pos=0.939024 rev sg-vel=1.008000 rps sg-acc=-8.000000 rps2

=human= stepgen sg-cmd-pos=1.000000 rev sg-fb-pos=0.939024 rev sg-vel=1.008000 rps sg-acc=-8.000000 rps2

[INFO] hw.pins: Pin step.fb set to 0.9400280000000009 (was 0.9390240000000009)
Pin step.fb set to 0.9400280000000009 (was 0.9390240000000009)
[INFO] hw.stepgen: =human= stepgen sg-cmd-pos=1.000000 rev sg-fb-pos=0.940028 rev sg-vel=1.000000 rps sg-acc=-8.000000 rps2

=human= stepgen sg-cmd-pos=1.000000 rev sg-fb-pos=0.940028 rev sg-vel=1.000000 rps sg-acc=-8.000000 rps2

[INFO] hw.pins: Pin step.fb set to 0.9410240000000009 (was 0.9400280000000009)
Pin step.fb set to 0.9410240000000009 (was 0.9400280000000009)
[INFO] hw.stepgen: =human= stepgen sg-cmd-pos=1.000000 rev sg-fb-pos=0.941024 rev sg-vel=0.992000 rps sg-acc=-8.000000 rps2

=human= stepgen sg-cmd-pos=1.000000 rev sg-fb-pos=0.941024 rev sg-vel=0.992000 rps sg-acc=-8.000000 rps2

[INFO] hw.pins: Pin step.fb set to 0.9420120000000008 (was 0.9410240000000009)
Pin step.fb set to 0.9420120000000008 (was 0.9410240000000009)
[INFO] hw.stepgen: =human= stepgen sg-cmd-pos=1.000000 rev sg-fb-pos=0.942012 rev sg-vel=0.984000 rps sg-acc=-8.000000 rps2

=human= stepgen sg-cmd-pos=1.000000 rev sg-fb-pos=0.942012 rev sg-vel=0.984000 rps sg-acc=-8.000000 rps2

[INFO] hw.pins: Pin step.fb set to 0.9429920000000008 (was 0.9420120000000008)
Pin step.fb set to 0.9429920000000008 (was 0.9420120000000008)
[INFO] hw.stepgen: =human= stepgen sg-cmd-pos=1.000000 rev sg-fb-pos=0.942992 rev sg-vel=0.976000 rps sg-acc=-8.000000 rps2

=human= stepgen sg-cmd-pos=1.000000 rev sg-fb-pos=0.942992 rev sg-vel=0.976000 rps sg-acc=-8.000000 rps2

[INFO] hw.pins: Pin step.fb set to 0.9439640000000008 (was 0.9429920000000008)
Pin step.fb set to 0.9439640000000008 (was 0.9429920000000008)
[INFO] hw.stepgen: =human= stepgen sg-cmd-pos=1.000000 rev sg-fb-pos=0.943964 rev sg-vel=0.968000 rps sg-acc=-8.000000 rps2

=human= stepgen sg-cmd-pos=1.000000 rev sg-fb-pos=0.943964 rev sg-vel=0.968000 rps sg-acc=-8.000000 rps2

[INFO] hw.pins: Pin step.fb set to 0.9449280000000008 (was 0.9439640000000008)
Pin step.fb set to 0.9449280000000008 (was 0.9439640000000008)
[INFO] hw.stepgen: =human= stepgen sg-cmd-pos=1.000000 rev sg-fb-pos=0.944928 rev sg-vel=0.960000 rps sg-acc=-8.000000 rps2

=human= stepgen sg-cmd-pos=1.000000 rev sg-fb-pos=0.944928 rev sg-vel=0.960000 rps sg-acc=-8.000000 rps2

[INFO] hw.pins: Pin step.fb set to 0.9458840000000007 (was 0.9449280000000008)
Pin step.fb set to 0.9458840000000007 (was 0.9449280000000008)
[INFO] hw.stepgen: =human= stepgen sg-cmd-pos=1.000000 rev sg-fb-pos=0.945884 rev sg-vel=0.952000 rps sg-acc=-8.000000 rps2

=human= stepgen sg-cmd-pos=1.000000 rev sg-fb-pos=0.945884 rev sg-vel=0.952000 rps sg-acc=-8.000000 rps2

[INFO] hw.pins: Pin step.fb set to 0.9468320000000007 (was 0.9458840000000007)
Pin step.fb set to 0.9468320000000007 (was 0.9458840000000007)
[INFO] hw.stepgen: =human= stepgen sg-cmd-pos=1.000000 rev sg-fb-pos=0.946832 rev sg-vel=0.944000 rps sg-acc=-8.000000 rps2

=human= stepgen sg-cmd-pos=1.000000 rev sg-fb-pos=0.946832 rev sg-vel=0.944000 rps sg-acc=-8.000000 rps2

[INFO] hw.pins: Pin step.fb set to 0.9477720000000007 (was 0.9468320000000007)
Pin step.fb set to 0.9477720000000007 (was 0.9468320000000007)
[INFO] hw.stepgen: =human= stepgen sg-cmd-pos=1.000000 rev sg-fb-pos=0.947772 rev sg-vel=0.936000 rps sg-acc=-8.000000 rps2

=human= stepgen sg-cmd-pos=1.000000 rev sg-fb-pos=0.947772 rev sg-vel=0.936000 rps sg-acc=-8.000000 rps2

[INFO] hw.pins: Pin step.fb set to 0.9487040000000008 (was 0.9477720000000007)
Pin step.fb set to 0.9487040000000008 (was 0.9477720000000007)
[INFO] hw.stepgen: =human= stepgen sg-cmd-pos=1.000000 rev sg-fb-pos=0.948704 rev sg-vel=0.928000 rps sg-acc=-8.000000 rps2

=human= stepgen sg-cmd-pos=1.000000 rev sg-fb-pos=0.948704 rev sg-vel=0.928000 rps sg-acc=-8.000000 rps2

[INFO] hw.pins: Pin step.fb set to 0.9496280000000008 (was 0.9487040000000008)
Pin step.fb set to 0.9496280000000008 (was 0.9487040000000008)
[INFO] hw.stepgen: =human= stepgen sg-cmd-pos=1.000000 rev sg-fb-pos=0.949628 rev sg-vel=0.920000 rps sg-acc=-8.000000 rps2

=human= stepgen sg-cmd-pos=1.000000 rev sg-fb-pos=0.949628 rev sg-vel=0.920000 rps sg-acc=-8.000000 rps2

[INFO] hw.pins: Pin step.fb set to 0.9505440000000008 (was 0.9496280000000008)
Pin step.fb set to 0.9505440000000008 (was 0.9496280000000008)
[INFO] hw.stepgen: =human= stepgen sg-cmd-pos=1.000000 rev sg-fb-pos=0.950544 rev sg-vel=0.912000 rps sg-acc=-8.000000 rps2

=human= stepgen sg-cmd-pos=1.000000 rev sg-fb-pos=0.950544 rev sg-vel=0.912000 rps sg-acc=-8.000000 rps2

[INFO] hw.pins: Pin step.fb set to 0.9514520000000009 (was 0.9505440000000008)
Pin step.fb set to 0.9514520000000009 (was 0.9505440000000008)
[INFO] hw.stepgen: =human= stepgen sg-cmd-pos=1.000000 rev sg-fb-pos=0.951452 rev sg-vel=0.904000 rps sg-acc=-8.000000 rps2

=human= stepgen sg-cmd-pos=1.000000 rev sg-fb-pos=0.951452 rev sg-vel=0.904000 rps sg-acc=-8.000000 rps2

[INFO] hw.pins: Pin step.fb set to 0.9523520000000009 (was 0.9514520000000009)
Pin step.fb set to 0.9523520000000009 (was 0.9514520000000009)
[INFO] hw.stepgen: =human= stepgen sg-cmd-pos=1.000000 rev sg-fb-pos=0.952352 rev sg-vel=0.896000 rps sg-acc=-8.000000 rps2

=human= stepgen sg-cmd-pos=1.000000 rev sg-fb-pos=0.952352 rev sg-vel=0.896000 rps sg-acc=-8.000000 rps2

[INFO] hw.pins: Pin step.fb set to 0.9532440000000009 (was 0.9523520000000009)
Pin step.fb set to 0.9532440000000009 (was 0.9523520000000009)
[INFO] hw.stepgen: =human= stepgen sg-cmd-pos=1.000000 rev sg-fb-pos=0.953244 rev sg-vel=0.888000 rps sg-acc=-8.000000 rps2

=human= stepgen sg-cmd-pos=1.000000 rev sg-fb-pos=0.953244 rev sg-vel=0.888000 rps sg-acc=-8.000000 rps2

[INFO] hw.pins: Pin step.fb set to 0.9541280000000009 (was 0.9532440000000009)
Pin step.fb set to 0.9541280000000009 (was 0.9532440000000009)
[INFO] hw.stepgen: =human= stepgen sg-cmd-pos=1.000000 rev sg-fb-pos=0.954128 rev sg-vel=0.880000 rps sg-acc=-8.000000 rps2

=human= stepgen sg-cmd-pos=1.000000 rev sg-fb-pos=0.954128 rev sg-vel=0.880000 rps sg-acc=-8.000000 rps2

[INFO] hw.pins: Pin step.fb set to 0.9550040000000009 (was 0.9541280000000009)
Pin step.fb set to 0.9550040000000009 (was 0.9541280000000009)
[INFO] hw.stepgen: =human= stepgen sg-cmd-pos=1.000000 rev sg-fb-pos=0.955004 rev sg-vel=0.872000 rps sg-acc=-8.000000 rps2

=human= stepgen sg-cmd-pos=1.000000 rev sg-fb-pos=0.955004 rev sg-vel=0.872000 rps sg-acc=-8.000000 rps2

[INFO] hw.pins: Pin step.fb set to 0.9558720000000008 (was 0.9550040000000009)
Pin step.fb set to 0.9558720000000008 (was 0.9550040000000009)
[INFO] hw.stepgen: =human= stepgen sg-cmd-pos=1.000000 rev sg-fb-pos=0.955872 rev sg-vel=0.864000 rps sg-acc=-8.000000 rps2

=human= stepgen sg-cmd-pos=1.000000 rev sg-fb-pos=0.955872 rev sg-vel=0.864000 rps sg-acc=-8.000000 rps2

[INFO] hw.pins: Pin step.fb set to 0.9567320000000008 (was 0.9558720000000008)
Pin step.fb set to 0.9567320000000008 (was 0.9558720000000008)
[INFO] hw.stepgen: =human= stepgen sg-cmd-pos=1.000000 rev sg-fb-pos=0.956732 rev sg-vel=0.856000 rps sg-acc=-8.000000 rps2

=human= stepgen sg-cmd-pos=1.000000 rev sg-fb-pos=0.956732 rev sg-vel=0.856000 rps sg-acc=-8.000000 rps2

[INFO] hw.pins: Pin step.fb set to 0.9575840000000008 (was 0.9567320000000008)
Pin step.fb set to 0.9575840000000008 (was 0.9567320000000008)
[INFO] hw.stepgen: =human= stepgen sg-cmd-pos=1.000000 rev sg-fb-pos=0.957584 rev sg-vel=0.848000 rps sg-acc=-8.000000 rps2

=human= stepgen sg-cmd-pos=1.000000 rev sg-fb-pos=0.957584 rev sg-vel=0.848000 rps sg-acc=-8.000000 rps2

[INFO] hw.pins: Pin step.fb set to 0.9584280000000007 (was 0.9575840000000008)
Pin step.fb set to 0.9584280000000007 (was 0.9575840000000008)
[INFO] hw.stepgen: =human= stepgen sg-cmd-pos=1.000000 rev sg-fb-pos=0.958428 rev sg-vel=0.840000 rps sg-acc=-8.000000 rps2

=human= stepgen sg-cmd-pos=1.000000 rev sg-fb-pos=0.958428 rev sg-vel=0.840000 rps sg-acc=-8.000000 rps2

[INFO] hw.pins: Pin step.fb set to 0.9592640000000007 (was 0.9584280000000007)
Pin step.fb set to 0.9592640000000007 (was 0.9584280000000007)
[INFO] hw.stepgen: =human= stepgen sg-cmd-pos=1.000000 rev sg-fb-pos=0.959264 rev sg-vel=0.832000 rps sg-acc=-8.000000 rps2

=human= stepgen sg-cmd-pos=1.000000 rev sg-fb-pos=0.959264 rev sg-vel=0.832000 rps sg-acc=-8.000000 rps2

[INFO] hw.pins: Pin step.fb set to 0.9600920000000007 (was 0.9592640000000007)
Pin step.fb set to 0.9600920000000007 (was 0.9592640000000007)
[INFO] hw.stepgen: =human= stepgen sg-cmd-pos=1.000000 rev sg-fb-pos=0.960092 rev sg-vel=0.824000 rps sg-acc=-8.000000 rps2

=human= stepgen sg-cmd-pos=1.000000 rev sg-fb-pos=0.960092 rev sg-vel=0.824000 rps sg-acc=-8.000000 rps2

[INFO] hw.pins: Pin step.fb set to 0.9609120000000008 (was 0.9600920000000007)
Pin step.fb set to 0.9609120000000008 (was 0.9600920000000007)
[INFO] hw.stepgen: =human= stepgen sg-cmd-pos=1.000000 rev sg-fb-pos=0.960912 rev sg-vel=0.816000 rps sg-acc=-8.000000 rps2

=human= stepgen sg-cmd-pos=1.000000 rev sg-fb-pos=0.960912 rev sg-vel=0.816000 rps sg-acc=-8.000000 rps2

[INFO] hw.pins: Pin step.fb set to 0.9617240000000008 (was 0.9609120000000008)
Pin step.fb set to 0.9617240000000008 (was 0.9609120000000008)
[INFO] hw.stepgen: =human= stepgen sg-cmd-pos=1.000000 rev sg-fb-pos=0.961724 rev sg-vel=0.808000 rps sg-acc=-8.000000 rps2

=human= stepgen sg-cmd-pos=1.000000 rev sg-fb-pos=0.961724 rev sg-vel=0.808000 rps sg-acc=-8.000000 rps2

[INFO] hw.pins: Pin step.fb set to 0.9625280000000008 (was 0.9617240000000008)
Pin step.fb set to 0.9625280000000008 (was 0.9617240000000008)
[INFO] hw.stepgen: =human= stepgen sg-cmd-pos=1.000000 rev sg-fb-pos=0.962528 rev sg-vel=0.800000 rps sg-acc=-8.000000 rps2

=human= stepgen sg-cmd-pos=1.000000 rev sg-fb-pos=0.962528 rev sg-vel=0.800000 rps sg-acc=-8.000000 rps2

[INFO] hw.pins: Pin step.fb set to 0.9633240000000008 (was 0.9625280000000008)
Pin step.fb set to 0.9633240000000008 (was 0.9625280000000008)
[INFO] hw.stepgen: =human= stepgen sg-cmd-pos=1.000000 rev sg-fb-pos=0.963324 rev sg-vel=0.792000 rps sg-acc=-8.000000 rps2

=human= stepgen sg-cmd-pos=1.000000 rev sg-fb-pos=0.963324 rev sg-vel=0.792000 rps sg-acc=-8.000000 rps2

[INFO] hw.pins: Pin step.fb set to 0.9641120000000009 (was 0.9633240000000008)
Pin step.fb set to 0.9641120000000009 (was 0.9633240000000008)
[INFO] hw.stepgen: =human= stepgen sg-cmd-pos=1.000000 rev sg-fb-pos=0.964112 rev sg-vel=0.784000 rps sg-acc=-8.000000 rps2

=human= stepgen sg-cmd-pos=1.000000 rev sg-fb-pos=0.964112 rev sg-vel=0.784000 rps sg-acc=-8.000000 rps2

[INFO] hw.pins: Pin step.fb set to 0.9648920000000009 (was 0.9641120000000009)
Pin step.fb set to 0.9648920000000009 (was 0.9641120000000009)
[INFO] hw.stepgen: =human= stepgen sg-cmd-pos=1.000000 rev sg-fb-pos=0.964892 rev sg-vel=0.776000 rps sg-acc=-8.000000 rps2

=human= stepgen sg-cmd-pos=1.000000 rev sg-fb-pos=0.964892 rev sg-vel=0.776000 rps sg-acc=-8.000000 rps2

[INFO] hw.pins: Pin step.fb set to 0.9656640000000009 (was 0.9648920000000009)
Pin step.fb set to 0.9656640000000009 (was 0.9648920000000009)
[INFO] hw.stepgen: =human= stepgen sg-cmd-pos=1.000000 rev sg-fb-pos=0.965664 rev sg-vel=0.768000 rps sg-acc=-8.000000 rps2

=human= stepgen sg-cmd-pos=1.000000 rev sg-fb-pos=0.965664 rev sg-vel=0.768000 rps sg-acc=-8.000000 rps2

[INFO] hw.pins: Pin step.fb set to 0.9664280000000008 (was 0.9656640000000009)
Pin step.fb set to 0.9664280000000008 (was 0.9656640000000009)
[INFO] hw.stepgen: =human= stepgen sg-cmd-pos=1.000000 rev sg-fb-pos=0.966428 rev sg-vel=0.760000 rps sg-acc=-8.000000 rps2

=human= stepgen sg-cmd-pos=1.000000 rev sg-fb-pos=0.966428 rev sg-vel=0.760000 rps sg-acc=-8.000000 rps2

[INFO] hw.pins: Pin step.fb set to 0.9671840000000008 (was 0.9664280000000008)
Pin step.fb set to 0.9671840000000008 (was 0.9664280000000008)
[INFO] hw.stepgen: =human= stepgen sg-cmd-pos=1.000000 rev sg-fb-pos=0.967184 rev sg-vel=0.752000 rps sg-acc=-8.000000 rps2

=human= stepgen sg-cmd-pos=1.000000 rev sg-fb-pos=0.967184 rev sg-vel=0.752000 rps sg-acc=-8.000000 rps2

[INFO] hw.pins: Pin step.fb set to 0.9679320000000008 (was 0.9671840000000008)
Pin step.fb set to 0.9679320000000008 (was 0.9671840000000008)
[INFO] hw.stepgen: =human= stepgen sg-cmd-pos=1.000000 rev sg-fb-pos=0.967932 rev sg-vel=0.744000 rps sg-acc=-8.000000 rps2

=human= stepgen sg-cmd-pos=1.000000 rev sg-fb-pos=0.967932 rev sg-vel=0.744000 rps sg-acc=-8.000000 rps2

[INFO] hw.pins: Pin step.fb set to 0.9686720000000008 (was 0.9679320000000008)
Pin step.fb set to 0.9686720000000008 (was 0.9679320000000008)
[INFO] hw.stepgen: =human= stepgen sg-cmd-pos=1.000000 rev sg-fb-pos=0.968672 rev sg-vel=0.736000 rps sg-acc=-8.000000 rps2

=human= stepgen sg-cmd-pos=1.000000 rev sg-fb-pos=0.968672 rev sg-vel=0.736000 rps sg-acc=-8.000000 rps2

[INFO] hw.pins: Pin step.fb set to 0.9694040000000007 (was 0.9686720000000008)
Pin step.fb set to 0.9694040000000007 (was 0.9686720000000008)
[INFO] hw.stepgen: =human= stepgen sg-cmd-pos=1.000000 rev sg-fb-pos=0.969404 rev sg-vel=0.728000 rps sg-acc=-8.000000 rps2

=human= stepgen sg-cmd-pos=1.000000 rev sg-fb-pos=0.969404 rev sg-vel=0.728000 rps sg-acc=-8.000000 rps2

[INFO] hw.pins: Pin step.fb set to 0.9701280000000007 (was 0.9694040000000007)
Pin step.fb set to 0.9701280000000007 (was 0.9694040000000007)
[INFO] hw.stepgen: =human= stepgen sg-cmd-pos=1.000000 rev sg-fb-pos=0.970128 rev sg-vel=0.720000 rps sg-acc=-8.000000 rps2

=human= stepgen sg-cmd-pos=1.000000 rev sg-fb-pos=0.970128 rev sg-vel=0.720000 rps sg-acc=-8.000000 rps2

[INFO] hw.pins: Pin step.fb set to 0.9708440000000007 (was 0.9701280000000007)
Pin step.fb set to 0.9708440000000007 (was 0.9701280000000007)
[INFO] hw.stepgen: =human= stepgen sg-cmd-pos=1.000000 rev sg-fb-pos=0.970844 rev sg-vel=0.712000 rps sg-acc=-8.000000 rps2

=human= stepgen sg-cmd-pos=1.000000 rev sg-fb-pos=0.970844 rev sg-vel=0.712000 rps sg-acc=-8.000000 rps2

[INFO] hw.pins: Pin step.fb set to 0.9715520000000007 (was 0.9708440000000007)
Pin step.fb set to 0.9715520000000007 (was 0.9708440000000007)
[INFO] hw.stepgen: =human= stepgen sg-cmd-pos=1.000000 rev sg-fb-pos=0.971552 rev sg-vel=0.704000 rps sg-acc=-8.000000 rps2

=human= stepgen sg-cmd-pos=1.000000 rev sg-fb-pos=0.971552 rev sg-vel=0.704000 rps sg-acc=-8.000000 rps2

[INFO] hw.pins: Pin step.fb set to 0.9722520000000008 (was 0.9715520000000007)
Pin step.fb set to 0.9722520000000008 (was 0.9715520000000007)
[INFO] hw.stepgen: =human= stepgen sg-cmd-pos=1.000000 rev sg-fb-pos=0.972252 rev sg-vel=0.696000 rps sg-acc=-8.000000 rps2

=human= stepgen sg-cmd-pos=1.000000 rev sg-fb-pos=0.972252 rev sg-vel=0.696000 rps sg-acc=-8.000000 rps2

[INFO] hw.pins: Pin step.fb set to 0.9729440000000008 (was 0.9722520000000008)
Pin step.fb set to 0.9729440000000008 (was 0.9722520000000008)
[INFO] hw.stepgen: =human= stepgen sg-cmd-pos=1.000000 rev sg-fb-pos=0.972944 rev sg-vel=0.688000 rps sg-acc=-8.000000 rps2

=human= stepgen sg-cmd-pos=1.000000 rev sg-fb-pos=0.972944 rev sg-vel=0.688000 rps sg-acc=-8.000000 rps2

[INFO] hw.pins: Pin step.fb set to 0.9736280000000008 (was 0.9729440000000008)
Pin step.fb set to 0.9736280000000008 (was 0.9729440000000008)
[INFO] hw.stepgen: =human= stepgen sg-cmd-pos=1.000000 rev sg-fb-pos=0.973628 rev sg-vel=0.680000 rps sg-acc=-8.000000 rps2

=human= stepgen sg-cmd-pos=1.000000 rev sg-fb-pos=0.973628 rev sg-vel=0.680000 rps sg-acc=-8.000000 rps2

[INFO] hw.pins: Pin step.fb set to 0.9743040000000008 (was 0.9736280000000008)
Pin step.fb set to 0.9743040000000008 (was 0.9736280000000008)
[INFO] hw.stepgen: =human= stepgen sg-cmd-pos=1.000000 rev sg-fb-pos=0.974304 rev sg-vel=0.672000 rps sg-acc=-8.000000 rps2

=human= stepgen sg-cmd-pos=1.000000 rev sg-fb-pos=0.974304 rev sg-vel=0.672000 rps sg-acc=-8.000000 rps2

[INFO] hw.pins: Pin step.fb set to 0.9749720000000008 (was 0.9743040000000008)
Pin step.fb set to 0.9749720000000008 (was 0.9743040000000008)
[INFO] hw.stepgen: =human= stepgen sg-cmd-pos=1.000000 rev sg-fb-pos=0.974972 rev sg-vel=0.664000 rps sg-acc=-8.000000 rps2

=human= stepgen sg-cmd-pos=1.000000 rev sg-fb-pos=0.974972 rev sg-vel=0.664000 rps sg-acc=-8.000000 rps2

[INFO] hw.pins: Pin step.fb set to 0.9756320000000008 (was 0.9749720000000008)
Pin step.fb set to 0.9756320000000008 (was 0.9749720000000008)
[INFO] hw.stepgen: =human= stepgen sg-cmd-pos=1.000000 rev sg-fb-pos=0.975632 rev sg-vel=0.656000 rps sg-acc=-8.000000 rps2

=human= stepgen sg-cmd-pos=1.000000 rev sg-fb-pos=0.975632 rev sg-vel=0.656000 rps sg-acc=-8.000000 rps2

[INFO] hw.pins: Pin step.fb set to 0.9762840000000008 (was 0.9756320000000008)
Pin step.fb set to 0.9762840000000008 (was 0.9756320000000008)
[INFO] hw.stepgen: =human= stepgen sg-cmd-pos=1.000000 rev sg-fb-pos=0.976284 rev sg-vel=0.648000 rps sg-acc=-8.000000 rps2

=human= stepgen sg-cmd-pos=1.000000 rev sg-fb-pos=0.976284 rev sg-vel=0.648000 rps sg-acc=-8.000000 rps2

[INFO] hw.pins: Pin step.fb set to 0.9769280000000008 (was 0.9762840000000008)
Pin step.fb set to 0.9769280000000008 (was 0.9762840000000008)
[INFO] hw.stepgen: =human= stepgen sg-cmd-pos=1.000000 rev sg-fb-pos=0.976928 rev sg-vel=0.640000 rps sg-acc=-8.000000 rps2

=human= stepgen sg-cmd-pos=1.000000 rev sg-fb-pos=0.976928 rev sg-vel=0.640000 rps sg-acc=-8.000000 rps2

[INFO] hw.pins: Pin step.fb set to 0.9775640000000008 (was 0.9769280000000008)
Pin step.fb set to 0.9775640000000008 (was 0.9769280000000008)
[INFO] hw.stepgen: =human= stepgen sg-cmd-pos=1.000000 rev sg-fb-pos=0.977564 rev sg-vel=0.632000 rps sg-acc=-8.000000 rps2

=human= stepgen sg-cmd-pos=1.000000 rev sg-fb-pos=0.977564 rev sg-vel=0.632000 rps sg-acc=-8.000000 rps2

[INFO] hw.pins: Pin step.fb set to 0.9781920000000007 (was 0.9775640000000008)
Pin step.fb set to 0.9781920000000007 (was 0.9775640000000008)
[INFO] hw.stepgen: =human= stepgen sg-cmd-pos=1.000000 rev sg-fb-pos=0.978192 rev sg-vel=0.624000 rps sg-acc=-8.000000 rps2

=human= stepgen sg-cmd-pos=1.000000 rev sg-fb-pos=0.978192 rev sg-vel=0.624000 rps sg-acc=-8.000000 rps2

[INFO] hw.pins: Pin step.fb set to 0.9788120000000007 (was 0.9781920000000007)
Pin step.fb set to 0.9788120000000007 (was 0.9781920000000007)
[INFO] hw.stepgen: =human= stepgen sg-cmd-pos=1.000000 rev sg-fb-pos=0.978812 rev sg-vel=0.616000 rps sg-acc=-8.000000 rps2

=human= stepgen sg-cmd-pos=1.000000 rev sg-fb-pos=0.978812 rev sg-vel=0.616000 rps sg-acc=-8.000000 rps2

[INFO] hw.pins: Pin step.fb set to 0.9794240000000006 (was 0.9788120000000007)
Pin step.fb set to 0.9794240000000006 (was 0.9788120000000007)
[INFO] hw.stepgen: =human= stepgen sg-cmd-pos=1.000000 rev sg-fb-pos=0.979424 rev sg-vel=0.608000 rps sg-acc=-8.000000 rps2

=human= stepgen sg-cmd-pos=1.000000 rev sg-fb-pos=0.979424 rev sg-vel=0.608000 rps sg-acc=-8.000000 rps2

[INFO] hw.pins: Pin step.fb set to 0.9800280000000007 (was 0.9794240000000006)
Pin step.fb set to 0.9800280000000007 (was 0.9794240000000006)
[INFO] hw.stepgen: =human= stepgen sg-cmd-pos=1.000000 rev sg-fb-pos=0.980028 rev sg-vel=0.600000 rps sg-acc=-8.000000 rps2

=human= stepgen sg-cmd-pos=1.000000 rev sg-fb-pos=0.980028 rev sg-vel=0.600000 rps sg-acc=-8.000000 rps2

[INFO] hw.pins: Pin step.fb set to 0.9806240000000007 (was 0.9800280000000007)
Pin step.fb set to 0.9806240000000007 (was 0.9800280000000007)
[INFO] hw.stepgen: =human= stepgen sg-cmd-pos=1.000000 rev sg-fb-pos=0.980624 rev sg-vel=0.592000 rps sg-acc=-8.000000 rps2

=human= stepgen sg-cmd-pos=1.000000 rev sg-fb-pos=0.980624 rev sg-vel=0.592000 rps sg-acc=-8.000000 rps2

[INFO] hw.pins: Pin step.fb set to 0.9812120000000008 (was 0.9806240000000007)
Pin step.fb set to 0.9812120000000008 (was 0.9806240000000007)
[INFO] hw.stepgen: =human= stepgen sg-cmd-pos=1.000000 rev sg-fb-pos=0.981212 rev sg-vel=0.584000 rps sg-acc=-8.000000 rps2

=human= stepgen sg-cmd-pos=1.000000 rev sg-fb-pos=0.981212 rev sg-vel=0.584000 rps sg-acc=-8.000000 rps2

[INFO] hw.pins: Pin step.fb set to 0.9817920000000008 (was 0.9812120000000008)
Pin step.fb set to 0.9817920000000008 (was 0.9812120000000008)
[INFO] hw.stepgen: =human= stepgen sg-cmd-pos=1.000000 rev sg-fb-pos=0.981792 rev sg-vel=0.576000 rps sg-acc=-8.000000 rps2

=human= stepgen sg-cmd-pos=1.000000 rev sg-fb-pos=0.981792 rev sg-vel=0.576000 rps sg-acc=-8.000000 rps2

[INFO] hw.pins: Pin step.fb set to 0.9823640000000008 (was 0.9817920000000008)
Pin step.fb set to 0.9823640000000008 (was 0.9817920000000008)
[INFO] hw.stepgen: =human= stepgen sg-cmd-pos=1.000000 rev sg-fb-pos=0.982364 rev sg-vel=0.568000 rps sg-acc=-8.000000 rps2

=human= stepgen sg-cmd-pos=1.000000 rev sg-fb-pos=0.982364 rev sg-vel=0.568000 rps sg-acc=-8.000000 rps2

[INFO] hw.pins: Pin step.fb set to 0.9829280000000008 (was 0.9823640000000008)
Pin step.fb set to 0.9829280000000008 (was 0.9823640000000008)
[INFO] hw.stepgen: =human= stepgen sg-cmd-pos=1.000000 rev sg-fb-pos=0.982928 rev sg-vel=0.560000 rps sg-acc=-8.000000 rps2

=human= stepgen sg-cmd-pos=1.000000 rev sg-fb-pos=0.982928 rev sg-vel=0.560000 rps sg-acc=-8.000000 rps2

[INFO] hw.pins: Pin step.fb set to 0.9834840000000008 (was 0.9829280000000008)
Pin step.fb set to 0.9834840000000008 (was 0.9829280000000008)
[INFO] hw.stepgen: =human= stepgen sg-cmd-pos=1.000000 rev sg-fb-pos=0.983484 rev sg-vel=0.552000 rps sg-acc=-8.000000 rps2

=human= stepgen sg-cmd-pos=1.000000 rev sg-fb-pos=0.983484 rev sg-vel=0.552000 rps sg-acc=-8.000000 rps2

[INFO] hw.pins: Pin step.fb set to 0.9840320000000008 (was 0.9834840000000008)
Pin step.fb set to 0.9840320000000008 (was 0.9834840000000008)
[INFO] hw.stepgen: =human= stepgen sg-cmd-pos=1.000000 rev sg-fb-pos=0.984032 rev sg-vel=0.544000 rps sg-acc=-8.000000 rps2

=human= stepgen sg-cmd-pos=1.000000 rev sg-fb-pos=0.984032 rev sg-vel=0.544000 rps sg-acc=-8.000000 rps2

[INFO] hw.pins: Pin step.fb set to 0.9845720000000008 (was 0.9840320000000008)
Pin step.fb set to 0.9845720000000008 (was 0.9840320000000008)
[INFO] hw.stepgen: =human= stepgen sg-cmd-pos=1.000000 rev sg-fb-pos=0.984572 rev sg-vel=0.536000 rps sg-acc=-8.000000 rps2

=human= stepgen sg-cmd-pos=1.000000 rev sg-fb-pos=0.984572 rev sg-vel=0.536000 rps sg-acc=-8.000000 rps2

[INFO] hw.pins: Pin step.fb set to 0.9851040000000008 (was 0.9845720000000008)
Pin step.fb set to 0.9851040000000008 (was 0.9845720000000008)
[INFO] hw.stepgen: =human= stepgen sg-cmd-pos=1.000000 rev sg-fb-pos=0.985104 rev sg-vel=0.528000 rps sg-acc=-8.000000 rps2

=human= stepgen sg-cmd-pos=1.000000 rev sg-fb-pos=0.985104 rev sg-vel=0.528000 rps sg-acc=-8.000000 rps2

[INFO] hw.pins: Pin step.fb set to 0.9856280000000007 (was 0.9851040000000008)
Pin step.fb set to 0.9856280000000007 (was 0.9851040000000008)
[INFO] hw.stepgen: =human= stepgen sg-cmd-pos=1.000000 rev sg-fb-pos=0.985628 rev sg-vel=0.520000 rps sg-acc=-8.000000 rps2

=human= stepgen sg-cmd-pos=1.000000 rev sg-fb-pos=0.985628 rev sg-vel=0.520000 rps sg-acc=-8.000000 rps2

[INFO] hw.pins: Pin step.fb set to 0.9861440000000007 (was 0.9856280000000007)
Pin step.fb set to 0.9861440000000007 (was 0.9856280000000007)
[INFO] hw.stepgen: =human= stepgen sg-cmd-pos=1.000000 rev sg-fb-pos=0.986144 rev sg-vel=0.512000 rps sg-acc=-8.000000 rps2

=human= stepgen sg-cmd-pos=1.000000 rev sg-fb-pos=0.986144 rev sg-vel=0.512000 rps sg-acc=-8.000000 rps2

[INFO] hw.pins: Pin step.fb set to 0.9866520000000006 (was 0.9861440000000007)
Pin step.fb set to 0.9866520000000006 (was 0.9861440000000007)
[INFO] hw.stepgen: =human= stepgen sg-cmd-pos=1.000000 rev sg-fb-pos=0.986652 rev sg-vel=0.504000 rps sg-acc=-8.000000 rps2

=human= stepgen sg-cmd-pos=1.000000 rev sg-fb-pos=0.986652 rev sg-vel=0.504000 rps sg-acc=-8.000000 rps2

[INFO] hw.pins: Pin step.fb set to 0.9871520000000006 (was 0.9866520000000006)
Pin step.fb set to 0.9871520000000006 (was 0.9866520000000006)
[INFO] hw.stepgen: =human= stepgen sg-cmd-pos=1.000000 rev sg-fb-pos=0.987152 rev sg-vel=0.496000 rps sg-acc=-8.000000 rps2

=human= stepgen sg-cmd-pos=1.000000 rev sg-fb-pos=0.987152 rev sg-vel=0.496000 rps sg-acc=-8.000000 rps2

[INFO] hw.pins: Pin step.fb set to 0.9876440000000006 (was 0.9871520000000006)
Pin step.fb set to 0.9876440000000006 (was 0.9871520000000006)
[INFO] hw.stepgen: =human= stepgen sg-cmd-pos=1.000000 rev sg-fb-pos=0.987644 rev sg-vel=0.488000 rps sg-acc=-8.000000 rps2

=human= stepgen sg-cmd-pos=1.000000 rev sg-fb-pos=0.987644 rev sg-vel=0.488000 rps sg-acc=-8.000000 rps2

[INFO] hw.pins: Pin step.fb set to 0.9881280000000007 (was 0.9876440000000006)
Pin step.fb set to 0.9881280000000007 (was 0.9876440000000006)
[INFO] hw.stepgen: =human= stepgen sg-cmd-pos=1.000000 rev sg-fb-pos=0.988128 rev sg-vel=0.480000 rps sg-acc=-8.000000 rps2

=human= stepgen sg-cmd-pos=1.000000 rev sg-fb-pos=0.988128 rev sg-vel=0.480000 rps sg-acc=-8.000000 rps2

[INFO] hw.pins: Pin step.fb set to 0.9886040000000007 (was 0.9881280000000007)
Pin step.fb set to 0.9886040000000007 (was 0.9881280000000007)
[INFO] hw.stepgen: =human= stepgen sg-cmd-pos=1.000000 rev sg-fb-pos=0.988604 rev sg-vel=0.472000 rps sg-acc=-8.000000 rps2

=human= stepgen sg-cmd-pos=1.000000 rev sg-fb-pos=0.988604 rev sg-vel=0.472000 rps sg-acc=-8.000000 rps2

[INFO] hw.pins: Pin step.fb set to 0.9890720000000007 (was 0.9886040000000007)
Pin step.fb set to 0.9890720000000007 (was 0.9886040000000007)
[INFO] hw.stepgen: =human= stepgen sg-cmd-pos=1.000000 rev sg-fb-pos=0.989072 rev sg-vel=0.464000 rps sg-acc=-8.000000 rps2

=human= stepgen sg-cmd-pos=1.000000 rev sg-fb-pos=0.989072 rev sg-vel=0.464000 rps sg-acc=-8.000000 rps2

[INFO] hw.pins: Pin step.fb set to 0.9895320000000007 (was 0.9890720000000007)
Pin step.fb set to 0.9895320000000007 (was 0.9890720000000007)
[INFO] hw.stepgen: =human= stepgen sg-cmd-pos=1.000000 rev sg-fb-pos=0.989532 rev sg-vel=0.456000 rps sg-acc=-8.000000 rps2

=human= stepgen sg-cmd-pos=1.000000 rev sg-fb-pos=0.989532 rev sg-vel=0.456000 rps sg-acc=-8.000000 rps2

[INFO] hw.pins: Pin step.fb set to 0.9899840000000008 (was 0.9895320000000007)
Pin step.fb set to 0.9899840000000008 (was 0.9895320000000007)
[INFO] hw.stepgen: =human= stepgen sg-cmd-pos=1.000000 rev sg-fb-pos=0.989984 rev sg-vel=0.448000 rps sg-acc=-8.000000 rps2

=human= stepgen sg-cmd-pos=1.000000 rev sg-fb-pos=0.989984 rev sg-vel=0.448000 rps sg-acc=-8.000000 rps2

[INFO] hw.pins: Pin step.fb set to 0.9904280000000008 (was 0.9899840000000008)
Pin step.fb set to 0.9904280000000008 (was 0.9899840000000008)
[INFO] hw.stepgen: =human= stepgen sg-cmd-pos=1.000000 rev sg-fb-pos=0.990428 rev sg-vel=0.440000 rps sg-acc=-8.000000 rps2

=human= stepgen sg-cmd-pos=1.000000 rev sg-fb-pos=0.990428 rev sg-vel=0.440000 rps sg-acc=-8.000000 rps2

[INFO] hw.pins: Pin step.fb set to 0.9908640000000007 (was 0.9904280000000008)
Pin step.fb set to 0.9908640000000007 (was 0.9904280000000008)
[INFO] hw.stepgen: =human= stepgen sg-cmd-pos=1.000000 rev sg-fb-pos=0.990864 rev sg-vel=0.432000 rps sg-acc=-8.000000 rps2

=human= stepgen sg-cmd-pos=1.000000 rev sg-fb-pos=0.990864 rev sg-vel=0.432000 rps sg-acc=-8.000000 rps2

[INFO] hw.pins: Pin step.fb set to 0.9912920000000007 (was 0.9908640000000007)
Pin step.fb set to 0.9912920000000007 (was 0.9908640000000007)
[INFO] hw.stepgen: =human= stepgen sg-cmd-pos=1.000000 rev sg-fb-pos=0.991292 rev sg-vel=0.424000 rps sg-acc=-8.000000 rps2

=human= stepgen sg-cmd-pos=1.000000 rev sg-fb-pos=0.991292 rev sg-vel=0.424000 rps sg-acc=-8.000000 rps2

[INFO] hw.pins: Pin step.fb set to 0.9917120000000007 (was 0.9912920000000007)
Pin step.fb set to 0.9917120000000007 (was 0.9912920000000007)
[INFO] hw.stepgen: =human= stepgen sg-cmd-pos=1.000000 rev sg-fb-pos=0.991712 rev sg-vel=0.416000 rps sg-acc=-8.000000 rps2

=human= stepgen sg-cmd-pos=1.000000 rev sg-fb-pos=0.991712 rev sg-vel=0.416000 rps sg-acc=-8.000000 rps2

[INFO] hw.pins: Pin step.fb set to 0.9921240000000007 (was 0.9917120000000007)
Pin step.fb set to 0.9921240000000007 (was 0.9917120000000007)
[INFO] hw.stepgen: =human= stepgen sg-cmd-pos=1.000000 rev sg-fb-pos=0.992124 rev sg-vel=0.408000 rps sg-acc=-8.000000 rps2

=human= stepgen sg-cmd-pos=1.000000 rev sg-fb-pos=0.992124 rev sg-vel=0.408000 rps sg-acc=-8.000000 rps2

[INFO] hw.pins: Pin step.fb set to 0.9925280000000006 (was 0.9921240000000007)
Pin step.fb set to 0.9925280000000006 (was 0.9921240000000007)
[INFO] hw.stepgen: =human= stepgen sg-cmd-pos=1.000000 rev sg-fb-pos=0.992528 rev sg-vel=0.400000 rps sg-acc=-8.000000 rps2

=human= stepgen sg-cmd-pos=1.000000 rev sg-fb-pos=0.992528 rev sg-vel=0.400000 rps sg-acc=-8.000000 rps2

[INFO] hw.pins: Pin step.fb set to 0.9929240000000006 (was 0.9925280000000006)
Pin step.fb set to 0.9929240000000006 (was 0.9925280000000006)
[INFO] hw.stepgen: =human= stepgen sg-cmd-pos=1.000000 rev sg-fb-pos=0.992924 rev sg-vel=0.392000 rps sg-acc=-8.000000 rps2

=human= stepgen sg-cmd-pos=1.000000 rev sg-fb-pos=0.992924 rev sg-vel=0.392000 rps sg-acc=-8.000000 rps2

[INFO] hw.pins: Pin step.fb set to 0.9933120000000006 (was 0.9929240000000006)
Pin step.fb set to 0.9933120000000006 (was 0.9929240000000006)
[INFO] hw.stepgen: =human= stepgen sg-cmd-pos=1.000000 rev sg-fb-pos=0.993312 rev sg-vel=0.384000 rps sg-acc=-8.000000 rps2

=human= stepgen sg-cmd-pos=1.000000 rev sg-fb-pos=0.993312 rev sg-vel=0.384000 rps sg-acc=-8.000000 rps2

[INFO] hw.pins: Pin step.fb set to 0.9936920000000007 (was 0.9933120000000006)
Pin step.fb set to 0.9936920000000007 (was 0.9933120000000006)
[INFO] hw.stepgen: =human= stepgen sg-cmd-pos=1.000000 rev sg-fb-pos=0.993692 rev sg-vel=0.376000 rps sg-acc=-8.000000 rps2

=human= stepgen sg-cmd-pos=1.000000 rev sg-fb-pos=0.993692 rev sg-vel=0.376000 rps sg-acc=-8.000000 rps2

[INFO] hw.pins: Pin step.fb set to 0.9940640000000007 (was 0.9936920000000007)
Pin step.fb set to 0.9940640000000007 (was 0.9936920000000007)
[INFO] hw.stepgen: =human= stepgen sg-cmd-pos=1.000000 rev sg-fb-pos=0.994064 rev sg-vel=0.368000 rps sg-acc=-8.000000 rps2

=human= stepgen sg-cmd-pos=1.000000 rev sg-fb-pos=0.994064 rev sg-vel=0.368000 rps sg-acc=-8.000000 rps2

[INFO] hw.pins: Pin step.fb set to 0.9944280000000008 (was 0.9940640000000007)
Pin step.fb set to 0.9944280000000008 (was 0.9940640000000007)
[INFO] hw.stepgen: =human= stepgen sg-cmd-pos=1.000000 rev sg-fb-pos=0.994428 rev sg-vel=0.360000 rps sg-acc=-8.000000 rps2

=human= stepgen sg-cmd-pos=1.000000 rev sg-fb-pos=0.994428 rev sg-vel=0.360000 rps sg-acc=-8.000000 rps2

[INFO] hw.pins: Pin step.fb set to 0.9947840000000008 (was 0.9944280000000008)
Pin step.fb set to 0.9947840000000008 (was 0.9944280000000008)
[INFO] hw.stepgen: =human= stepgen sg-cmd-pos=1.000000 rev sg-fb-pos=0.994784 rev sg-vel=0.352000 rps sg-acc=-8.000000 rps2

=human= stepgen sg-cmd-pos=1.000000 rev sg-fb-pos=0.994784 rev sg-vel=0.352000 rps sg-acc=-8.000000 rps2

[INFO] hw.pins: Pin step.fb set to 0.9951320000000008 (was 0.9947840000000008)
Pin step.fb set to 0.9951320000000008 (was 0.9947840000000008)
[INFO] hw.stepgen: =human= stepgen sg-cmd-pos=1.000000 rev sg-fb-pos=0.995132 rev sg-vel=0.344000 rps sg-acc=-8.000000 rps2

=human= stepgen sg-cmd-pos=1.000000 rev sg-fb-pos=0.995132 rev sg-vel=0.344000 rps sg-acc=-8.000000 rps2

[INFO] hw.pins: Pin step.fb set to 0.9954720000000008 (was 0.9951320000000008)
Pin step.fb set to 0.9954720000000008 (was 0.9951320000000008)
[INFO] hw.stepgen: =human= stepgen sg-cmd-pos=1.000000 rev sg-fb-pos=0.995472 rev sg-vel=0.336000 rps sg-acc=-8.000000 rps2

=human= stepgen sg-cmd-pos=1.000000 rev sg-fb-pos=0.995472 rev sg-vel=0.336000 rps sg-acc=-8.000000 rps2

[INFO] hw.pins: Pin step.fb set to 0.9958040000000008 (was 0.9954720000000008)
Pin step.fb set to 0.9958040000000008 (was 0.9954720000000008)
[INFO] hw.stepgen: =human= stepgen sg-cmd-pos=1.000000 rev sg-fb-pos=0.995804 rev sg-vel=0.328000 rps sg-acc=-8.000000 rps2

=human= stepgen sg-cmd-pos=1.000000 rev sg-fb-pos=0.995804 rev sg-vel=0.328000 rps sg-acc=-8.000000 rps2

[INFO] hw.pins: Pin step.fb set to 0.9961280000000008 (was 0.9958040000000008)
Pin step.fb set to 0.9961280000000008 (was 0.9958040000000008)
[INFO] hw.stepgen: =human= stepgen sg-cmd-pos=1.000000 rev sg-fb-pos=0.996128 rev sg-vel=0.320000 rps sg-acc=-8.000000 rps2

=human= stepgen sg-cmd-pos=1.000000 rev sg-fb-pos=0.996128 rev sg-vel=0.320000 rps sg-acc=-8.000000 rps2

[INFO] hw.pins: Pin step.fb set to 0.9964440000000008 (was 0.9961280000000008)
Pin step.fb set to 0.9964440000000008 (was 0.9961280000000008)
[INFO] hw.stepgen: =human= stepgen sg-cmd-pos=1.000000 rev sg-fb-pos=0.996444 rev sg-vel=0.312000 rps sg-acc=-8.000000 rps2

=human= stepgen sg-cmd-pos=1.000000 rev sg-fb-pos=0.996444 rev sg-vel=0.312000 rps sg-acc=-8.000000 rps2

[INFO] hw.pins: Pin step.fb set to 0.9967520000000007 (was 0.9964440000000008)
Pin step.fb set to 0.9967520000000007 (was 0.9964440000000008)
[INFO] hw.stepgen: =human= stepgen sg-cmd-pos=1.000000 rev sg-fb-pos=0.996752 rev sg-vel=0.304000 rps sg-acc=-8.000000 rps2

=human= stepgen sg-cmd-pos=1.000000 rev sg-fb-pos=0.996752 rev sg-vel=0.304000 rps sg-acc=-8.000000 rps2

[INFO] hw.pins: Pin step.fb set to 0.9970520000000007 (was 0.9967520000000007)
Pin step.fb set to 0.9970520000000007 (was 0.9967520000000007)
[INFO] hw.stepgen: =human= stepgen sg-cmd-pos=1.000000 rev sg-fb-pos=0.997052 rev sg-vel=0.296000 rps sg-acc=-8.000000 rps2

=human= stepgen sg-cmd-pos=1.000000 rev sg-fb-pos=0.997052 rev sg-vel=0.296000 rps sg-acc=-8.000000 rps2

[INFO] hw.pins: Pin step.fb set to 0.9973440000000007 (was 0.9970520000000007)
Pin step.fb set to 0.9973440000000007 (was 0.9970520000000007)
[INFO] hw.stepgen: =human= stepgen sg-cmd-pos=1.000000 rev sg-fb-pos=0.997344 rev sg-vel=0.288000 rps sg-acc=-8.000000 rps2

=human= stepgen sg-cmd-pos=1.000000 rev sg-fb-pos=0.997344 rev sg-vel=0.288000 rps sg-acc=-8.000000 rps2

[INFO] hw.pins: Pin step.fb set to 0.9976280000000006 (was 0.9973440000000007)
Pin step.fb set to 0.9976280000000006 (was 0.9973440000000007)
[INFO] hw.stepgen: =human= stepgen sg-cmd-pos=1.000000 rev sg-fb-pos=0.997628 rev sg-vel=0.280000 rps sg-acc=-8.000000 rps2

=human= stepgen sg-cmd-pos=1.000000 rev sg-fb-pos=0.997628 rev sg-vel=0.280000 rps sg-acc=-8.000000 rps2

[INFO] hw.pins: Pin step.fb set to 0.9979040000000007 (was 0.9976280000000006)
Pin step.fb set to 0.9979040000000007 (was 0.9976280000000006)
[INFO] hw.stepgen: =human= stepgen sg-cmd-pos=1.000000 rev sg-fb-pos=0.997904 rev sg-vel=0.272000 rps sg-acc=-8.000000 rps2

=human= stepgen sg-cmd-pos=1.000000 rev sg-fb-pos=0.997904 rev sg-vel=0.272000 rps sg-acc=-8.000000 rps2

[INFO] hw.pins: Pin step.fb set to 0.9981720000000007 (was 0.9979040000000007)
Pin step.fb set to 0.9981720000000007 (was 0.9979040000000007)
[INFO] hw.stepgen: =human= stepgen sg-cmd-pos=1.000000 rev sg-fb-pos=0.998172 rev sg-vel=0.264000 rps sg-acc=-8.000000 rps2

=human= stepgen sg-cmd-pos=1.000000 rev sg-fb-pos=0.998172 rev sg-vel=0.264000 rps sg-acc=-8.000000 rps2

[INFO] hw.pins: Pin step.fb set to 0.9984320000000008 (was 0.9981720000000007)
Pin step.fb set to 0.9984320000000008 (was 0.9981720000000007)
[INFO] hw.stepgen: =human= stepgen sg-cmd-pos=1.000000 rev sg-fb-pos=0.998432 rev sg-vel=0.256000 rps sg-acc=-8.000000 rps2

=human= stepgen sg-cmd-pos=1.000000 rev sg-fb-pos=0.998432 rev sg-vel=0.256000 rps sg-acc=-8.000000 rps2

[INFO] hw.pins: Pin step.fb set to 0.9986840000000008 (was 0.9984320000000008)
Pin step.fb set to 0.9986840000000008 (was 0.9984320000000008)
[INFO] hw.stepgen: =human= stepgen sg-cmd-pos=1.000000 rev sg-fb-pos=0.998684 rev sg-vel=0.248000 rps sg-acc=-8.000000 rps2

=human= stepgen sg-cmd-pos=1.000000 rev sg-fb-pos=0.998684 rev sg-vel=0.248000 rps sg-acc=-8.000000 rps2

[INFO] hw.pins: Pin step.fb set to 0.9989280000000008 (was 0.9986840000000008)
Pin step.fb set to 0.9989280000000008 (was 0.9986840000000008)
[INFO] hw.stepgen: =human= stepgen sg-cmd-pos=1.000000 rev sg-fb-pos=0.998928 rev sg-vel=0.240000 rps sg-acc=-8.000000 rps2

=human= stepgen sg-cmd-pos=1.000000 rev sg-fb-pos=0.998928 rev sg-vel=0.240000 rps sg-acc=-8.000000 rps2

[INFO] hw.pins: Pin step.fb set to 0.9991640000000008 (was 0.9989280000000008)
Pin step.fb set to 0.9991640000000008 (was 0.9989280000000008)
[INFO] hw.stepgen: =human= stepgen sg-cmd-pos=1.000000 rev sg-fb-pos=0.999164 rev sg-vel=0.232000 rps sg-acc=-8.000000 rps2

=human= stepgen sg-cmd-pos=1.000000 rev sg-fb-pos=0.999164 rev sg-vel=0.232000 rps sg-acc=-8.000000 rps2

[INFO] hw.pins: Pin step.fb set to 0.9993920000000008 (was 0.9991640000000008)
Pin step.fb set to 0.9993920000000008 (was 0.9991640000000008)
[INFO] hw.stepgen: =human= stepgen sg-cmd-pos=1.000000 rev sg-fb-pos=0.999392 rev sg-vel=0.224000 rps sg-acc=-8.000000 rps2

=human= stepgen sg-cmd-pos=1.000000 rev sg-fb-pos=0.999392 rev sg-vel=0.224000 rps sg-acc=-8.000000 rps2

[INFO] hw.pins: Pin step.fb set to 0.9996120000000008 (was 0.9993920000000008)
Pin step.fb set to 0.9996120000000008 (was 0.9993920000000008)
[INFO] hw.stepgen: =human= stepgen sg-cmd-pos=1.000000 rev sg-fb-pos=0.999612 rev sg-vel=0.216000 rps sg-acc=-8.000000 rps2

=human= stepgen sg-cmd-pos=1.000000 rev sg-fb-pos=0.999612 rev sg-vel=0.216000 rps sg-acc=-8.000000 rps2

[INFO] hw.pins: Pin step.fb set to 0.9998240000000008 (was 0.9996120000000008)
Pin step.fb set to 0.9998240000000008 (was 0.9996120000000008)
[INFO] hw.stepgen: =human= stepgen sg-cmd-pos=1.000000 rev sg-fb-pos=0.999824 rev sg-vel=0.208000 rps sg-acc=-8.000000 rps2

=human= stepgen sg-cmd-pos=1.000000 rev sg-fb-pos=0.999824 rev sg-vel=0.208000 rps sg-acc=-8.000000 rps2

[INFO] hw.pins: Pin step.fb set to 1.0 (was 0.9998240000000008)
Pin step.fb set to 1.0 (was 0.9998240000000008)
[INFO] hw.stepgen: =human= stepgen sg-cmd-pos=1.000000 rev sg-fb-pos=1.000000 rev sg-vel=0.000000 rps sg-acc=0.000000 rps2

=human= stepgen sg-cmd-pos=1.000000 rev sg-fb-pos=1.000000 rev sg-vel=0.000000 rps sg-acc=0.000000 rps2

[INFO] hw.pins: Pin step.fb set to 1.0 (was 1.0)
Pin step.fb set to 1.0 (was 1.0)
[INFO] hw.stepgen: =human= stepgen sg-cmd-pos=1.000000 rev sg-fb-pos=1.000000 rev sg-vel=0.000000 rps sg-acc=0.000000 rps2

=human= stepgen sg-cmd-pos=1.000000 rev sg-fb-pos=1.000000 rev sg-vel=0.000000 rps sg-acc=0.000000 rps2

[INFO] hw.pins: Pin step.fb set to 1.0 (was 1.0)
Pin step.fb set to 1.0 (was 1.0)
[INFO] hw.stepgen: =human= stepgen sg-cmd-pos=1.000000 rev sg-fb-pos=1.000000 rev sg-vel=0.000000 rps sg-acc=0.000000 rps2

=human= stepgen sg-cmd-pos=1.000000 rev sg-fb-pos=1.000000 rev sg-vel=0.000000 rps sg-acc=0.000000 rps2

[INFO] hw.pins: Pin step.fb set to 1.0 (was 1.0)
Pin step.fb set to 1.0 (was 1.0)
[INFO] hw.stepgen: =human= stepgen sg-cmd-pos=1.000000 rev sg-fb-pos=1.000000 rev sg-vel=0.000000 rps sg-acc=0.000000 rps2

=human= stepgen sg-cmd-pos=1.000000 rev sg-fb-pos=1.000000 rev sg-vel=0.000000 rps sg-acc=0.000000 rps2

[INFO] hw.pins: Pin step.fb set to 1.0 (was 1.0)
Pin step.fb set to 1.0 (was 1.0)
[INFO] hw.stepgen: =human= stepgen sg-cmd-pos=1.000000 rev sg-fb-pos=1.000000 rev sg-vel=0.000000 rps sg-acc=0.000000 rps2

=human= stepgen sg-cmd-pos=1.000000 rev sg-fb-pos=1.000000 rev sg-vel=0.000000 rps sg-acc=0.000000 rps2

[INFO] hw.pins: Pin step.fb set to 1.0 (was 1.0)
Pin step.fb set to 1.0 (was 1.0)
[INFO] hw.stepgen: =human= stepgen sg-cmd-pos=1.000000 rev sg-fb-pos=1.000000 rev sg-vel=0.000000 rps sg-acc=0.000000 rps2

=human= stepgen sg-cmd-pos=1.000000 rev sg-fb-pos=1.000000 rev sg-vel=0.000000 rps sg-acc=0.000000 rps2

[INFO] hw.pins: Pin step.fb set to 1.0 (was 1.0)
Pin step.fb set to 1.0 (was 1.0)
[INFO] hw.stepgen: =human= stepgen sg-cmd-pos=1.000000 rev sg-fb-pos=1.000000 rev sg-vel=0.000000 rps sg-acc=0.000000 rps2

=human= stepgen sg-cmd-pos=1.000000 rev sg-fb-pos=1.000000 rev sg-vel=0.000000 rps sg-acc=0.000000 rps2

[INFO] hw.pins: Pin step.fb set to 1.0 (was 1.0)
Pin step.fb set to 1.0 (was 1.0)
[INFO] hw.stepgen: =human= stepgen sg-cmd-pos=1.000000 rev sg-fb-pos=1.000000 rev sg-vel=0.000000 rps sg-acc=0.000000 rps2

=human= stepgen sg-cmd-pos=1.000000 rev sg-fb-pos=1.000000 rev sg-vel=0.000000 rps sg-acc=0.000000 rps2

PASSED
tests/test_stepgen_sim.py::test_human_log_reaim_event_emitted 
-------------------------------- live log setup --------------------------------
=human= test name=test_human_log_reaim_event_emitted event=start
[INFO] hw.pins: Pin step.cmd set to 5.0 (was 0)
-------------------------------- live log call ---------------------------------
Pin step.cmd set to 5.0 (was 0)
[INFO] hw.pins: Pin step.fb set to 6e-06 (was 0)
Pin step.fb set to 6e-06 (was 0)
[INFO] hw.stepgen: =human= stepgen sg-cmd-pos=5.000000 rev sg-fb-pos=0.000006 rev sg-vel=0.012000 rps sg-acc=12.000000 rps2

=human= stepgen sg-cmd-pos=5.000000 rev sg-fb-pos=0.000006 rev sg-vel=0.012000 rps sg-acc=12.000000 rps2

[INFO] hw.pins: Pin step.fb set to 2.4e-05 (was 6e-06)
Pin step.fb set to 2.4e-05 (was 6e-06)
[INFO] hw.stepgen: =human= stepgen sg-cmd-pos=5.000000 rev sg-fb-pos=0.000024 rev sg-vel=0.024000 rps sg-acc=12.000000 rps2

=human= stepgen sg-cmd-pos=5.000000 rev sg-fb-pos=0.000024 rev sg-vel=0.024000 rps sg-acc=12.000000 rps2

[INFO] hw.pins: Pin step.fb set to 5.4000000000000005e-05 (was 2.4e-05)
Pin step.fb set to 5.4000000000000005e-05 (was 2.4e-05)
[INFO] hw.stepgen: =human= stepgen sg-cmd-pos=5.000000 rev sg-fb-pos=0.000054 rev sg-vel=0.036000 rps sg-acc=12.000000 rps2

=human= stepgen sg-cmd-pos=5.000000 rev sg-fb-pos=0.000054 rev sg-vel=0.036000 rps sg-acc=12.000000 rps2

[INFO] hw.pins: Pin step.fb set to 9.6e-05 (was 5.4000000000000005e-05)
Pin step.fb set to 9.6e-05 (was 5.4000000000000005e-05)
[INFO] hw.stepgen: =human= stepgen sg-cmd-pos=5.000000 rev sg-fb-pos=0.000096 rev sg-vel=0.048000 rps sg-acc=12.000000 rps2

=human= stepgen sg-cmd-pos=5.000000 rev sg-fb-pos=0.000096 rev sg-vel=0.048000 rps sg-acc=12.000000 rps2

[INFO] hw.pins: Pin step.fb set to 0.00015000000000000001 (was 9.6e-05)
Pin step.fb set to 0.00015000000000000001 (was 9.6e-05)
[INFO] hw.stepgen: =human= stepgen sg-cmd-pos=5.000000 rev sg-fb-pos=0.000150 rev sg-vel=0.060000 rps sg-acc=12.000000 rps2

=human= stepgen sg-cmd-pos=5.000000 rev sg-fb-pos=0.000150 rev sg-vel=0.060000 rps sg-acc=12.000000 rps2

[INFO] hw.pins: Pin step.fb set to 0.00021600000000000002 (was 0.00015000000000000001)
Pin step.fb set to 0.00021600000000000002 (was 0.00015000000000000001)
[INFO] hw.stepgen: =human= stepgen sg-cmd-pos=5.000000 rev sg-fb-pos=0.000216 rev sg-vel=0.072000 rps sg-acc=12.000000 rps2

=human= stepgen sg-cmd-pos=5.000000 rev sg-fb-pos=0.000216 rev sg-vel=0.072000 rps sg-acc=12.000000 rps2

[INFO] hw.pins: Pin step.fb set to 0.000294 (was 0.00021600000000000002)
Pin step.fb set to 0.000294 (was 0.00021600000000000002)
[INFO] hw.stepgen: =human= stepgen sg-cmd-pos=5.000000 rev sg-fb-pos=0.000294 rev sg-vel=0.084000 rps sg-acc=12.000000 rps2

=human= stepgen sg-cmd-pos=5.000000 rev sg-fb-pos=0.000294 rev sg-vel=0.084000 rps sg-acc=12.000000 rps2

[INFO] hw.pins: Pin step.fb set to 0.000384 (was 0.000294)
Pin step.fb set to 0.000384 (was 0.000294)
[INFO] hw.stepgen: =human= stepgen sg-cmd-pos=5.000000 rev sg-fb-pos=0.000384 rev sg-vel=0.096000 rps sg-acc=12.000000 rps2

=human= stepgen sg-cmd-pos=5.000000 rev sg-fb-pos=0.000384 rev sg-vel=0.096000 rps sg-acc=12.000000 rps2

[INFO] hw.pins: Pin step.fb set to 0.000486 (was 0.000384)
Pin step.fb set to 0.000486 (was 0.000384)
[INFO] hw.stepgen: =human= stepgen sg-cmd-pos=5.000000 rev sg-fb-pos=0.000486 rev sg-vel=0.108000 rps sg-acc=12.000000 rps2

=human= stepgen sg-cmd-pos=5.000000 rev sg-fb-pos=0.000486 rev sg-vel=0.108000 rps sg-acc=12.000000 rps2

[INFO] hw.pins: Pin step.fb set to 0.0006 (was 0.000486)
Pin step.fb set to 0.0006 (was 0.000486)
[INFO] hw.stepgen: =human= stepgen sg-cmd-pos=5.000000 rev sg-fb-pos=0.000600 rev sg-vel=0.120000 rps sg-acc=12.000000 rps2

=human= stepgen sg-cmd-pos=5.000000 rev sg-fb-pos=0.000600 rev sg-vel=0.120000 rps sg-acc=12.000000 rps2

[INFO] hw.pins: Pin step.fb set to 0.000726 (was 0.0006)
Pin step.fb set to 0.000726 (was 0.0006)
[INFO] hw.stepgen: =human= stepgen sg-cmd-pos=5.000000 rev sg-fb-pos=0.000726 rev sg-vel=0.132000 rps sg-acc=12.000000 rps2

=human= stepgen sg-cmd-pos=5.000000 rev sg-fb-pos=0.000726 rev sg-vel=0.132000 rps sg-acc=12.000000 rps2

[INFO] hw.pins: Pin step.fb set to 0.000864 (was 0.000726)
Pin step.fb set to 0.000864 (was 0.000726)
[INFO] hw.stepgen: =human= stepgen sg-cmd-pos=5.000000 rev sg-fb-pos=0.000864 rev sg-vel=0.144000 rps sg-acc=12.000000 rps2

=human= stepgen sg-cmd-pos=5.000000 rev sg-fb-pos=0.000864 rev sg-vel=0.144000 rps sg-acc=12.000000 rps2

[INFO] hw.pins: Pin step.fb set to 0.001014 (was 0.000864)
Pin step.fb set to 0.001014 (was 0.000864)
[INFO] hw.stepgen: =human= stepgen sg-cmd-pos=5.000000 rev sg-fb-pos=0.001014 rev sg-vel=0.156000 rps sg-acc=12.000000 rps2

=human= stepgen sg-cmd-pos=5.000000 rev sg-fb-pos=0.001014 rev sg-vel=0.156000 rps sg-acc=12.000000 rps2

[INFO] hw.pins: Pin step.fb set to 0.001176 (was 0.001014)
Pin step.fb set to 0.001176 (was 0.001014)
[INFO] hw.stepgen: =human= stepgen sg-cmd-pos=5.000000 rev sg-fb-pos=0.001176 rev sg-vel=0.168000 rps sg-acc=12.000000 rps2

=human= stepgen sg-cmd-pos=5.000000 rev sg-fb-pos=0.001176 rev sg-vel=0.168000 rps sg-acc=12.000000 rps2

[INFO] hw.pins: Pin step.fb set to 0.00135 (was 0.001176)
Pin step.fb set to 0.00135 (was 0.001176)
[INFO] hw.stepgen: =human= stepgen sg-cmd-pos=5.000000 rev sg-fb-pos=0.001350 rev sg-vel=0.180000 rps sg-acc=12.000000 rps2

=human= stepgen sg-cmd-pos=5.000000 rev sg-fb-pos=0.001350 rev sg-vel=0.180000 rps sg-acc=12.000000 rps2

[INFO] hw.pins: Pin step.fb set to 0.001536 (was 0.00135)
Pin step.fb set to 0.001536 (was 0.00135)
[INFO] hw.stepgen: =human= stepgen sg-cmd-pos=5.000000 rev sg-fb-pos=0.001536 rev sg-vel=0.192000 rps sg-acc=12.000000 rps2

=human= stepgen sg-cmd-pos=5.000000 rev sg-fb-pos=0.001536 rev sg-vel=0.192000 rps sg-acc=12.000000 rps2

[INFO] hw.pins: Pin step.fb set to 0.001734 (was 0.001536)
Pin step.fb set to 0.001734 (was 0.001536)
[INFO] hw.stepgen: =human= stepgen sg-cmd-pos=5.000000 rev sg-fb-pos=0.001734 rev sg-vel=0.204000 rps sg-acc=12.000000 rps2

=human= stepgen sg-cmd-pos=5.000000 rev sg-fb-pos=0.001734 rev sg-vel=0.204000 rps sg-acc=12.000000 rps2

[INFO] hw.pins: Pin step.fb set to 0.0019440000000000002 (was 0.001734)
Pin step.fb set to 0.0019440000000000002 (was 0.001734)
[INFO] hw.stepgen: =human= stepgen sg-cmd-pos=5.000000 rev sg-fb-pos=0.001944 rev sg-vel=0.216000 rps sg-acc=12.000000 rps2

=human= stepgen sg-cmd-pos=5.000000 rev sg-fb-pos=0.001944 rev sg-vel=0.216000 rps sg-acc=12.000000 rps2

[INFO] hw.pins: Pin step.fb set to 0.0021660000000000004 (was 0.0019440000000000002)
Pin step.fb set to 0.0021660000000000004 (was 0.0019440000000000002)
[INFO] hw.stepgen: =human= stepgen sg-cmd-pos=5.000000 rev sg-fb-pos=0.002166 rev sg-vel=0.228000 rps sg-acc=12.000000 rps2

=human= stepgen sg-cmd-pos=5.000000 rev sg-fb-pos=0.002166 rev sg-vel=0.228000 rps sg-acc=12.000000 rps2

[INFO] hw.pins: Pin step.fb set to 0.0024000000000000007 (was 0.0021660000000000004)
Pin step.fb set to 0.0024000000000000007 (was 0.0021660000000000004)
[INFO] hw.stepgen: =human= stepgen sg-cmd-pos=5.000000 rev sg-fb-pos=0.002400 rev sg-vel=0.240000 rps sg-acc=12.000000 rps2

=human= stepgen sg-cmd-pos=5.000000 rev sg-fb-pos=0.002400 rev sg-vel=0.240000 rps sg-acc=12.000000 rps2

[INFO] hw.pins: Pin step.fb set to 0.0026460000000000008 (was 0.0024000000000000007)
Pin step.fb set to 0.0026460000000000008 (was 0.0024000000000000007)
[INFO] hw.stepgen: =human= stepgen sg-cmd-pos=5.000000 rev sg-fb-pos=0.002646 rev sg-vel=0.252000 rps sg-acc=12.000000 rps2

=human= stepgen sg-cmd-pos=5.000000 rev sg-fb-pos=0.002646 rev sg-vel=0.252000 rps sg-acc=12.000000 rps2

[INFO] hw.pins: Pin step.fb set to 0.0029040000000000008 (was 0.0026460000000000008)
Pin step.fb set to 0.0029040000000000008 (was 0.0026460000000000008)
[INFO] hw.stepgen: =human= stepgen sg-cmd-pos=5.000000 rev sg-fb-pos=0.002904 rev sg-vel=0.264000 rps sg-acc=12.000000 rps2

=human= stepgen sg-cmd-pos=5.000000 rev sg-fb-pos=0.002904 rev sg-vel=0.264000 rps sg-acc=12.000000 rps2

[INFO] hw.pins: Pin step.fb set to 0.0031740000000000006 (was 0.0029040000000000008)
Pin step.fb set to 0.0031740000000000006 (was 0.0029040000000000008)
[INFO] hw.stepgen: =human= stepgen sg-cmd-pos=5.000000 rev sg-fb-pos=0.003174 rev sg-vel=0.276000 rps sg-acc=12.000000 rps2

=human= stepgen sg-cmd-pos=5.000000 rev sg-fb-pos=0.003174 rev sg-vel=0.276000 rps sg-acc=12.000000 rps2

[INFO] hw.pins: Pin step.fb set to 0.0034560000000000007 (was 0.0031740000000000006)
Pin step.fb set to 0.0034560000000000007 (was 0.0031740000000000006)
[INFO] hw.stepgen: =human= stepgen sg-cmd-pos=5.000000 rev sg-fb-pos=0.003456 rev sg-vel=0.288000 rps sg-acc=12.000000 rps2

=human= stepgen sg-cmd-pos=5.000000 rev sg-fb-pos=0.003456 rev sg-vel=0.288000 rps sg-acc=12.000000 rps2

[INFO] hw.pins: Pin step.fb set to 0.0037500000000000007 (was 0.0034560000000000007)
Pin step.fb set to 0.0037500000000000007 (was 0.0034560000000000007)
[INFO] hw.stepgen: =human= stepgen sg-cmd-pos=5.000000 rev sg-fb-pos=0.003750 rev sg-vel=0.300000 rps sg-acc=12.000000 rps2

=human= stepgen sg-cmd-pos=5.000000 rev sg-fb-pos=0.003750 rev sg-vel=0.300000 rps sg-acc=12.000000 rps2

[INFO] hw.pins: Pin step.fb set to 0.004056000000000001 (was 0.0037500000000000007)
Pin step.fb set to 0.004056000000000001 (was 0.0037500000000000007)
[INFO] hw.stepgen: =human= stepgen sg-cmd-pos=5.000000 rev sg-fb-pos=0.004056 rev sg-vel=0.312000 rps sg-acc=12.000000 rps2

=human= stepgen sg-cmd-pos=5.000000 rev sg-fb-pos=0.004056 rev sg-vel=0.312000 rps sg-acc=12.000000 rps2

[INFO] hw.pins: Pin step.fb set to 0.004374 (was 0.004056000000000001)
Pin step.fb set to 0.004374 (was 0.004056000000000001)
[INFO] hw.stepgen: =human= stepgen sg-cmd-pos=5.000000 rev sg-fb-pos=0.004374 rev sg-vel=0.324000 rps sg-acc=12.000000 rps2

=human= stepgen sg-cmd-pos=5.000000 rev sg-fb-pos=0.004374 rev sg-vel=0.324000 rps sg-acc=12.000000 rps2

[INFO] hw.pins: Pin step.fb set to 0.004704000000000001 (was 0.004374)
Pin step.fb set to 0.004704000000000001 (was 0.004374)
[INFO] hw.stepgen: =human= stepgen sg-cmd-pos=5.000000 rev sg-fb-pos=0.004704 rev sg-vel=0.336000 rps sg-acc=12.000000 rps2

=human= stepgen sg-cmd-pos=5.000000 rev sg-fb-pos=0.004704 rev sg-vel=0.336000 rps sg-acc=12.000000 rps2

[INFO] hw.pins: Pin step.fb set to 0.005046000000000001 (was 0.004704000000000001)
Pin step.fb set to 0.005046000000000001 (was 0.004704000000000001)
[INFO] hw.stepgen: =human= stepgen sg-cmd-pos=5.000000 rev sg-fb-pos=0.005046 rev sg-vel=0.348000 rps sg-acc=12.000000 rps2

=human= stepgen sg-cmd-pos=5.000000 rev sg-fb-pos=0.005046 rev sg-vel=0.348000 rps sg-acc=12.000000 rps2

[INFO] hw.pins: Pin step.fb set to 0.005400000000000001 (was 0.005046000000000001)
Pin step.fb set to 0.005400000000000001 (was 0.005046000000000001)
[INFO] hw.stepgen: =human= stepgen sg-cmd-pos=5.000000 rev sg-fb-pos=0.005400 rev sg-vel=0.360000 rps sg-acc=12.000000 rps2

=human= stepgen sg-cmd-pos=5.000000 rev sg-fb-pos=0.005400 rev sg-vel=0.360000 rps sg-acc=12.000000 rps2

[INFO] hw.pins: Pin step.fb set to 0.005766000000000001 (was 0.005400000000000001)
Pin step.fb set to 0.005766000000000001 (was 0.005400000000000001)
[INFO] hw.stepgen: =human= stepgen sg-cmd-pos=5.000000 rev sg-fb-pos=0.005766 rev sg-vel=0.372000 rps sg-acc=12.000000 rps2

=human= stepgen sg-cmd-pos=5.000000 rev sg-fb-pos=0.005766 rev sg-vel=0.372000 rps sg-acc=12.000000 rps2

[INFO] hw.pins: Pin step.fb set to 0.006144000000000001 (was 0.005766000000000001)
Pin step.fb set to 0.006144000000000001 (was 0.005766000000000001)
[INFO] hw.stepgen: =human= stepgen sg-cmd-pos=5.000000 rev sg-fb-pos=0.006144 rev sg-vel=0.384000 rps sg-acc=12.000000 rps2

=human= stepgen sg-cmd-pos=5.000000 rev sg-fb-pos=0.006144 rev sg-vel=0.384000 rps sg-acc=12.000000 rps2

[INFO] hw.pins: Pin step.fb set to 0.006534000000000002 (was 0.006144000000000001)
Pin step.fb set to 0.006534000000000002 (was 0.006144000000000001)
[INFO] hw.stepgen: =human= stepgen sg-cmd-pos=5.000000 rev sg-fb-pos=0.006534 rev sg-vel=0.396000 rps sg-acc=12.000000 rps2

=human= stepgen sg-cmd-pos=5.000000 rev sg-fb-pos=0.006534 rev sg-vel=0.396000 rps sg-acc=12.000000 rps2

[INFO] hw.pins: Pin step.fb set to 0.006936000000000002 (was 0.006534000000000002)
Pin step.fb set to 0.006936000000000002 (was 0.006534000000000002)
[INFO] hw.stepgen: =human= stepgen sg-cmd-pos=5.000000 rev sg-fb-pos=0.006936 rev sg-vel=0.408000 rps sg-acc=12.000000 rps2

=human= stepgen sg-cmd-pos=5.000000 rev sg-fb-pos=0.006936 rev sg-vel=0.408000 rps sg-acc=12.000000 rps2

[INFO] hw.pins: Pin step.fb set to 0.007350000000000002 (was 0.006936000000000002)
Pin step.fb set to 0.007350000000000002 (was 0.006936000000000002)
[INFO] hw.stepgen: =human= stepgen sg-cmd-pos=5.000000 rev sg-fb-pos=0.007350 rev sg-vel=0.420000 rps sg-acc=12.000000 rps2

=human= stepgen sg-cmd-pos=5.000000 rev sg-fb-pos=0.007350 rev sg-vel=0.420000 rps sg-acc=12.000000 rps2

[INFO] hw.pins: Pin step.fb set to 0.0077760000000000025 (was 0.007350000000000002)
Pin step.fb set to 0.0077760000000000025 (was 0.007350000000000002)
[INFO] hw.stepgen: =human= stepgen sg-cmd-pos=5.000000 rev sg-fb-pos=0.007776 rev sg-vel=0.432000 rps sg-acc=12.000000 rps2

=human= stepgen sg-cmd-pos=5.000000 rev sg-fb-pos=0.007776 rev sg-vel=0.432000 rps sg-acc=12.000000 rps2

[INFO] hw.pins: Pin step.fb set to 0.008214000000000003 (was 0.0077760000000000025)
Pin step.fb set to 0.008214000000000003 (was 0.0077760000000000025)
[INFO] hw.stepgen: =human= stepgen sg-cmd-pos=5.000000 rev sg-fb-pos=0.008214 rev sg-vel=0.444000 rps sg-acc=12.000000 rps2

=human= stepgen sg-cmd-pos=5.000000 rev sg-fb-pos=0.008214 rev sg-vel=0.444000 rps sg-acc=12.000000 rps2

[INFO] hw.pins: Pin step.fb set to 0.008664000000000003 (was 0.008214000000000003)
Pin step.fb set to 0.008664000000000003 (was 0.008214000000000003)
[INFO] hw.stepgen: =human= stepgen sg-cmd-pos=5.000000 rev sg-fb-pos=0.008664 rev sg-vel=0.456000 rps sg-acc=12.000000 rps2

=human= stepgen sg-cmd-pos=5.000000 rev sg-fb-pos=0.008664 rev sg-vel=0.456000 rps sg-acc=12.000000 rps2

[INFO] hw.pins: Pin step.fb set to 0.009126000000000004 (was 0.008664000000000003)
Pin step.fb set to 0.009126000000000004 (was 0.008664000000000003)
[INFO] hw.stepgen: =human= stepgen sg-cmd-pos=5.000000 rev sg-fb-pos=0.009126 rev sg-vel=0.468000 rps sg-acc=12.000000 rps2

=human= stepgen sg-cmd-pos=5.000000 rev sg-fb-pos=0.009126 rev sg-vel=0.468000 rps sg-acc=12.000000 rps2

[INFO] hw.pins: Pin step.fb set to 0.009600000000000004 (was 0.009126000000000004)
Pin step.fb set to 0.009600000000000004 (was 0.009126000000000004)
[INFO] hw.stepgen: =human= stepgen sg-cmd-pos=5.000000 rev sg-fb-pos=0.009600 rev sg-vel=0.480000 rps sg-acc=12.000000 rps2

=human= stepgen sg-cmd-pos=5.000000 rev sg-fb-pos=0.009600 rev sg-vel=0.480000 rps sg-acc=12.000000 rps2

[INFO] hw.pins: Pin step.fb set to 0.010086000000000005 (was 0.009600000000000004)
Pin step.fb set to 0.010086000000000005 (was 0.009600000000000004)
[INFO] hw.stepgen: =human= stepgen sg-cmd-pos=5.000000 rev sg-fb-pos=0.010086 rev sg-vel=0.492000 rps sg-acc=12.000000 rps2

=human= stepgen sg-cmd-pos=5.000000 rev sg-fb-pos=0.010086 rev sg-vel=0.492000 rps sg-acc=12.000000 rps2

[INFO] hw.pins: Pin step.fb set to 0.010584000000000005 (was 0.010086000000000005)
Pin step.fb set to 0.010584000000000005 (was 0.010086000000000005)
[INFO] hw.stepgen: =human= stepgen sg-cmd-pos=5.000000 rev sg-fb-pos=0.010584 rev sg-vel=0.504000 rps sg-acc=12.000000 rps2

=human= stepgen sg-cmd-pos=5.000000 rev sg-fb-pos=0.010584 rev sg-vel=0.504000 rps sg-acc=12.000000 rps2

[INFO] hw.pins: Pin step.fb set to 0.011094000000000005 (was 0.010584000000000005)
Pin step.fb set to 0.011094000000000005 (was 0.010584000000000005)
[INFO] hw.stepgen: =human= stepgen sg-cmd-pos=5.000000 rev sg-fb-pos=0.011094 rev sg-vel=0.516000 rps sg-acc=12.000000 rps2

=human= stepgen sg-cmd-pos=5.000000 rev sg-fb-pos=0.011094 rev sg-vel=0.516000 rps sg-acc=12.000000 rps2

[INFO] hw.pins: Pin step.fb set to 0.011616000000000005 (was 0.011094000000000005)
Pin step.fb set to 0.011616000000000005 (was 0.011094000000000005)
[INFO] hw.stepgen: =human= stepgen sg-cmd-pos=5.000000 rev sg-fb-pos=0.011616 rev sg-vel=0.528000 rps sg-acc=12.000000 rps2

=human= stepgen sg-cmd-pos=5.000000 rev sg-fb-pos=0.011616 rev sg-vel=0.528000 rps sg-acc=12.000000 rps2

[INFO] hw.pins: Pin step.fb set to 0.012150000000000005 (was 0.011616000000000005)
Pin step.fb set to 0.012150000000000005 (was 0.011616000000000005)
[INFO] hw.stepgen: =human= stepgen sg-cmd-pos=5.000000 rev sg-fb-pos=0.012150 rev sg-vel=0.540000 rps sg-acc=12.000000 rps2

=human= stepgen sg-cmd-pos=5.000000 rev sg-fb-pos=0.012150 rev sg-vel=0.540000 rps sg-acc=12.000000 rps2

[INFO] hw.pins: Pin step.fb set to 0.012696000000000004 (was 0.012150000000000005)
Pin step.fb set to 0.012696000000000004 (was 0.012150000000000005)
[INFO] hw.stepgen: =human= stepgen sg-cmd-pos=5.000000 rev sg-fb-pos=0.012696 rev sg-vel=0.552000 rps sg-acc=12.000000 rps2

=human= stepgen sg-cmd-pos=5.000000 rev sg-fb-pos=0.012696 rev sg-vel=0.552000 rps sg-acc=12.000000 rps2

[INFO] hw.pins: Pin step.fb set to 0.013254000000000005 (was 0.012696000000000004)
Pin step.fb set to 0.013254000000000005 (was 0.012696000000000004)
[INFO] hw.stepgen: =human= stepgen sg-cmd-pos=5.000000 rev sg-fb-pos=0.013254 rev sg-vel=0.564000 rps sg-acc=12.000000 rps2

=human= stepgen sg-cmd-pos=5.000000 rev sg-fb-pos=0.013254 rev sg-vel=0.564000 rps sg-acc=12.000000 rps2

[INFO] hw.pins: Pin step.fb set to 0.013824000000000006 (was 0.013254000000000005)
Pin step.fb set to 0.013824000000000006 (was 0.013254000000000005)
[INFO] hw.stepgen: =human= stepgen sg-cmd-pos=5.000000 rev sg-fb-pos=0.013824 rev sg-vel=0.576000 rps sg-acc=12.000000 rps2

=human= stepgen sg-cmd-pos=5.000000 rev sg-fb-pos=0.013824 rev sg-vel=0.576000 rps sg-acc=12.000000 rps2

[INFO] hw.pins: Pin step.fb set to 0.014406000000000007 (was 0.013824000000000006)
Pin step.fb set to 0.014406000000000007 (was 0.013824000000000006)
[INFO] hw.stepgen: =human= stepgen sg-cmd-pos=5.000000 rev sg-fb-pos=0.014406 rev sg-vel=0.588000 rps sg-acc=12.000000 rps2

=human= stepgen sg-cmd-pos=5.000000 rev sg-fb-pos=0.014406 rev sg-vel=0.588000 rps sg-acc=12.000000 rps2

[INFO] hw.pins: Pin step.fb set to 0.015000000000000008 (was 0.014406000000000007)
Pin step.fb set to 0.015000000000000008 (was 0.014406000000000007)
[INFO] hw.stepgen: =human= stepgen sg-cmd-pos=5.000000 rev sg-fb-pos=0.015000 rev sg-vel=0.600000 rps sg-acc=12.000000 rps2

=human= stepgen sg-cmd-pos=5.000000 rev sg-fb-pos=0.015000 rev sg-vel=0.600000 rps sg-acc=12.000000 rps2

[INFO] hw.pins: Pin step.fb set to 0.015606000000000009 (was 0.015000000000000008)
Pin step.fb set to 0.015606000000000009 (was 0.015000000000000008)
[INFO] hw.stepgen: =human= stepgen sg-cmd-pos=5.000000 rev sg-fb-pos=0.015606 rev sg-vel=0.612000 rps sg-acc=12.000000 rps2

=human= stepgen sg-cmd-pos=5.000000 rev sg-fb-pos=0.015606 rev sg-vel=0.612000 rps sg-acc=12.000000 rps2

[INFO] hw.pins: Pin step.fb set to 0.01622400000000001 (was 0.015606000000000009)
Pin step.fb set to 0.01622400000000001 (was 0.015606000000000009)
[INFO] hw.stepgen: =human= stepgen sg-cmd-pos=5.000000 rev sg-fb-pos=0.016224 rev sg-vel=0.624000 rps sg-acc=12.000000 rps2

=human= stepgen sg-cmd-pos=5.000000 rev sg-fb-pos=0.016224 rev sg-vel=0.624000 rps sg-acc=12.000000 rps2

[INFO] hw.pins: Pin step.fb set to 0.016854000000000008 (was 0.01622400000000001)
Pin step.fb set to 0.016854000000000008 (was 0.01622400000000001)
[INFO] hw.stepgen: =human= stepgen sg-cmd-pos=5.000000 rev sg-fb-pos=0.016854 rev sg-vel=0.636000 rps sg-acc=12.000000 rps2

=human= stepgen sg-cmd-pos=5.000000 rev sg-fb-pos=0.016854 rev sg-vel=0.636000 rps sg-acc=12.000000 rps2

[INFO] hw.pins: Pin step.fb set to 0.017496000000000008 (was 0.016854000000000008)
Pin step.fb set to 0.017496000000000008 (was 0.016854000000000008)
[INFO] hw.stepgen: =human= stepgen sg-cmd-pos=5.000000 rev sg-fb-pos=0.017496 rev sg-vel=0.648000 rps sg-acc=12.000000 rps2

=human= stepgen sg-cmd-pos=5.000000 rev sg-fb-pos=0.017496 rev sg-vel=0.648000 rps sg-acc=12.000000 rps2

[INFO] hw.pins: Pin step.fb set to 0.01815000000000001 (was 0.017496000000000008)
Pin step.fb set to 0.01815000000000001 (was 0.017496000000000008)
[INFO] hw.stepgen: =human= stepgen sg-cmd-pos=5.000000 rev sg-fb-pos=0.018150 rev sg-vel=0.660000 rps sg-acc=12.000000 rps2

=human= stepgen sg-cmd-pos=5.000000 rev sg-fb-pos=0.018150 rev sg-vel=0.660000 rps sg-acc=12.000000 rps2

[INFO] hw.pins: Pin step.fb set to 0.01881600000000001 (was 0.01815000000000001)
Pin step.fb set to 0.01881600000000001 (was 0.01815000000000001)
[INFO] hw.stepgen: =human= stepgen sg-cmd-pos=5.000000 rev sg-fb-pos=0.018816 rev sg-vel=0.672000 rps sg-acc=12.000000 rps2

=human= stepgen sg-cmd-pos=5.000000 rev sg-fb-pos=0.018816 rev sg-vel=0.672000 rps sg-acc=12.000000 rps2

[INFO] hw.pins: Pin step.fb set to 0.01949400000000001 (was 0.01881600000000001)
Pin step.fb set to 0.01949400000000001 (was 0.01881600000000001)
[INFO] hw.stepgen: =human= stepgen sg-cmd-pos=5.000000 rev sg-fb-pos=0.019494 rev sg-vel=0.684000 rps sg-acc=12.000000 rps2

=human= stepgen sg-cmd-pos=5.000000 rev sg-fb-pos=0.019494 rev sg-vel=0.684000 rps sg-acc=12.000000 rps2

[INFO] hw.pins: Pin step.fb set to 0.02018400000000001 (was 0.01949400000000001)
Pin step.fb set to 0.02018400000000001 (was 0.01949400000000001)
[INFO] hw.stepgen: =human= stepgen sg-cmd-pos=5.000000 rev sg-fb-pos=0.020184 rev sg-vel=0.696000 rps sg-acc=12.000000 rps2

=human= stepgen sg-cmd-pos=5.000000 rev sg-fb-pos=0.020184 rev sg-vel=0.696000 rps sg-acc=12.000000 rps2

[INFO] hw.pins: Pin step.fb set to 0.020886000000000012 (was 0.02018400000000001)
Pin step.fb set to 0.020886000000000012 (was 0.02018400000000001)
[INFO] hw.stepgen: =human= stepgen sg-cmd-pos=5.000000 rev sg-fb-pos=0.020886 rev sg-vel=0.708000 rps sg-acc=12.000000 rps2

=human= stepgen sg-cmd-pos=5.000000 rev sg-fb-pos=0.020886 rev sg-vel=0.708000 rps sg-acc=12.000000 rps2

[INFO] hw.pins: Pin step.fb set to 0.02160000000000001 (was 0.020886000000000012)
Pin step.fb set to 0.02160000000000001 (was 0.020886000000000012)
[INFO] hw.stepgen: =human= stepgen sg-cmd-pos=5.000000 rev sg-fb-pos=0.021600 rev sg-vel=0.720000 rps sg-acc=12.000000 rps2

=human= stepgen sg-cmd-pos=5.000000 rev sg-fb-pos=0.021600 rev sg-vel=0.720000 rps sg-acc=12.000000 rps2

[INFO] hw.pins: Pin step.fb set to 0.022326000000000013 (was 0.02160000000000001)
Pin step.fb set to 0.022326000000000013 (was 0.02160000000000001)
[INFO] hw.stepgen: =human= stepgen sg-cmd-pos=5.000000 rev sg-fb-pos=0.022326 rev sg-vel=0.732000 rps sg-acc=12.000000 rps2

=human= stepgen sg-cmd-pos=5.000000 rev sg-fb-pos=0.022326 rev sg-vel=0.732000 rps sg-acc=12.000000 rps2

[INFO] hw.pins: Pin step.fb set to 0.02306400000000001 (was 0.022326000000000013)
Pin step.fb set to 0.02306400000000001 (was 0.022326000000000013)
[INFO] hw.stepgen: =human= stepgen sg-cmd-pos=5.000000 rev sg-fb-pos=0.023064 rev sg-vel=0.744000 rps sg-acc=12.000000 rps2

=human= stepgen sg-cmd-pos=5.000000 rev sg-fb-pos=0.023064 rev sg-vel=0.744000 rps sg-acc=12.000000 rps2

[INFO] hw.pins: Pin step.fb set to 0.023814000000000012 (was 0.02306400000000001)
Pin step.fb set to 0.023814000000000012 (was 0.02306400000000001)
[INFO] hw.stepgen: =human= stepgen sg-cmd-pos=5.000000 rev sg-fb-pos=0.023814 rev sg-vel=0.756000 rps sg-acc=12.000000 rps2

=human= stepgen sg-cmd-pos=5.000000 rev sg-fb-pos=0.023814 rev sg-vel=0.756000 rps sg-acc=12.000000 rps2

[INFO] hw.pins: Pin step.fb set to 0.024576000000000015 (was 0.023814000000000012)
Pin step.fb set to 0.024576000000000015 (was 0.023814000000000012)
[INFO] hw.stepgen: =human= stepgen sg-cmd-pos=5.000000 rev sg-fb-pos=0.024576 rev sg-vel=0.768000 rps sg-acc=12.000000 rps2

=human= stepgen sg-cmd-pos=5.000000 rev sg-fb-pos=0.024576 rev sg-vel=0.768000 rps sg-acc=12.000000 rps2

[INFO] hw.pins: Pin step.fb set to 0.025350000000000015 (was 0.024576000000000015)
Pin step.fb set to 0.025350000000000015 (was 0.024576000000000015)
[INFO] hw.stepgen: =human= stepgen sg-cmd-pos=5.000000 rev sg-fb-pos=0.025350 rev sg-vel=0.780000 rps sg-acc=12.000000 rps2

=human= stepgen sg-cmd-pos=5.000000 rev sg-fb-pos=0.025350 rev sg-vel=0.780000 rps sg-acc=12.000000 rps2

[INFO] hw.pins: Pin step.fb set to 0.026136000000000017 (was 0.025350000000000015)
Pin step.fb set to 0.026136000000000017 (was 0.025350000000000015)
[INFO] hw.stepgen: =human= stepgen sg-cmd-pos=5.000000 rev sg-fb-pos=0.026136 rev sg-vel=0.792000 rps sg-acc=12.000000 rps2

=human= stepgen sg-cmd-pos=5.000000 rev sg-fb-pos=0.026136 rev sg-vel=0.792000 rps sg-acc=12.000000 rps2

[INFO] hw.pins: Pin step.fb set to 0.026934000000000017 (was 0.026136000000000017)
Pin step.fb set to 0.026934000000000017 (was 0.026136000000000017)
[INFO] hw.stepgen: =human= stepgen sg-cmd-pos=5.000000 rev sg-fb-pos=0.026934 rev sg-vel=0.804000 rps sg-acc=12.000000 rps2

=human= stepgen sg-cmd-pos=5.000000 rev sg-fb-pos=0.026934 rev sg-vel=0.804000 rps sg-acc=12.000000 rps2

[INFO] hw.pins: Pin step.fb set to 0.02774400000000002 (was 0.026934000000000017)
Pin step.fb set to 0.02774400000000002 (was 0.026934000000000017)
[INFO] hw.stepgen: =human= stepgen sg-cmd-pos=5.000000 rev sg-fb-pos=0.027744 rev sg-vel=0.816000 rps sg-acc=12.000000 rps2

=human= stepgen sg-cmd-pos=5.000000 rev sg-fb-pos=0.027744 rev sg-vel=0.816000 rps sg-acc=12.000000 rps2

[INFO] hw.pins: Pin step.fb set to 0.02856600000000002 (was 0.02774400000000002)
Pin step.fb set to 0.02856600000000002 (was 0.02774400000000002)
[INFO] hw.stepgen: =human= stepgen sg-cmd-pos=5.000000 rev sg-fb-pos=0.028566 rev sg-vel=0.828000 rps sg-acc=12.000000 rps2

=human= stepgen sg-cmd-pos=5.000000 rev sg-fb-pos=0.028566 rev sg-vel=0.828000 rps sg-acc=12.000000 rps2

[INFO] hw.pins: Pin step.fb set to 0.02940000000000002 (was 0.02856600000000002)
Pin step.fb set to 0.02940000000000002 (was 0.02856600000000002)
[INFO] hw.stepgen: =human= stepgen sg-cmd-pos=5.000000 rev sg-fb-pos=0.029400 rev sg-vel=0.840000 rps sg-acc=12.000000 rps2

=human= stepgen sg-cmd-pos=5.000000 rev sg-fb-pos=0.029400 rev sg-vel=0.840000 rps sg-acc=12.000000 rps2

[INFO] hw.pins: Pin step.fb set to 0.03024600000000002 (was 0.02940000000000002)
Pin step.fb set to 0.03024600000000002 (was 0.02940000000000002)
[INFO] hw.stepgen: =human= stepgen sg-cmd-pos=5.000000 rev sg-fb-pos=0.030246 rev sg-vel=0.852000 rps sg-acc=12.000000 rps2

=human= stepgen sg-cmd-pos=5.000000 rev sg-fb-pos=0.030246 rev sg-vel=0.852000 rps sg-acc=12.000000 rps2

[INFO] hw.pins: Pin step.fb set to 0.03110400000000002 (was 0.03024600000000002)
Pin step.fb set to 0.03110400000000002 (was 0.03024600000000002)
[INFO] hw.stepgen: =human= stepgen sg-cmd-pos=5.000000 rev sg-fb-pos=0.031104 rev sg-vel=0.864000 rps sg-acc=12.000000 rps2

=human= stepgen sg-cmd-pos=5.000000 rev sg-fb-pos=0.031104 rev sg-vel=0.864000 rps sg-acc=12.000000 rps2

[INFO] hw.pins: Pin step.fb set to 0.03197400000000002 (was 0.03110400000000002)
Pin step.fb set to 0.03197400000000002 (was 0.03110400000000002)
[INFO] hw.stepgen: =human= stepgen sg-cmd-pos=5.000000 rev sg-fb-pos=0.031974 rev sg-vel=0.876000 rps sg-acc=12.000000 rps2

=human= stepgen sg-cmd-pos=5.000000 rev sg-fb-pos=0.031974 rev sg-vel=0.876000 rps sg-acc=12.000000 rps2

[INFO] hw.pins: Pin step.fb set to 0.032856000000000024 (was 0.03197400000000002)
Pin step.fb set to 0.032856000000000024 (was 0.03197400000000002)
[INFO] hw.stepgen: =human= stepgen sg-cmd-pos=5.000000 rev sg-fb-pos=0.032856 rev sg-vel=0.888000 rps sg-acc=12.000000 rps2

=human= stepgen sg-cmd-pos=5.000000 rev sg-fb-pos=0.032856 rev sg-vel=0.888000 rps sg-acc=12.000000 rps2

[INFO] hw.pins: Pin step.fb set to 0.03375000000000002 (was 0.032856000000000024)
Pin step.fb set to 0.03375000000000002 (was 0.032856000000000024)
[INFO] hw.stepgen: =human= stepgen sg-cmd-pos=5.000000 rev sg-fb-pos=0.033750 rev sg-vel=0.900000 rps sg-acc=12.000000 rps2

=human= stepgen sg-cmd-pos=5.000000 rev sg-fb-pos=0.033750 rev sg-vel=0.900000 rps sg-acc=12.000000 rps2

[INFO] hw.pins: Pin step.fb set to 0.03465600000000003 (was 0.03375000000000002)
Pin step.fb set to 0.03465600000000003 (was 0.03375000000000002)
[INFO] hw.stepgen: =human= stepgen sg-cmd-pos=5.000000 rev sg-fb-pos=0.034656 rev sg-vel=0.912000 rps sg-acc=12.000000 rps2

=human= stepgen sg-cmd-pos=5.000000 rev sg-fb-pos=0.034656 rev sg-vel=0.912000 rps sg-acc=12.000000 rps2

[INFO] hw.pins: Pin step.fb set to 0.03557400000000003 (was 0.03465600000000003)
Pin step.fb set to 0.03557400000000003 (was 0.03465600000000003)
[INFO] hw.stepgen: =human= stepgen sg-cmd-pos=5.000000 rev sg-fb-pos=0.035574 rev sg-vel=0.924000 rps sg-acc=12.000000 rps2

=human= stepgen sg-cmd-pos=5.000000 rev sg-fb-pos=0.035574 rev sg-vel=0.924000 rps sg-acc=12.000000 rps2

[INFO] hw.pins: Pin step.fb set to 0.03650400000000003 (was 0.03557400000000003)
Pin step.fb set to 0.03650400000000003 (was 0.03557400000000003)
[INFO] hw.stepgen: =human= stepgen sg-cmd-pos=5.000000 rev sg-fb-pos=0.036504 rev sg-vel=0.936000 rps sg-acc=12.000000 rps2

=human= stepgen sg-cmd-pos=5.000000 rev sg-fb-pos=0.036504 rev sg-vel=0.936000 rps sg-acc=12.000000 rps2

[INFO] hw.pins: Pin step.fb set to 0.03744600000000003 (was 0.03650400000000003)
Pin step.fb set to 0.03744600000000003 (was 0.03650400000000003)
[INFO] hw.stepgen: =human= stepgen sg-cmd-pos=5.000000 rev sg-fb-pos=0.037446 rev sg-vel=0.948000 rps sg-acc=12.000000 rps2

=human= stepgen sg-cmd-pos=5.000000 rev sg-fb-pos=0.037446 rev sg-vel=0.948000 rps sg-acc=12.000000 rps2

[INFO] hw.pins: Pin step.fb set to 0.03840000000000003 (was 0.03744600000000003)
Pin step.fb set to 0.03840000000000003 (was 0.03744600000000003)
[INFO] hw.stepgen: =human= stepgen sg-cmd-pos=5.000000 rev sg-fb-pos=0.038400 rev sg-vel=0.960000 rps sg-acc=12.000000 rps2

=human= stepgen sg-cmd-pos=5.000000 rev sg-fb-pos=0.038400 rev sg-vel=0.960000 rps sg-acc=12.000000 rps2

[INFO] hw.pins: Pin step.fb set to 0.03936600000000003 (was 0.03840000000000003)
Pin step.fb set to 0.03936600000000003 (was 0.03840000000000003)
[INFO] hw.stepgen: =human= stepgen sg-cmd-pos=5.000000 rev sg-fb-pos=0.039366 rev sg-vel=0.972000 rps sg-acc=12.000000 rps2

=human= stepgen sg-cmd-pos=5.000000 rev sg-fb-pos=0.039366 rev sg-vel=0.972000 rps sg-acc=12.000000 rps2

[INFO] hw.pins: Pin step.fb set to 0.04034400000000003 (was 0.03936600000000003)
Pin step.fb set to 0.04034400000000003 (was 0.03936600000000003)
[INFO] hw.stepgen: =human= stepgen sg-cmd-pos=5.000000 rev sg-fb-pos=0.040344 rev sg-vel=0.984000 rps sg-acc=12.000000 rps2

=human= stepgen sg-cmd-pos=5.000000 rev sg-fb-pos=0.040344 rev sg-vel=0.984000 rps sg-acc=12.000000 rps2

[INFO] hw.pins: Pin step.fb set to 0.04133400000000003 (was 0.04034400000000003)
Pin step.fb set to 0.04133400000000003 (was 0.04034400000000003)
[INFO] hw.stepgen: =human= stepgen sg-cmd-pos=5.000000 rev sg-fb-pos=0.041334 rev sg-vel=0.996000 rps sg-acc=12.000000 rps2

=human= stepgen sg-cmd-pos=5.000000 rev sg-fb-pos=0.041334 rev sg-vel=0.996000 rps sg-acc=12.000000 rps2

[INFO] hw.pins: Pin step.fb set to 0.04233600000000003 (was 0.04133400000000003)
Pin step.fb set to 0.04233600000000003 (was 0.04133400000000003)
[INFO] hw.stepgen: =human= stepgen sg-cmd-pos=5.000000 rev sg-fb-pos=0.042336 rev sg-vel=1.008000 rps sg-acc=12.000000 rps2

=human= stepgen sg-cmd-pos=5.000000 rev sg-fb-pos=0.042336 rev sg-vel=1.008000 rps sg-acc=12.000000 rps2

[INFO] hw.pins: Pin step.fb set to 0.043350000000000034 (was 0.04233600000000003)
Pin step.fb set to 0.043350000000000034 (was 0.04233600000000003)
[INFO] hw.stepgen: =human= stepgen sg-cmd-pos=5.000000 rev sg-fb-pos=0.043350 rev sg-vel=1.020000 rps sg-acc=12.000000 rps2

=human= stepgen sg-cmd-pos=5.000000 rev sg-fb-pos=0.043350 rev sg-vel=1.020000 rps sg-acc=12.000000 rps2

[INFO] hw.pins: Pin step.fb set to 0.044376000000000033 (was 0.043350000000000034)
Pin step.fb set to 0.044376000000000033 (was 0.043350000000000034)
[INFO] hw.stepgen: =human= stepgen sg-cmd-pos=5.000000 rev sg-fb-pos=0.044376 rev sg-vel=1.032000 rps sg-acc=12.000000 rps2

=human= stepgen sg-cmd-pos=5.000000 rev sg-fb-pos=0.044376 rev sg-vel=1.032000 rps sg-acc=12.000000 rps2

[INFO] hw.pins: Pin step.fb set to 0.04541400000000004 (was 0.044376000000000033)
Pin step.fb set to 0.04541400000000004 (was 0.044376000000000033)
[INFO] hw.stepgen: =human= stepgen sg-cmd-pos=5.000000 rev sg-fb-pos=0.045414 rev sg-vel=1.044000 rps sg-acc=12.000000 rps2

=human= stepgen sg-cmd-pos=5.000000 rev sg-fb-pos=0.045414 rev sg-vel=1.044000 rps sg-acc=12.000000 rps2

[INFO] hw.pins: Pin step.fb set to 0.04646400000000004 (was 0.04541400000000004)
Pin step.fb set to 0.04646400000000004 (was 0.04541400000000004)
[INFO] hw.stepgen: =human= stepgen sg-cmd-pos=5.000000 rev sg-fb-pos=0.046464 rev sg-vel=1.056000 rps sg-acc=12.000000 rps2

=human= stepgen sg-cmd-pos=5.000000 rev sg-fb-pos=0.046464 rev sg-vel=1.056000 rps sg-acc=12.000000 rps2

[INFO] hw.pins: Pin step.fb set to 0.04752600000000004 (was 0.04646400000000004)
Pin step.fb set to 0.04752600000000004 (was 0.04646400000000004)
[INFO] hw.stepgen: =human= stepgen sg-cmd-pos=5.000000 rev sg-fb-pos=0.047526 rev sg-vel=1.068000 rps sg-acc=12.000000 rps2

=human= stepgen sg-cmd-pos=5.000000 rev sg-fb-pos=0.047526 rev sg-vel=1.068000 rps sg-acc=12.000000 rps2

[INFO] hw.pins: Pin step.fb set to 0.04860000000000004 (was 0.04752600000000004)
Pin step.fb set to 0.04860000000000004 (was 0.04752600000000004)
[INFO] hw.stepgen: =human= stepgen sg-cmd-pos=5.000000 rev sg-fb-pos=0.048600 rev sg-vel=1.080000 rps sg-acc=12.000000 rps2

=human= stepgen sg-cmd-pos=5.000000 rev sg-fb-pos=0.048600 rev sg-vel=1.080000 rps sg-acc=12.000000 rps2

[INFO] hw.pins: Pin step.fb set to 0.04968600000000004 (was 0.04860000000000004)
Pin step.fb set to 0.04968600000000004 (was 0.04860000000000004)
[INFO] hw.stepgen: =human= stepgen sg-cmd-pos=5.000000 rev sg-fb-pos=0.049686 rev sg-vel=1.092000 rps sg-acc=12.000000 rps2

=human= stepgen sg-cmd-pos=5.000000 rev sg-fb-pos=0.049686 rev sg-vel=1.092000 rps sg-acc=12.000000 rps2

[INFO] hw.pins: Pin step.fb set to 0.050784000000000044 (was 0.04968600000000004)
Pin step.fb set to 0.050784000000000044 (was 0.04968600000000004)
[INFO] hw.stepgen: =human= stepgen sg-cmd-pos=5.000000 rev sg-fb-pos=0.050784 rev sg-vel=1.104000 rps sg-acc=12.000000 rps2

=human= stepgen sg-cmd-pos=5.000000 rev sg-fb-pos=0.050784 rev sg-vel=1.104000 rps sg-acc=12.000000 rps2

[INFO] hw.pins: Pin step.fb set to 0.051894000000000044 (was 0.050784000000000044)
Pin step.fb set to 0.051894000000000044 (was 0.050784000000000044)
[INFO] hw.stepgen: =human= stepgen sg-cmd-pos=5.000000 rev sg-fb-pos=0.051894 rev sg-vel=1.116000 rps sg-acc=12.000000 rps2

=human= stepgen sg-cmd-pos=5.000000 rev sg-fb-pos=0.051894 rev sg-vel=1.116000 rps sg-acc=12.000000 rps2

[INFO] hw.pins: Pin step.fb set to 0.05301600000000004 (was 0.051894000000000044)
Pin step.fb set to 0.05301600000000004 (was 0.051894000000000044)
[INFO] hw.stepgen: =human= stepgen sg-cmd-pos=5.000000 rev sg-fb-pos=0.053016 rev sg-vel=1.128000 rps sg-acc=12.000000 rps2

=human= stepgen sg-cmd-pos=5.000000 rev sg-fb-pos=0.053016 rev sg-vel=1.128000 rps sg-acc=12.000000 rps2

[INFO] hw.pins: Pin step.fb set to 0.054150000000000045 (was 0.05301600000000004)
Pin step.fb set to 0.054150000000000045 (was 0.05301600000000004)
[INFO] hw.stepgen: =human= stepgen sg-cmd-pos=5.000000 rev sg-fb-pos=0.054150 rev sg-vel=1.140000 rps sg-acc=12.000000 rps2

=human= stepgen sg-cmd-pos=5.000000 rev sg-fb-pos=0.054150 rev sg-vel=1.140000 rps sg-acc=12.000000 rps2

[INFO] hw.pins: Pin step.fb set to 0.055296000000000047 (was 0.054150000000000045)
Pin step.fb set to 0.055296000000000047 (was 0.054150000000000045)
[INFO] hw.stepgen: =human= stepgen sg-cmd-pos=5.000000 rev sg-fb-pos=0.055296 rev sg-vel=1.152000 rps sg-acc=12.000000 rps2

=human= stepgen sg-cmd-pos=5.000000 rev sg-fb-pos=0.055296 rev sg-vel=1.152000 rps sg-acc=12.000000 rps2

[INFO] hw.pins: Pin step.fb set to 0.056454000000000046 (was 0.055296000000000047)
Pin step.fb set to 0.056454000000000046 (was 0.055296000000000047)
[INFO] hw.stepgen: =human= stepgen sg-cmd-pos=5.000000 rev sg-fb-pos=0.056454 rev sg-vel=1.164000 rps sg-acc=12.000000 rps2

=human= stepgen sg-cmd-pos=5.000000 rev sg-fb-pos=0.056454 rev sg-vel=1.164000 rps sg-acc=12.000000 rps2

[INFO] hw.pins: Pin step.fb set to 0.05762400000000004 (was 0.056454000000000046)
Pin step.fb set to 0.05762400000000004 (was 0.056454000000000046)
[INFO] hw.stepgen: =human= stepgen sg-cmd-pos=5.000000 rev sg-fb-pos=0.057624 rev sg-vel=1.176000 rps sg-acc=12.000000 rps2

=human= stepgen sg-cmd-pos=5.000000 rev sg-fb-pos=0.057624 rev sg-vel=1.176000 rps sg-acc=12.000000 rps2

[INFO] hw.pins: Pin step.fb set to 0.058806000000000046 (was 0.05762400000000004)
Pin step.fb set to 0.058806000000000046 (was 0.05762400000000004)
[INFO] hw.stepgen: =human= stepgen sg-cmd-pos=5.000000 rev sg-fb-pos=0.058806 rev sg-vel=1.188000 rps sg-acc=12.000000 rps2

=human= stepgen sg-cmd-pos=5.000000 rev sg-fb-pos=0.058806 rev sg-vel=1.188000 rps sg-acc=12.000000 rps2

[INFO] hw.pins: Pin step.fb set to 0.060000000000000046 (was 0.058806000000000046)
Pin step.fb set to 0.060000000000000046 (was 0.058806000000000046)
[INFO] hw.stepgen: =human= stepgen sg-cmd-pos=5.000000 rev sg-fb-pos=0.060000 rev sg-vel=1.200000 rps sg-acc=12.000000 rps2

=human= stepgen sg-cmd-pos=5.000000 rev sg-fb-pos=0.060000 rev sg-vel=1.200000 rps sg-acc=12.000000 rps2

[INFO] hw.pins: Pin step.fb set to 0.061206000000000045 (was 0.060000000000000046)
Pin step.fb set to 0.061206000000000045 (was 0.060000000000000046)
[INFO] hw.stepgen: =human= stepgen sg-cmd-pos=5.000000 rev sg-fb-pos=0.061206 rev sg-vel=1.212000 rps sg-acc=12.000000 rps2

=human= stepgen sg-cmd-pos=5.000000 rev sg-fb-pos=0.061206 rev sg-vel=1.212000 rps sg-acc=12.000000 rps2

[INFO] hw.pins: Pin step.fb set to 0.06242400000000005 (was 0.061206000000000045)
Pin step.fb set to 0.06242400000000005 (was 0.061206000000000045)
[INFO] hw.stepgen: =human= stepgen sg-cmd-pos=5.000000 rev sg-fb-pos=0.062424 rev sg-vel=1.224000 rps sg-acc=12.000000 rps2

=human= stepgen sg-cmd-pos=5.000000 rev sg-fb-pos=0.062424 rev sg-vel=1.224000 rps sg-acc=12.000000 rps2

[INFO] hw.pins: Pin step.fb set to 0.06365400000000004 (was 0.06242400000000005)
Pin step.fb set to 0.06365400000000004 (was 0.06242400000000005)
[INFO] hw.stepgen: =human= stepgen sg-cmd-pos=5.000000 rev sg-fb-pos=0.063654 rev sg-vel=1.236000 rps sg-acc=12.000000 rps2

=human= stepgen sg-cmd-pos=5.000000 rev sg-fb-pos=0.063654 rev sg-vel=1.236000 rps sg-acc=12.000000 rps2

[INFO] hw.pins: Pin step.fb set to 0.06489600000000005 (was 0.06365400000000004)
Pin step.fb set to 0.06489600000000005 (was 0.06365400000000004)
[INFO] hw.stepgen: =human= stepgen sg-cmd-pos=5.000000 rev sg-fb-pos=0.064896 rev sg-vel=1.248000 rps sg-acc=12.000000 rps2

=human= stepgen sg-cmd-pos=5.000000 rev sg-fb-pos=0.064896 rev sg-vel=1.248000 rps sg-acc=12.000000 rps2

[INFO] hw.pins: Pin step.fb set to 0.06615000000000006 (was 0.06489600000000005)
Pin step.fb set to 0.06615000000000006 (was 0.06489600000000005)
[INFO] hw.stepgen: =human= stepgen sg-cmd-pos=5.000000 rev sg-fb-pos=0.066150 rev sg-vel=1.260000 rps sg-acc=12.000000 rps2

=human= stepgen sg-cmd-pos=5.000000 rev sg-fb-pos=0.066150 rev sg-vel=1.260000 rps sg-acc=12.000000 rps2

[INFO] hw.pins: Pin step.fb set to 0.06741600000000006 (was 0.06615000000000006)
Pin step.fb set to 0.06741600000000006 (was 0.06615000000000006)
[INFO] hw.stepgen: =human= stepgen sg-cmd-pos=5.000000 rev sg-fb-pos=0.067416 rev sg-vel=1.272000 rps sg-acc=12.000000 rps2

=human= stepgen sg-cmd-pos=5.000000 rev sg-fb-pos=0.067416 rev sg-vel=1.272000 rps sg-acc=12.000000 rps2

[INFO] hw.pins: Pin step.fb set to 0.06869400000000006 (was 0.06741600000000006)
Pin step.fb set to 0.06869400000000006 (was 0.06741600000000006)
[INFO] hw.stepgen: =human= stepgen sg-cmd-pos=5.000000 rev sg-fb-pos=0.068694 rev sg-vel=1.284000 rps sg-acc=12.000000 rps2

=human= stepgen sg-cmd-pos=5.000000 rev sg-fb-pos=0.068694 rev sg-vel=1.284000 rps sg-acc=12.000000 rps2

[INFO] hw.pins: Pin step.fb set to 0.06998400000000006 (was 0.06869400000000006)
Pin step.fb set to 0.06998400000000006 (was 0.06869400000000006)
[INFO] hw.stepgen: =human= stepgen sg-cmd-pos=5.000000 rev sg-fb-pos=0.069984 rev sg-vel=1.296000 rps sg-acc=12.000000 rps2

=human= stepgen sg-cmd-pos=5.000000 rev sg-fb-pos=0.069984 rev sg-vel=1.296000 rps sg-acc=12.000000 rps2

[INFO] hw.pins: Pin step.fb set to 0.07128600000000006 (was 0.06998400000000006)
Pin step.fb set to 0.07128600000000006 (was 0.06998400000000006)
[INFO] hw.stepgen: =human= stepgen sg-cmd-pos=5.000000 rev sg-fb-pos=0.071286 rev sg-vel=1.308000 rps sg-acc=12.000000 rps2

=human= stepgen sg-cmd-pos=5.000000 rev sg-fb-pos=0.071286 rev sg-vel=1.308000 rps sg-acc=12.000000 rps2

[INFO] hw.pins: Pin step.fb set to 0.07260000000000005 (was 0.07128600000000006)
Pin step.fb set to 0.07260000000000005 (was 0.07128600000000006)
[INFO] hw.stepgen: =human= stepgen sg-cmd-pos=5.000000 rev sg-fb-pos=0.072600 rev sg-vel=1.320000 rps sg-acc=12.000000 rps2

=human= stepgen sg-cmd-pos=5.000000 rev sg-fb-pos=0.072600 rev sg-vel=1.320000 rps sg-acc=12.000000 rps2

[INFO] hw.pins: Pin step.fb set to 0.07392600000000006 (was 0.07260000000000005)
Pin step.fb set to 0.07392600000000006 (was 0.07260000000000005)
[INFO] hw.stepgen: =human= stepgen sg-cmd-pos=5.000000 rev sg-fb-pos=0.073926 rev sg-vel=1.332000 rps sg-acc=12.000000 rps2

=human= stepgen sg-cmd-pos=5.000000 rev sg-fb-pos=0.073926 rev sg-vel=1.332000 rps sg-acc=12.000000 rps2

[INFO] hw.pins: Pin step.fb set to 0.07526400000000007 (was 0.07392600000000006)
Pin step.fb set to 0.07526400000000007 (was 0.07392600000000006)
[INFO] hw.stepgen: =human= stepgen sg-cmd-pos=5.000000 rev sg-fb-pos=0.075264 rev sg-vel=1.344000 rps sg-acc=12.000000 rps2

=human= stepgen sg-cmd-pos=5.000000 rev sg-fb-pos=0.075264 rev sg-vel=1.344000 rps sg-acc=12.000000 rps2

[INFO] hw.pins: Pin step.fb set to 0.07661400000000007 (was 0.07526400000000007)
Pin step.fb set to 0.07661400000000007 (was 0.07526400000000007)
[INFO] hw.stepgen: =human= stepgen sg-cmd-pos=5.000000 rev sg-fb-pos=0.076614 rev sg-vel=1.356000 rps sg-acc=12.000000 rps2

=human= stepgen sg-cmd-pos=5.000000 rev sg-fb-pos=0.076614 rev sg-vel=1.356000 rps sg-acc=12.000000 rps2

[INFO] hw.pins: Pin step.fb set to 0.07797600000000007 (was 0.07661400000000007)
Pin step.fb set to 0.07797600000000007 (was 0.07661400000000007)
[INFO] hw.stepgen: =human= stepgen sg-cmd-pos=5.000000 rev sg-fb-pos=0.077976 rev sg-vel=1.368000 rps sg-acc=12.000000 rps2

=human= stepgen sg-cmd-pos=5.000000 rev sg-fb-pos=0.077976 rev sg-vel=1.368000 rps sg-acc=12.000000 rps2

[INFO] hw.pins: Pin step.fb set to 0.07935000000000007 (was 0.07797600000000007)
Pin step.fb set to 0.07935000000000007 (was 0.07797600000000007)
[INFO] hw.stepgen: =human= stepgen sg-cmd-pos=5.000000 rev sg-fb-pos=0.079350 rev sg-vel=1.380000 rps sg-acc=12.000000 rps2

=human= stepgen sg-cmd-pos=5.000000 rev sg-fb-pos=0.079350 rev sg-vel=1.380000 rps sg-acc=12.000000 rps2

[INFO] hw.pins: Pin step.fb set to 0.08073600000000007 (was 0.07935000000000007)
Pin step.fb set to 0.08073600000000007 (was 0.07935000000000007)
[INFO] hw.stepgen: =human= stepgen sg-cmd-pos=5.000000 rev sg-fb-pos=0.080736 rev sg-vel=1.392000 rps sg-acc=12.000000 rps2

=human= stepgen sg-cmd-pos=5.000000 rev sg-fb-pos=0.080736 rev sg-vel=1.392000 rps sg-acc=12.000000 rps2

[INFO] hw.pins: Pin step.fb set to 0.08213400000000007 (was 0.08073600000000007)
Pin step.fb set to 0.08213400000000007 (was 0.08073600000000007)
[INFO] hw.stepgen: =human= stepgen sg-cmd-pos=5.000000 rev sg-fb-pos=0.082134 rev sg-vel=1.404000 rps sg-acc=12.000000 rps2

=human= stepgen sg-cmd-pos=5.000000 rev sg-fb-pos=0.082134 rev sg-vel=1.404000 rps sg-acc=12.000000 rps2

[INFO] hw.pins: Pin step.fb set to 0.08354400000000006 (was 0.08213400000000007)
Pin step.fb set to 0.08354400000000006 (was 0.08213400000000007)
[INFO] hw.stepgen: =human= stepgen sg-cmd-pos=5.000000 rev sg-fb-pos=0.083544 rev sg-vel=1.416000 rps sg-acc=12.000000 rps2

=human= stepgen sg-cmd-pos=5.000000 rev sg-fb-pos=0.083544 rev sg-vel=1.416000 rps sg-acc=12.000000 rps2

[INFO] hw.pins: Pin step.fb set to 0.08496600000000007 (was 0.08354400000000006)
Pin step.fb set to 0.08496600000000007 (was 0.08354400000000006)
[INFO] hw.stepgen: =human= stepgen sg-cmd-pos=5.000000 rev sg-fb-pos=0.084966 rev sg-vel=1.428000 rps sg-acc=12.000000 rps2

=human= stepgen sg-cmd-pos=5.000000 rev sg-fb-pos=0.084966 rev sg-vel=1.428000 rps sg-acc=12.000000 rps2

[INFO] hw.pins: Pin step.fb set to 0.08640000000000007 (was 0.08496600000000007)
Pin step.fb set to 0.08640000000000007 (was 0.08496600000000007)
[INFO] hw.stepgen: =human= stepgen sg-cmd-pos=5.000000 rev sg-fb-pos=0.086400 rev sg-vel=1.440000 rps sg-acc=12.000000 rps2

=human= stepgen sg-cmd-pos=5.000000 rev sg-fb-pos=0.086400 rev sg-vel=1.440000 rps sg-acc=12.000000 rps2

[INFO] hw.pins: Pin step.fb set to 0.08784600000000008 (was 0.08640000000000007)
Pin step.fb set to 0.08784600000000008 (was 0.08640000000000007)
[INFO] hw.stepgen: =human= stepgen sg-cmd-pos=5.000000 rev sg-fb-pos=0.087846 rev sg-vel=1.452000 rps sg-acc=12.000000 rps2

=human= stepgen sg-cmd-pos=5.000000 rev sg-fb-pos=0.087846 rev sg-vel=1.452000 rps sg-acc=12.000000 rps2

[INFO] hw.pins: Pin step.fb set to 0.08930400000000008 (was 0.08784600000000008)
Pin step.fb set to 0.08930400000000008 (was 0.08784600000000008)
[INFO] hw.stepgen: =human= stepgen sg-cmd-pos=5.000000 rev sg-fb-pos=0.089304 rev sg-vel=1.464000 rps sg-acc=12.000000 rps2

=human= stepgen sg-cmd-pos=5.000000 rev sg-fb-pos=0.089304 rev sg-vel=1.464000 rps sg-acc=12.000000 rps2

[INFO] hw.pins: Pin step.fb set to 0.09077400000000008 (was 0.08930400000000008)
Pin step.fb set to 0.09077400000000008 (was 0.08930400000000008)
[INFO] hw.stepgen: =human= stepgen sg-cmd-pos=5.000000 rev sg-fb-pos=0.090774 rev sg-vel=1.476000 rps sg-acc=12.000000 rps2

=human= stepgen sg-cmd-pos=5.000000 rev sg-fb-pos=0.090774 rev sg-vel=1.476000 rps sg-acc=12.000000 rps2

[INFO] hw.pins: Pin step.fb set to 0.09225600000000007 (was 0.09077400000000008)
Pin step.fb set to 0.09225600000000007 (was 0.09077400000000008)
[INFO] hw.stepgen: =human= stepgen sg-cmd-pos=5.000000 rev sg-fb-pos=0.092256 rev sg-vel=1.488000 rps sg-acc=12.000000 rps2

=human= stepgen sg-cmd-pos=5.000000 rev sg-fb-pos=0.092256 rev sg-vel=1.488000 rps sg-acc=12.000000 rps2

[INFO] hw.pins: Pin step.fb set to 0.09375000000000007 (was 0.09225600000000007)
Pin step.fb set to 0.09375000000000007 (was 0.09225600000000007)
[INFO] hw.stepgen: =human= stepgen sg-cmd-pos=5.000000 rev sg-fb-pos=0.093750 rev sg-vel=1.500000 rps sg-acc=12.000000 rps2

=human= stepgen sg-cmd-pos=5.000000 rev sg-fb-pos=0.093750 rev sg-vel=1.500000 rps sg-acc=12.000000 rps2

[INFO] hw.pins: Pin step.fb set to 0.09525600000000008 (was 0.09375000000000007)
Pin step.fb set to 0.09525600000000008 (was 0.09375000000000007)
[INFO] hw.stepgen: =human= stepgen sg-cmd-pos=5.000000 rev sg-fb-pos=0.095256 rev sg-vel=1.512000 rps sg-acc=12.000000 rps2

=human= stepgen sg-cmd-pos=5.000000 rev sg-fb-pos=0.095256 rev sg-vel=1.512000 rps sg-acc=12.000000 rps2

[INFO] hw.pins: Pin step.fb set to 0.09677400000000008 (was 0.09525600000000008)
Pin step.fb set to 0.09677400000000008 (was 0.09525600000000008)
[INFO] hw.stepgen: =human= stepgen sg-cmd-pos=5.000000 rev sg-fb-pos=0.096774 rev sg-vel=1.524000 rps sg-acc=12.000000 rps2

=human= stepgen sg-cmd-pos=5.000000 rev sg-fb-pos=0.096774 rev sg-vel=1.524000 rps sg-acc=12.000000 rps2

[INFO] hw.pins: Pin step.fb set to 0.09830400000000009 (was 0.09677400000000008)
Pin step.fb set to 0.09830400000000009 (was 0.09677400000000008)
[INFO] hw.stepgen: =human= stepgen sg-cmd-pos=5.000000 rev sg-fb-pos=0.098304 rev sg-vel=1.536000 rps sg-acc=12.000000 rps2

=human= stepgen sg-cmd-pos=5.000000 rev sg-fb-pos=0.098304 rev sg-vel=1.536000 rps sg-acc=12.000000 rps2

[INFO] hw.pins: Pin step.fb set to 0.09984600000000009 (was 0.09830400000000009)
Pin step.fb set to 0.09984600000000009 (was 0.09830400000000009)
[INFO] hw.stepgen: =human= stepgen sg-cmd-pos=5.000000 rev sg-fb-pos=0.099846 rev sg-vel=1.548000 rps sg-acc=12.000000 rps2

=human= stepgen sg-cmd-pos=5.000000 rev sg-fb-pos=0.099846 rev sg-vel=1.548000 rps sg-acc=12.000000 rps2

[INFO] hw.pins: Pin step.fb set to 0.10140000000000009 (was 0.09984600000000009)
Pin step.fb set to 0.10140000000000009 (was 0.09984600000000009)
[INFO] hw.stepgen: =human= stepgen sg-cmd-pos=5.000000 rev sg-fb-pos=0.101400 rev sg-vel=1.560000 rps sg-acc=12.000000 rps2

=human= stepgen sg-cmd-pos=5.000000 rev sg-fb-pos=0.101400 rev sg-vel=1.560000 rps sg-acc=12.000000 rps2

[INFO] hw.pins: Pin step.fb set to 0.10296600000000009 (was 0.10140000000000009)
Pin step.fb set to 0.10296600000000009 (was 0.10140000000000009)
[INFO] hw.stepgen: =human= stepgen sg-cmd-pos=5.000000 rev sg-fb-pos=0.102966 rev sg-vel=1.572000 rps sg-acc=12.000000 rps2

=human= stepgen sg-cmd-pos=5.000000 rev sg-fb-pos=0.102966 rev sg-vel=1.572000 rps sg-acc=12.000000 rps2

[INFO] hw.pins: Pin step.fb set to 0.10454400000000008 (was 0.10296600000000009)
Pin step.fb set to 0.10454400000000008 (was 0.10296600000000009)
[INFO] hw.stepgen: =human= stepgen sg-cmd-pos=5.000000 rev sg-fb-pos=0.104544 rev sg-vel=1.584000 rps sg-acc=12.000000 rps2

=human= stepgen sg-cmd-pos=5.000000 rev sg-fb-pos=0.104544 rev sg-vel=1.584000 rps sg-acc=12.000000 rps2

[INFO] hw.pins: Pin step.fb set to 0.10613400000000009 (was 0.10454400000000008)
Pin step.fb set to 0.10613400000000009 (was 0.10454400000000008)
[INFO] hw.stepgen: =human= stepgen sg-cmd-pos=5.000000 rev sg-fb-pos=0.106134 rev sg-vel=1.596000 rps sg-acc=12.000000 rps2

=human= stepgen sg-cmd-pos=5.000000 rev sg-fb-pos=0.106134 rev sg-vel=1.596000 rps sg-acc=12.000000 rps2

[INFO] hw.pins: Pin step.fb set to 0.1077360000000001 (was 0.10613400000000009)
Pin step.fb set to 0.1077360000000001 (was 0.10613400000000009)
[INFO] hw.stepgen: =human= stepgen sg-cmd-pos=5.000000 rev sg-fb-pos=0.107736 rev sg-vel=1.608000 rps sg-acc=12.000000 rps2

=human= stepgen sg-cmd-pos=5.000000 rev sg-fb-pos=0.107736 rev sg-vel=1.608000 rps sg-acc=12.000000 rps2

[INFO] hw.pins: Pin step.fb set to 0.1093500000000001 (was 0.1077360000000001)
Pin step.fb set to 0.1093500000000001 (was 0.1077360000000001)
[INFO] hw.stepgen: =human= stepgen sg-cmd-pos=5.000000 rev sg-fb-pos=0.109350 rev sg-vel=1.620000 rps sg-acc=12.000000 rps2

=human= stepgen sg-cmd-pos=5.000000 rev sg-fb-pos=0.109350 rev sg-vel=1.620000 rps sg-acc=12.000000 rps2

[INFO] hw.pins: Pin step.fb set to 0.1109760000000001 (was 0.1093500000000001)
Pin step.fb set to 0.1109760000000001 (was 0.1093500000000001)
[INFO] hw.stepgen: =human= stepgen sg-cmd-pos=5.000000 rev sg-fb-pos=0.110976 rev sg-vel=1.632000 rps sg-acc=12.000000 rps2

=human= stepgen sg-cmd-pos=5.000000 rev sg-fb-pos=0.110976 rev sg-vel=1.632000 rps sg-acc=12.000000 rps2

[INFO] hw.pins: Pin step.fb set to 0.1126140000000001 (was 0.1109760000000001)
Pin step.fb set to 0.1126140000000001 (was 0.1109760000000001)
[INFO] hw.stepgen: =human= stepgen sg-cmd-pos=5.000000 rev sg-fb-pos=0.112614 rev sg-vel=1.644000 rps sg-acc=12.000000 rps2

=human= stepgen sg-cmd-pos=5.000000 rev sg-fb-pos=0.112614 rev sg-vel=1.644000 rps sg-acc=12.000000 rps2

[INFO] hw.pins: Pin step.fb set to 0.1142640000000001 (was 0.1126140000000001)
Pin step.fb set to 0.1142640000000001 (was 0.1126140000000001)
[INFO] hw.stepgen: =human= stepgen sg-cmd-pos=5.000000 rev sg-fb-pos=0.114264 rev sg-vel=1.656000 rps sg-acc=12.000000 rps2

=human= stepgen sg-cmd-pos=5.000000 rev sg-fb-pos=0.114264 rev sg-vel=1.656000 rps sg-acc=12.000000 rps2

[INFO] hw.pins: Pin step.fb set to 0.1159260000000001 (was 0.1142640000000001)
Pin step.fb set to 0.1159260000000001 (was 0.1142640000000001)
[INFO] hw.stepgen: =human= stepgen sg-cmd-pos=5.000000 rev sg-fb-pos=0.115926 rev sg-vel=1.668000 rps sg-acc=12.000000 rps2

=human= stepgen sg-cmd-pos=5.000000 rev sg-fb-pos=0.115926 rev sg-vel=1.668000 rps sg-acc=12.000000 rps2

[INFO] hw.pins: Pin step.fb set to 0.1176000000000001 (was 0.1159260000000001)
Pin step.fb set to 0.1176000000000001 (was 0.1159260000000001)
[INFO] hw.stepgen: =human= stepgen sg-cmd-pos=5.000000 rev sg-fb-pos=0.117600 rev sg-vel=1.680000 rps sg-acc=12.000000 rps2

=human= stepgen sg-cmd-pos=5.000000 rev sg-fb-pos=0.117600 rev sg-vel=1.680000 rps sg-acc=12.000000 rps2

[INFO] hw.pins: Pin step.fb set to 0.1192860000000001 (was 0.1176000000000001)
Pin step.fb set to 0.1192860000000001 (was 0.1176000000000001)
[INFO] hw.stepgen: =human= stepgen sg-cmd-pos=5.000000 rev sg-fb-pos=0.119286 rev sg-vel=1.692000 rps sg-acc=12.000000 rps2

=human= stepgen sg-cmd-pos=5.000000 rev sg-fb-pos=0.119286 rev sg-vel=1.692000 rps sg-acc=12.000000 rps2

[INFO] hw.pins: Pin step.fb set to 0.1209840000000001 (was 0.1192860000000001)
Pin step.fb set to 0.1209840000000001 (was 0.1192860000000001)
[INFO] hw.stepgen: =human= stepgen sg-cmd-pos=5.000000 rev sg-fb-pos=0.120984 rev sg-vel=1.704000 rps sg-acc=12.000000 rps2

=human= stepgen sg-cmd-pos=5.000000 rev sg-fb-pos=0.120984 rev sg-vel=1.704000 rps sg-acc=12.000000 rps2

[INFO] hw.pins: Pin step.fb set to 0.12269400000000011 (was 0.1209840000000001)
Pin step.fb set to 0.12269400000000011 (was 0.1209840000000001)
[INFO] hw.stepgen: =human= stepgen sg-cmd-pos=5.000000 rev sg-fb-pos=0.122694 rev sg-vel=1.716000 rps sg-acc=12.000000 rps2

=human= stepgen sg-cmd-pos=5.000000 rev sg-fb-pos=0.122694 rev sg-vel=1.716000 rps sg-acc=12.000000 rps2

[INFO] hw.pins: Pin step.fb set to 0.12441600000000011 (was 0.12269400000000011)
Pin step.fb set to 0.12441600000000011 (was 0.12269400000000011)
[INFO] hw.stepgen: =human= stepgen sg-cmd-pos=5.000000 rev sg-fb-pos=0.124416 rev sg-vel=1.728000 rps sg-acc=12.000000 rps2

=human= stepgen sg-cmd-pos=5.000000 rev sg-fb-pos=0.124416 rev sg-vel=1.728000 rps sg-acc=12.000000 rps2

[INFO] hw.pins: Pin step.fb set to 0.12615000000000012 (was 0.12441600000000011)
Pin step.fb set to 0.12615000000000012 (was 0.12441600000000011)
[INFO] hw.stepgen: =human= stepgen sg-cmd-pos=5.000000 rev sg-fb-pos=0.126150 rev sg-vel=1.740000 rps sg-acc=12.000000 rps2

=human= stepgen sg-cmd-pos=5.000000 rev sg-fb-pos=0.126150 rev sg-vel=1.740000 rps sg-acc=12.000000 rps2

[INFO] hw.pins: Pin step.fb set to 0.12789600000000012 (was 0.12615000000000012)
Pin step.fb set to 0.12789600000000012 (was 0.12615000000000012)
[INFO] hw.stepgen: =human= stepgen sg-cmd-pos=5.000000 rev sg-fb-pos=0.127896 rev sg-vel=1.752000 rps sg-acc=12.000000 rps2

=human= stepgen sg-cmd-pos=5.000000 rev sg-fb-pos=0.127896 rev sg-vel=1.752000 rps sg-acc=12.000000 rps2

[INFO] hw.pins: Pin step.fb set to 0.12965400000000013 (was 0.12789600000000012)
Pin step.fb set to 0.12965400000000013 (was 0.12789600000000012)
[INFO] hw.stepgen: =human= stepgen sg-cmd-pos=5.000000 rev sg-fb-pos=0.129654 rev sg-vel=1.764000 rps sg-acc=12.000000 rps2

=human= stepgen sg-cmd-pos=5.000000 rev sg-fb-pos=0.129654 rev sg-vel=1.764000 rps sg-acc=12.000000 rps2

[INFO] hw.pins: Pin step.fb set to 0.13142400000000012 (was 0.12965400000000013)
Pin step.fb set to 0.13142400000000012 (was 0.12965400000000013)
[INFO] hw.stepgen: =human= stepgen sg-cmd-pos=5.000000 rev sg-fb-pos=0.131424 rev sg-vel=1.776000 rps sg-acc=12.000000 rps2

=human= stepgen sg-cmd-pos=5.000000 rev sg-fb-pos=0.131424 rev sg-vel=1.776000 rps sg-acc=12.000000 rps2

[INFO] hw.pins: Pin step.fb set to 0.13320600000000013 (was 0.13142400000000012)
Pin step.fb set to 0.13320600000000013 (was 0.13142400000000012)
[INFO] hw.stepgen: =human= stepgen sg-cmd-pos=5.000000 rev sg-fb-pos=0.133206 rev sg-vel=1.788000 rps sg-acc=12.000000 rps2

=human= stepgen sg-cmd-pos=5.000000 rev sg-fb-pos=0.133206 rev sg-vel=1.788000 rps sg-acc=12.000000 rps2

[INFO] hw.pins: Pin step.fb set to 0.13500000000000012 (was 0.13320600000000013)
Pin step.fb set to 0.13500000000000012 (was 0.13320600000000013)
[INFO] hw.stepgen: =human= stepgen sg-cmd-pos=5.000000 rev sg-fb-pos=0.135000 rev sg-vel=1.800000 rps sg-acc=12.000000 rps2

=human= stepgen sg-cmd-pos=5.000000 rev sg-fb-pos=0.135000 rev sg-vel=1.800000 rps sg-acc=12.000000 rps2

[INFO] hw.pins: Pin step.fb set to 0.13680600000000012 (was 0.13500000000000012)
Pin step.fb set to 0.13680600000000012 (was 0.13500000000000012)
[INFO] hw.stepgen: =human= stepgen sg-cmd-pos=5.000000 rev sg-fb-pos=0.136806 rev sg-vel=1.812000 rps sg-acc=12.000000 rps2

=human= stepgen sg-cmd-pos=5.000000 rev sg-fb-pos=0.136806 rev sg-vel=1.812000 rps sg-acc=12.000000 rps2

[INFO] hw.pins: Pin step.fb set to 0.13862400000000014 (was 0.13680600000000012)
Pin step.fb set to 0.13862400000000014 (was 0.13680600000000012)
[INFO] hw.stepgen: =human= stepgen sg-cmd-pos=5.000000 rev sg-fb-pos=0.138624 rev sg-vel=1.824000 rps sg-acc=12.000000 rps2

=human= stepgen sg-cmd-pos=5.000000 rev sg-fb-pos=0.138624 rev sg-vel=1.824000 rps sg-acc=12.000000 rps2

[INFO] hw.pins: Pin step.fb set to 0.14045400000000013 (was 0.13862400000000014)
Pin step.fb set to 0.14045400000000013 (was 0.13862400000000014)
[INFO] hw.stepgen: =human= stepgen sg-cmd-pos=5.000000 rev sg-fb-pos=0.140454 rev sg-vel=1.836000 rps sg-acc=12.000000 rps2

=human= stepgen sg-cmd-pos=5.000000 rev sg-fb-pos=0.140454 rev sg-vel=1.836000 rps sg-acc=12.000000 rps2

[INFO] hw.pins: Pin step.fb set to 0.14229600000000014 (was 0.14045400000000013)
Pin step.fb set to 0.14229600000000014 (was 0.14045400000000013)
[INFO] hw.stepgen: =human= stepgen sg-cmd-pos=5.000000 rev sg-fb-pos=0.142296 rev sg-vel=1.848000 rps sg-acc=12.000000 rps2

=human= stepgen sg-cmd-pos=5.000000 rev sg-fb-pos=0.142296 rev sg-vel=1.848000 rps sg-acc=12.000000 rps2

[INFO] hw.pins: Pin step.fb set to 0.14415000000000014 (was 0.14229600000000014)
Pin step.fb set to 0.14415000000000014 (was 0.14229600000000014)
[INFO] hw.stepgen: =human= stepgen sg-cmd-pos=5.000000 rev sg-fb-pos=0.144150 rev sg-vel=1.860000 rps sg-acc=12.000000 rps2

=human= stepgen sg-cmd-pos=5.000000 rev sg-fb-pos=0.144150 rev sg-vel=1.860000 rps sg-acc=12.000000 rps2

[INFO] hw.pins: Pin step.fb set to 0.14601600000000015 (was 0.14415000000000014)
Pin step.fb set to 0.14601600000000015 (was 0.14415000000000014)
[INFO] hw.stepgen: =human= stepgen sg-cmd-pos=5.000000 rev sg-fb-pos=0.146016 rev sg-vel=1.872000 rps sg-acc=12.000000 rps2

=human= stepgen sg-cmd-pos=5.000000 rev sg-fb-pos=0.146016 rev sg-vel=1.872000 rps sg-acc=12.000000 rps2

[INFO] hw.pins: Pin step.fb set to 0.14789400000000014 (was 0.14601600000000015)
Pin step.fb set to 0.14789400000000014 (was 0.14601600000000015)
[INFO] hw.stepgen: =human= stepgen sg-cmd-pos=5.000000 rev sg-fb-pos=0.147894 rev sg-vel=1.884000 rps sg-acc=12.000000 rps2

=human= stepgen sg-cmd-pos=5.000000 rev sg-fb-pos=0.147894 rev sg-vel=1.884000 rps sg-acc=12.000000 rps2

[INFO] hw.pins: Pin step.fb set to 0.14978400000000014 (was 0.14789400000000014)
Pin step.fb set to 0.14978400000000014 (was 0.14789400000000014)
[INFO] hw.stepgen: =human= stepgen sg-cmd-pos=5.000000 rev sg-fb-pos=0.149784 rev sg-vel=1.896000 rps sg-acc=12.000000 rps2

=human= stepgen sg-cmd-pos=5.000000 rev sg-fb-pos=0.149784 rev sg-vel=1.896000 rps sg-acc=12.000000 rps2

[INFO] hw.pins: Pin step.fb set to 0.15168600000000015 (was 0.14978400000000014)
Pin step.fb set to 0.15168600000000015 (was 0.14978400000000014)
[INFO] hw.stepgen: =human= stepgen sg-cmd-pos=5.000000 rev sg-fb-pos=0.151686 rev sg-vel=1.908000 rps sg-acc=12.000000 rps2

=human= stepgen sg-cmd-pos=5.000000 rev sg-fb-pos=0.151686 rev sg-vel=1.908000 rps sg-acc=12.000000 rps2

[INFO] hw.pins: Pin step.fb set to 0.15360000000000015 (was 0.15168600000000015)
Pin step.fb set to 0.15360000000000015 (was 0.15168600000000015)
[INFO] hw.stepgen: =human= stepgen sg-cmd-pos=5.000000 rev sg-fb-pos=0.153600 rev sg-vel=1.920000 rps sg-acc=12.000000 rps2

=human= stepgen sg-cmd-pos=5.000000 rev sg-fb-pos=0.153600 rev sg-vel=1.920000 rps sg-acc=12.000000 rps2

[INFO] hw.pins: Pin step.fb set to 0.15552600000000016 (was 0.15360000000000015)
Pin step.fb set to 0.15552600000000016 (was 0.15360000000000015)
[INFO] hw.stepgen: =human= stepgen sg-cmd-pos=5.000000 rev sg-fb-pos=0.155526 rev sg-vel=1.932000 rps sg-acc=12.000000 rps2

=human= stepgen sg-cmd-pos=5.000000 rev sg-fb-pos=0.155526 rev sg-vel=1.932000 rps sg-acc=12.000000 rps2

[INFO] hw.pins: Pin step.fb set to 0.15746400000000016 (was 0.15552600000000016)
Pin step.fb set to 0.15746400000000016 (was 0.15552600000000016)
[INFO] hw.stepgen: =human= stepgen sg-cmd-pos=5.000000 rev sg-fb-pos=0.157464 rev sg-vel=1.944000 rps sg-acc=12.000000 rps2

=human= stepgen sg-cmd-pos=5.000000 rev sg-fb-pos=0.157464 rev sg-vel=1.944000 rps sg-acc=12.000000 rps2

[INFO] hw.pins: Pin step.fb set to 0.15941400000000017 (was 0.15746400000000016)
Pin step.fb set to 0.15941400000000017 (was 0.15746400000000016)
[INFO] hw.stepgen: =human= stepgen sg-cmd-pos=5.000000 rev sg-fb-pos=0.159414 rev sg-vel=1.956000 rps sg-acc=12.000000 rps2

=human= stepgen sg-cmd-pos=5.000000 rev sg-fb-pos=0.159414 rev sg-vel=1.956000 rps sg-acc=12.000000 rps2

[INFO] hw.pins: Pin step.fb set to 0.16137600000000016 (was 0.15941400000000017)
Pin step.fb set to 0.16137600000000016 (was 0.15941400000000017)
[INFO] hw.stepgen: =human= stepgen sg-cmd-pos=5.000000 rev sg-fb-pos=0.161376 rev sg-vel=1.968000 rps sg-acc=12.000000 rps2

=human= stepgen sg-cmd-pos=5.000000 rev sg-fb-pos=0.161376 rev sg-vel=1.968000 rps sg-acc=12.000000 rps2

[INFO] hw.pins: Pin step.fb set to 0.16335000000000016 (was 0.16137600000000016)
Pin step.fb set to 0.16335000000000016 (was 0.16137600000000016)
[INFO] hw.stepgen: =human= stepgen sg-cmd-pos=5.000000 rev sg-fb-pos=0.163350 rev sg-vel=1.980000 rps sg-acc=12.000000 rps2

=human= stepgen sg-cmd-pos=5.000000 rev sg-fb-pos=0.163350 rev sg-vel=1.980000 rps sg-acc=12.000000 rps2

[INFO] hw.pins: Pin step.fb set to 0.16533600000000015 (was 0.16335000000000016)
Pin step.fb set to 0.16533600000000015 (was 0.16335000000000016)
[INFO] hw.stepgen: =human= stepgen sg-cmd-pos=5.000000 rev sg-fb-pos=0.165336 rev sg-vel=1.992000 rps sg-acc=12.000000 rps2

=human= stepgen sg-cmd-pos=5.000000 rev sg-fb-pos=0.165336 rev sg-vel=1.992000 rps sg-acc=12.000000 rps2

[INFO] hw.pins: Pin step.fb set to 0.16733400000000015 (was 0.16533600000000015)
Pin step.fb set to 0.16733400000000015 (was 0.16533600000000015)
[INFO] hw.stepgen: =human= stepgen sg-cmd-pos=5.000000 rev sg-fb-pos=0.167334 rev sg-vel=2.004000 rps sg-acc=12.000000 rps2

=human= stepgen sg-cmd-pos=5.000000 rev sg-fb-pos=0.167334 rev sg-vel=2.004000 rps sg-acc=12.000000 rps2

[INFO] hw.pins: Pin step.fb set to 0.16934400000000016 (was 0.16733400000000015)
Pin step.fb set to 0.16934400000000016 (was 0.16733400000000015)
[INFO] hw.stepgen: =human= stepgen sg-cmd-pos=5.000000 rev sg-fb-pos=0.169344 rev sg-vel=2.016000 rps sg-acc=12.000000 rps2

=human= stepgen sg-cmd-pos=5.000000 rev sg-fb-pos=0.169344 rev sg-vel=2.016000 rps sg-acc=12.000000 rps2

[INFO] hw.pins: Pin step.fb set to 0.17136600000000016 (was 0.16934400000000016)
Pin step.fb set to 0.17136600000000016 (was 0.16934400000000016)
[INFO] hw.stepgen: =human= stepgen sg-cmd-pos=5.000000 rev sg-fb-pos=0.171366 rev sg-vel=2.028000 rps sg-acc=12.000000 rps2

=human= stepgen sg-cmd-pos=5.000000 rev sg-fb-pos=0.171366 rev sg-vel=2.028000 rps sg-acc=12.000000 rps2

[INFO] hw.pins: Pin step.fb set to 0.17340000000000017 (was 0.17136600000000016)
Pin step.fb set to 0.17340000000000017 (was 0.17136600000000016)
[INFO] hw.stepgen: =human= stepgen sg-cmd-pos=5.000000 rev sg-fb-pos=0.173400 rev sg-vel=2.040000 rps sg-acc=12.000000 rps2

=human= stepgen sg-cmd-pos=5.000000 rev sg-fb-pos=0.173400 rev sg-vel=2.040000 rps sg-acc=12.000000 rps2

[INFO] hw.pins: Pin step.fb set to 0.17544600000000016 (was 0.17340000000000017)
Pin step.fb set to 0.17544600000000016 (was 0.17340000000000017)
[INFO] hw.stepgen: =human= stepgen sg-cmd-pos=5.000000 rev sg-fb-pos=0.175446 rev sg-vel=2.052000 rps sg-acc=12.000000 rps2

=human= stepgen sg-cmd-pos=5.000000 rev sg-fb-pos=0.175446 rev sg-vel=2.052000 rps sg-acc=12.000000 rps2

[INFO] hw.pins: Pin step.fb set to 0.17750400000000016 (was 0.17544600000000016)
Pin step.fb set to 0.17750400000000016 (was 0.17544600000000016)
[INFO] hw.stepgen: =human= stepgen sg-cmd-pos=5.000000 rev sg-fb-pos=0.177504 rev sg-vel=2.064000 rps sg-acc=12.000000 rps2

=human= stepgen sg-cmd-pos=5.000000 rev sg-fb-pos=0.177504 rev sg-vel=2.064000 rps sg-acc=12.000000 rps2

[INFO] hw.pins: Pin step.fb set to 0.17957400000000015 (was 0.17750400000000016)
Pin step.fb set to 0.17957400000000015 (was 0.17750400000000016)
[INFO] hw.stepgen: =human= stepgen sg-cmd-pos=5.000000 rev sg-fb-pos=0.179574 rev sg-vel=2.076000 rps sg-acc=12.000000 rps2

=human= stepgen sg-cmd-pos=5.000000 rev sg-fb-pos=0.179574 rev sg-vel=2.076000 rps sg-acc=12.000000 rps2

[INFO] hw.pins: Pin step.fb set to 0.18165600000000015 (was 0.17957400000000015)
Pin step.fb set to 0.18165600000000015 (was 0.17957400000000015)
[INFO] hw.stepgen: =human= stepgen sg-cmd-pos=5.000000 rev sg-fb-pos=0.181656 rev sg-vel=2.088000 rps sg-acc=12.000000 rps2

=human= stepgen sg-cmd-pos=5.000000 rev sg-fb-pos=0.181656 rev sg-vel=2.088000 rps sg-acc=12.000000 rps2

[INFO] hw.pins: Pin step.fb set to 0.18375000000000016 (was 0.18165600000000015)
Pin step.fb set to 0.18375000000000016 (was 0.18165600000000015)
[INFO] hw.stepgen: =human= stepgen sg-cmd-pos=5.000000 rev sg-fb-pos=0.183750 rev sg-vel=2.100000 rps sg-acc=12.000000 rps2

=human= stepgen sg-cmd-pos=5.000000 rev sg-fb-pos=0.183750 rev sg-vel=2.100000 rps sg-acc=12.000000 rps2

[INFO] hw.pins: Pin step.fb set to 0.18585600000000016 (was 0.18375000000000016)
Pin step.fb set to 0.18585600000000016 (was 0.18375000000000016)
[INFO] hw.stepgen: =human= stepgen sg-cmd-pos=5.000000 rev sg-fb-pos=0.185856 rev sg-vel=2.112000 rps sg-acc=12.000000 rps2

=human= stepgen sg-cmd-pos=5.000000 rev sg-fb-pos=0.185856 rev sg-vel=2.112000 rps sg-acc=12.000000 rps2

[INFO] hw.pins: Pin step.fb set to 0.18797400000000017 (was 0.18585600000000016)
Pin step.fb set to 0.18797400000000017 (was 0.18585600000000016)
[INFO] hw.stepgen: =human= stepgen sg-cmd-pos=5.000000 rev sg-fb-pos=0.187974 rev sg-vel=2.124000 rps sg-acc=12.000000 rps2

=human= stepgen sg-cmd-pos=5.000000 rev sg-fb-pos=0.187974 rev sg-vel=2.124000 rps sg-acc=12.000000 rps2

[INFO] hw.pins: Pin step.fb set to 0.19010400000000016 (was 0.18797400000000017)
Pin step.fb set to 0.19010400000000016 (was 0.18797400000000017)
[INFO] hw.stepgen: =human= stepgen sg-cmd-pos=5.000000 rev sg-fb-pos=0.190104 rev sg-vel=2.136000 rps sg-acc=12.000000 rps2

=human= stepgen sg-cmd-pos=5.000000 rev sg-fb-pos=0.190104 rev sg-vel=2.136000 rps sg-acc=12.000000 rps2

[INFO] hw.pins: Pin step.fb set to 0.19224600000000017 (was 0.19010400000000016)
Pin step.fb set to 0.19224600000000017 (was 0.19010400000000016)
[INFO] hw.stepgen: =human= stepgen sg-cmd-pos=5.000000 rev sg-fb-pos=0.192246 rev sg-vel=2.148000 rps sg-acc=12.000000 rps2

=human= stepgen sg-cmd-pos=5.000000 rev sg-fb-pos=0.192246 rev sg-vel=2.148000 rps sg-acc=12.000000 rps2

[INFO] hw.pins: Pin step.fb set to 0.19440000000000016 (was 0.19224600000000017)
Pin step.fb set to 0.19440000000000016 (was 0.19224600000000017)
[INFO] hw.stepgen: =human= stepgen sg-cmd-pos=5.000000 rev sg-fb-pos=0.194400 rev sg-vel=2.160000 rps sg-acc=12.000000 rps2

=human= stepgen sg-cmd-pos=5.000000 rev sg-fb-pos=0.194400 rev sg-vel=2.160000 rps sg-acc=12.000000 rps2

[INFO] hw.pins: Pin step.fb set to 0.19656600000000016 (was 0.19440000000000016)
Pin step.fb set to 0.19656600000000016 (was 0.19440000000000016)
[INFO] hw.stepgen: =human= stepgen sg-cmd-pos=5.000000 rev sg-fb-pos=0.196566 rev sg-vel=2.172000 rps sg-acc=12.000000 rps2

=human= stepgen sg-cmd-pos=5.000000 rev sg-fb-pos=0.196566 rev sg-vel=2.172000 rps sg-acc=12.000000 rps2

[INFO] hw.pins: Pin step.fb set to 0.19874400000000017 (was 0.19656600000000016)
Pin step.fb set to 0.19874400000000017 (was 0.19656600000000016)
[INFO] hw.stepgen: =human= stepgen sg-cmd-pos=5.000000 rev sg-fb-pos=0.198744 rev sg-vel=2.184000 rps sg-acc=12.000000 rps2

=human= stepgen sg-cmd-pos=5.000000 rev sg-fb-pos=0.198744 rev sg-vel=2.184000 rps sg-acc=12.000000 rps2

[INFO] hw.pins: Pin step.fb set to 0.20093400000000017 (was 0.19874400000000017)
Pin step.fb set to 0.20093400000000017 (was 0.19874400000000017)
[INFO] hw.stepgen: =human= stepgen sg-cmd-pos=5.000000 rev sg-fb-pos=0.200934 rev sg-vel=2.196000 rps sg-acc=12.000000 rps2

=human= stepgen sg-cmd-pos=5.000000 rev sg-fb-pos=0.200934 rev sg-vel=2.196000 rps sg-acc=12.000000 rps2

[INFO] hw.pins: Pin step.fb set to 0.20313600000000018 (was 0.20093400000000017)
Pin step.fb set to 0.20313600000000018 (was 0.20093400000000017)
[INFO] hw.stepgen: =human= stepgen sg-cmd-pos=5.000000 rev sg-fb-pos=0.203136 rev sg-vel=2.208000 rps sg-acc=12.000000 rps2

=human= stepgen sg-cmd-pos=5.000000 rev sg-fb-pos=0.203136 rev sg-vel=2.208000 rps sg-acc=12.000000 rps2

[INFO] hw.pins: Pin step.fb set to 0.20535000000000017 (was 0.20313600000000018)
Pin step.fb set to 0.20535000000000017 (was 0.20313600000000018)
[INFO] hw.stepgen: =human= stepgen sg-cmd-pos=5.000000 rev sg-fb-pos=0.205350 rev sg-vel=2.220000 rps sg-acc=12.000000 rps2

=human= stepgen sg-cmd-pos=5.000000 rev sg-fb-pos=0.205350 rev sg-vel=2.220000 rps sg-acc=12.000000 rps2

[INFO] hw.pins: Pin step.fb set to 0.20757600000000018 (was 0.20535000000000017)
Pin step.fb set to 0.20757600000000018 (was 0.20535000000000017)
[INFO] hw.stepgen: =human= stepgen sg-cmd-pos=5.000000 rev sg-fb-pos=0.207576 rev sg-vel=2.232000 rps sg-acc=12.000000 rps2

=human= stepgen sg-cmd-pos=5.000000 rev sg-fb-pos=0.207576 rev sg-vel=2.232000 rps sg-acc=12.000000 rps2

[INFO] hw.pins: Pin step.fb set to 0.20981400000000017 (was 0.20757600000000018)
Pin step.fb set to 0.20981400000000017 (was 0.20757600000000018)
[INFO] hw.stepgen: =human= stepgen sg-cmd-pos=5.000000 rev sg-fb-pos=0.209814 rev sg-vel=2.244000 rps sg-acc=12.000000 rps2

=human= stepgen sg-cmd-pos=5.000000 rev sg-fb-pos=0.209814 rev sg-vel=2.244000 rps sg-acc=12.000000 rps2

[INFO] hw.pins: Pin step.fb set to 0.21206400000000017 (was 0.20981400000000017)
Pin step.fb set to 0.21206400000000017 (was 0.20981400000000017)
[INFO] hw.stepgen: =human= stepgen sg-cmd-pos=5.000000 rev sg-fb-pos=0.212064 rev sg-vel=2.256000 rps sg-acc=12.000000 rps2

=human= stepgen sg-cmd-pos=5.000000 rev sg-fb-pos=0.212064 rev sg-vel=2.256000 rps sg-acc=12.000000 rps2

[INFO] hw.pins: Pin step.fb set to 0.21432600000000018 (was 0.21206400000000017)
Pin step.fb set to 0.21432600000000018 (was 0.21206400000000017)
[INFO] hw.stepgen: =human= stepgen sg-cmd-pos=5.000000 rev sg-fb-pos=0.214326 rev sg-vel=2.268000 rps sg-acc=12.000000 rps2

=human= stepgen sg-cmd-pos=5.000000 rev sg-fb-pos=0.214326 rev sg-vel=2.268000 rps sg-acc=12.000000 rps2

[INFO] hw.pins: Pin step.fb set to 0.21660000000000018 (was 0.21432600000000018)
Pin step.fb set to 0.21660000000000018 (was 0.21432600000000018)
[INFO] hw.stepgen: =human= stepgen sg-cmd-pos=5.000000 rev sg-fb-pos=0.216600 rev sg-vel=2.280000 rps sg-acc=12.000000 rps2

=human= stepgen sg-cmd-pos=5.000000 rev sg-fb-pos=0.216600 rev sg-vel=2.280000 rps sg-acc=12.000000 rps2

[INFO] hw.pins: Pin step.fb set to 0.2188860000000002 (was 0.21660000000000018)
Pin step.fb set to 0.2188860000000002 (was 0.21660000000000018)
[INFO] hw.stepgen: =human= stepgen sg-cmd-pos=5.000000 rev sg-fb-pos=0.218886 rev sg-vel=2.292000 rps sg-acc=12.000000 rps2

=human= stepgen sg-cmd-pos=5.000000 rev sg-fb-pos=0.218886 rev sg-vel=2.292000 rps sg-acc=12.000000 rps2

[INFO] hw.pins: Pin step.fb set to 0.22118400000000019 (was 0.2188860000000002)
Pin step.fb set to 0.22118400000000019 (was 0.2188860000000002)
[INFO] hw.stepgen: =human= stepgen sg-cmd-pos=5.000000 rev sg-fb-pos=0.221184 rev sg-vel=2.304000 rps sg-acc=12.000000 rps2

=human= stepgen sg-cmd-pos=5.000000 rev sg-fb-pos=0.221184 rev sg-vel=2.304000 rps sg-acc=12.000000 rps2

[INFO] hw.pins: Pin step.fb set to 0.2234940000000002 (was 0.22118400000000019)
Pin step.fb set to 0.2234940000000002 (was 0.22118400000000019)
[INFO] hw.stepgen: =human= stepgen sg-cmd-pos=5.000000 rev sg-fb-pos=0.223494 rev sg-vel=2.316000 rps sg-acc=12.000000 rps2

=human= stepgen sg-cmd-pos=5.000000 rev sg-fb-pos=0.223494 rev sg-vel=2.316000 rps sg-acc=12.000000 rps2

[INFO] hw.pins: Pin step.fb set to 0.22581600000000018 (was 0.2234940000000002)
Pin step.fb set to 0.22581600000000018 (was 0.2234940000000002)
[INFO] hw.stepgen: =human= stepgen sg-cmd-pos=5.000000 rev sg-fb-pos=0.225816 rev sg-vel=2.328000 rps sg-acc=12.000000 rps2

=human= stepgen sg-cmd-pos=5.000000 rev sg-fb-pos=0.225816 rev sg-vel=2.328000 rps sg-acc=12.000000 rps2

[INFO] hw.pins: Pin step.fb set to 0.22815000000000019 (was 0.22581600000000018)
Pin step.fb set to 0.22815000000000019 (was 0.22581600000000018)
[INFO] hw.stepgen: =human= stepgen sg-cmd-pos=5.000000 rev sg-fb-pos=0.228150 rev sg-vel=2.340000 rps sg-acc=12.000000 rps2

=human= stepgen sg-cmd-pos=5.000000 rev sg-fb-pos=0.228150 rev sg-vel=2.340000 rps sg-acc=12.000000 rps2

[INFO] hw.pins: Pin step.fb set to 0.2304960000000002 (was 0.22815000000000019)
Pin step.fb set to 0.2304960000000002 (was 0.22815000000000019)
[INFO] hw.stepgen: =human= stepgen sg-cmd-pos=5.000000 rev sg-fb-pos=0.230496 rev sg-vel=2.352000 rps sg-acc=12.000000 rps2

=human= stepgen sg-cmd-pos=5.000000 rev sg-fb-pos=0.230496 rev sg-vel=2.352000 rps sg-acc=12.000000 rps2

[INFO] hw.pins: Pin step.fb set to 0.2328540000000002 (was 0.2304960000000002)
Pin step.fb set to 0.2328540000000002 (was 0.2304960000000002)
[INFO] hw.stepgen: =human= stepgen sg-cmd-pos=5.000000 rev sg-fb-pos=0.232854 rev sg-vel=2.364000 rps sg-acc=12.000000 rps2

=human= stepgen sg-cmd-pos=5.000000 rev sg-fb-pos=0.232854 rev sg-vel=2.364000 rps sg-acc=12.000000 rps2

[INFO] hw.pins: Pin step.fb set to 0.2352240000000002 (was 0.2328540000000002)
Pin step.fb set to 0.2352240000000002 (was 0.2328540000000002)
[INFO] hw.stepgen: =human= stepgen sg-cmd-pos=5.000000 rev sg-fb-pos=0.235224 rev sg-vel=2.376000 rps sg-acc=12.000000 rps2

=human= stepgen sg-cmd-pos=5.000000 rev sg-fb-pos=0.235224 rev sg-vel=2.376000 rps sg-acc=12.000000 rps2

[INFO] hw.pins: Pin step.fb set to 0.2376060000000002 (was 0.2352240000000002)
Pin step.fb set to 0.2376060000000002 (was 0.2352240000000002)
[INFO] hw.stepgen: =human= stepgen sg-cmd-pos=5.000000 rev sg-fb-pos=0.237606 rev sg-vel=2.388000 rps sg-acc=12.000000 rps2

=human= stepgen sg-cmd-pos=5.000000 rev sg-fb-pos=0.237606 rev sg-vel=2.388000 rps sg-acc=12.000000 rps2

[INFO] hw.pins: Pin step.fb set to 0.2400000000000002 (was 0.2376060000000002)
Pin step.fb set to 0.2400000000000002 (was 0.2376060000000002)
[INFO] hw.stepgen: =human= stepgen sg-cmd-pos=5.000000 rev sg-fb-pos=0.240000 rev sg-vel=2.400000 rps sg-acc=12.000000 rps2

=human= stepgen sg-cmd-pos=5.000000 rev sg-fb-pos=0.240000 rev sg-vel=2.400000 rps sg-acc=12.000000 rps2

[INFO] hw.pins: Pin step.fb set to 0.2424060000000002 (was 0.2400000000000002)
Pin step.fb set to 0.2424060000000002 (was 0.2400000000000002)
[INFO] hw.stepgen: =human= stepgen sg-cmd-pos=5.000000 rev sg-fb-pos=0.242406 rev sg-vel=2.412000 rps sg-acc=12.000000 rps2

=human= stepgen sg-cmd-pos=5.000000 rev sg-fb-pos=0.242406 rev sg-vel=2.412000 rps sg-acc=12.000000 rps2

[INFO] hw.pins: Pin step.fb set to 0.2448240000000002 (was 0.2424060000000002)
Pin step.fb set to 0.2448240000000002 (was 0.2424060000000002)
[INFO] hw.stepgen: =human= stepgen sg-cmd-pos=5.000000 rev sg-fb-pos=0.244824 rev sg-vel=2.424000 rps sg-acc=12.000000 rps2

=human= stepgen sg-cmd-pos=5.000000 rev sg-fb-pos=0.244824 rev sg-vel=2.424000 rps sg-acc=12.000000 rps2

[INFO] hw.pins: Pin step.fb set to 0.2472540000000002 (was 0.2448240000000002)
Pin step.fb set to 0.2472540000000002 (was 0.2448240000000002)
[INFO] hw.stepgen: =human= stepgen sg-cmd-pos=5.000000 rev sg-fb-pos=0.247254 rev sg-vel=2.436000 rps sg-acc=12.000000 rps2

=human= stepgen sg-cmd-pos=5.000000 rev sg-fb-pos=0.247254 rev sg-vel=2.436000 rps sg-acc=12.000000 rps2

[INFO] hw.pins: Pin step.fb set to 0.2496960000000002 (was 0.2472540000000002)
Pin step.fb set to 0.2496960000000002 (was 0.2472540000000002)
[INFO] hw.stepgen: =human= stepgen sg-cmd-pos=5.000000 rev sg-fb-pos=0.249696 rev sg-vel=2.448000 rps sg-acc=12.000000 rps2

=human= stepgen sg-cmd-pos=5.000000 rev sg-fb-pos=0.249696 rev sg-vel=2.448000 rps sg-acc=12.000000 rps2

[INFO] hw.pins: Pin step.fb set to 0.2521500000000002 (was 0.2496960000000002)
Pin step.fb set to 0.2521500000000002 (was 0.2496960000000002)
[INFO] hw.stepgen: =human= stepgen sg-cmd-pos=5.000000 rev sg-fb-pos=0.252150 rev sg-vel=2.460000 rps sg-acc=12.000000 rps2

=human= stepgen sg-cmd-pos=5.000000 rev sg-fb-pos=0.252150 rev sg-vel=2.460000 rps sg-acc=12.000000 rps2

[INFO] hw.pins: Pin step.fb set to 0.25461600000000023 (was 0.2521500000000002)
Pin step.fb set to 0.25461600000000023 (was 0.2521500000000002)
[INFO] hw.stepgen: =human= stepgen sg-cmd-pos=5.000000 rev sg-fb-pos=0.254616 rev sg-vel=2.472000 rps sg-acc=12.000000 rps2

=human= stepgen sg-cmd-pos=5.000000 rev sg-fb-pos=0.254616 rev sg-vel=2.472000 rps sg-acc=12.000000 rps2

[INFO] hw.pins: Pin step.fb set to 0.2570940000000002 (was 0.25461600000000023)
Pin step.fb set to 0.2570940000000002 (was 0.25461600000000023)
[INFO] hw.stepgen: =human= stepgen sg-cmd-pos=5.000000 rev sg-fb-pos=0.257094 rev sg-vel=2.484000 rps sg-acc=12.000000 rps2

=human= stepgen sg-cmd-pos=5.000000 rev sg-fb-pos=0.257094 rev sg-vel=2.484000 rps sg-acc=12.000000 rps2

[INFO] hw.pins: Pin step.fb set to 0.2595840000000002 (was 0.2570940000000002)
Pin step.fb set to 0.2595840000000002 (was 0.2570940000000002)
[INFO] hw.stepgen: =human= stepgen sg-cmd-pos=5.000000 rev sg-fb-pos=0.259584 rev sg-vel=2.496000 rps sg-acc=12.000000 rps2

=human= stepgen sg-cmd-pos=5.000000 rev sg-fb-pos=0.259584 rev sg-vel=2.496000 rps sg-acc=12.000000 rps2

[INFO] hw.pins: Pin step.fb set to 0.2620860000000002 (was 0.2595840000000002)
Pin step.fb set to 0.2620860000000002 (was 0.2595840000000002)
[INFO] hw.stepgen: =human= stepgen sg-cmd-pos=5.000000 rev sg-fb-pos=0.262086 rev sg-vel=2.508000 rps sg-acc=12.000000 rps2

=human= stepgen sg-cmd-pos=5.000000 rev sg-fb-pos=0.262086 rev sg-vel=2.508000 rps sg-acc=12.000000 rps2

[INFO] hw.pins: Pin step.fb set to 0.2646000000000002 (was 0.2620860000000002)
Pin step.fb set to 0.2646000000000002 (was 0.2620860000000002)
[INFO] hw.stepgen: =human= stepgen sg-cmd-pos=5.000000 rev sg-fb-pos=0.264600 rev sg-vel=2.520000 rps sg-acc=12.000000 rps2

=human= stepgen sg-cmd-pos=5.000000 rev sg-fb-pos=0.264600 rev sg-vel=2.520000 rps sg-acc=12.000000 rps2

[INFO] hw.pins: Pin step.fb set to 0.26712600000000025 (was 0.2646000000000002)
Pin step.fb set to 0.26712600000000025 (was 0.2646000000000002)
[INFO] hw.stepgen: =human= stepgen sg-cmd-pos=5.000000 rev sg-fb-pos=0.267126 rev sg-vel=2.532000 rps sg-acc=12.000000 rps2

=human= stepgen sg-cmd-pos=5.000000 rev sg-fb-pos=0.267126 rev sg-vel=2.532000 rps sg-acc=12.000000 rps2

[INFO] hw.pins: Pin step.fb set to 0.26966400000000024 (was 0.26712600000000025)
Pin step.fb set to 0.26966400000000024 (was 0.26712600000000025)
[INFO] hw.stepgen: =human= stepgen sg-cmd-pos=5.000000 rev sg-fb-pos=0.269664 rev sg-vel=2.544000 rps sg-acc=12.000000 rps2

=human= stepgen sg-cmd-pos=5.000000 rev sg-fb-pos=0.269664 rev sg-vel=2.544000 rps sg-acc=12.000000 rps2

[INFO] hw.pins: Pin step.fb set to 0.27221400000000023 (was 0.26966400000000024)
Pin step.fb set to 0.27221400000000023 (was 0.26966400000000024)
[INFO] hw.stepgen: =human= stepgen sg-cmd-pos=5.000000 rev sg-fb-pos=0.272214 rev sg-vel=2.556000 rps sg-acc=12.000000 rps2

=human= stepgen sg-cmd-pos=5.000000 rev sg-fb-pos=0.272214 rev sg-vel=2.556000 rps sg-acc=12.000000 rps2

[INFO] hw.pins: Pin step.fb set to 0.27477600000000024 (was 0.27221400000000023)
Pin step.fb set to 0.27477600000000024 (was 0.27221400000000023)
[INFO] hw.stepgen: =human= stepgen sg-cmd-pos=5.000000 rev sg-fb-pos=0.274776 rev sg-vel=2.568000 rps sg-acc=12.000000 rps2

=human= stepgen sg-cmd-pos=5.000000 rev sg-fb-pos=0.274776 rev sg-vel=2.568000 rps sg-acc=12.000000 rps2

[INFO] hw.pins: Pin step.fb set to 0.27735000000000026 (was 0.27477600000000024)
Pin step.fb set to 0.27735000000000026 (was 0.27477600000000024)
[INFO] hw.stepgen: =human= stepgen sg-cmd-pos=5.000000 rev sg-fb-pos=0.277350 rev sg-vel=2.580000 rps sg-acc=12.000000 rps2

=human= stepgen sg-cmd-pos=5.000000 rev sg-fb-pos=0.277350 rev sg-vel=2.580000 rps sg-acc=12.000000 rps2

[INFO] hw.pins: Pin step.fb set to 0.27993600000000024 (was 0.27735000000000026)
Pin step.fb set to 0.27993600000000024 (was 0.27735000000000026)
[INFO] hw.stepgen: =human= stepgen sg-cmd-pos=5.000000 rev sg-fb-pos=0.279936 rev sg-vel=2.592000 rps sg-acc=12.000000 rps2

=human= stepgen sg-cmd-pos=5.000000 rev sg-fb-pos=0.279936 rev sg-vel=2.592000 rps sg-acc=12.000000 rps2

[INFO] hw.pins: Pin step.fb set to 0.28253400000000023 (was 0.27993600000000024)
Pin step.fb set to 0.28253400000000023 (was 0.27993600000000024)
[INFO] hw.stepgen: =human= stepgen sg-cmd-pos=5.000000 rev sg-fb-pos=0.282534 rev sg-vel=2.604000 rps sg-acc=12.000000 rps2

=human= stepgen sg-cmd-pos=5.000000 rev sg-fb-pos=0.282534 rev sg-vel=2.604000 rps sg-acc=12.000000 rps2

[INFO] hw.pins: Pin step.fb set to 0.28514400000000023 (was 0.28253400000000023)
Pin step.fb set to 0.28514400000000023 (was 0.28253400000000023)
[INFO] hw.stepgen: =human= stepgen sg-cmd-pos=5.000000 rev sg-fb-pos=0.285144 rev sg-vel=2.616000 rps sg-acc=12.000000 rps2

=human= stepgen sg-cmd-pos=5.000000 rev sg-fb-pos=0.285144 rev sg-vel=2.616000 rps sg-acc=12.000000 rps2

[INFO] hw.pins: Pin step.fb set to 0.28776600000000024 (was 0.28514400000000023)
Pin step.fb set to 0.28776600000000024 (was 0.28514400000000023)
[INFO] hw.stepgen: =human= stepgen sg-cmd-pos=5.000000 rev sg-fb-pos=0.287766 rev sg-vel=2.628000 rps sg-acc=12.000000 rps2

=human= stepgen sg-cmd-pos=5.000000 rev sg-fb-pos=0.287766 rev sg-vel=2.628000 rps sg-acc=12.000000 rps2

[INFO] hw.pins: Pin step.fb set to 0.29040000000000027 (was 0.28776600000000024)
Pin step.fb set to 0.29040000000000027 (was 0.28776600000000024)
[INFO] hw.stepgen: =human= stepgen sg-cmd-pos=5.000000 rev sg-fb-pos=0.290400 rev sg-vel=2.640000 rps sg-acc=12.000000 rps2

=human= stepgen sg-cmd-pos=5.000000 rev sg-fb-pos=0.290400 rev sg-vel=2.640000 rps sg-acc=12.000000 rps2

[INFO] hw.pins: Pin step.fb set to 0.29304600000000025 (was 0.29040000000000027)
Pin step.fb set to 0.29304600000000025 (was 0.29040000000000027)
[INFO] hw.stepgen: =human= stepgen sg-cmd-pos=5.000000 rev sg-fb-pos=0.293046 rev sg-vel=2.652000 rps sg-acc=12.000000 rps2

=human= stepgen sg-cmd-pos=5.000000 rev sg-fb-pos=0.293046 rev sg-vel=2.652000 rps sg-acc=12.000000 rps2

[INFO] hw.pins: Pin step.fb set to 0.29570400000000024 (was 0.29304600000000025)
Pin step.fb set to 0.29570400000000024 (was 0.29304600000000025)
[INFO] hw.stepgen: =human= stepgen sg-cmd-pos=5.000000 rev sg-fb-pos=0.295704 rev sg-vel=2.664000 rps sg-acc=12.000000 rps2

=human= stepgen sg-cmd-pos=5.000000 rev sg-fb-pos=0.295704 rev sg-vel=2.664000 rps sg-acc=12.000000 rps2

[INFO] hw.pins: Pin step.fb set to 0.29837400000000025 (was 0.29570400000000024)
Pin step.fb set to 0.29837400000000025 (was 0.29570400000000024)
[INFO] hw.stepgen: =human= stepgen sg-cmd-pos=5.000000 rev sg-fb-pos=0.298374 rev sg-vel=2.676000 rps sg-acc=12.000000 rps2

=human= stepgen sg-cmd-pos=5.000000 rev sg-fb-pos=0.298374 rev sg-vel=2.676000 rps sg-acc=12.000000 rps2

[INFO] hw.pins: Pin step.fb set to 0.30105600000000027 (was 0.29837400000000025)
Pin step.fb set to 0.30105600000000027 (was 0.29837400000000025)
[INFO] hw.stepgen: =human= stepgen sg-cmd-pos=5.000000 rev sg-fb-pos=0.301056 rev sg-vel=2.688000 rps sg-acc=12.000000 rps2

=human= stepgen sg-cmd-pos=5.000000 rev sg-fb-pos=0.301056 rev sg-vel=2.688000 rps sg-acc=12.000000 rps2

[INFO] hw.pins: Pin step.fb set to 0.3037500000000003 (was 0.30105600000000027)
Pin step.fb set to 0.3037500000000003 (was 0.30105600000000027)
[INFO] hw.stepgen: =human= stepgen sg-cmd-pos=5.000000 rev sg-fb-pos=0.303750 rev sg-vel=2.700000 rps sg-acc=12.000000 rps2

=human= stepgen sg-cmd-pos=5.000000 rev sg-fb-pos=0.303750 rev sg-vel=2.700000 rps sg-acc=12.000000 rps2

[INFO] hw.pins: Pin step.fb set to 0.3064560000000003 (was 0.3037500000000003)
Pin step.fb set to 0.3064560000000003 (was 0.3037500000000003)
[INFO] hw.stepgen: =human= stepgen sg-cmd-pos=5.000000 rev sg-fb-pos=0.306456 rev sg-vel=2.712000 rps sg-acc=12.000000 rps2

=human= stepgen sg-cmd-pos=5.000000 rev sg-fb-pos=0.306456 rev sg-vel=2.712000 rps sg-acc=12.000000 rps2

[INFO] hw.pins: Pin step.fb set to 0.3091740000000003 (was 0.3064560000000003)
Pin step.fb set to 0.3091740000000003 (was 0.3064560000000003)
[INFO] hw.stepgen: =human= stepgen sg-cmd-pos=5.000000 rev sg-fb-pos=0.309174 rev sg-vel=2.724000 rps sg-acc=12.000000 rps2

=human= stepgen sg-cmd-pos=5.000000 rev sg-fb-pos=0.309174 rev sg-vel=2.724000 rps sg-acc=12.000000 rps2

[INFO] hw.pins: Pin step.fb set to 0.3119040000000003 (was 0.3091740000000003)
Pin step.fb set to 0.3119040000000003 (was 0.3091740000000003)
[INFO] hw.stepgen: =human= stepgen sg-cmd-pos=5.000000 rev sg-fb-pos=0.311904 rev sg-vel=2.736000 rps sg-acc=12.000000 rps2

=human= stepgen sg-cmd-pos=5.000000 rev sg-fb-pos=0.311904 rev sg-vel=2.736000 rps sg-acc=12.000000 rps2

[INFO] hw.pins: Pin step.fb set to 0.3146460000000003 (was 0.3119040000000003)
Pin step.fb set to 0.3146460000000003 (was 0.3119040000000003)
[INFO] hw.stepgen: =human= stepgen sg-cmd-pos=5.000000 rev sg-fb-pos=0.314646 rev sg-vel=2.748000 rps sg-acc=12.000000 rps2

=human= stepgen sg-cmd-pos=5.000000 rev sg-fb-pos=0.314646 rev sg-vel=2.748000 rps sg-acc=12.000000 rps2

[INFO] hw.pins: Pin step.fb set to 0.3174000000000003 (was 0.3146460000000003)
Pin step.fb set to 0.3174000000000003 (was 0.3146460000000003)
[INFO] hw.stepgen: =human= stepgen sg-cmd-pos=5.000000 rev sg-fb-pos=0.317400 rev sg-vel=2.760000 rps sg-acc=12.000000 rps2

=human= stepgen sg-cmd-pos=5.000000 rev sg-fb-pos=0.317400 rev sg-vel=2.760000 rps sg-acc=12.000000 rps2

[INFO] hw.pins: Pin step.fb set to 0.3201660000000003 (was 0.3174000000000003)
Pin step.fb set to 0.3201660000000003 (was 0.3174000000000003)
[INFO] hw.stepgen: =human= stepgen sg-cmd-pos=5.000000 rev sg-fb-pos=0.320166 rev sg-vel=2.772000 rps sg-acc=12.000000 rps2

=human= stepgen sg-cmd-pos=5.000000 rev sg-fb-pos=0.320166 rev sg-vel=2.772000 rps sg-acc=12.000000 rps2

[INFO] hw.pins: Pin step.fb set to 0.3229440000000003 (was 0.3201660000000003)
Pin step.fb set to 0.3229440000000003 (was 0.3201660000000003)
[INFO] hw.stepgen: =human= stepgen sg-cmd-pos=5.000000 rev sg-fb-pos=0.322944 rev sg-vel=2.784000 rps sg-acc=12.000000 rps2

=human= stepgen sg-cmd-pos=5.000000 rev sg-fb-pos=0.322944 rev sg-vel=2.784000 rps sg-acc=12.000000 rps2

[INFO] hw.pins: Pin step.fb set to 0.3257340000000003 (was 0.3229440000000003)
Pin step.fb set to 0.3257340000000003 (was 0.3229440000000003)
[INFO] hw.stepgen: =human= stepgen sg-cmd-pos=5.000000 rev sg-fb-pos=0.325734 rev sg-vel=2.796000 rps sg-acc=12.000000 rps2

=human= stepgen sg-cmd-pos=5.000000 rev sg-fb-pos=0.325734 rev sg-vel=2.796000 rps sg-acc=12.000000 rps2

[INFO] hw.pins: Pin step.fb set to 0.32853600000000033 (was 0.3257340000000003)
Pin step.fb set to 0.32853600000000033 (was 0.3257340000000003)
[INFO] hw.stepgen: =human= stepgen sg-cmd-pos=5.000000 rev sg-fb-pos=0.328536 rev sg-vel=2.808000 rps sg-acc=12.000000 rps2

=human= stepgen sg-cmd-pos=5.000000 rev sg-fb-pos=0.328536 rev sg-vel=2.808000 rps sg-acc=12.000000 rps2

[INFO] hw.pins: Pin step.fb set to 0.3313500000000003 (was 0.32853600000000033)
Pin step.fb set to 0.3313500000000003 (was 0.32853600000000033)
[INFO] hw.stepgen: =human= stepgen sg-cmd-pos=5.000000 rev sg-fb-pos=0.331350 rev sg-vel=2.820000 rps sg-acc=12.000000 rps2

=human= stepgen sg-cmd-pos=5.000000 rev sg-fb-pos=0.331350 rev sg-vel=2.820000 rps sg-acc=12.000000 rps2

[INFO] hw.pins: Pin step.fb set to 0.3341760000000003 (was 0.3313500000000003)
Pin step.fb set to 0.3341760000000003 (was 0.3313500000000003)
[INFO] hw.stepgen: =human= stepgen sg-cmd-pos=5.000000 rev sg-fb-pos=0.334176 rev sg-vel=2.832000 rps sg-acc=12.000000 rps2

=human= stepgen sg-cmd-pos=5.000000 rev sg-fb-pos=0.334176 rev sg-vel=2.832000 rps sg-acc=12.000000 rps2

[INFO] hw.pins: Pin step.fb set to 0.3370140000000003 (was 0.3341760000000003)
Pin step.fb set to 0.3370140000000003 (was 0.3341760000000003)
[INFO] hw.stepgen: =human= stepgen sg-cmd-pos=5.000000 rev sg-fb-pos=0.337014 rev sg-vel=2.844000 rps sg-acc=12.000000 rps2

=human= stepgen sg-cmd-pos=5.000000 rev sg-fb-pos=0.337014 rev sg-vel=2.844000 rps sg-acc=12.000000 rps2

[INFO] hw.pins: Pin step.fb set to 0.33986400000000033 (was 0.3370140000000003)
Pin step.fb set to 0.33986400000000033 (was 0.3370140000000003)
[INFO] hw.stepgen: =human= stepgen sg-cmd-pos=5.000000 rev sg-fb-pos=0.339864 rev sg-vel=2.856000 rps sg-acc=12.000000 rps2

=human= stepgen sg-cmd-pos=5.000000 rev sg-fb-pos=0.339864 rev sg-vel=2.856000 rps sg-acc=12.000000 rps2

[INFO] hw.pins: Pin step.fb set to 0.3427260000000003 (was 0.33986400000000033)
Pin step.fb set to 0.3427260000000003 (was 0.33986400000000033)
[INFO] hw.stepgen: =human= stepgen sg-cmd-pos=5.000000 rev sg-fb-pos=0.342726 rev sg-vel=2.868000 rps sg-acc=12.000000 rps2

=human= stepgen sg-cmd-pos=5.000000 rev sg-fb-pos=0.342726 rev sg-vel=2.868000 rps sg-acc=12.000000 rps2

[INFO] hw.pins: Pin step.fb set to 0.3456000000000003 (was 0.3427260000000003)
Pin step.fb set to 0.3456000000000003 (was 0.3427260000000003)
[INFO] hw.stepgen: =human= stepgen sg-cmd-pos=5.000000 rev sg-fb-pos=0.345600 rev sg-vel=2.880000 rps sg-acc=12.000000 rps2

=human= stepgen sg-cmd-pos=5.000000 rev sg-fb-pos=0.345600 rev sg-vel=2.880000 rps sg-acc=12.000000 rps2

[INFO] hw.pins: Pin step.fb set to 0.3484860000000003 (was 0.3456000000000003)
Pin step.fb set to 0.3484860000000003 (was 0.3456000000000003)
[INFO] hw.stepgen: =human= stepgen sg-cmd-pos=5.000000 rev sg-fb-pos=0.348486 rev sg-vel=2.892000 rps sg-acc=12.000000 rps2

=human= stepgen sg-cmd-pos=5.000000 rev sg-fb-pos=0.348486 rev sg-vel=2.892000 rps sg-acc=12.000000 rps2

[INFO] hw.pins: Pin step.fb set to 0.3513840000000003 (was 0.3484860000000003)
Pin step.fb set to 0.3513840000000003 (was 0.3484860000000003)
[INFO] hw.stepgen: =human= stepgen sg-cmd-pos=5.000000 rev sg-fb-pos=0.351384 rev sg-vel=2.904000 rps sg-acc=12.000000 rps2

=human= stepgen sg-cmd-pos=5.000000 rev sg-fb-pos=0.351384 rev sg-vel=2.904000 rps sg-acc=12.000000 rps2

[INFO] hw.pins: Pin step.fb set to 0.35429400000000033 (was 0.3513840000000003)
Pin step.fb set to 0.35429400000000033 (was 0.3513840000000003)
[INFO] hw.stepgen: =human= stepgen sg-cmd-pos=5.000000 rev sg-fb-pos=0.354294 rev sg-vel=2.916000 rps sg-acc=12.000000 rps2

=human= stepgen sg-cmd-pos=5.000000 rev sg-fb-pos=0.354294 rev sg-vel=2.916000 rps sg-acc=12.000000 rps2

[INFO] hw.pins: Pin step.fb set to 0.3572160000000003 (was 0.35429400000000033)
Pin step.fb set to 0.3572160000000003 (was 0.35429400000000033)
[INFO] hw.stepgen: =human= stepgen sg-cmd-pos=5.000000 rev sg-fb-pos=0.357216 rev sg-vel=2.928000 rps sg-acc=12.000000 rps2

=human= stepgen sg-cmd-pos=5.000000 rev sg-fb-pos=0.357216 rev sg-vel=2.928000 rps sg-acc=12.000000 rps2

[INFO] hw.pins: Pin step.fb set to 0.3601500000000003 (was 0.3572160000000003)
Pin step.fb set to 0.3601500000000003 (was 0.3572160000000003)
[INFO] hw.stepgen: =human= stepgen sg-cmd-pos=5.000000 rev sg-fb-pos=0.360150 rev sg-vel=2.940000 rps sg-acc=12.000000 rps2

=human= stepgen sg-cmd-pos=5.000000 rev sg-fb-pos=0.360150 rev sg-vel=2.940000 rps sg-acc=12.000000 rps2

[INFO] hw.pins: Pin step.fb set to 0.3630960000000003 (was 0.3601500000000003)
Pin step.fb set to 0.3630960000000003 (was 0.3601500000000003)
[INFO] hw.stepgen: =human= stepgen sg-cmd-pos=5.000000 rev sg-fb-pos=0.363096 rev sg-vel=2.952000 rps sg-acc=12.000000 rps2

=human= stepgen sg-cmd-pos=5.000000 rev sg-fb-pos=0.363096 rev sg-vel=2.952000 rps sg-acc=12.000000 rps2

[INFO] hw.pins: Pin step.fb set to 0.3660540000000003 (was 0.3630960000000003)
Pin step.fb set to 0.3660540000000003 (was 0.3630960000000003)
[INFO] hw.stepgen: =human= stepgen sg-cmd-pos=5.000000 rev sg-fb-pos=0.366054 rev sg-vel=2.964000 rps sg-acc=12.000000 rps2

=human= stepgen sg-cmd-pos=5.000000 rev sg-fb-pos=0.366054 rev sg-vel=2.964000 rps sg-acc=12.000000 rps2

[INFO] hw.pins: Pin step.fb set to 0.36902400000000035 (was 0.3660540000000003)
Pin step.fb set to 0.36902400000000035 (was 0.3660540000000003)
[INFO] hw.stepgen: =human= stepgen sg-cmd-pos=5.000000 rev sg-fb-pos=0.369024 rev sg-vel=2.976000 rps sg-acc=12.000000 rps2

=human= stepgen sg-cmd-pos=5.000000 rev sg-fb-pos=0.369024 rev sg-vel=2.976000 rps sg-acc=12.000000 rps2

[INFO] hw.pins: Pin step.fb set to 0.37200600000000034 (was 0.36902400000000035)
Pin step.fb set to 0.37200600000000034 (was 0.36902400000000035)
[INFO] hw.stepgen: =human= stepgen sg-cmd-pos=5.000000 rev sg-fb-pos=0.372006 rev sg-vel=2.988000 rps sg-acc=12.000000 rps2

=human= stepgen sg-cmd-pos=5.000000 rev sg-fb-pos=0.372006 rev sg-vel=2.988000 rps sg-acc=12.000000 rps2

[INFO] hw.pins: Pin step.fb set to 0.37500000000000033 (was 0.37200600000000034)
Pin step.fb set to 0.37500000000000033 (was 0.37200600000000034)
[INFO] hw.stepgen: =human= stepgen sg-cmd-pos=5.000000 rev sg-fb-pos=0.375000 rev sg-vel=3.000000 rps sg-acc=12.000000 rps2

=human= stepgen sg-cmd-pos=5.000000 rev sg-fb-pos=0.375000 rev sg-vel=3.000000 rps sg-acc=12.000000 rps2

[INFO] hw.pins: Pin step.fb set to 0.37800600000000034 (was 0.37500000000000033)
Pin step.fb set to 0.37800600000000034 (was 0.37500000000000033)
[INFO] hw.stepgen: =human= stepgen sg-cmd-pos=5.000000 rev sg-fb-pos=0.378006 rev sg-vel=3.012000 rps sg-acc=12.000000 rps2

=human= stepgen sg-cmd-pos=5.000000 rev sg-fb-pos=0.378006 rev sg-vel=3.012000 rps sg-acc=12.000000 rps2

[INFO] hw.pins: Pin step.fb set to 0.38102400000000036 (was 0.37800600000000034)
Pin step.fb set to 0.38102400000000036 (was 0.37800600000000034)
[INFO] hw.stepgen: =human= stepgen sg-cmd-pos=5.000000 rev sg-fb-pos=0.381024 rev sg-vel=3.024000 rps sg-acc=12.000000 rps2

=human= stepgen sg-cmd-pos=5.000000 rev sg-fb-pos=0.381024 rev sg-vel=3.024000 rps sg-acc=12.000000 rps2

[INFO] hw.pins: Pin step.fb set to 0.38405400000000034 (was 0.38102400000000036)
Pin step.fb set to 0.38405400000000034 (was 0.38102400000000036)
[INFO] hw.stepgen: =human= stepgen sg-cmd-pos=5.000000 rev sg-fb-pos=0.384054 rev sg-vel=3.036000 rps sg-acc=12.000000 rps2

=human= stepgen sg-cmd-pos=5.000000 rev sg-fb-pos=0.384054 rev sg-vel=3.036000 rps sg-acc=12.000000 rps2

[INFO] hw.pins: Pin step.fb set to 0.38709600000000033 (was 0.38405400000000034)
Pin step.fb set to 0.38709600000000033 (was 0.38405400000000034)
[INFO] hw.stepgen: =human= stepgen sg-cmd-pos=5.000000 rev sg-fb-pos=0.387096 rev sg-vel=3.048000 rps sg-acc=12.000000 rps2

=human= stepgen sg-cmd-pos=5.000000 rev sg-fb-pos=0.387096 rev sg-vel=3.048000 rps sg-acc=12.000000 rps2

[INFO] hw.pins: Pin step.fb set to 0.39015000000000033 (was 0.38709600000000033)
Pin step.fb set to 0.39015000000000033 (was 0.38709600000000033)
[INFO] hw.stepgen: =human= stepgen sg-cmd-pos=5.000000 rev sg-fb-pos=0.390150 rev sg-vel=3.060000 rps sg-acc=12.000000 rps2

=human= stepgen sg-cmd-pos=5.000000 rev sg-fb-pos=0.390150 rev sg-vel=3.060000 rps sg-acc=12.000000 rps2

[INFO] hw.pins: Pin step.fb set to 0.39321600000000034 (was 0.39015000000000033)
Pin step.fb set to 0.39321600000000034 (was 0.39015000000000033)
[INFO] hw.stepgen: =human= stepgen sg-cmd-pos=5.000000 rev sg-fb-pos=0.393216 rev sg-vel=3.072000 rps sg-acc=12.000000 rps2

=human= stepgen sg-cmd-pos=5.000000 rev sg-fb-pos=0.393216 rev sg-vel=3.072000 rps sg-acc=12.000000 rps2

[INFO] hw.pins: Pin step.fb set to 0.39629400000000037 (was 0.39321600000000034)
Pin step.fb set to 0.39629400000000037 (was 0.39321600000000034)
[INFO] hw.stepgen: =human= stepgen sg-cmd-pos=5.000000 rev sg-fb-pos=0.396294 rev sg-vel=3.084000 rps sg-acc=12.000000 rps2

=human= stepgen sg-cmd-pos=5.000000 rev sg-fb-pos=0.396294 rev sg-vel=3.084000 rps sg-acc=12.000000 rps2

[INFO] hw.pins: Pin step.fb set to 0.39938400000000035 (was 0.39629400000000037)
Pin step.fb set to 0.39938400000000035 (was 0.39629400000000037)
[INFO] hw.stepgen: =human= stepgen sg-cmd-pos=5.000000 rev sg-fb-pos=0.399384 rev sg-vel=3.096000 rps sg-acc=12.000000 rps2

=human= stepgen sg-cmd-pos=5.000000 rev sg-fb-pos=0.399384 rev sg-vel=3.096000 rps sg-acc=12.000000 rps2

[INFO] hw.pins: Pin step.fb set to 0.40248600000000034 (was 0.39938400000000035)
Pin step.fb set to 0.40248600000000034 (was 0.39938400000000035)
[INFO] hw.stepgen: =human= stepgen sg-cmd-pos=5.000000 rev sg-fb-pos=0.402486 rev sg-vel=3.108000 rps sg-acc=12.000000 rps2

=human= stepgen sg-cmd-pos=5.000000 rev sg-fb-pos=0.402486 rev sg-vel=3.108000 rps sg-acc=12.000000 rps2

[INFO] hw.pins: Pin step.fb set to 0.40560000000000035 (was 0.40248600000000034)
Pin step.fb set to 0.40560000000000035 (was 0.40248600000000034)
[INFO] hw.stepgen: =human= stepgen sg-cmd-pos=5.000000 rev sg-fb-pos=0.405600 rev sg-vel=3.120000 rps sg-acc=12.000000 rps2

=human= stepgen sg-cmd-pos=5.000000 rev sg-fb-pos=0.405600 rev sg-vel=3.120000 rps sg-acc=12.000000 rps2

[INFO] hw.pins: Pin step.fb set to 0.40872600000000037 (was 0.40560000000000035)
Pin step.fb set to 0.40872600000000037 (was 0.40560000000000035)
[INFO] hw.stepgen: =human= stepgen sg-cmd-pos=5.000000 rev sg-fb-pos=0.408726 rev sg-vel=3.132000 rps sg-acc=12.000000 rps2

=human= stepgen sg-cmd-pos=5.000000 rev sg-fb-pos=0.408726 rev sg-vel=3.132000 rps sg-acc=12.000000 rps2

[INFO] hw.pins: Pin step.fb set to 0.4118640000000004 (was 0.40872600000000037)
Pin step.fb set to 0.4118640000000004 (was 0.40872600000000037)
[INFO] hw.stepgen: =human= stepgen sg-cmd-pos=5.000000 rev sg-fb-pos=0.411864 rev sg-vel=3.144000 rps sg-acc=12.000000 rps2

=human= stepgen sg-cmd-pos=5.000000 rev sg-fb-pos=0.411864 rev sg-vel=3.144000 rps sg-acc=12.000000 rps2

[INFO] hw.pins: Pin step.fb set to 0.4150140000000004 (was 0.4118640000000004)
Pin step.fb set to 0.4150140000000004 (was 0.4118640000000004)
[INFO] hw.stepgen: =human= stepgen sg-cmd-pos=5.000000 rev sg-fb-pos=0.415014 rev sg-vel=3.156000 rps sg-acc=12.000000 rps2

=human= stepgen sg-cmd-pos=5.000000 rev sg-fb-pos=0.415014 rev sg-vel=3.156000 rps sg-acc=12.000000 rps2

[INFO] hw.pins: Pin step.fb set to 0.4181760000000004 (was 0.4150140000000004)
Pin step.fb set to 0.4181760000000004 (was 0.4150140000000004)
[INFO] hw.stepgen: =human= stepgen sg-cmd-pos=5.000000 rev sg-fb-pos=0.418176 rev sg-vel=3.168000 rps sg-acc=12.000000 rps2

=human= stepgen sg-cmd-pos=5.000000 rev sg-fb-pos=0.418176 rev sg-vel=3.168000 rps sg-acc=12.000000 rps2

[INFO] hw.pins: Pin step.fb set to 0.4213500000000004 (was 0.4181760000000004)
Pin step.fb set to 0.4213500000000004 (was 0.4181760000000004)
[INFO] hw.stepgen: =human= stepgen sg-cmd-pos=5.000000 rev sg-fb-pos=0.421350 rev sg-vel=3.180000 rps sg-acc=12.000000 rps2

=human= stepgen sg-cmd-pos=5.000000 rev sg-fb-pos=0.421350 rev sg-vel=3.180000 rps sg-acc=12.000000 rps2

[INFO] hw.pins: Pin step.fb set to 0.4245360000000004 (was 0.4213500000000004)
Pin step.fb set to 0.4245360000000004 (was 0.4213500000000004)
[INFO] hw.stepgen: =human= stepgen sg-cmd-pos=5.000000 rev sg-fb-pos=0.424536 rev sg-vel=3.192000 rps sg-acc=12.000000 rps2

=human= stepgen sg-cmd-pos=5.000000 rev sg-fb-pos=0.424536 rev sg-vel=3.192000 rps sg-acc=12.000000 rps2

[INFO] hw.pins: Pin step.fb set to 0.4277340000000004 (was 0.4245360000000004)
Pin step.fb set to 0.4277340000000004 (was 0.4245360000000004)
[INFO] hw.stepgen: =human= stepgen sg-cmd-pos=5.000000 rev sg-fb-pos=0.427734 rev sg-vel=3.204000 rps sg-acc=12.000000 rps2

=human= stepgen sg-cmd-pos=5.000000 rev sg-fb-pos=0.427734 rev sg-vel=3.204000 rps sg-acc=12.000000 rps2

[INFO] hw.pins: Pin step.fb set to 0.4309440000000004 (was 0.4277340000000004)
Pin step.fb set to 0.4309440000000004 (was 0.4277340000000004)
[INFO] hw.stepgen: =human= stepgen sg-cmd-pos=5.000000 rev sg-fb-pos=0.430944 rev sg-vel=3.216000 rps sg-acc=12.000000 rps2

=human= stepgen sg-cmd-pos=5.000000 rev sg-fb-pos=0.430944 rev sg-vel=3.216000 rps sg-acc=12.000000 rps2

[INFO] hw.pins: Pin step.fb set to 0.4341660000000004 (was 0.4309440000000004)
Pin step.fb set to 0.4341660000000004 (was 0.4309440000000004)
[INFO] hw.stepgen: =human= stepgen sg-cmd-pos=5.000000 rev sg-fb-pos=0.434166 rev sg-vel=3.228000 rps sg-acc=12.000000 rps2

=human= stepgen sg-cmd-pos=5.000000 rev sg-fb-pos=0.434166 rev sg-vel=3.228000 rps sg-acc=12.000000 rps2

[INFO] hw.pins: Pin step.fb set to 0.4374000000000004 (was 0.4341660000000004)
Pin step.fb set to 0.4374000000000004 (was 0.4341660000000004)
[INFO] hw.stepgen: =human= stepgen sg-cmd-pos=5.000000 rev sg-fb-pos=0.437400 rev sg-vel=3.240000 rps sg-acc=12.000000 rps2

=human= stepgen sg-cmd-pos=5.000000 rev sg-fb-pos=0.437400 rev sg-vel=3.240000 rps sg-acc=12.000000 rps2

[INFO] hw.pins: Pin step.fb set to 0.4406460000000004 (was 0.4374000000000004)
Pin step.fb set to 0.4406460000000004 (was 0.4374000000000004)
[INFO] hw.stepgen: =human= stepgen sg-cmd-pos=5.000000 rev sg-fb-pos=0.440646 rev sg-vel=3.252000 rps sg-acc=12.000000 rps2

=human= stepgen sg-cmd-pos=5.000000 rev sg-fb-pos=0.440646 rev sg-vel=3.252000 rps sg-acc=12.000000 rps2

[INFO] hw.pins: Pin step.fb set to 0.4439040000000004 (was 0.4406460000000004)
Pin step.fb set to 0.4439040000000004 (was 0.4406460000000004)
[INFO] hw.stepgen: =human= stepgen sg-cmd-pos=5.000000 rev sg-fb-pos=0.443904 rev sg-vel=3.264000 rps sg-acc=12.000000 rps2

=human= stepgen sg-cmd-pos=5.000000 rev sg-fb-pos=0.443904 rev sg-vel=3.264000 rps sg-acc=12.000000 rps2

[INFO] hw.pins: Pin step.fb set to 0.4471740000000004 (was 0.4439040000000004)
Pin step.fb set to 0.4471740000000004 (was 0.4439040000000004)
[INFO] hw.stepgen: =human= stepgen sg-cmd-pos=5.000000 rev sg-fb-pos=0.447174 rev sg-vel=3.276000 rps sg-acc=12.000000 rps2

=human= stepgen sg-cmd-pos=5.000000 rev sg-fb-pos=0.447174 rev sg-vel=3.276000 rps sg-acc=12.000000 rps2

[INFO] hw.pins: Pin step.fb set to 0.4504560000000004 (was 0.4471740000000004)
Pin step.fb set to 0.4504560000000004 (was 0.4471740000000004)
[INFO] hw.stepgen: =human= stepgen sg-cmd-pos=5.000000 rev sg-fb-pos=0.450456 rev sg-vel=3.288000 rps sg-acc=12.000000 rps2

=human= stepgen sg-cmd-pos=5.000000 rev sg-fb-pos=0.450456 rev sg-vel=3.288000 rps sg-acc=12.000000 rps2

[INFO] hw.pins: Pin step.fb set to 0.45375000000000043 (was 0.4504560000000004)
Pin step.fb set to 0.45375000000000043 (was 0.4504560000000004)
[INFO] hw.stepgen: =human= stepgen sg-cmd-pos=5.000000 rev sg-fb-pos=0.453750 rev sg-vel=3.300000 rps sg-acc=12.000000 rps2

=human= stepgen sg-cmd-pos=5.000000 rev sg-fb-pos=0.453750 rev sg-vel=3.300000 rps sg-acc=12.000000 rps2

[INFO] hw.pins: Pin step.fb set to 0.4570560000000004 (was 0.45375000000000043)
Pin step.fb set to 0.4570560000000004 (was 0.45375000000000043)
[INFO] hw.stepgen: =human= stepgen sg-cmd-pos=5.000000 rev sg-fb-pos=0.457056 rev sg-vel=3.312000 rps sg-acc=12.000000 rps2

=human= stepgen sg-cmd-pos=5.000000 rev sg-fb-pos=0.457056 rev sg-vel=3.312000 rps sg-acc=12.000000 rps2

[INFO] hw.pins: Pin step.fb set to 0.4603740000000004 (was 0.4570560000000004)
Pin step.fb set to 0.4603740000000004 (was 0.4570560000000004)
[INFO] hw.stepgen: =human= stepgen sg-cmd-pos=5.000000 rev sg-fb-pos=0.460374 rev sg-vel=3.324000 rps sg-acc=12.000000 rps2

=human= stepgen sg-cmd-pos=5.000000 rev sg-fb-pos=0.460374 rev sg-vel=3.324000 rps sg-acc=12.000000 rps2

[INFO] hw.pins: Pin step.fb set to 0.4637040000000004 (was 0.4603740000000004)
Pin step.fb set to 0.4637040000000004 (was 0.4603740000000004)
[INFO] hw.stepgen: =human= stepgen sg-cmd-pos=5.000000 rev sg-fb-pos=0.463704 rev sg-vel=3.336000 rps sg-acc=12.000000 rps2

=human= stepgen sg-cmd-pos=5.000000 rev sg-fb-pos=0.463704 rev sg-vel=3.336000 rps sg-acc=12.000000 rps2

[INFO] hw.pins: Pin step.fb set to 0.4670460000000004 (was 0.4637040000000004)
Pin step.fb set to 0.4670460000000004 (was 0.4637040000000004)
[INFO] hw.stepgen: =human= stepgen sg-cmd-pos=5.000000 rev sg-fb-pos=0.467046 rev sg-vel=3.348000 rps sg-acc=12.000000 rps2

=human= stepgen sg-cmd-pos=5.000000 rev sg-fb-pos=0.467046 rev sg-vel=3.348000 rps sg-acc=12.000000 rps2

[INFO] hw.pins: Pin step.fb set to 0.47040000000000043 (was 0.4670460000000004)
Pin step.fb set to 0.47040000000000043 (was 0.4670460000000004)
[INFO] hw.stepgen: =human= stepgen sg-cmd-pos=5.000000 rev sg-fb-pos=0.470400 rev sg-vel=3.360000 rps sg-acc=12.000000 rps2

=human= stepgen sg-cmd-pos=5.000000 rev sg-fb-pos=0.470400 rev sg-vel=3.360000 rps sg-acc=12.000000 rps2

[INFO] hw.pins: Pin step.fb set to 0.4737660000000004 (was 0.47040000000000043)
Pin step.fb set to 0.4737660000000004 (was 0.47040000000000043)
[INFO] hw.stepgen: =human= stepgen sg-cmd-pos=5.000000 rev sg-fb-pos=0.473766 rev sg-vel=3.372000 rps sg-acc=12.000000 rps2

=human= stepgen sg-cmd-pos=5.000000 rev sg-fb-pos=0.473766 rev sg-vel=3.372000 rps sg-acc=12.000000 rps2

[INFO] hw.pins: Pin step.fb set to 0.4771440000000004 (was 0.4737660000000004)
Pin step.fb set to 0.4771440000000004 (was 0.4737660000000004)
[INFO] hw.stepgen: =human= stepgen sg-cmd-pos=5.000000 rev sg-fb-pos=0.477144 rev sg-vel=3.384000 rps sg-acc=12.000000 rps2

=human= stepgen sg-cmd-pos=5.000000 rev sg-fb-pos=0.477144 rev sg-vel=3.384000 rps sg-acc=12.000000 rps2

[INFO] hw.pins: Pin step.fb set to 0.4805340000000004 (was 0.4771440000000004)
Pin step.fb set to 0.4805340000000004 (was 0.4771440000000004)
[INFO] hw.stepgen: =human= stepgen sg-cmd-pos=5.000000 rev sg-fb-pos=0.480534 rev sg-vel=3.396000 rps sg-acc=12.000000 rps2

=human= stepgen sg-cmd-pos=5.000000 rev sg-fb-pos=0.480534 rev sg-vel=3.396000 rps sg-acc=12.000000 rps2

[INFO] hw.pins: Pin step.fb set to 0.4839360000000004 (was 0.4805340000000004)
Pin step.fb set to 0.4839360000000004 (was 0.4805340000000004)
[INFO] hw.stepgen: =human= stepgen sg-cmd-pos=5.000000 rev sg-fb-pos=0.483936 rev sg-vel=3.408000 rps sg-acc=12.000000 rps2

=human= stepgen sg-cmd-pos=5.000000 rev sg-fb-pos=0.483936 rev sg-vel=3.408000 rps sg-acc=12.000000 rps2

[INFO] hw.pins: Pin step.fb set to 0.48735000000000045 (was 0.4839360000000004)
Pin step.fb set to 0.48735000000000045 (was 0.4839360000000004)
[INFO] hw.stepgen: =human= stepgen sg-cmd-pos=5.000000 rev sg-fb-pos=0.487350 rev sg-vel=3.420000 rps sg-acc=12.000000 rps2

=human= stepgen sg-cmd-pos=5.000000 rev sg-fb-pos=0.487350 rev sg-vel=3.420000 rps sg-acc=12.000000 rps2

[INFO] hw.pins: Pin step.fb set to 0.49077600000000043 (was 0.48735000000000045)
Pin step.fb set to 0.49077600000000043 (was 0.48735000000000045)
[INFO] hw.stepgen: =human= stepgen sg-cmd-pos=5.000000 rev sg-fb-pos=0.490776 rev sg-vel=3.432000 rps sg-acc=12.000000 rps2

=human= stepgen sg-cmd-pos=5.000000 rev sg-fb-pos=0.490776 rev sg-vel=3.432000 rps sg-acc=12.000000 rps2

[INFO] hw.pins: Pin step.fb set to 0.49421400000000043 (was 0.49077600000000043)
Pin step.fb set to 0.49421400000000043 (was 0.49077600000000043)
[INFO] hw.stepgen: =human= stepgen sg-cmd-pos=5.000000 rev sg-fb-pos=0.494214 rev sg-vel=3.444000 rps sg-acc=12.000000 rps2

=human= stepgen sg-cmd-pos=5.000000 rev sg-fb-pos=0.494214 rev sg-vel=3.444000 rps sg-acc=12.000000 rps2

[INFO] hw.pins: Pin step.fb set to 0.49766400000000044 (was 0.49421400000000043)
Pin step.fb set to 0.49766400000000044 (was 0.49421400000000043)
[INFO] hw.stepgen: =human= stepgen sg-cmd-pos=5.000000 rev sg-fb-pos=0.497664 rev sg-vel=3.456000 rps sg-acc=12.000000 rps2

=human= stepgen sg-cmd-pos=5.000000 rev sg-fb-pos=0.497664 rev sg-vel=3.456000 rps sg-acc=12.000000 rps2

[INFO] hw.pins: Pin step.fb set to 0.5011260000000004 (was 0.49766400000000044)
Pin step.fb set to 0.5011260000000004 (was 0.49766400000000044)
[INFO] hw.stepgen: =human= stepgen sg-cmd-pos=5.000000 rev sg-fb-pos=0.501126 rev sg-vel=3.468000 rps sg-acc=12.000000 rps2

=human= stepgen sg-cmd-pos=5.000000 rev sg-fb-pos=0.501126 rev sg-vel=3.468000 rps sg-acc=12.000000 rps2

[INFO] hw.pins: Pin step.fb set to 0.5046000000000004 (was 0.5011260000000004)
Pin step.fb set to 0.5046000000000004 (was 0.5011260000000004)
[INFO] hw.stepgen: =human= stepgen sg-cmd-pos=5.000000 rev sg-fb-pos=0.504600 rev sg-vel=3.480000 rps sg-acc=12.000000 rps2

=human= stepgen sg-cmd-pos=5.000000 rev sg-fb-pos=0.504600 rev sg-vel=3.480000 rps sg-acc=12.000000 rps2

[INFO] hw.pins: Pin step.fb set to 0.5080860000000004 (was 0.5046000000000004)
Pin step.fb set to 0.5080860000000004 (was 0.5046000000000004)
[INFO] hw.stepgen: =human= stepgen sg-cmd-pos=5.000000 rev sg-fb-pos=0.508086 rev sg-vel=3.492000 rps sg-acc=12.000000 rps2

=human= stepgen sg-cmd-pos=5.000000 rev sg-fb-pos=0.508086 rev sg-vel=3.492000 rps sg-acc=12.000000 rps2

[INFO] hw.pins: Pin step.fb set to 0.5115840000000004 (was 0.5080860000000004)
Pin step.fb set to 0.5115840000000004 (was 0.5080860000000004)
[INFO] hw.stepgen: =human= stepgen sg-cmd-pos=5.000000 rev sg-fb-pos=0.511584 rev sg-vel=3.504000 rps sg-acc=12.000000 rps2

=human= stepgen sg-cmd-pos=5.000000 rev sg-fb-pos=0.511584 rev sg-vel=3.504000 rps sg-acc=12.000000 rps2

[INFO] hw.pins: Pin step.fb set to 0.5150940000000004 (was 0.5115840000000004)
Pin step.fb set to 0.5150940000000004 (was 0.5115840000000004)
[INFO] hw.stepgen: =human= stepgen sg-cmd-pos=5.000000 rev sg-fb-pos=0.515094 rev sg-vel=3.516000 rps sg-acc=12.000000 rps2

=human= stepgen sg-cmd-pos=5.000000 rev sg-fb-pos=0.515094 rev sg-vel=3.516000 rps sg-acc=12.000000 rps2

[INFO] hw.pins: Pin step.fb set to 0.5186160000000004 (was 0.5150940000000004)
Pin step.fb set to 0.5186160000000004 (was 0.5150940000000004)
[INFO] hw.stepgen: =human= stepgen sg-cmd-pos=5.000000 rev sg-fb-pos=0.518616 rev sg-vel=3.528000 rps sg-acc=12.000000 rps2

=human= stepgen sg-cmd-pos=5.000000 rev sg-fb-pos=0.518616 rev sg-vel=3.528000 rps sg-acc=12.000000 rps2

[INFO] hw.pins: Pin step.fb set to 0.5221500000000004 (was 0.5186160000000004)
Pin step.fb set to 0.5221500000000004 (was 0.5186160000000004)
[INFO] hw.stepgen: =human= stepgen sg-cmd-pos=5.000000 rev sg-fb-pos=0.522150 rev sg-vel=3.540000 rps sg-acc=12.000000 rps2

=human= stepgen sg-cmd-pos=5.000000 rev sg-fb-pos=0.522150 rev sg-vel=3.540000 rps sg-acc=12.000000 rps2

[INFO] hw.pins: Pin step.fb set to 0.5256960000000005 (was 0.5221500000000004)
Pin step.fb set to 0.5256960000000005 (was 0.5221500000000004)
[INFO] hw.stepgen: =human= stepgen sg-cmd-pos=5.000000 rev sg-fb-pos=0.525696 rev sg-vel=3.552000 rps sg-acc=12.000000 rps2

=human= stepgen sg-cmd-pos=5.000000 rev sg-fb-pos=0.525696 rev sg-vel=3.552000 rps sg-acc=12.000000 rps2

[INFO] hw.pins: Pin step.fb set to 0.5292540000000004 (was 0.5256960000000005)
Pin step.fb set to 0.5292540000000004 (was 0.5256960000000005)
[INFO] hw.stepgen: =human= stepgen sg-cmd-pos=5.000000 rev sg-fb-pos=0.529254 rev sg-vel=3.564000 rps sg-acc=12.000000 rps2

=human= stepgen sg-cmd-pos=5.000000 rev sg-fb-pos=0.529254 rev sg-vel=3.564000 rps sg-acc=12.000000 rps2

[INFO] hw.pins: Pin step.fb set to 0.5328240000000004 (was 0.5292540000000004)
Pin step.fb set to 0.5328240000000004 (was 0.5292540000000004)
[INFO] hw.stepgen: =human= stepgen sg-cmd-pos=5.000000 rev sg-fb-pos=0.532824 rev sg-vel=3.576000 rps sg-acc=12.000000 rps2

=human= stepgen sg-cmd-pos=5.000000 rev sg-fb-pos=0.532824 rev sg-vel=3.576000 rps sg-acc=12.000000 rps2

[INFO] hw.pins: Pin step.fb set to 0.5364060000000004 (was 0.5328240000000004)
Pin step.fb set to 0.5364060000000004 (was 0.5328240000000004)
[INFO] hw.stepgen: =human= stepgen sg-cmd-pos=5.000000 rev sg-fb-pos=0.536406 rev sg-vel=3.588000 rps sg-acc=12.000000 rps2

=human= stepgen sg-cmd-pos=5.000000 rev sg-fb-pos=0.536406 rev sg-vel=3.588000 rps sg-acc=12.000000 rps2

[INFO] hw.pins: Pin step.fb set to 0.5400000000000004 (was 0.5364060000000004)
Pin step.fb set to 0.5400000000000004 (was 0.5364060000000004)
[INFO] hw.stepgen: =human= stepgen sg-cmd-pos=5.000000 rev sg-fb-pos=0.540000 rev sg-vel=3.600000 rps sg-acc=12.000000 rps2

=human= stepgen sg-cmd-pos=5.000000 rev sg-fb-pos=0.540000 rev sg-vel=3.600000 rps sg-acc=12.000000 rps2

[INFO] hw.pins: Pin step.fb set to 0.5436060000000004 (was 0.5400000000000004)
Pin step.fb set to 0.5436060000000004 (was 0.5400000000000004)
[INFO] hw.stepgen: =human= stepgen sg-cmd-pos=5.000000 rev sg-fb-pos=0.543606 rev sg-vel=3.612000 rps sg-acc=12.000000 rps2

=human= stepgen sg-cmd-pos=5.000000 rev sg-fb-pos=0.543606 rev sg-vel=3.612000 rps sg-acc=12.000000 rps2

[INFO] hw.pins: Pin step.fb set to 0.5472240000000004 (was 0.5436060000000004)
Pin step.fb set to 0.5472240000000004 (was 0.5436060000000004)
[INFO] hw.stepgen: =human= stepgen sg-cmd-pos=5.000000 rev sg-fb-pos=0.547224 rev sg-vel=3.624000 rps sg-acc=12.000000 rps2

=human= stepgen sg-cmd-pos=5.000000 rev sg-fb-pos=0.547224 rev sg-vel=3.624000 rps sg-acc=12.000000 rps2

[INFO] hw.pins: Pin step.fb set to 0.5508540000000004 (was 0.5472240000000004)
Pin step.fb set to 0.5508540000000004 (was 0.5472240000000004)
[INFO] hw.stepgen: =human= stepgen sg-cmd-pos=5.000000 rev sg-fb-pos=0.550854 rev sg-vel=3.636000 rps sg-acc=12.000000 rps2

=human= stepgen sg-cmd-pos=5.000000 rev sg-fb-pos=0.550854 rev sg-vel=3.636000 rps sg-acc=12.000000 rps2

[INFO] hw.pins: Pin step.fb set to 0.5544960000000004 (was 0.5508540000000004)
Pin step.fb set to 0.5544960000000004 (was 0.5508540000000004)
[INFO] hw.stepgen: =human= stepgen sg-cmd-pos=5.000000 rev sg-fb-pos=0.554496 rev sg-vel=3.648000 rps sg-acc=12.000000 rps2

=human= stepgen sg-cmd-pos=5.000000 rev sg-fb-pos=0.554496 rev sg-vel=3.648000 rps sg-acc=12.000000 rps2

[INFO] hw.pins: Pin step.fb set to 0.5581500000000005 (was 0.5544960000000004)
Pin step.fb set to 0.5581500000000005 (was 0.5544960000000004)
[INFO] hw.stepgen: =human= stepgen sg-cmd-pos=5.000000 rev sg-fb-pos=0.558150 rev sg-vel=3.660000 rps sg-acc=12.000000 rps2

=human= stepgen sg-cmd-pos=5.000000 rev sg-fb-pos=0.558150 rev sg-vel=3.660000 rps sg-acc=12.000000 rps2

[INFO] hw.pins: Pin step.fb set to 0.5618160000000005 (was 0.5581500000000005)
Pin step.fb set to 0.5618160000000005 (was 0.5581500000000005)
[INFO] hw.stepgen: =human= stepgen sg-cmd-pos=5.000000 rev sg-fb-pos=0.561816 rev sg-vel=3.672000 rps sg-acc=12.000000 rps2

=human= stepgen sg-cmd-pos=5.000000 rev sg-fb-pos=0.561816 rev sg-vel=3.672000 rps sg-acc=12.000000 rps2

[INFO] hw.pins: Pin step.fb set to 0.5654940000000005 (was 0.5618160000000005)
Pin step.fb set to 0.5654940000000005 (was 0.5618160000000005)
[INFO] hw.stepgen: =human= stepgen sg-cmd-pos=5.000000 rev sg-fb-pos=0.565494 rev sg-vel=3.684000 rps sg-acc=12.000000 rps2

=human= stepgen sg-cmd-pos=5.000000 rev sg-fb-pos=0.565494 rev sg-vel=3.684000 rps sg-acc=12.000000 rps2

[INFO] hw.pins: Pin step.fb set to 0.5691840000000005 (was 0.5654940000000005)
Pin step.fb set to 0.5691840000000005 (was 0.5654940000000005)
[INFO] hw.stepgen: =human= stepgen sg-cmd-pos=5.000000 rev sg-fb-pos=0.569184 rev sg-vel=3.696000 rps sg-acc=12.000000 rps2

=human= stepgen sg-cmd-pos=5.000000 rev sg-fb-pos=0.569184 rev sg-vel=3.696000 rps sg-acc=12.000000 rps2

[INFO] hw.pins: Pin step.fb set to 0.5728860000000005 (was 0.5691840000000005)
Pin step.fb set to 0.5728860000000005 (was 0.5691840000000005)
[INFO] hw.stepgen: =human= stepgen sg-cmd-pos=5.000000 rev sg-fb-pos=0.572886 rev sg-vel=3.708000 rps sg-acc=12.000000 rps2

=human= stepgen sg-cmd-pos=5.000000 rev sg-fb-pos=0.572886 rev sg-vel=3.708000 rps sg-acc=12.000000 rps2

[INFO] hw.pins: Pin step.fb set to 0.5766000000000004 (was 0.5728860000000005)
Pin step.fb set to 0.5766000000000004 (was 0.5728860000000005)
[INFO] hw.stepgen: =human= stepgen sg-cmd-pos=5.000000 rev sg-fb-pos=0.576600 rev sg-vel=3.720000 rps sg-acc=12.000000 rps2

=human= stepgen sg-cmd-pos=5.000000 rev sg-fb-pos=0.576600 rev sg-vel=3.720000 rps sg-acc=12.000000 rps2

[INFO] hw.pins: Pin step.fb set to 0.5803260000000005 (was 0.5766000000000004)
Pin step.fb set to 0.5803260000000005 (was 0.5766000000000004)
[INFO] hw.stepgen: =human= stepgen sg-cmd-pos=5.000000 rev sg-fb-pos=0.580326 rev sg-vel=3.732000 rps sg-acc=12.000000 rps2

=human= stepgen sg-cmd-pos=5.000000 rev sg-fb-pos=0.580326 rev sg-vel=3.732000 rps sg-acc=12.000000 rps2

[INFO] hw.pins: Pin step.fb set to 0.5840640000000005 (was 0.5803260000000005)
Pin step.fb set to 0.5840640000000005 (was 0.5803260000000005)
[INFO] hw.stepgen: =human= stepgen sg-cmd-pos=5.000000 rev sg-fb-pos=0.584064 rev sg-vel=3.744000 rps sg-acc=12.000000 rps2

=human= stepgen sg-cmd-pos=5.000000 rev sg-fb-pos=0.584064 rev sg-vel=3.744000 rps sg-acc=12.000000 rps2

[INFO] hw.pins: Pin step.fb set to 0.5878140000000005 (was 0.5840640000000005)
Pin step.fb set to 0.5878140000000005 (was 0.5840640000000005)
[INFO] hw.stepgen: =human= stepgen sg-cmd-pos=5.000000 rev sg-fb-pos=0.587814 rev sg-vel=3.756000 rps sg-acc=12.000000 rps2

=human= stepgen sg-cmd-pos=5.000000 rev sg-fb-pos=0.587814 rev sg-vel=3.756000 rps sg-acc=12.000000 rps2

[INFO] hw.pins: Pin step.fb set to 0.5915760000000005 (was 0.5878140000000005)
Pin step.fb set to 0.5915760000000005 (was 0.5878140000000005)
[INFO] hw.stepgen: =human= stepgen sg-cmd-pos=5.000000 rev sg-fb-pos=0.591576 rev sg-vel=3.768000 rps sg-acc=12.000000 rps2

=human= stepgen sg-cmd-pos=5.000000 rev sg-fb-pos=0.591576 rev sg-vel=3.768000 rps sg-acc=12.000000 rps2

[INFO] hw.pins: Pin step.fb set to 0.5953500000000006 (was 0.5915760000000005)
Pin step.fb set to 0.5953500000000006 (was 0.5915760000000005)
[INFO] hw.stepgen: =human= stepgen sg-cmd-pos=5.000000 rev sg-fb-pos=0.595350 rev sg-vel=3.780000 rps sg-acc=12.000000 rps2

=human= stepgen sg-cmd-pos=5.000000 rev sg-fb-pos=0.595350 rev sg-vel=3.780000 rps sg-acc=12.000000 rps2

[INFO] hw.pins: Pin step.fb set to 0.5991360000000006 (was 0.5953500000000006)
Pin step.fb set to 0.5991360000000006 (was 0.5953500000000006)
[INFO] hw.stepgen: =human= stepgen sg-cmd-pos=5.000000 rev sg-fb-pos=0.599136 rev sg-vel=3.792000 rps sg-acc=12.000000 rps2

=human= stepgen sg-cmd-pos=5.000000 rev sg-fb-pos=0.599136 rev sg-vel=3.792000 rps sg-acc=12.000000 rps2

[INFO] hw.pins: Pin step.fb set to 0.6029340000000005 (was 0.5991360000000006)
Pin step.fb set to 0.6029340000000005 (was 0.5991360000000006)
[INFO] hw.stepgen: =human= stepgen sg-cmd-pos=5.000000 rev sg-fb-pos=0.602934 rev sg-vel=3.804000 rps sg-acc=12.000000 rps2

=human= stepgen sg-cmd-pos=5.000000 rev sg-fb-pos=0.602934 rev sg-vel=3.804000 rps sg-acc=12.000000 rps2

[INFO] hw.pins: Pin step.fb set to 0.6067440000000005 (was 0.6029340000000005)
Pin step.fb set to 0.6067440000000005 (was 0.6029340000000005)
[INFO] hw.stepgen: =human= stepgen sg-cmd-pos=5.000000 rev sg-fb-pos=0.606744 rev sg-vel=3.816000 rps sg-acc=12.000000 rps2

=human= stepgen sg-cmd-pos=5.000000 rev sg-fb-pos=0.606744 rev sg-vel=3.816000 rps sg-acc=12.000000 rps2

[INFO] hw.pins: Pin step.fb set to 0.6105660000000005 (was 0.6067440000000005)
Pin step.fb set to 0.6105660000000005 (was 0.6067440000000005)
[INFO] hw.stepgen: =human= stepgen sg-cmd-pos=5.000000 rev sg-fb-pos=0.610566 rev sg-vel=3.828000 rps sg-acc=12.000000 rps2

=human= stepgen sg-cmd-pos=5.000000 rev sg-fb-pos=0.610566 rev sg-vel=3.828000 rps sg-acc=12.000000 rps2

[INFO] hw.pins: Pin step.fb set to 0.6144000000000005 (was 0.6105660000000005)
Pin step.fb set to 0.6144000000000005 (was 0.6105660000000005)
[INFO] hw.stepgen: =human= stepgen sg-cmd-pos=5.000000 rev sg-fb-pos=0.614400 rev sg-vel=3.840000 rps sg-acc=12.000000 rps2

=human= stepgen sg-cmd-pos=5.000000 rev sg-fb-pos=0.614400 rev sg-vel=3.840000 rps sg-acc=12.000000 rps2

[INFO] hw.pins: Pin step.fb set to 0.6182460000000005 (was 0.6144000000000005)
Pin step.fb set to 0.6182460000000005 (was 0.6144000000000005)
[INFO] hw.stepgen: =human= stepgen sg-cmd-pos=5.000000 rev sg-fb-pos=0.618246 rev sg-vel=3.852000 rps sg-acc=12.000000 rps2

=human= stepgen sg-cmd-pos=5.000000 rev sg-fb-pos=0.618246 rev sg-vel=3.852000 rps sg-acc=12.000000 rps2

[INFO] hw.pins: Pin step.fb set to 0.6221040000000005 (was 0.6182460000000005)
Pin step.fb set to 0.6221040000000005 (was 0.6182460000000005)
[INFO] hw.stepgen: =human= stepgen sg-cmd-pos=5.000000 rev sg-fb-pos=0.622104 rev sg-vel=3.864000 rps sg-acc=12.000000 rps2

=human= stepgen sg-cmd-pos=5.000000 rev sg-fb-pos=0.622104 rev sg-vel=3.864000 rps sg-acc=12.000000 rps2

[INFO] hw.pins: Pin step.fb set to 0.6259740000000006 (was 0.6221040000000005)
Pin step.fb set to 0.6259740000000006 (was 0.6221040000000005)
[INFO] hw.stepgen: =human= stepgen sg-cmd-pos=5.000000 rev sg-fb-pos=0.625974 rev sg-vel=3.876000 rps sg-acc=12.000000 rps2

=human= stepgen sg-cmd-pos=5.000000 rev sg-fb-pos=0.625974 rev sg-vel=3.876000 rps sg-acc=12.000000 rps2

[INFO] hw.pins: Pin step.fb set to 0.6298560000000006 (was 0.6259740000000006)
Pin step.fb set to 0.6298560000000006 (was 0.6259740000000006)
[INFO] hw.stepgen: =human= stepgen sg-cmd-pos=5.000000 rev sg-fb-pos=0.629856 rev sg-vel=3.888000 rps sg-acc=12.000000 rps2

=human= stepgen sg-cmd-pos=5.000000 rev sg-fb-pos=0.629856 rev sg-vel=3.888000 rps sg-acc=12.000000 rps2

[INFO] hw.pins: Pin step.fb set to 0.6337500000000006 (was 0.6298560000000006)
Pin step.fb set to 0.6337500000000006 (was 0.6298560000000006)
[INFO] hw.stepgen: =human= stepgen sg-cmd-pos=5.000000 rev sg-fb-pos=0.633750 rev sg-vel=3.900000 rps sg-acc=12.000000 rps2

=human= stepgen sg-cmd-pos=5.000000 rev sg-fb-pos=0.633750 rev sg-vel=3.900000 rps sg-acc=12.000000 rps2

[INFO] hw.pins: Pin step.fb set to 0.6376560000000006 (was 0.6337500000000006)
Pin step.fb set to 0.6376560000000006 (was 0.6337500000000006)
[INFO] hw.stepgen: =human= stepgen sg-cmd-pos=5.000000 rev sg-fb-pos=0.637656 rev sg-vel=3.912000 rps sg-acc=12.000000 rps2

=human= stepgen sg-cmd-pos=5.000000 rev sg-fb-pos=0.637656 rev sg-vel=3.912000 rps sg-acc=12.000000 rps2

[INFO] hw.pins: Pin step.fb set to 0.6415740000000005 (was 0.6376560000000006)
Pin step.fb set to 0.6415740000000005 (was 0.6376560000000006)
[INFO] hw.stepgen: =human= stepgen sg-cmd-pos=5.000000 rev sg-fb-pos=0.641574 rev sg-vel=3.924000 rps sg-acc=12.000000 rps2

=human= stepgen sg-cmd-pos=5.000000 rev sg-fb-pos=0.641574 rev sg-vel=3.924000 rps sg-acc=12.000000 rps2

[INFO] hw.pins: Pin step.fb set to 0.6455040000000005 (was 0.6415740000000005)
Pin step.fb set to 0.6455040000000005 (was 0.6415740000000005)
[INFO] hw.stepgen: =human= stepgen sg-cmd-pos=5.000000 rev sg-fb-pos=0.645504 rev sg-vel=3.936000 rps sg-acc=12.000000 rps2

=human= stepgen sg-cmd-pos=5.000000 rev sg-fb-pos=0.645504 rev sg-vel=3.936000 rps sg-acc=12.000000 rps2

[INFO] hw.pins: Pin step.fb set to 0.6494460000000005 (was 0.6455040000000005)
Pin step.fb set to 0.6494460000000005 (was 0.6455040000000005)
[INFO] hw.stepgen: =human= stepgen sg-cmd-pos=5.000000 rev sg-fb-pos=0.649446 rev sg-vel=3.948000 rps sg-acc=12.000000 rps2

=human= stepgen sg-cmd-pos=5.000000 rev sg-fb-pos=0.649446 rev sg-vel=3.948000 rps sg-acc=12.000000 rps2

[INFO] hw.pins: Pin step.fb set to 0.6534000000000005 (was 0.6494460000000005)
Pin step.fb set to 0.6534000000000005 (was 0.6494460000000005)
[INFO] hw.stepgen: =human= stepgen sg-cmd-pos=5.000000 rev sg-fb-pos=0.653400 rev sg-vel=3.960000 rps sg-acc=12.000000 rps2

=human= stepgen sg-cmd-pos=5.000000 rev sg-fb-pos=0.653400 rev sg-vel=3.960000 rps sg-acc=12.000000 rps2

[INFO] hw.pins: Pin step.fb set to 0.6573660000000006 (was 0.6534000000000005)
Pin step.fb set to 0.6573660000000006 (was 0.6534000000000005)
[INFO] hw.stepgen: =human= stepgen sg-cmd-pos=5.000000 rev sg-fb-pos=0.657366 rev sg-vel=3.972000 rps sg-acc=12.000000 rps2

=human= stepgen sg-cmd-pos=5.000000 rev sg-fb-pos=0.657366 rev sg-vel=3.972000 rps sg-acc=12.000000 rps2

[INFO] hw.pins: Pin step.fb set to 0.6613440000000006 (was 0.6573660000000006)
Pin step.fb set to 0.6613440000000006 (was 0.6573660000000006)
[INFO] hw.stepgen: =human= stepgen sg-cmd-pos=5.000000 rev sg-fb-pos=0.661344 rev sg-vel=3.984000 rps sg-acc=12.000000 rps2

=human= stepgen sg-cmd-pos=5.000000 rev sg-fb-pos=0.661344 rev sg-vel=3.984000 rps sg-acc=12.000000 rps2

[INFO] hw.pins: Pin step.fb set to 0.6653340000000006 (was 0.6613440000000006)
Pin step.fb set to 0.6653340000000006 (was 0.6613440000000006)
[INFO] hw.stepgen: =human= stepgen sg-cmd-pos=5.000000 rev sg-fb-pos=0.665334 rev sg-vel=3.996000 rps sg-acc=12.000000 rps2

=human= stepgen sg-cmd-pos=5.000000 rev sg-fb-pos=0.665334 rev sg-vel=3.996000 rps sg-acc=12.000000 rps2

[INFO] hw.pins: Pin step.fb set to 0.6693360000000006 (was 0.6653340000000006)
Pin step.fb set to 0.6693360000000006 (was 0.6653340000000006)
[INFO] hw.stepgen: =human= stepgen sg-cmd-pos=5.000000 rev sg-fb-pos=0.669336 rev sg-vel=4.008000 rps sg-acc=12.000000 rps2

=human= stepgen sg-cmd-pos=5.000000 rev sg-fb-pos=0.669336 rev sg-vel=4.008000 rps sg-acc=12.000000 rps2

[INFO] hw.pins: Pin step.fb set to 0.6733500000000006 (was 0.6693360000000006)
Pin step.fb set to 0.6733500000000006 (was 0.6693360000000006)
[INFO] hw.stepgen: =human= stepgen sg-cmd-pos=5.000000 rev sg-fb-pos=0.673350 rev sg-vel=4.020000 rps sg-acc=12.000000 rps2

=human= stepgen sg-cmd-pos=5.000000 rev sg-fb-pos=0.673350 rev sg-vel=4.020000 rps sg-acc=12.000000 rps2

[INFO] hw.pins: Pin step.fb set to 0.6773760000000005 (was 0.6733500000000006)
Pin step.fb set to 0.6773760000000005 (was 0.6733500000000006)
[INFO] hw.stepgen: =human= stepgen sg-cmd-pos=5.000000 rev sg-fb-pos=0.677376 rev sg-vel=4.032000 rps sg-acc=12.000000 rps2

=human= stepgen sg-cmd-pos=5.000000 rev sg-fb-pos=0.677376 rev sg-vel=4.032000 rps sg-acc=12.000000 rps2

[INFO] hw.pins: Pin step.fb set to 0.6814140000000005 (was 0.6773760000000005)
Pin step.fb set to 0.6814140000000005 (was 0.6773760000000005)
[INFO] hw.stepgen: =human= stepgen sg-cmd-pos=5.000000 rev sg-fb-pos=0.681414 rev sg-vel=4.044000 rps sg-acc=12.000000 rps2

=human= stepgen sg-cmd-pos=5.000000 rev sg-fb-pos=0.681414 rev sg-vel=4.044000 rps sg-acc=12.000000 rps2

[INFO] hw.pins: Pin step.fb set to 0.6854640000000005 (was 0.6814140000000005)
Pin step.fb set to 0.6854640000000005 (was 0.6814140000000005)
[INFO] hw.stepgen: =human= stepgen sg-cmd-pos=5.000000 rev sg-fb-pos=0.685464 rev sg-vel=4.056000 rps sg-acc=12.000000 rps2

=human= stepgen sg-cmd-pos=5.000000 rev sg-fb-pos=0.685464 rev sg-vel=4.056000 rps sg-acc=12.000000 rps2

[INFO] hw.pins: Pin step.fb set to 0.6895260000000005 (was 0.6854640000000005)
Pin step.fb set to 0.6895260000000005 (was 0.6854640000000005)
[INFO] hw.stepgen: =human= stepgen sg-cmd-pos=5.000000 rev sg-fb-pos=0.689526 rev sg-vel=4.068000 rps sg-acc=12.000000 rps2

=human= stepgen sg-cmd-pos=5.000000 rev sg-fb-pos=0.689526 rev sg-vel=4.068000 rps sg-acc=12.000000 rps2

[INFO] hw.pins: Pin step.fb set to 0.6936000000000005 (was 0.6895260000000005)
Pin step.fb set to 0.6936000000000005 (was 0.6895260000000005)
[INFO] hw.stepgen: =human= stepgen sg-cmd-pos=5.000000 rev sg-fb-pos=0.693600 rev sg-vel=4.080000 rps sg-acc=12.000000 rps2

=human= stepgen sg-cmd-pos=5.000000 rev sg-fb-pos=0.693600 rev sg-vel=4.080000 rps sg-acc=12.000000 rps2

[INFO] hw.pins: Pin step.fb set to 0.6976860000000006 (was 0.6936000000000005)
Pin step.fb set to 0.6976860000000006 (was 0.6936000000000005)
[INFO] hw.stepgen: =human= stepgen sg-cmd-pos=5.000000 rev sg-fb-pos=0.697686 rev sg-vel=4.092000 rps sg-acc=12.000000 rps2

=human= stepgen sg-cmd-pos=5.000000 rev sg-fb-pos=0.697686 rev sg-vel=4.092000 rps sg-acc=12.000000 rps2

[INFO] hw.pins: Pin step.fb set to 0.7017840000000006 (was 0.6976860000000006)
Pin step.fb set to 0.7017840000000006 (was 0.6976860000000006)
[INFO] hw.stepgen: =human= stepgen sg-cmd-pos=5.000000 rev sg-fb-pos=0.701784 rev sg-vel=4.104000 rps sg-acc=12.000000 rps2

=human= stepgen sg-cmd-pos=5.000000 rev sg-fb-pos=0.701784 rev sg-vel=4.104000 rps sg-acc=12.000000 rps2

[INFO] hw.pins: Pin step.fb set to 0.7058940000000006 (was 0.7017840000000006)
Pin step.fb set to 0.7058940000000006 (was 0.7017840000000006)
[INFO] hw.stepgen: =human= stepgen sg-cmd-pos=5.000000 rev sg-fb-pos=0.705894 rev sg-vel=4.116000 rps sg-acc=12.000000 rps2

=human= stepgen sg-cmd-pos=5.000000 rev sg-fb-pos=0.705894 rev sg-vel=4.116000 rps sg-acc=12.000000 rps2

[INFO] hw.pins: Pin step.fb set to 0.7100160000000005 (was 0.7058940000000006)
Pin step.fb set to 0.7100160000000005 (was 0.7058940000000006)
[INFO] hw.stepgen: =human= stepgen sg-cmd-pos=5.000000 rev sg-fb-pos=0.710016 rev sg-vel=4.128000 rps sg-acc=12.000000 rps2

=human= stepgen sg-cmd-pos=5.000000 rev sg-fb-pos=0.710016 rev sg-vel=4.128000 rps sg-acc=12.000000 rps2

[INFO] hw.pins: Pin step.fb set to 0.7141500000000005 (was 0.7100160000000005)
Pin step.fb set to 0.7141500000000005 (was 0.7100160000000005)
[INFO] hw.stepgen: =human= stepgen sg-cmd-pos=5.000000 rev sg-fb-pos=0.714150 rev sg-vel=4.140000 rps sg-acc=12.000000 rps2

=human= stepgen sg-cmd-pos=5.000000 rev sg-fb-pos=0.714150 rev sg-vel=4.140000 rps sg-acc=12.000000 rps2

[INFO] hw.pins: Pin step.fb set to 0.7182960000000005 (was 0.7141500000000005)
Pin step.fb set to 0.7182960000000005 (was 0.7141500000000005)
[INFO] hw.stepgen: =human= stepgen sg-cmd-pos=5.000000 rev sg-fb-pos=0.718296 rev sg-vel=4.152000 rps sg-acc=12.000000 rps2

=human= stepgen sg-cmd-pos=5.000000 rev sg-fb-pos=0.718296 rev sg-vel=4.152000 rps sg-acc=12.000000 rps2

[INFO] hw.pins: Pin step.fb set to 0.7224540000000005 (was 0.7182960000000005)
Pin step.fb set to 0.7224540000000005 (was 0.7182960000000005)
[INFO] hw.stepgen: =human= stepgen sg-cmd-pos=5.000000 rev sg-fb-pos=0.722454 rev sg-vel=4.164000 rps sg-acc=12.000000 rps2

=human= stepgen sg-cmd-pos=5.000000 rev sg-fb-pos=0.722454 rev sg-vel=4.164000 rps sg-acc=12.000000 rps2

[INFO] hw.pins: Pin step.fb set to 0.7266240000000005 (was 0.7224540000000005)
Pin step.fb set to 0.7266240000000005 (was 0.7224540000000005)
[INFO] hw.stepgen: =human= stepgen sg-cmd-pos=5.000000 rev sg-fb-pos=0.726624 rev sg-vel=4.176000 rps sg-acc=12.000000 rps2

=human= stepgen sg-cmd-pos=5.000000 rev sg-fb-pos=0.726624 rev sg-vel=4.176000 rps sg-acc=12.000000 rps2

[INFO] hw.pins: Pin step.fb set to 0.7308060000000005 (was 0.7266240000000005)
Pin step.fb set to 0.7308060000000005 (was 0.7266240000000005)
[INFO] hw.stepgen: =human= stepgen sg-cmd-pos=5.000000 rev sg-fb-pos=0.730806 rev sg-vel=4.188000 rps sg-acc=12.000000 rps2

=human= stepgen sg-cmd-pos=5.000000 rev sg-fb-pos=0.730806 rev sg-vel=4.188000 rps sg-acc=12.000000 rps2

[INFO] hw.pins: Pin step.fb set to 0.7350000000000005 (was 0.7308060000000005)
Pin step.fb set to 0.7350000000000005 (was 0.7308060000000005)
[INFO] hw.stepgen: =human= stepgen sg-cmd-pos=5.000000 rev sg-fb-pos=0.735000 rev sg-vel=4.200000 rps sg-acc=12.000000 rps2

=human= stepgen sg-cmd-pos=5.000000 rev sg-fb-pos=0.735000 rev sg-vel=4.200000 rps sg-acc=12.000000 rps2

[INFO] hw.pins: Pin step.fb set to 0.7392060000000006 (was 0.7350000000000005)
Pin step.fb set to 0.7392060000000006 (was 0.7350000000000005)
[INFO] hw.stepgen: =human= stepgen sg-cmd-pos=5.000000 rev sg-fb-pos=0.739206 rev sg-vel=4.212000 rps sg-acc=12.000000 rps2

=human= stepgen sg-cmd-pos=5.000000 rev sg-fb-pos=0.739206 rev sg-vel=4.212000 rps sg-acc=12.000000 rps2

[INFO] hw.pins: Pin step.fb set to 0.7434240000000005 (was 0.7392060000000006)
Pin step.fb set to 0.7434240000000005 (was 0.7392060000000006)
[INFO] hw.stepgen: =human= stepgen sg-cmd-pos=5.000000 rev sg-fb-pos=0.743424 rev sg-vel=4.224000 rps sg-acc=12.000000 rps2

=human= stepgen sg-cmd-pos=5.000000 rev sg-fb-pos=0.743424 rev sg-vel=4.224000 rps sg-acc=12.000000 rps2

[INFO] hw.pins: Pin step.fb set to 0.7476540000000005 (was 0.7434240000000005)
Pin step.fb set to 0.7476540000000005 (was 0.7434240000000005)
[INFO] hw.stepgen: =human= stepgen sg-cmd-pos=5.000000 rev sg-fb-pos=0.747654 rev sg-vel=4.236000 rps sg-acc=12.000000 rps2

=human= stepgen sg-cmd-pos=5.000000 rev sg-fb-pos=0.747654 rev sg-vel=4.236000 rps sg-acc=12.000000 rps2

[INFO] hw.pins: Pin step.fb set to 0.7518960000000005 (was 0.7476540000000005)
Pin step.fb set to 0.7518960000000005 (was 0.7476540000000005)
[INFO] hw.stepgen: =human= stepgen sg-cmd-pos=5.000000 rev sg-fb-pos=0.751896 rev sg-vel=4.248000 rps sg-acc=12.000000 rps2

=human= stepgen sg-cmd-pos=5.000000 rev sg-fb-pos=0.751896 rev sg-vel=4.248000 rps sg-acc=12.000000 rps2

[INFO] hw.pins: Pin step.fb set to 0.7561500000000004 (was 0.7518960000000005)
Pin step.fb set to 0.7561500000000004 (was 0.7518960000000005)
[INFO] hw.stepgen: =human= stepgen sg-cmd-pos=5.000000 rev sg-fb-pos=0.756150 rev sg-vel=4.260000 rps sg-acc=12.000000 rps2

=human= stepgen sg-cmd-pos=5.000000 rev sg-fb-pos=0.756150 rev sg-vel=4.260000 rps sg-acc=12.000000 rps2

[INFO] hw.pins: Pin step.fb set to 0.7604160000000004 (was 0.7561500000000004)
Pin step.fb set to 0.7604160000000004 (was 0.7561500000000004)
[INFO] hw.stepgen: =human= stepgen sg-cmd-pos=5.000000 rev sg-fb-pos=0.760416 rev sg-vel=4.272000 rps sg-acc=12.000000 rps2

=human= stepgen sg-cmd-pos=5.000000 rev sg-fb-pos=0.760416 rev sg-vel=4.272000 rps sg-acc=12.000000 rps2

[INFO] hw.pins: Pin step.fb set to 0.7646940000000004 (was 0.7604160000000004)
Pin step.fb set to 0.7646940000000004 (was 0.7604160000000004)
[INFO] hw.stepgen: =human= stepgen sg-cmd-pos=5.000000 rev sg-fb-pos=0.764694 rev sg-vel=4.284000 rps sg-acc=12.000000 rps2

=human= stepgen sg-cmd-pos=5.000000 rev sg-fb-pos=0.764694 rev sg-vel=4.284000 rps sg-acc=12.000000 rps2

[INFO] hw.pins: Pin step.fb set to 0.7689840000000004 (was 0.7646940000000004)
Pin step.fb set to 0.7689840000000004 (was 0.7646940000000004)
[INFO] hw.stepgen: =human= stepgen sg-cmd-pos=5.000000 rev sg-fb-pos=0.768984 rev sg-vel=4.296000 rps sg-acc=12.000000 rps2

=human= stepgen sg-cmd-pos=5.000000 rev sg-fb-pos=0.768984 rev sg-vel=4.296000 rps sg-acc=12.000000 rps2

[INFO] hw.pins: Pin step.fb set to 0.7732860000000005 (was 0.7689840000000004)
Pin step.fb set to 0.7732860000000005 (was 0.7689840000000004)
[INFO] hw.stepgen: =human= stepgen sg-cmd-pos=5.000000 rev sg-fb-pos=0.773286 rev sg-vel=4.308000 rps sg-acc=12.000000 rps2

=human= stepgen sg-cmd-pos=5.000000 rev sg-fb-pos=0.773286 rev sg-vel=4.308000 rps sg-acc=12.000000 rps2

[INFO] hw.pins: Pin step.fb set to 0.7776000000000005 (was 0.7732860000000005)
Pin step.fb set to 0.7776000000000005 (was 0.7732860000000005)
[INFO] hw.stepgen: =human= stepgen sg-cmd-pos=5.000000 rev sg-fb-pos=0.777600 rev sg-vel=4.320000 rps sg-acc=12.000000 rps2

=human= stepgen sg-cmd-pos=5.000000 rev sg-fb-pos=0.777600 rev sg-vel=4.320000 rps sg-acc=12.000000 rps2

[INFO] hw.pins: Pin step.fb set to 0.7819260000000005 (was 0.7776000000000005)
Pin step.fb set to 0.7819260000000005 (was 0.7776000000000005)
[INFO] hw.stepgen: =human= stepgen sg-cmd-pos=5.000000 rev sg-fb-pos=0.781926 rev sg-vel=4.332000 rps sg-acc=12.000000 rps2

=human= stepgen sg-cmd-pos=5.000000 rev sg-fb-pos=0.781926 rev sg-vel=4.332000 rps sg-acc=12.000000 rps2

[INFO] hw.pins: Pin step.fb set to 0.7862640000000004 (was 0.7819260000000005)
Pin step.fb set to 0.7862640000000004 (was 0.7819260000000005)
[INFO] hw.stepgen: =human= stepgen sg-cmd-pos=5.000000 rev sg-fb-pos=0.786264 rev sg-vel=4.344000 rps sg-acc=12.000000 rps2

=human= stepgen sg-cmd-pos=5.000000 rev sg-fb-pos=0.786264 rev sg-vel=4.344000 rps sg-acc=12.000000 rps2

[INFO] hw.pins: Pin step.fb set to 0.7906140000000004 (was 0.7862640000000004)
Pin step.fb set to 0.7906140000000004 (was 0.7862640000000004)
[INFO] hw.stepgen: =human= stepgen sg-cmd-pos=5.000000 rev sg-fb-pos=0.790614 rev sg-vel=4.356000 rps sg-acc=12.000000 rps2

=human= stepgen sg-cmd-pos=5.000000 rev sg-fb-pos=0.790614 rev sg-vel=4.356000 rps sg-acc=12.000000 rps2

[INFO] hw.pins: Pin step.fb set to 0.7949760000000003 (was 0.7906140000000004)
Pin step.fb set to 0.7949760000000003 (was 0.7906140000000004)
[INFO] hw.stepgen: =human= stepgen sg-cmd-pos=5.000000 rev sg-fb-pos=0.794976 rev sg-vel=4.368000 rps sg-acc=12.000000 rps2

=human= stepgen sg-cmd-pos=5.000000 rev sg-fb-pos=0.794976 rev sg-vel=4.368000 rps sg-acc=12.000000 rps2

[INFO] hw.pins: Pin step.fb set to 0.7993500000000003 (was 0.7949760000000003)
Pin step.fb set to 0.7993500000000003 (was 0.7949760000000003)
[INFO] hw.stepgen: =human= stepgen sg-cmd-pos=5.000000 rev sg-fb-pos=0.799350 rev sg-vel=4.380000 rps sg-acc=12.000000 rps2

=human= stepgen sg-cmd-pos=5.000000 rev sg-fb-pos=0.799350 rev sg-vel=4.380000 rps sg-acc=12.000000 rps2

[INFO] hw.pins: Pin step.fb set to 0.8037360000000003 (was 0.7993500000000003)
Pin step.fb set to 0.8037360000000003 (was 0.7993500000000003)
[INFO] hw.stepgen: =human= stepgen sg-cmd-pos=5.000000 rev sg-fb-pos=0.803736 rev sg-vel=4.392000 rps sg-acc=12.000000 rps2

=human= stepgen sg-cmd-pos=5.000000 rev sg-fb-pos=0.803736 rev sg-vel=4.392000 rps sg-acc=12.000000 rps2

[INFO] hw.pins: Pin step.fb set to 0.8081340000000004 (was 0.8037360000000003)
Pin step.fb set to 0.8081340000000004 (was 0.8037360000000003)
[INFO] hw.stepgen: =human= stepgen sg-cmd-pos=5.000000 rev sg-fb-pos=0.808134 rev sg-vel=4.404000 rps sg-acc=12.000000 rps2

=human= stepgen sg-cmd-pos=5.000000 rev sg-fb-pos=0.808134 rev sg-vel=4.404000 rps sg-acc=12.000000 rps2

[INFO] hw.pins: Pin step.fb set to 0.8125440000000004 (was 0.8081340000000004)
Pin step.fb set to 0.8125440000000004 (was 0.8081340000000004)
[INFO] hw.stepgen: =human= stepgen sg-cmd-pos=5.000000 rev sg-fb-pos=0.812544 rev sg-vel=4.416000 rps sg-acc=12.000000 rps2

=human= stepgen sg-cmd-pos=5.000000 rev sg-fb-pos=0.812544 rev sg-vel=4.416000 rps sg-acc=12.000000 rps2

[INFO] hw.pins: Pin step.fb set to 0.8169660000000004 (was 0.8125440000000004)
Pin step.fb set to 0.8169660000000004 (was 0.8125440000000004)
[INFO] hw.stepgen: =human= stepgen sg-cmd-pos=5.000000 rev sg-fb-pos=0.816966 rev sg-vel=4.428000 rps sg-acc=12.000000 rps2

=human= stepgen sg-cmd-pos=5.000000 rev sg-fb-pos=0.816966 rev sg-vel=4.428000 rps sg-acc=12.000000 rps2

[INFO] hw.pins: Pin step.fb set to 0.8214000000000004 (was 0.8169660000000004)
Pin step.fb set to 0.8214000000000004 (was 0.8169660000000004)
[INFO] hw.stepgen: =human= stepgen sg-cmd-pos=5.000000 rev sg-fb-pos=0.821400 rev sg-vel=4.440000 rps sg-acc=12.000000 rps2

=human= stepgen sg-cmd-pos=5.000000 rev sg-fb-pos=0.821400 rev sg-vel=4.440000 rps sg-acc=12.000000 rps2

[INFO] hw.pins: Pin step.fb set to 0.8258460000000003 (was 0.8214000000000004)
Pin step.fb set to 0.8258460000000003 (was 0.8214000000000004)
[INFO] hw.stepgen: =human= stepgen sg-cmd-pos=5.000000 rev sg-fb-pos=0.825846 rev sg-vel=4.452000 rps sg-acc=12.000000 rps2

=human= stepgen sg-cmd-pos=5.000000 rev sg-fb-pos=0.825846 rev sg-vel=4.452000 rps sg-acc=12.000000 rps2

[INFO] hw.pins: Pin step.fb set to 0.8303040000000003 (was 0.8258460000000003)
Pin step.fb set to 0.8303040000000003 (was 0.8258460000000003)
[INFO] hw.stepgen: =human= stepgen sg-cmd-pos=5.000000 rev sg-fb-pos=0.830304 rev sg-vel=4.464000 rps sg-acc=12.000000 rps2

=human= stepgen sg-cmd-pos=5.000000 rev sg-fb-pos=0.830304 rev sg-vel=4.464000 rps sg-acc=12.000000 rps2

[INFO] hw.pins: Pin step.fb set to 0.8347740000000002 (was 0.8303040000000003)
Pin step.fb set to 0.8347740000000002 (was 0.8303040000000003)
[INFO] hw.stepgen: =human= stepgen sg-cmd-pos=5.000000 rev sg-fb-pos=0.834774 rev sg-vel=4.476000 rps sg-acc=12.000000 rps2

=human= stepgen sg-cmd-pos=5.000000 rev sg-fb-pos=0.834774 rev sg-vel=4.476000 rps sg-acc=12.000000 rps2

[INFO] hw.pins: Pin step.fb set to 0.8392560000000002 (was 0.8347740000000002)
Pin step.fb set to 0.8392560000000002 (was 0.8347740000000002)
[INFO] hw.stepgen: =human= stepgen sg-cmd-pos=5.000000 rev sg-fb-pos=0.839256 rev sg-vel=4.488000 rps sg-acc=12.000000 rps2

=human= stepgen sg-cmd-pos=5.000000 rev sg-fb-pos=0.839256 rev sg-vel=4.488000 rps sg-acc=12.000000 rps2

[INFO] hw.pins: Pin step.fb set to 0.8437500000000002 (was 0.8392560000000002)
Pin step.fb set to 0.8437500000000002 (was 0.8392560000000002)
[INFO] hw.stepgen: =human= stepgen sg-cmd-pos=5.000000 rev sg-fb-pos=0.843750 rev sg-vel=4.500000 rps sg-acc=12.000000 rps2

=human= stepgen sg-cmd-pos=5.000000 rev sg-fb-pos=0.843750 rev sg-vel=4.500000 rps sg-acc=12.000000 rps2

[INFO] hw.pins: Pin step.fb set to 0.8482560000000002 (was 0.8437500000000002)
Pin step.fb set to 0.8482560000000002 (was 0.8437500000000002)
[INFO] hw.stepgen: =human= stepgen sg-cmd-pos=5.000000 rev sg-fb-pos=0.848256 rev sg-vel=4.512000 rps sg-acc=12.000000 rps2

=human= stepgen sg-cmd-pos=5.000000 rev sg-fb-pos=0.848256 rev sg-vel=4.512000 rps sg-acc=12.000000 rps2

[INFO] hw.pins: Pin step.fb set to 0.8527740000000003 (was 0.8482560000000002)
Pin step.fb set to 0.8527740000000003 (was 0.8482560000000002)
[INFO] hw.stepgen: =human= stepgen sg-cmd-pos=5.000000 rev sg-fb-pos=0.852774 rev sg-vel=4.524000 rps sg-acc=12.000000 rps2

=human= stepgen sg-cmd-pos=5.000000 rev sg-fb-pos=0.852774 rev sg-vel=4.524000 rps sg-acc=12.000000 rps2

[INFO] hw.pins: Pin step.fb set to 0.8573040000000003 (was 0.8527740000000003)
Pin step.fb set to 0.8573040000000003 (was 0.8527740000000003)
[INFO] hw.stepgen: =human= stepgen sg-cmd-pos=5.000000 rev sg-fb-pos=0.857304 rev sg-vel=4.536000 rps sg-acc=12.000000 rps2

=human= stepgen sg-cmd-pos=5.000000 rev sg-fb-pos=0.857304 rev sg-vel=4.536000 rps sg-acc=12.000000 rps2

[INFO] hw.pins: Pin step.fb set to 0.8618460000000002 (was 0.8573040000000003)
Pin step.fb set to 0.8618460000000002 (was 0.8573040000000003)
[INFO] hw.stepgen: =human= stepgen sg-cmd-pos=5.000000 rev sg-fb-pos=0.861846 rev sg-vel=4.548000 rps sg-acc=12.000000 rps2

=human= stepgen sg-cmd-pos=5.000000 rev sg-fb-pos=0.861846 rev sg-vel=4.548000 rps sg-acc=12.000000 rps2

[INFO] hw.pins: Pin step.fb set to 0.8664000000000002 (was 0.8618460000000002)
Pin step.fb set to 0.8664000000000002 (was 0.8618460000000002)
[INFO] hw.stepgen: =human= stepgen sg-cmd-pos=5.000000 rev sg-fb-pos=0.866400 rev sg-vel=4.560000 rps sg-acc=12.000000 rps2

=human= stepgen sg-cmd-pos=5.000000 rev sg-fb-pos=0.866400 rev sg-vel=4.560000 rps sg-acc=12.000000 rps2

[INFO] hw.pins: Pin step.fb set to 0.8709660000000001 (was 0.8664000000000002)
Pin step.fb set to 0.8709660000000001 (was 0.8664000000000002)
[INFO] hw.stepgen: =human= stepgen sg-cmd-pos=5.000000 rev sg-fb-pos=0.870966 rev sg-vel=4.572000 rps sg-acc=12.000000 rps2

=human= stepgen sg-cmd-pos=5.000000 rev sg-fb-pos=0.870966 rev sg-vel=4.572000 rps sg-acc=12.000000 rps2

[INFO] hw.pins: Pin step.fb set to 0.8755440000000001 (was 0.8709660000000001)
Pin step.fb set to 0.8755440000000001 (was 0.8709660000000001)
[INFO] hw.stepgen: =human= stepgen sg-cmd-pos=5.000000 rev sg-fb-pos=0.875544 rev sg-vel=4.584000 rps sg-acc=12.000000 rps2

=human= stepgen sg-cmd-pos=5.000000 rev sg-fb-pos=0.875544 rev sg-vel=4.584000 rps sg-acc=12.000000 rps2

[INFO] hw.pins: Pin step.fb set to 0.8801340000000001 (was 0.8755440000000001)
Pin step.fb set to 0.8801340000000001 (was 0.8755440000000001)
[INFO] hw.stepgen: =human= stepgen sg-cmd-pos=5.000000 rev sg-fb-pos=0.880134 rev sg-vel=4.596000 rps sg-acc=12.000000 rps2

=human= stepgen sg-cmd-pos=5.000000 rev sg-fb-pos=0.880134 rev sg-vel=4.596000 rps sg-acc=12.000000 rps2

[INFO] hw.pins: Pin step.fb set to 0.8847360000000001 (was 0.8801340000000001)
Pin step.fb set to 0.8847360000000001 (was 0.8801340000000001)
[INFO] hw.stepgen: =human= stepgen sg-cmd-pos=5.000000 rev sg-fb-pos=0.884736 rev sg-vel=4.608000 rps sg-acc=12.000000 rps2

=human= stepgen sg-cmd-pos=5.000000 rev sg-fb-pos=0.884736 rev sg-vel=4.608000 rps sg-acc=12.000000 rps2

[INFO] hw.pins: Pin step.fb set to 0.8893500000000001 (was 0.8847360000000001)
Pin step.fb set to 0.8893500000000001 (was 0.8847360000000001)
[INFO] hw.stepgen: =human= stepgen sg-cmd-pos=5.000000 rev sg-fb-pos=0.889350 rev sg-vel=4.620000 rps sg-acc=12.000000 rps2

=human= stepgen sg-cmd-pos=5.000000 rev sg-fb-pos=0.889350 rev sg-vel=4.620000 rps sg-acc=12.000000 rps2

[INFO] hw.pins: Pin step.fb set to 0.8939760000000001 (was 0.8893500000000001)
Pin step.fb set to 0.8939760000000001 (was 0.8893500000000001)
[INFO] hw.stepgen: =human= stepgen sg-cmd-pos=5.000000 rev sg-fb-pos=0.893976 rev sg-vel=4.632000 rps sg-acc=12.000000 rps2

=human= stepgen sg-cmd-pos=5.000000 rev sg-fb-pos=0.893976 rev sg-vel=4.632000 rps sg-acc=12.000000 rps2

[INFO] hw.pins: Pin step.fb set to 0.8986140000000001 (was 0.8939760000000001)
Pin step.fb set to 0.8986140000000001 (was 0.8939760000000001)
[INFO] hw.stepgen: =human= stepgen sg-cmd-pos=5.000000 rev sg-fb-pos=0.898614 rev sg-vel=4.644000 rps sg-acc=12.000000 rps2

=human= stepgen sg-cmd-pos=5.000000 rev sg-fb-pos=0.898614 rev sg-vel=4.644000 rps sg-acc=12.000000 rps2

[INFO] hw.pins: Pin step.fb set to 0.9032640000000001 (was 0.8986140000000001)
Pin step.fb set to 0.9032640000000001 (was 0.8986140000000001)
[INFO] hw.stepgen: =human= stepgen sg-cmd-pos=5.000000 rev sg-fb-pos=0.903264 rev sg-vel=4.656000 rps sg-acc=12.000000 rps2

=human= stepgen sg-cmd-pos=5.000000 rev sg-fb-pos=0.903264 rev sg-vel=4.656000 rps sg-acc=12.000000 rps2

[INFO] hw.pins: Pin step.fb set to 0.907926 (was 0.9032640000000001)
Pin step.fb set to 0.907926 (was 0.9032640000000001)
[INFO] hw.stepgen: =human= stepgen sg-cmd-pos=5.000000 rev sg-fb-pos=0.907926 rev sg-vel=4.668000 rps sg-acc=12.000000 rps2

=human= stepgen sg-cmd-pos=5.000000 rev sg-fb-pos=0.907926 rev sg-vel=4.668000 rps sg-acc=12.000000 rps2

[INFO] hw.pins: Pin step.fb set to 0.9126 (was 0.907926)
Pin step.fb set to 0.9126 (was 0.907926)
[INFO] hw.stepgen: =human= stepgen sg-cmd-pos=5.000000 rev sg-fb-pos=0.912600 rev sg-vel=4.680000 rps sg-acc=12.000000 rps2

=human= stepgen sg-cmd-pos=5.000000 rev sg-fb-pos=0.912600 rev sg-vel=4.680000 rps sg-acc=12.000000 rps2

[INFO] hw.pins: Pin step.fb set to 0.9172859999999999 (was 0.9126)
Pin step.fb set to 0.9172859999999999 (was 0.9126)
[INFO] hw.stepgen: =human= stepgen sg-cmd-pos=5.000000 rev sg-fb-pos=0.917286 rev sg-vel=4.692000 rps sg-acc=12.000000 rps2

=human= stepgen sg-cmd-pos=5.000000 rev sg-fb-pos=0.917286 rev sg-vel=4.692000 rps sg-acc=12.000000 rps2

[INFO] hw.pins: Pin step.fb set to 0.9219839999999999 (was 0.9172859999999999)
Pin step.fb set to 0.9219839999999999 (was 0.9172859999999999)
[INFO] hw.stepgen: =human= stepgen sg-cmd-pos=5.000000 rev sg-fb-pos=0.921984 rev sg-vel=4.704000 rps sg-acc=12.000000 rps2

=human= stepgen sg-cmd-pos=5.000000 rev sg-fb-pos=0.921984 rev sg-vel=4.704000 rps sg-acc=12.000000 rps2

[INFO] hw.pins: Pin step.fb set to 0.9266939999999999 (was 0.9219839999999999)
Pin step.fb set to 0.9266939999999999 (was 0.9219839999999999)
[INFO] hw.stepgen: =human= stepgen sg-cmd-pos=5.000000 rev sg-fb-pos=0.926694 rev sg-vel=4.716000 rps sg-acc=12.000000 rps2

=human= stepgen sg-cmd-pos=5.000000 rev sg-fb-pos=0.926694 rev sg-vel=4.716000 rps sg-acc=12.000000 rps2

[INFO] hw.pins: Pin step.fb set to 0.9314159999999999 (was 0.9266939999999999)
Pin step.fb set to 0.9314159999999999 (was 0.9266939999999999)
[INFO] hw.stepgen: =human= stepgen sg-cmd-pos=5.000000 rev sg-fb-pos=0.931416 rev sg-vel=4.728000 rps sg-acc=12.000000 rps2

=human= stepgen sg-cmd-pos=5.000000 rev sg-fb-pos=0.931416 rev sg-vel=4.728000 rps sg-acc=12.000000 rps2

[INFO] hw.pins: Pin step.fb set to 0.9361499999999999 (was 0.9314159999999999)
Pin step.fb set to 0.9361499999999999 (was 0.9314159999999999)
[INFO] hw.stepgen: =human= stepgen sg-cmd-pos=5.000000 rev sg-fb-pos=0.936150 rev sg-vel=4.740000 rps sg-acc=12.000000 rps2

=human= stepgen sg-cmd-pos=5.000000 rev sg-fb-pos=0.936150 rev sg-vel=4.740000 rps sg-acc=12.000000 rps2

[INFO] hw.pins: Pin step.fb set to 0.940896 (was 0.9361499999999999)
Pin step.fb set to 0.940896 (was 0.9361499999999999)
[INFO] hw.stepgen: =human= stepgen sg-cmd-pos=5.000000 rev sg-fb-pos=0.940896 rev sg-vel=4.752000 rps sg-acc=12.000000 rps2

=human= stepgen sg-cmd-pos=5.000000 rev sg-fb-pos=0.940896 rev sg-vel=4.752000 rps sg-acc=12.000000 rps2

[INFO] hw.pins: Pin step.fb set to 0.9456539999999999 (was 0.940896)
Pin step.fb set to 0.9456539999999999 (was 0.940896)
[INFO] hw.stepgen: =human= stepgen sg-cmd-pos=5.000000 rev sg-fb-pos=0.945654 rev sg-vel=4.764000 rps sg-acc=12.000000 rps2

=human= stepgen sg-cmd-pos=5.000000 rev sg-fb-pos=0.945654 rev sg-vel=4.764000 rps sg-acc=12.000000 rps2

[INFO] hw.pins: Pin step.fb set to 0.9504239999999998 (was 0.9456539999999999)
Pin step.fb set to 0.9504239999999998 (was 0.9456539999999999)
[INFO] hw.stepgen: =human= stepgen sg-cmd-pos=5.000000 rev sg-fb-pos=0.950424 rev sg-vel=4.776000 rps sg-acc=12.000000 rps2

=human= stepgen sg-cmd-pos=5.000000 rev sg-fb-pos=0.950424 rev sg-vel=4.776000 rps sg-acc=12.000000 rps2

[INFO] hw.pins: Pin step.fb set to 0.9552059999999998 (was 0.9504239999999998)
Pin step.fb set to 0.9552059999999998 (was 0.9504239999999998)
[INFO] hw.stepgen: =human= stepgen sg-cmd-pos=5.000000 rev sg-fb-pos=0.955206 rev sg-vel=4.788000 rps sg-acc=12.000000 rps2

=human= stepgen sg-cmd-pos=5.000000 rev sg-fb-pos=0.955206 rev sg-vel=4.788000 rps sg-acc=12.000000 rps2

[INFO] hw.pins: Pin step.fb set to 0.9599999999999997 (was 0.9552059999999998)
Pin step.fb set to 0.9599999999999997 (was 0.9552059999999998)
[INFO] hw.stepgen: =human= stepgen sg-cmd-pos=5.000000 rev sg-fb-pos=0.960000 rev sg-vel=4.800000 rps sg-acc=12.000000 rps2

=human= stepgen sg-cmd-pos=5.000000 rev sg-fb-pos=0.960000 rev sg-vel=4.800000 rps sg-acc=12.000000 rps2

[INFO] hw.pins: Pin step.cmd set to -2.0 (was 5.0)
Pin step.cmd set to -2.0 (was 5.0)
[INFO] hw.pins: Pin step.fb set to 0.9647939999999997 (was 0.9599999999999997)
Pin step.fb set to 0.9647939999999997 (was 0.9599999999999997)
[INFO] hw.stepgen: =human= stepgen sg-cmd-pos=-2.000000 rev sg-fb-pos=0.964794 rev sg-vel=4.788000 rps sg-acc=-12.000000 rps2

=human= stepgen sg-cmd-pos=-2.000000 rev sg-fb-pos=0.964794 rev sg-vel=4.788000 rps sg-acc=-12.000000 rps2

[INFO] hw.stepgen: =human= stepgen event=reaim sg-cmd-pos=-2.000000 rev sg-fb-pos=0.964794 rev sg-vel=4.788000 rps

=human= stepgen event=reaim sg-cmd-pos=-2.000000 rev sg-fb-pos=0.964794 rev sg-vel=4.788000 rps

[INFO] hw.pins: Pin step.fb set to 0.9695759999999997 (was 0.9647939999999997)
Pin step.fb set to 0.9695759999999997 (was 0.9647939999999997)
[INFO] hw.stepgen: =human= stepgen sg-cmd-pos=-2.000000 rev sg-fb-pos=0.969576 rev sg-vel=4.776000 rps sg-acc=-12.000000 rps2

=human= stepgen sg-cmd-pos=-2.000000 rev sg-fb-pos=0.969576 rev sg-vel=4.776000 rps sg-acc=-12.000000 rps2

[INFO] hw.pins: Pin step.fb set to 0.9743459999999996 (was 0.9695759999999997)
Pin step.fb set to 0.9743459999999996 (was 0.9695759999999997)
[INFO] hw.stepgen: =human= stepgen sg-cmd-pos=-2.000000 rev sg-fb-pos=0.974346 rev sg-vel=4.764000 rps sg-acc=-12.000000 rps2

=human= stepgen sg-cmd-pos=-2.000000 rev sg-fb-pos=0.974346 rev sg-vel=4.764000 rps sg-acc=-12.000000 rps2

[INFO] hw.pins: Pin step.fb set to 0.9791039999999995 (was 0.9743459999999996)
Pin step.fb set to 0.9791039999999995 (was 0.9743459999999996)
[INFO] hw.stepgen: =human= stepgen sg-cmd-pos=-2.000000 rev sg-fb-pos=0.979104 rev sg-vel=4.752000 rps sg-acc=-12.000000 rps2

=human= stepgen sg-cmd-pos=-2.000000 rev sg-fb-pos=0.979104 rev sg-vel=4.752000 rps sg-acc=-12.000000 rps2

[INFO] hw.pins: Pin step.fb set to 0.9838499999999996 (was 0.9791039999999995)
Pin step.fb set to 0.9838499999999996 (was 0.9791039999999995)
[INFO] hw.stepgen: =human= stepgen sg-cmd-pos=-2.000000 rev sg-fb-pos=0.983850 rev sg-vel=4.740000 rps sg-acc=-12.000000 rps2

=human= stepgen sg-cmd-pos=-2.000000 rev sg-fb-pos=0.983850 rev sg-vel=4.740000 rps sg-acc=-12.000000 rps2

[INFO] hw.pins: Pin step.fb set to 0.9885839999999996 (was 0.9838499999999996)
Pin step.fb set to 0.9885839999999996 (was 0.9838499999999996)
[INFO] hw.stepgen: =human= stepgen sg-cmd-pos=-2.000000 rev sg-fb-pos=0.988584 rev sg-vel=4.728000 rps sg-acc=-12.000000 rps2

=human= stepgen sg-cmd-pos=-2.000000 rev sg-fb-pos=0.988584 rev sg-vel=4.728000 rps sg-acc=-12.000000 rps2

[INFO] hw.pins: Pin step.fb set to 0.9933059999999996 (was 0.9885839999999996)
Pin step.fb set to 0.9933059999999996 (was 0.9885839999999996)
[INFO] hw.stepgen: =human= stepgen sg-cmd-pos=-2.000000 rev sg-fb-pos=0.993306 rev sg-vel=4.716000 rps sg-acc=-12.000000 rps2

=human= stepgen sg-cmd-pos=-2.000000 rev sg-fb-pos=0.993306 rev sg-vel=4.716000 rps sg-acc=-12.000000 rps2

[INFO] hw.pins: Pin step.fb set to 0.9980159999999996 (was 0.9933059999999996)
Pin step.fb set to 0.9980159999999996 (was 0.9933059999999996)
[INFO] hw.stepgen: =human= stepgen sg-cmd-pos=-2.000000 rev sg-fb-pos=0.998016 rev sg-vel=4.704000 rps sg-acc=-12.000000 rps2

=human= stepgen sg-cmd-pos=-2.000000 rev sg-fb-pos=0.998016 rev sg-vel=4.704000 rps sg-acc=-12.000000 rps2

[INFO] hw.pins: Pin step.fb set to 1.0027139999999994 (was 0.9980159999999996)
Pin step.fb set to 1.0027139999999994 (was 0.9980159999999996)
[INFO] hw.stepgen: =human= stepgen sg-cmd-pos=-2.000000 rev sg-fb-pos=1.002714 rev sg-vel=4.692000 rps sg-acc=-12.000000 rps2

=human= stepgen sg-cmd-pos=-2.000000 rev sg-fb-pos=1.002714 rev sg-vel=4.692000 rps sg-acc=-12.000000 rps2

[INFO] hw.pins: Pin step.fb set to 1.0073999999999994 (was 1.0027139999999994)
Pin step.fb set to 1.0073999999999994 (was 1.0027139999999994)
[INFO] hw.stepgen: =human= stepgen sg-cmd-pos=-2.000000 rev sg-fb-pos=1.007400 rev sg-vel=4.680000 rps sg-acc=-12.000000 rps2

=human= stepgen sg-cmd-pos=-2.000000 rev sg-fb-pos=1.007400 rev sg-vel=4.680000 rps sg-acc=-12.000000 rps2

[INFO] hw.pins: Pin step.fb set to 1.0120739999999995 (was 1.0073999999999994)
Pin step.fb set to 1.0120739999999995 (was 1.0073999999999994)
[INFO] hw.stepgen: =human= stepgen sg-cmd-pos=-2.000000 rev sg-fb-pos=1.012074 rev sg-vel=4.668000 rps sg-acc=-12.000000 rps2

=human= stepgen sg-cmd-pos=-2.000000 rev sg-fb-pos=1.012074 rev sg-vel=4.668000 rps sg-acc=-12.000000 rps2

[INFO] hw.pins: Pin step.fb set to 1.0167359999999994 (was 1.0120739999999995)
Pin step.fb set to 1.0167359999999994 (was 1.0120739999999995)
[INFO] hw.stepgen: =human= stepgen sg-cmd-pos=-2.000000 rev sg-fb-pos=1.016736 rev sg-vel=4.656000 rps sg-acc=-12.000000 rps2

=human= stepgen sg-cmd-pos=-2.000000 rev sg-fb-pos=1.016736 rev sg-vel=4.656000 rps sg-acc=-12.000000 rps2

[INFO] hw.pins: Pin step.fb set to 1.0213859999999995 (was 1.0167359999999994)
Pin step.fb set to 1.0213859999999995 (was 1.0167359999999994)
[INFO] hw.stepgen: =human= stepgen sg-cmd-pos=-2.000000 rev sg-fb-pos=1.021386 rev sg-vel=4.644000 rps sg-acc=-12.000000 rps2

=human= stepgen sg-cmd-pos=-2.000000 rev sg-fb-pos=1.021386 rev sg-vel=4.644000 rps sg-acc=-12.000000 rps2

[INFO] hw.pins: Pin step.fb set to 1.0260239999999994 (was 1.0213859999999995)
Pin step.fb set to 1.0260239999999994 (was 1.0213859999999995)
[INFO] hw.stepgen: =human= stepgen sg-cmd-pos=-2.000000 rev sg-fb-pos=1.026024 rev sg-vel=4.632000 rps sg-acc=-12.000000 rps2

=human= stepgen sg-cmd-pos=-2.000000 rev sg-fb-pos=1.026024 rev sg-vel=4.632000 rps sg-acc=-12.000000 rps2

[INFO] hw.pins: Pin step.fb set to 1.0306499999999994 (was 1.0260239999999994)
Pin step.fb set to 1.0306499999999994 (was 1.0260239999999994)
[INFO] hw.stepgen: =human= stepgen sg-cmd-pos=-2.000000 rev sg-fb-pos=1.030650 rev sg-vel=4.620000 rps sg-acc=-12.000000 rps2

=human= stepgen sg-cmd-pos=-2.000000 rev sg-fb-pos=1.030650 rev sg-vel=4.620000 rps sg-acc=-12.000000 rps2

[INFO] hw.pins: Pin step.fb set to 1.0352639999999993 (was 1.0306499999999994)
Pin step.fb set to 1.0352639999999993 (was 1.0306499999999994)
[INFO] hw.stepgen: =human= stepgen sg-cmd-pos=-2.000000 rev sg-fb-pos=1.035264 rev sg-vel=4.608000 rps sg-acc=-12.000000 rps2

=human= stepgen sg-cmd-pos=-2.000000 rev sg-fb-pos=1.035264 rev sg-vel=4.608000 rps sg-acc=-12.000000 rps2

[INFO] hw.pins: Pin step.fb set to 1.0398659999999993 (was 1.0352639999999993)
Pin step.fb set to 1.0398659999999993 (was 1.0352639999999993)
[INFO] hw.stepgen: =human= stepgen sg-cmd-pos=-2.000000 rev sg-fb-pos=1.039866 rev sg-vel=4.596000 rps sg-acc=-12.000000 rps2

=human= stepgen sg-cmd-pos=-2.000000 rev sg-fb-pos=1.039866 rev sg-vel=4.596000 rps sg-acc=-12.000000 rps2

[INFO] hw.pins: Pin step.fb set to 1.0444559999999992 (was 1.0398659999999993)
Pin step.fb set to 1.0444559999999992 (was 1.0398659999999993)
[INFO] hw.stepgen: =human= stepgen sg-cmd-pos=-2.000000 rev sg-fb-pos=1.044456 rev sg-vel=4.584000 rps sg-acc=-12.000000 rps2

=human= stepgen sg-cmd-pos=-2.000000 rev sg-fb-pos=1.044456 rev sg-vel=4.584000 rps sg-acc=-12.000000 rps2

[INFO] hw.pins: Pin step.fb set to 1.0490339999999991 (was 1.0444559999999992)
Pin step.fb set to 1.0490339999999991 (was 1.0444559999999992)
[INFO] hw.stepgen: =human= stepgen sg-cmd-pos=-2.000000 rev sg-fb-pos=1.049034 rev sg-vel=4.572000 rps sg-acc=-12.000000 rps2

=human= stepgen sg-cmd-pos=-2.000000 rev sg-fb-pos=1.049034 rev sg-vel=4.572000 rps sg-acc=-12.000000 rps2

[INFO] hw.pins: Pin step.fb set to 1.0535999999999992 (was 1.0490339999999991)
Pin step.fb set to 1.0535999999999992 (was 1.0490339999999991)
[INFO] hw.stepgen: =human= stepgen sg-cmd-pos=-2.000000 rev sg-fb-pos=1.053600 rev sg-vel=4.560000 rps sg-acc=-12.000000 rps2

=human= stepgen sg-cmd-pos=-2.000000 rev sg-fb-pos=1.053600 rev sg-vel=4.560000 rps sg-acc=-12.000000 rps2

PASSED

============================== 10 passed in 0.87s ==============================
